Archive member included because of file (symbol)

.\CortexM3\ARM_GCC_473\Debug\Wavedac_test.a(cyfitter_cfg.o)
                              .\CortexM3\ARM_GCC_473\Debug\Cm3Start.o (cyfitter_cfg)
.\CortexM3\ARM_GCC_473\Debug\Wavedac_test.a(WaveDAC8_1.o)
                              .\CortexM3\ARM_GCC_473\Debug\mem1.o (WaveDAC8_1_Wave2Setup)
.\CortexM3\ARM_GCC_473\Debug\Wavedac_test.a(WaveDAC8_1_PM.o)
                              .\CortexM3\ARM_GCC_473\Debug\mem1.o (WaveDAC8_1_Sleep)
.\CortexM3\ARM_GCC_473\Debug\Wavedac_test.a(WaveDAC_clk.o)
                              .\CortexM3\ARM_GCC_473\Debug\mem1.o (WaveDAC_clk_Start)
.\CortexM3\ARM_GCC_473\Debug\Wavedac_test.a(TFTSHIELD_1.o)
                              .\CortexM3\ARM_GCC_473\Debug\main.o (TFTSHIELD_1_Start)
.\CortexM3\ARM_GCC_473\Debug\Wavedac_test.a(SPIS_1.o)
                              .\CortexM3\ARM_GCC_473\Debug\main.o (SPIS_1_ClearFIFO)
.\CortexM3\ARM_GCC_473\Debug\Wavedac_test.a(Clock_1.o)
                              .\CortexM3\ARM_GCC_473\Debug\main.o (Clock_1_SetDividerRegister)
.\CortexM3\ARM_GCC_473\Debug\Wavedac_test.a(WaveDAC8_1_Wave1_DMA_dma.o)
                              .\CortexM3\ARM_GCC_473\Debug\Wavedac_test.a(WaveDAC8_1.o) (WaveDAC8_1_Wave1_DMA_DmaInitialize)
.\CortexM3\ARM_GCC_473\Debug\Wavedac_test.a(WaveDAC8_1_Wave2_DMA_dma.o)
                              .\CortexM3\ARM_GCC_473\Debug\Wavedac_test.a(WaveDAC8_1.o) (WaveDAC8_1_Wave2_DMA_DmaInitialize)
.\CortexM3\ARM_GCC_473\Debug\Wavedac_test.a(WaveDAC8_1_VDAC8.o)
                              .\CortexM3\ARM_GCC_473\Debug\Wavedac_test.a(WaveDAC8_1.o) (WaveDAC8_1_VDAC8_Init)
.\CortexM3\ARM_GCC_473\Debug\Wavedac_test.a(WaveDAC8_1_VDAC8_PM.o)
                              .\CortexM3\ARM_GCC_473\Debug\Wavedac_test.a(WaveDAC8_1_PM.o) (WaveDAC8_1_VDAC8_SaveConfig)
.\CortexM3\ARM_GCC_473\Debug\Wavedac_test.a(WaveDAC8_1_BuffAmp.o)
                              .\CortexM3\ARM_GCC_473\Debug\Wavedac_test.a(WaveDAC8_1.o) (WaveDAC8_1_BuffAmp_Init)
.\CortexM3\ARM_GCC_473\Debug\Wavedac_test.a(TFTSHIELD_1_SPIM_1.o)
                              .\CortexM3\ARM_GCC_473\Debug\Wavedac_test.a(TFTSHIELD_1.o) (TFTSHIELD_1_SPIM_1_Start)
.\CortexM3\ARM_GCC_473\Debug\Wavedac_test.a(TFTSHIELD_1_SPIM_1_INT.o)
                              .\CortexM3\ARM_GCC_473\Debug\Wavedac_test.a(TFTSHIELD_1_SPIM_1.o) (TFTSHIELD_1_SPIM_1_TX_ISR)
.\CortexM3\ARM_GCC_473\Debug\Wavedac_test.a(TFTSHIELD_1_CR_1.o)
                              .\CortexM3\ARM_GCC_473\Debug\Wavedac_test.a(TFTSHIELD_1.o) (TFTSHIELD_1_CR_1_Write)
.\CortexM3\ARM_GCC_473\Debug\Wavedac_test.a(CyBootAsmGnu.o)
                              .\CortexM3\ARM_GCC_473\Debug\Wavedac_test.a(cyfitter_cfg.o) (CyDelayCycles)
.\CortexM3\ARM_GCC_473\Debug\Wavedac_test.a(CyDmac.o)
                              .\CortexM3\ARM_GCC_473\Debug\Cm3Start.o (CyDmacConfigure)
.\CortexM3\ARM_GCC_473\Debug\Wavedac_test.a(CyLib.o)
                              .\CortexM3\ARM_GCC_473\Debug\Cm3Start.o (CyResetStatus)
.\CortexM3\ARM_GCC_473\Debug\Wavedac_test.a(cyPm.o)
                              .\CortexM3\ARM_GCC_473\Debug\Wavedac_test.a(CyLib.o) (CyPmReadStatus)
.\CortexM3\ARM_GCC_473\Debug\Wavedac_test.a(CyFlash.o)
                              .\CortexM3\ARM_GCC_473\Debug\Wavedac_test.a(cyPm.o) (CyFlash_SetWaitCycles)
.\CortexM3\ARM_GCC_473\Debug\Wavedac_test.a(CySpc.o)
                              .\CortexM3\ARM_GCC_473\Debug\Wavedac_test.a(CyFlash.o) (CySpcStart)
c:/program files (x86)/cypress/psoc creator/3.0/psoc creator/import/gnu_cs/arm/4.7.3/bin/../lib/gcc/arm-none-eabi/4.7.3/armv7-m\libgcc.a(_arm_addsubdf3.o)
                              .\CortexM3\ARM_GCC_473\Debug\mem1.o (__aeabi_dadd)
c:/program files (x86)/cypress/psoc creator/3.0/psoc creator/import/gnu_cs/arm/4.7.3/bin/../lib/gcc/arm-none-eabi/4.7.3/armv7-m\libgcc.a(_arm_muldivdf3.o)
                              .\CortexM3\ARM_GCC_473\Debug\mem1.o (__aeabi_dmul)
c:/program files (x86)/cypress/psoc creator/3.0/psoc creator/import/gnu_cs/arm/4.7.3/bin/../lib/gcc/arm-none-eabi/4.7.3/armv7-m\libgcc.a(_arm_cmpdf2.o)
                              .\CortexM3\ARM_GCC_473\Debug\mem1.o (__aeabi_dcmpgt)
c:/program files (x86)/cypress/psoc creator/3.0/psoc creator/import/gnu_cs/arm/4.7.3/bin/../lib/gcc/arm-none-eabi/4.7.3/armv7-m\libgcc.a(_arm_fixunsdfsi.o)
                              .\CortexM3\ARM_GCC_473\Debug\mem1.o (__aeabi_d2uiz)
c:/program files (x86)/cypress/psoc creator/3.0/psoc creator/import/gnu_cs/arm/4.7.3/bin/../lib/gcc/arm-none-eabi/4.7.3/armv7-m\libgcc.a(_arm_addsubsf3.o)
                              .\CortexM3\ARM_GCC_473\Debug\Wavedac_test.a(TFTSHIELD_1.o) (__aeabi_fadd)
c:/program files (x86)/cypress/psoc creator/3.0/psoc creator/import/gnu_cs/arm/4.7.3/bin/../lib/gcc/arm-none-eabi/4.7.3/armv7-m\libgcc.a(_arm_muldivsf3.o)
                              .\CortexM3\ARM_GCC_473\Debug\Wavedac_test.a(TFTSHIELD_1.o) (__aeabi_fmul)
[...]
Memory Configuration

Name             Origin             Length             Attributes
rom              0x00000000         0x00040000         xr
ram              0x1fff8000         0x00010000         xrw
*default*        0x00000000         0xffffffff

Linker script and memory map

LOAD c:/program files (x86)/cypress/psoc creator/3.0/psoc creator/import/gnu_cs/arm/4.7.3/bin/../lib/gcc/arm-none-eabi/4.7.3/armv7-m/crti.o
LOAD c:/program files (x86)/cypress/psoc creator/3.0/psoc creator/import/gnu_cs/arm/4.7.3/bin/../lib/gcc/arm-none-eabi/4.7.3/armv7-m/crtbegin.o
LOAD c:/program files (x86)/cypress/psoc creator/3.0/psoc creator/import/gnu_cs/arm/4.7.3/bin/../lib/gcc/arm-none-eabi/4.7.3/../../../../arm-none-eabi/lib/armv7-m/crt0.o
START GROUP
LOAD .\CortexM3\ARM_GCC_473\Debug\main.o
LOAD .\CortexM3\ARM_GCC_473\Debug\mem1.o
LOAD .\CortexM3\ARM_GCC_473\Debug\cybootloader.o
LOAD .\CortexM3\ARM_GCC_473\Debug\cymetadata.o
LOAD .\CortexM3\ARM_GCC_473\Debug\Cm3Start.o
LOAD .\CortexM3\ARM_GCC_473\Debug\Wavedac_test.a
LOAD C:\Program Files (x86)\Cypress\PSoC Creator\3.0\PSoC Creator\psoc\content\cycomponentlibrary\CyComponentLibrary.cylib\CortexM3\ARM_GCC_473\Debug\CyComponentLibrary.a
END GROUP
START GROUP
LOAD c:/program files (x86)/cypress/psoc creator/3.0/psoc creator/import/gnu_cs/arm/4.7.3/bin/../lib/gcc/arm-none-eabi/4.7.3/armv7-m\libgcc.a
LOAD c:/program files (x86)/cypress/psoc creator/3.0/psoc creator/import/gnu_cs/arm/4.7.3/bin/../lib/gcc/arm-none-eabi/4.7.3/../../../../arm-none-eabi/lib/armv7-m\libc_s.a
END GROUP
LOAD c:/program files (x86)/cypress/psoc creator/3.0/psoc creator/import/gnu_cs/arm/4.7.3/bin/../lib/gcc/arm-none-eabi/4.7.3/armv7-m/crtend.o
LOAD c:/program files (x86)/cypress/psoc creator/3.0/psoc creator/import/gnu_cs/arm/4.7.3/bin/../lib/gcc/arm-none-eabi/4.7.3/armv7-m/crtn.o
START GROUP
LOAD c:/program files (x86)/cypress/psoc creator/3.0/psoc creator/import/gnu_cs/arm/4.7.3/bin/../lib/gcc/arm-none-eabi/4.7.3/armv7-m\libgcc.a
LOAD c:/program files (x86)/cypress/psoc creator/3.0/psoc creator/import/gnu_cs/arm/4.7.3/bin/../lib/gcc/arm-none-eabi/4.7.3/../../../../arm-none-eabi/lib/armv7-m\libc.a
LOAD c:/program files (x86)/cypress/psoc creator/3.0/psoc creator/import/gnu_cs/arm/4.7.3/bin/../lib/gcc/arm-none-eabi/4.7.3/../../../../arm-none-eabi/lib/armv7-m\libnosys.a
END GROUP
                0x00000000                CY_APPL_ORIGIN = 0x0
                0x00000100                CY_FLASH_ROW_SIZE = 0x100
                0x00000020                CY_ECC_ROW_SIZE = 0x20
                0x00000000                CY_EE_IN_BTLDR = 0x0
                0x00000001                CY_APPL_LOADABLE = 0x1
                0x00000800                CY_EE_SIZE = 0x800
                0x00000001                CY_APPL_NUM = 0x1
                0x00000001                CY_APPL_MAX = 0x1
                0x00000040                CY_METADATA_SIZE = 0x40
                0x1fff8220                PROVIDE (__cy_heap_start, _end)
                0x00000001                PROVIDE (__cy_region_num, ((__cy_regions_end - __cy_regions) / 0x10))
                0x20008000                PROVIDE (__cy_stack, (ORIGIN (ram) + 0x10000))
                0x20004000                PROVIDE (__cy_heap_end, (__cy_stack - 0x4000))

.cybootloader   0x00000000     0x4b00
 *(.cybootloader)
 .cybootloader  0x00000000     0x4b00 .\CortexM3\ARM_GCC_473\Debug\cybootloader.o
                0x00000000                cy_bootloader
                0x00004b00                appl1_start = CY_APPL_ORIGIN?CY_APPL_ORIGIN:ALIGN (CY_FLASH_ROW_SIZE)
                0x00022500                appl2_start = (appl1_start + ALIGN ((((0x40000 - appl1_start) - (0x2 * CY_FLASH_ROW_SIZE)) / 0x2), CY_FLASH_ROW_SIZE))
                0x00004b00                appl_start = (CY_APPL_NUM == 0x1)?appl1_start:appl2_start
                0x00000960                ecc_offset = ((appl_start / CY_FLASH_ROW_SIZE) * CY_ECC_ROW_SIZE)
                0x00000000                ee_offset = (CY_APPL_LOADABLE && ! (CY_EE_IN_BTLDR))?((CY_EE_SIZE / CY_APPL_MAX) * (CY_APPL_NUM - 0x1)):0x0
                0x00000800                ee_size = (CY_APPL_LOADABLE && ! (CY_EE_IN_BTLDR))?(CY_EE_SIZE / CY_APPL_MAX):CY_EE_SIZE
                0x00000960                PROVIDE (CY_ECC_OFFSET, ecc_offset)

.text           0x00004b00     0x4a40
 CREATE_OBJECT_SYMBOLS
                0x00004b00                PROVIDE (__cy_interrupt_vector, RomVectors)
 *(.romvectors)
 .romvectors    0x00004b00       0x10 .\CortexM3\ARM_GCC_473\Debug\Cm3Start.o
                0x00004b00                RomVectors
                0x00000001                ASSERT ((. != __cy_interrupt_vector), No interrupt vector)
                0x00000001                ASSERT (CY_APPL_ORIGIN?(SIZEOF (.cybootloader) <= CY_APPL_ORIGIN):0x1, Wrong image location)
                0x00004b10                PROVIDE (__cy_reset, Reset)
 *(.text.Reset)
 .text.Reset    0x00004b10        0x8 .\CortexM3\ARM_GCC_473\Debug\Cm3Start.o
                0x00004b10                Reset
                0x00000001                ASSERT ((. != __cy_reset), No reset code)
 *(.dma_init)
                0x00000001                ASSERT ((((appl_start + .) <= 0x10000) || 0x1), DMA Init must be within the first 64k of flash)
 *(.text .text.* .gnu.linkonce.t.*)
 .text          0x00004b18       0x54 c:/program files (x86)/cypress/psoc creator/3.0/psoc creator/import/gnu_cs/arm/4.7.3/bin/../lib/gcc/arm-none-eabi/4.7.3/armv7-m/crtbegin.o
 .text.main     0x00004b6c      0x188 .\CortexM3\ARM_GCC_473\Debug\main.o
                0x00004b6c                main
 .text.TFT_INIT
                0x00004cf4       0x74 .\CortexM3\ARM_GCC_473\Debug\main.o
                0x00004cf4                TFT_INIT
 .text.readData
                0x00004d68       0x30 .\CortexM3\ARM_GCC_473\Debug\mem1.o
                0x00004d68                readData
 .text.WAVEDAC_Control
                0x00004d98      0x124 .\CortexM3\ARM_GCC_473\Debug\mem1.o
                0x00004d98                WAVEDAC_Control
 *fill*         0x00004ebc        0x4 00
 .text.Generate_Wave
                0x00004ec0      0x528 .\CortexM3\ARM_GCC_473\Debug\mem1.o
                0x00004ec0                Generate_Wave
 .text.WriteTo_Pi
                0x000053e8       0xa4 .\CortexM3\ARM_GCC_473\Debug\mem1.o
                0x000053e8                WriteTo_Pi
 .text.IntDefaultHandler
                0x0000548c        0x8 .\CortexM3\ARM_GCC_473\Debug\Cm3Start.o
                0x0000548c                IntDefaultHandler
 .text.Start_c  0x00005494       0xcc .\CortexM3\ARM_GCC_473\Debug\Cm3Start.o
                0x00005494                Start_c
 .text.initialize_psoc
                0x00005560       0xb8 .\CortexM3\ARM_GCC_473\Debug\Cm3Start.o
                0x00005560                initialize_psoc
 .text.CYMEMZERO
                0x00005618       0x20 .\CortexM3\ARM_GCC_473\Debug\Wavedac_test.a(cyfitter_cfg.o)
 .text.CYCONFIGCPY
                0x00005638       0x20 .\CortexM3\ARM_GCC_473\Debug\Wavedac_test.a(cyfitter_cfg.o)
 .text.CyClockStartupError
                0x00005658        0xc .\CortexM3\ARM_GCC_473\Debug\Wavedac_test.a(cyfitter_cfg.o)
 .text.cfg_write_bytes32
                0x00005664       0x84 .\CortexM3\ARM_GCC_473\Debug\Wavedac_test.a(cyfitter_cfg.o)
 .text.ClockSetup
                0x000056e8      0x188 .\CortexM3\ARM_GCC_473\Debug\Wavedac_test.a(cyfitter_cfg.o)
 .text.AnalogSetDefault
                0x00005870       0x6c .\CortexM3\ARM_GCC_473\Debug\Wavedac_test.a(cyfitter_cfg.o)
 .text.cyfitter_cfg
                0x000058dc      0x1f8 .\CortexM3\ARM_GCC_473\Debug\Wavedac_test.a(cyfitter_cfg.o)
                0x000058dc                cyfitter_cfg
 .text.WaveDAC8_1_Init
                0x00005ad4       0x64 .\CortexM3\ARM_GCC_473\Debug\Wavedac_test.a(WaveDAC8_1.o)
                0x00005ad4                WaveDAC8_1_Init
 .text.WaveDAC8_1_Enable
                0x00005b38       0x40 .\CortexM3\ARM_GCC_473\Debug\Wavedac_test.a(WaveDAC8_1.o)
                0x00005b38                WaveDAC8_1_Enable
 .text.WaveDAC8_1_Start
                0x00005b78       0x2c .\CortexM3\ARM_GCC_473\Debug\Wavedac_test.a(WaveDAC8_1.o)
                0x00005b78                WaveDAC8_1_Start
 .text.WaveDAC8_1_Stop
                0x00005ba4       0x2c .\CortexM3\ARM_GCC_473\Debug\Wavedac_test.a(WaveDAC8_1.o)
                0x00005ba4                WaveDAC8_1_Stop
 .text.WaveDAC8_1_Wave1Setup
                0x00005bd0       0x98 .\CortexM3\ARM_GCC_473\Debug\Wavedac_test.a(WaveDAC8_1.o)
                0x00005bd0                WaveDAC8_1_Wave1Setup
 .text.WaveDAC8_1_Wave2Setup
                0x00005c68       0x98 .\CortexM3\ARM_GCC_473\Debug\Wavedac_test.a(WaveDAC8_1.o)
                0x00005c68                WaveDAC8_1_Wave2Setup
 .text.WaveDAC8_1_Sleep
                0x00005d00       0x38 .\CortexM3\ARM_GCC_473\Debug\Wavedac_test.a(WaveDAC8_1_PM.o)
                0x00005d00                WaveDAC8_1_Sleep
 .text.WaveDAC8_1_Wakeup
                0x00005d38       0x1c .\CortexM3\ARM_GCC_473\Debug\Wavedac_test.a(WaveDAC8_1_PM.o)
                0x00005d38                WaveDAC8_1_Wakeup
 .text.WaveDAC_clk_Start
                0x00005d54       0x44 .\CortexM3\ARM_GCC_473\Debug\Wavedac_test.a(WaveDAC_clk.o)
                0x00005d54                WaveDAC_clk_Start
 .text.WaveDAC_clk_StopBlock
                0x00005d98       0xf8 .\CortexM3\ARM_GCC_473\Debug\Wavedac_test.a(WaveDAC_clk.o)
                0x00005d98                WaveDAC_clk_StopBlock
 .text.WaveDAC_clk_SetDividerRegister
                0x00005e90      0x1e8 .\CortexM3\ARM_GCC_473\Debug\Wavedac_test.a(WaveDAC_clk.o)
                0x00005e90                WaveDAC_clk_SetDividerRegister
 .text.WaveDAC_clk_GetDividerRegister
                0x00006078       0x18 .\CortexM3\ARM_GCC_473\Debug\Wavedac_test.a(WaveDAC_clk.o)
                0x00006078                WaveDAC_clk_GetDividerRegister
 .text.WaveDAC_clk_GetSourceRegister
                0x00006090       0x20 .\CortexM3\ARM_GCC_473\Debug\Wavedac_test.a(WaveDAC_clk.o)
                0x00006090                WaveDAC_clk_GetSourceRegister
 .text.TFTSHIELD_1_Start
                0x000060b0      0x348 .\CortexM3\ARM_GCC_473\Debug\Wavedac_test.a(TFTSHIELD_1.o)
                0x000060b0                TFTSHIELD_1_Start
 .text.TFTSHIELD_1_SetPixel
                0x000063f8       0x30 .\CortexM3\ARM_GCC_473\Debug\Wavedac_test.a(TFTSHIELD_1.o)
                0x000063f8                TFTSHIELD_1_SetPixel
 .text.TFTSHIELD_1_GotoXY
                0x00006428       0x38 .\CortexM3\ARM_GCC_473\Debug\Wavedac_test.a(TFTSHIELD_1.o)
                0x00006428                TFTSHIELD_1_GotoXY
 .text.TFTSHIELD_1_SetPage
                0x00006460       0x30 .\CortexM3\ARM_GCC_473\Debug\Wavedac_test.a(TFTSHIELD_1.o)
                0x00006460                TFTSHIELD_1_SetPage
 .text.TFTSHIELD_1_SetAddrWindow
                0x00006490       0x50 .\CortexM3\ARM_GCC_473\Debug\Wavedac_test.a(TFTSHIELD_1.o)
                0x00006490                TFTSHIELD_1_SetAddrWindow
 .text.TFTSHIELD_1_FillRect
                0x000064e0      0x118 .\CortexM3\ARM_GCC_473\Debug\Wavedac_test.a(TFTSHIELD_1.o)
                0x000064e0                TFTSHIELD_1_FillRect
 .text.TFTSHIELD_1_FillScreen
                0x000065f8       0x40 .\CortexM3\ARM_GCC_473\Debug\Wavedac_test.a(TFTSHIELD_1.o)
                0x000065f8                TFTSHIELD_1_FillScreen
 .text.TFTSHIELD_1_SetCol
                0x00006638       0x30 .\CortexM3\ARM_GCC_473\Debug\Wavedac_test.a(TFTSHIELD_1.o)
                0x00006638                TFTSHIELD_1_SetCol
 .text.TFTSHIELD_1_SendData16
                0x00006668       0x3c .\CortexM3\ARM_GCC_473\Debug\Wavedac_test.a(TFTSHIELD_1.o)
                0x00006668                TFTSHIELD_1_SendData16
 .text.TFTSHIELD_1_SendData
                0x000066a4       0x28 .\CortexM3\ARM_GCC_473\Debug\Wavedac_test.a(TFTSHIELD_1.o)
                0x000066a4                TFTSHIELD_1_SendData
 .text.TFTSHIELD_1_SendCmd
                0x000066cc       0x28 .\CortexM3\ARM_GCC_473\Debug\Wavedac_test.a(TFTSHIELD_1.o)
                0x000066cc                TFTSHIELD_1_SendCmd
 .text.TFTSHIELD_1_SPITransfer
                0x000066f4       0x1c .\CortexM3\ARM_GCC_473\Debug\Wavedac_test.a(TFTSHIELD_1.o)
                0x000066f4                TFTSHIELD_1_SPITransfer
 .text.TFTSHIELD_1_Print
                0x00006710       0x40 .\CortexM3\ARM_GCC_473\Debug\Wavedac_test.a(TFTSHIELD_1.o)
                0x00006710                TFTSHIELD_1_Print
 .text.TFTSHIELD_1_PrintString
                0x00006750      0x16c .\CortexM3\ARM_GCC_473\Debug\Wavedac_test.a(TFTSHIELD_1.o)
                0x00006750                TFTSHIELD_1_PrintString
 .text.TFTSHIELD_1_Write
                0x000068bc       0xfc .\CortexM3\ARM_GCC_473\Debug\Wavedac_test.a(TFTSHIELD_1.o)
                0x000068bc                TFTSHIELD_1_Write
 .text.TFTSHIELD_1_DrawChar
                0x000069b8      0x238 .\CortexM3\ARM_GCC_473\Debug\Wavedac_test.a(TFTSHIELD_1.o)
                0x000069b8                TFTSHIELD_1_DrawChar
 .text.TFTSHIELD_1_SetCursor
                0x00006bf0       0x30 .\CortexM3\ARM_GCC_473\Debug\Wavedac_test.a(TFTSHIELD_1.o)
                0x00006bf0                TFTSHIELD_1_SetCursor
 .text.TFTSHIELD_1_SetTextSize
                0x00006c20       0x2c .\CortexM3\ARM_GCC_473\Debug\Wavedac_test.a(TFTSHIELD_1.o)
                0x00006c20                TFTSHIELD_1_SetTextSize
 .text.TFTSHIELD_1_SetTextColor
                0x00006c4c       0x34 .\CortexM3\ARM_GCC_473\Debug\Wavedac_test.a(TFTSHIELD_1.o)
                0x00006c4c                TFTSHIELD_1_SetTextColor
 .text.TFTSHIELD_1_SetRotation
                0x00006c80       0xe8 .\CortexM3\ARM_GCC_473\Debug\Wavedac_test.a(TFTSHIELD_1.o)
                0x00006c80                TFTSHIELD_1_SetRotation
 .text.TFTSHIELD_1_CS_LOW
                0x00006d68       0x28 .\CortexM3\ARM_GCC_473\Debug\Wavedac_test.a(TFTSHIELD_1.o)
                0x00006d68                TFTSHIELD_1_CS_LOW
 .text.TFTSHIELD_1_CS_HIGH
                0x00006d90       0x28 .\CortexM3\ARM_GCC_473\Debug\Wavedac_test.a(TFTSHIELD_1.o)
                0x00006d90                TFTSHIELD_1_CS_HIGH
 .text.TFTSHIELD_1_DC_LOW
                0x00006db8       0x28 .\CortexM3\ARM_GCC_473\Debug\Wavedac_test.a(TFTSHIELD_1.o)
                0x00006db8                TFTSHIELD_1_DC_LOW
 .text.TFTSHIELD_1_DC_HIGH
                0x00006de0       0x28 .\CortexM3\ARM_GCC_473\Debug\Wavedac_test.a(TFTSHIELD_1.o)
                0x00006de0                TFTSHIELD_1_DC_HIGH
 .text.TFTSHIELD_1_RT_CS_LOW
                0x00006e08       0x28 .\CortexM3\ARM_GCC_473\Debug\Wavedac_test.a(TFTSHIELD_1.o)
                0x00006e08                TFTSHIELD_1_RT_CS_LOW
 .text.TFTSHIELD_1_RT_CS_HIGH
                0x00006e30       0x28 .\CortexM3\ARM_GCC_473\Debug\Wavedac_test.a(TFTSHIELD_1.o)
                0x00006e30                TFTSHIELD_1_RT_CS_HIGH
 .text.TFTSHIELD_1_StartTouch
                0x00006e58      0x10c .\CortexM3\ARM_GCC_473\Debug\Wavedac_test.a(TFTSHIELD_1.o)
                0x00006e58                TFTSHIELD_1_StartTouch
 .text.TFTSHIELD_1_WriteRegister8
                0x00006f64       0x4c .\CortexM3\ARM_GCC_473\Debug\Wavedac_test.a(TFTSHIELD_1.o)
                0x00006f64                TFTSHIELD_1_WriteRegister8
 .text.TFTSHIELD_1_ReadRegister8
                0x00006fb0       0x84 .\CortexM3\ARM_GCC_473\Debug\Wavedac_test.a(TFTSHIELD_1.o)
                0x00006fb0                TFTSHIELD_1_ReadRegister8
 .text.TFTSHIELD_1_GetVersion
                0x00007034       0x38 .\CortexM3\ARM_GCC_473\Debug\Wavedac_test.a(TFTSHIELD_1.o)
                0x00007034                TFTSHIELD_1_GetVersion
 .text.SPIS_1_Init
                0x0000706c       0x3c .\CortexM3\ARM_GCC_473\Debug\Wavedac_test.a(SPIS_1.o)
                0x0000706c                SPIS_1_Init
 .text.SPIS_1_Enable
                0x000070a8       0x74 .\CortexM3\ARM_GCC_473\Debug\Wavedac_test.a(SPIS_1.o)
                0x000070a8                SPIS_1_Enable
 .text.SPIS_1_Start
                0x0000711c       0x2c .\CortexM3\ARM_GCC_473\Debug\Wavedac_test.a(SPIS_1.o)
                0x0000711c                SPIS_1_Start
 .text.SPIS_1_ReadTxStatus
                0x00007148       0x20 .\CortexM3\ARM_GCC_473\Debug\Wavedac_test.a(SPIS_1.o)
                0x00007148                SPIS_1_ReadTxStatus
 .text.SPIS_1_ReadRxStatus
                0x00007168       0x20 .\CortexM3\ARM_GCC_473\Debug\Wavedac_test.a(SPIS_1.o)
                0x00007168                SPIS_1_ReadRxStatus
 .text.SPIS_1_WriteTxData
                0x00007188       0x38 .\CortexM3\ARM_GCC_473\Debug\Wavedac_test.a(SPIS_1.o)
                0x00007188                SPIS_1_WriteTxData
 .text.SPIS_1_WriteTxDataZero
                0x000071c0       0x20 .\CortexM3\ARM_GCC_473\Debug\Wavedac_test.a(SPIS_1.o)
                0x000071c0                SPIS_1_WriteTxDataZero
 .text.SPIS_1_ClearRxBuffer
                0x000071e0       0x2c .\CortexM3\ARM_GCC_473\Debug\Wavedac_test.a(SPIS_1.o)
                0x000071e0                SPIS_1_ClearRxBuffer
 .text.SPIS_1_ClearTxBuffer
                0x0000720c       0x58 .\CortexM3\ARM_GCC_473\Debug\Wavedac_test.a(SPIS_1.o)
                0x0000720c                SPIS_1_ClearTxBuffer
 .text.SPIS_1_PutArray
                0x00007264       0x40 .\CortexM3\ARM_GCC_473\Debug\Wavedac_test.a(SPIS_1.o)
                0x00007264                SPIS_1_PutArray
 .text.SPIS_1_ClearFIFO
                0x000072a4       0x78 .\CortexM3\ARM_GCC_473\Debug\Wavedac_test.a(SPIS_1.o)
                0x000072a4                SPIS_1_ClearFIFO
 .text.Clock_1_SetDividerRegister
                0x0000731c      0x1e8 .\CortexM3\ARM_GCC_473\Debug\Wavedac_test.a(Clock_1.o)
                0x0000731c                Clock_1_SetDividerRegister
 .text.Clock_1_GetDividerRegister
                0x00007504       0x18 .\CortexM3\ARM_GCC_473\Debug\Wavedac_test.a(Clock_1.o)
                0x00007504                Clock_1_GetDividerRegister
 .text.Clock_1_GetSourceRegister
                0x0000751c       0x20 .\CortexM3\ARM_GCC_473\Debug\Wavedac_test.a(Clock_1.o)
                0x0000751c                Clock_1_GetSourceRegister
 .text.WaveDAC8_1_Wave1_DMA_DmaInitialize
                0x0000753c       0x84 .\CortexM3\ARM_GCC_473\Debug\Wavedac_test.a(WaveDAC8_1_Wave1_DMA_dma.o)
                0x0000753c                WaveDAC8_1_Wave1_DMA_DmaInitialize
 .text.WaveDAC8_1_Wave2_DMA_DmaInitialize
                0x000075c0       0x84 .\CortexM3\ARM_GCC_473\Debug\Wavedac_test.a(WaveDAC8_1_Wave2_DMA_dma.o)
                0x000075c0                WaveDAC8_1_Wave2_DMA_DmaInitialize
 .text.WaveDAC8_1_VDAC8_Init
                0x00007644       0x50 .\CortexM3\ARM_GCC_473\Debug\Wavedac_test.a(WaveDAC8_1_VDAC8.o)
                0x00007644                WaveDAC8_1_VDAC8_Init
 .text.WaveDAC8_1_VDAC8_Enable
                0x00007694       0x44 .\CortexM3\ARM_GCC_473\Debug\Wavedac_test.a(WaveDAC8_1_VDAC8.o)
                0x00007694                WaveDAC8_1_VDAC8_Enable
 .text.WaveDAC8_1_VDAC8_Stop
                0x000076d8       0x44 .\CortexM3\ARM_GCC_473\Debug\Wavedac_test.a(WaveDAC8_1_VDAC8.o)
                0x000076d8                WaveDAC8_1_VDAC8_Stop
 .text.WaveDAC8_1_VDAC8_SetSpeed
                0x0000771c       0x54 .\CortexM3\ARM_GCC_473\Debug\Wavedac_test.a(WaveDAC8_1_VDAC8.o)
                0x0000771c                WaveDAC8_1_VDAC8_SetSpeed
 .text.WaveDAC8_1_VDAC8_SetRange
                0x00007770       0x54 .\CortexM3\ARM_GCC_473\Debug\Wavedac_test.a(WaveDAC8_1_VDAC8.o)
                0x00007770                WaveDAC8_1_VDAC8_SetRange
 .text.WaveDAC8_1_VDAC8_SetValue
                0x000077c4       0x20 .\CortexM3\ARM_GCC_473\Debug\Wavedac_test.a(WaveDAC8_1_VDAC8.o)
                0x000077c4                WaveDAC8_1_VDAC8_SetValue
 .text.WaveDAC8_1_VDAC8_DacTrim
                0x000077e4       0x44 .\CortexM3\ARM_GCC_473\Debug\Wavedac_test.a(WaveDAC8_1_VDAC8.o)
                0x000077e4                WaveDAC8_1_VDAC8_DacTrim
 .text.WaveDAC8_1_VDAC8_SaveConfig
                0x00007828       0x34 .\CortexM3\ARM_GCC_473\Debug\Wavedac_test.a(WaveDAC8_1_VDAC8_PM.o)
                0x00007828                WaveDAC8_1_VDAC8_SaveConfig
 .text.WaveDAC8_1_VDAC8_RestoreConfig
                0x0000785c       0x94 .\CortexM3\ARM_GCC_473\Debug\Wavedac_test.a(WaveDAC8_1_VDAC8_PM.o)
                0x0000785c                WaveDAC8_1_VDAC8_RestoreConfig
 .text.WaveDAC8_1_BuffAmp_Init
                0x000078f0       0x10 .\CortexM3\ARM_GCC_473\Debug\Wavedac_test.a(WaveDAC8_1_BuffAmp.o)
                0x000078f0                WaveDAC8_1_BuffAmp_Init
 .text.WaveDAC8_1_BuffAmp_Enable
                0x00007900       0x60 .\CortexM3\ARM_GCC_473\Debug\Wavedac_test.a(WaveDAC8_1_BuffAmp.o)
                0x00007900                WaveDAC8_1_BuffAmp_Enable
 .text.WaveDAC8_1_BuffAmp_SetPower
                0x00007960       0x54 .\CortexM3\ARM_GCC_473\Debug\Wavedac_test.a(WaveDAC8_1_BuffAmp.o)
                0x00007960                WaveDAC8_1_BuffAmp_SetPower
 .text.TFTSHIELD_1_SPIM_1_Init
                0x000079b4       0x90 .\CortexM3\ARM_GCC_473\Debug\Wavedac_test.a(TFTSHIELD_1_SPIM_1.o)
                0x000079b4                TFTSHIELD_1_SPIM_1_Init
 .text.TFTSHIELD_1_SPIM_1_Enable
                0x00007a44       0x7c .\CortexM3\ARM_GCC_473\Debug\Wavedac_test.a(TFTSHIELD_1_SPIM_1.o)
                0x00007a44                TFTSHIELD_1_SPIM_1_Enable
 .text.TFTSHIELD_1_SPIM_1_Start
                0x00007ac0       0x2c .\CortexM3\ARM_GCC_473\Debug\Wavedac_test.a(TFTSHIELD_1_SPIM_1.o)
                0x00007ac0                TFTSHIELD_1_SPIM_1_Start
 .text.TFTSHIELD_1_SPIM_1_EnableTxInt
                0x00007aec       0x18 .\CortexM3\ARM_GCC_473\Debug\Wavedac_test.a(TFTSHIELD_1_SPIM_1.o)
                0x00007aec                TFTSHIELD_1_SPIM_1_EnableTxInt
 .text.TFTSHIELD_1_SPIM_1_EnableRxInt
                0x00007b04       0x18 .\CortexM3\ARM_GCC_473\Debug\Wavedac_test.a(TFTSHIELD_1_SPIM_1.o)
                0x00007b04                TFTSHIELD_1_SPIM_1_EnableRxInt
 .text.TFTSHIELD_1_SPIM_1_ReadTxStatus
                0x00007b1c       0x20 .\CortexM3\ARM_GCC_473\Debug\Wavedac_test.a(TFTSHIELD_1_SPIM_1.o)
                0x00007b1c                TFTSHIELD_1_SPIM_1_ReadTxStatus
 .text.TFTSHIELD_1_SPIM_1_ReadRxStatus
                0x00007b3c       0x20 .\CortexM3\ARM_GCC_473\Debug\Wavedac_test.a(TFTSHIELD_1_SPIM_1.o)
                0x00007b3c                TFTSHIELD_1_SPIM_1_ReadRxStatus
 .text.TFTSHIELD_1_SPIM_1_WriteTxData
                0x00007b5c       0x38 .\CortexM3\ARM_GCC_473\Debug\Wavedac_test.a(TFTSHIELD_1_SPIM_1.o)
                0x00007b5c                TFTSHIELD_1_SPIM_1_WriteTxData
 .text.TFTSHIELD_1_SPIM_1_ReadRxData
                0x00007b94       0x20 .\CortexM3\ARM_GCC_473\Debug\Wavedac_test.a(TFTSHIELD_1_SPIM_1.o)
                0x00007b94                TFTSHIELD_1_SPIM_1_ReadRxData
 .text.TFTSHIELD_1_SPIM_1_GetRxBufferSize
                0x00007bb4       0x34 .\CortexM3\ARM_GCC_473\Debug\Wavedac_test.a(TFTSHIELD_1_SPIM_1.o)
                0x00007bb4                TFTSHIELD_1_SPIM_1_GetRxBufferSize
 .text.TFTSHIELD_1_SPIM_1_ClearFIFO
                0x00007be8       0x78 .\CortexM3\ARM_GCC_473\Debug\Wavedac_test.a(TFTSHIELD_1_SPIM_1.o)
                0x00007be8                TFTSHIELD_1_SPIM_1_ClearFIFO
 .text.TFTSHIELD_1_SPIM_1_TX_ISR
                0x00007c60        0xc .\CortexM3\ARM_GCC_473\Debug\Wavedac_test.a(TFTSHIELD_1_SPIM_1_INT.o)
                0x00007c60                TFTSHIELD_1_SPIM_1_TX_ISR
 .text.TFTSHIELD_1_SPIM_1_RX_ISR
                0x00007c6c        0xc .\CortexM3\ARM_GCC_473\Debug\Wavedac_test.a(TFTSHIELD_1_SPIM_1_INT.o)
                0x00007c6c                TFTSHIELD_1_SPIM_1_RX_ISR
 .text.TFTSHIELD_1_CR_1_Write
                0x00007c78       0x20 .\CortexM3\ARM_GCC_473\Debug\Wavedac_test.a(TFTSHIELD_1_CR_1.o)
                0x00007c78                TFTSHIELD_1_CR_1_Write
 .text.TFTSHIELD_1_CR_1_Read
                0x00007c98       0x18 .\CortexM3\ARM_GCC_473\Debug\Wavedac_test.a(TFTSHIELD_1_CR_1.o)
                0x00007c98                TFTSHIELD_1_CR_1_Read
 .text          0x00007cb0       0x28 .\CortexM3\ARM_GCC_473\Debug\Wavedac_test.a(CyBootAsmGnu.o)
                0x00007cb0                CyDelayCycles
                0x00007cc4                CyEnterCriticalSection
                0x00007ccc                CyExitCriticalSection
 .text.CyDmacConfigure
                0x00007cd8       0x70 .\CortexM3\ARM_GCC_473\Debug\Wavedac_test.a(CyDmac.o)
                0x00007cd8                CyDmacConfigure
 .text.CyDmaChEnable
                0x00007d48       0xbc .\CortexM3\ARM_GCC_473\Debug\Wavedac_test.a(CyDmac.o)
                0x00007d48                CyDmaChEnable
 .text.CyDmaChDisable
                0x00007e04       0x84 .\CortexM3\ARM_GCC_473\Debug\Wavedac_test.a(CyDmac.o)
                0x00007e04                CyDmaChDisable
 .text.CyDmaChPriority
                0x00007e88       0x70 .\CortexM3\ARM_GCC_473\Debug\Wavedac_test.a(CyDmac.o)
                0x00007e88                CyDmaChPriority
 .text.CyDmaChSetExtendedAddress
                0x00007ef8       0x88 .\CortexM3\ARM_GCC_473\Debug\Wavedac_test.a(CyDmac.o)
                0x00007ef8                CyDmaChSetExtendedAddress
 .text.CyDmaChSetInitialTd
                0x00007f80       0x44 .\CortexM3\ARM_GCC_473\Debug\Wavedac_test.a(CyDmac.o)
                0x00007f80                CyDmaChSetInitialTd
 .text.CyDmaChSetConfiguration
                0x00007fc4       0xa4 .\CortexM3\ARM_GCC_473\Debug\Wavedac_test.a(CyDmac.o)
                0x00007fc4                CyDmaChSetConfiguration
 .text.CyDmaTdAllocate
                0x00008068       0x78 .\CortexM3\ARM_GCC_473\Debug\Wavedac_test.a(CyDmac.o)
                0x00008068                CyDmaTdAllocate
 .text.CyDmaTdSetConfiguration
                0x000080e0       0x7c .\CortexM3\ARM_GCC_473\Debug\Wavedac_test.a(CyDmac.o)
                0x000080e0                CyDmaTdSetConfiguration
 .text.CyDmaTdSetAddress
                0x0000815c       0x68 .\CortexM3\ARM_GCC_473\Debug\Wavedac_test.a(CyDmac.o)
                0x0000815c                CyDmaTdSetAddress
 .text.CyHalt   0x000081c4       0x18 .\CortexM3\ARM_GCC_473\Debug\Wavedac_test.a(CyLib.o)
                0x000081c4                CyHalt
 .text.CyDelay  0x000081dc       0x48 .\CortexM3\ARM_GCC_473\Debug\Wavedac_test.a(CyLib.o)
                0x000081dc                CyDelay
 .text.CyDelayUs
                0x00008224       0x28 .\CortexM3\ARM_GCC_473\Debug\Wavedac_test.a(CyLib.o)
                0x00008224                CyDelayUs
 .text.CyIntSetVector
                0x0000824c       0x60 .\CortexM3\ARM_GCC_473\Debug\Wavedac_test.a(CyLib.o)
                0x0000824c                CyIntSetVector
 .text.CyIntSetPriority
                0x000082ac       0x4c .\CortexM3\ARM_GCC_473\Debug\Wavedac_test.a(CyLib.o)
                0x000082ac                CyIntSetPriority
 .text          0x000082f8      0x370 c:/program files (x86)/cypress/psoc creator/3.0/psoc creator/import/gnu_cs/arm/4.7.3/bin/../lib/gcc/arm-none-eabi/4.7.3/armv7-m\libgcc.a(_arm_addsubdf3.o)
                0x000082f8                __aeabi_drsub
                0x00008300                __aeabi_dsub
                0x00008300                __subdf3
                0x00008304                __aeabi_dadd
                0x00008304                __adddf3
                0x0000857c                __floatunsidf
                0x0000857c                __aeabi_ui2d
                0x0000859c                __floatsidf
                0x0000859c                __aeabi_i2d
                0x000085c0                __aeabi_f2d
                0x000085c0                __extendsfdf2
                0x000085fc                __floatundidf
                0x000085fc                __aeabi_ul2d
                0x0000860c                __floatdidf
                0x0000860c                __aeabi_l2d
 .text          0x00008668      0x424 c:/program files (x86)/cypress/psoc creator/3.0/psoc creator/import/gnu_cs/arm/4.7.3/bin/../lib/gcc/arm-none-eabi/4.7.3/armv7-m\libgcc.a(_arm_muldivdf3.o)
                0x00008668                __aeabi_dmul
                0x00008668                __muldf3
                0x000088bc                __divdf3
                0x000088bc                __aeabi_ddiv
 .text          0x00008a8c      0x110 c:/program files (x86)/cypress/psoc creator/3.0/psoc creator/import/gnu_cs/arm/4.7.3/bin/../lib/gcc/arm-none-eabi/4.7.3/armv7-m\libgcc.a(_arm_cmpdf2.o)
                0x00008a8c                __gtdf2
                0x00008a8c                __gedf2
                0x00008a94                __ltdf2
                0x00008a94                __ledf2
                0x00008a9c                __nedf2
                0x00008a9c                __eqdf2
                0x00008a9c                __cmpdf2
                0x00008b18                __aeabi_cdrcmple
                0x00008b28                __aeabi_cdcmpeq
                0x00008b28                __aeabi_cdcmple
                0x00008b38                __aeabi_dcmpeq
                0x00008b4c                __aeabi_dcmplt
                0x00008b60                __aeabi_dcmple
                0x00008b74                __aeabi_dcmpge
                0x00008b88                __aeabi_dcmpgt
 .text          0x00008b9c       0x40 c:/program files (x86)/cypress/psoc creator/3.0/psoc creator/import/gnu_cs/arm/4.7.3/bin/../lib/gcc/arm-none-eabi/4.7.3/armv7-m\libgcc.a(_arm_fixunsdfsi.o)
                0x00008b9c                __aeabi_d2uiz
                0x00008b9c                __fixunsdfsi
 .text.__libc_init_array
                0x00008bdc       0x4c c:/program files (x86)/cypress/psoc creator/3.0/psoc creator/import/gnu_cs/arm/4.7.3/bin/../lib/gcc/arm-none-eabi/4.7.3/../../../../arm-none-eabi/lib/armv7-m\libc_s.a(lib_a-init.o)
                0x00008bdc                __libc_init_array
 .text.memcpy   0x00008c28       0x12 c:/program files (x86)/cypress/psoc creator/3.0/psoc creator/import/gnu_cs/arm/4.7.3/bin/../lib/gcc/arm-none-eabi/4.7.3/../../../../arm-none-eabi/lib/armv7-m\libc_s.a(lib_a-memcpy.o)
                0x00008c28                memcpy
 .text.memset   0x00008c3a       0x10 c:/program files (x86)/cypress/psoc creator/3.0/psoc creator/import/gnu_cs/arm/4.7.3/bin/../lib/gcc/arm-none-eabi/4.7.3/../../../../arm-none-eabi/lib/armv7-m\libc_s.a(lib_a-memset.o)
                0x00008c3a                memset
 *fill*         0x00008c4a        0x2 00
 .text.sprintf  0x00008c4c       0x48 c:/program files (x86)/cypress/psoc creator/3.0/psoc creator/import/gnu_cs/arm/4.7.3/bin/../lib/gcc/arm-none-eabi/4.7.3/../../../../arm-none-eabi/lib/armv7-m\libc_s.a(lib_a-sprintf.o)
                0x00008c4c                siprintf
                0x00008c4c                sprintf
 .text.strcpy   0x00008c94       0x10 c:/program files (x86)/cypress/psoc creator/3.0/psoc creator/import/gnu_cs/arm/4.7.3/bin/../lib/gcc/arm-none-eabi/4.7.3/../../../../arm-none-eabi/lib/armv7-m\libc_s.a(lib_a-strcpy.o)
                0x00008c94                strcpy
 .text.strlen   0x00008ca4       0x10 c:/program files (x86)/cypress/psoc creator/3.0/psoc creator/import/gnu_cs/arm/4.7.3/bin/../lib/gcc/arm-none-eabi/4.7.3/../../../../arm-none-eabi/lib/armv7-m\libc_s.a(lib_a-strlen.o)
                0x00008ca4                strlen
 .text.strtok   0x00008cb4       0x6c c:/program files (x86)/cypress/psoc creator/3.0/psoc creator/import/gnu_cs/arm/4.7.3/bin/../lib/gcc/arm-none-eabi/4.7.3/../../../../arm-none-eabi/lib/armv7-m\libc_s.a(lib_a-strtok.o)
                0x00008cb4                strtok
 .text.__strtok_r
                0x00008d20       0x5e c:/program files (x86)/cypress/psoc creator/3.0/psoc creator/import/gnu_cs/arm/4.7.3/bin/../lib/gcc/arm-none-eabi/4.7.3/../../../../arm-none-eabi/lib/armv7-m\libc_s.a(lib_a-strtok_r.o)
                0x00008d20                __strtok_r
 .text.__ssputc_r
                0x00008d7e       0xae c:/program files (x86)/cypress/psoc creator/3.0/psoc creator/import/gnu_cs/arm/4.7.3/bin/../lib/gcc/arm-none-eabi/4.7.3/../../../../arm-none-eabi/lib/armv7-m\libc_s.a(lib_a-svfprintf.o)
                0x00008d7e                __ssputc_r
 .text._svfprintf_r
                0x00008e2c      0x1f4 c:/program files (x86)/cypress/psoc creator/3.0/psoc creator/import/gnu_cs/arm/4.7.3/bin/../lib/gcc/arm-none-eabi/4.7.3/../../../../arm-none-eabi/lib/armv7-m\libc_s.a(lib_a-svfprintf.o)
                0x00008e2c                _svfiprintf_r
                0x00008e2c                _svfprintf_r
 .text._printf_common
                0x00009020       0xde c:/program files (x86)/cypress/psoc creator/3.0/psoc creator/import/gnu_cs/arm/4.7.3/bin/../lib/gcc/arm-none-eabi/4.7.3/../../../../arm-none-eabi/lib/armv7-m\libc_s.a(lib_a-vfprintf_i.o)
                0x00009020                _printf_common
 *fill*         0x000090fe        0x2 00
 .text._printf_i
                0x00009100      0x248 c:/program files (x86)/cypress/psoc creator/3.0/psoc creator/import/gnu_cs/arm/4.7.3/bin/../lib/gcc/arm-none-eabi/4.7.3/../../../../arm-none-eabi/lib/armv7-m\libc_s.a(lib_a-vfprintf_i.o)
                0x00009100                _printf_i
 .text._free_r  0x00009348       0x88 c:/program files (x86)/cypress/psoc creator/3.0/psoc creator/import/gnu_cs/arm/4.7.3/bin/../lib/gcc/arm-none-eabi/4.7.3/../../../../arm-none-eabi/lib/armv7-m\libc_s.a(lib_a-freer.o)
                0x00009348                _free_r
 .text.malloc   0x000093d0       0x10 c:/program files (x86)/cypress/psoc creator/3.0/psoc creator/import/gnu_cs/arm/4.7.3/bin/../lib/gcc/arm-none-eabi/4.7.3/../../../../arm-none-eabi/lib/armv7-m\libc_s.a(lib_a-malloc.o)
                0x000093d0                malloc
 .text._malloc_r
                0x000093e0       0x94 c:/program files (x86)/cypress/psoc creator/3.0/psoc creator/import/gnu_cs/arm/4.7.3/bin/../lib/gcc/arm-none-eabi/4.7.3/../../../../arm-none-eabi/lib/armv7-m\libc_s.a(lib_a-mallocr.o)
                0x000093e0                _malloc_r
 .text.memchr   0x00009474       0x1c c:/program files (x86)/cypress/psoc creator/3.0/psoc creator/import/gnu_cs/arm/4.7.3/bin/../lib/gcc/arm-none-eabi/4.7.3/../../../../arm-none-eabi/lib/armv7-m\libc_s.a(lib_a-memchr.o)
                0x00009474                memchr
 .text._realloc_r
                0x00009490       0x48 c:/program files (x86)/cypress/psoc creator/3.0/psoc creator/import/gnu_cs/arm/4.7.3/bin/../lib/gcc/arm-none-eabi/4.7.3/../../../../arm-none-eabi/lib/armv7-m\libc_s.a(lib_a-reallocr.o)
                0x00009490                _realloc_r
 .text._sbrk_r  0x000094d8       0x20 c:/program files (x86)/cypress/psoc creator/3.0/psoc creator/import/gnu_cs/arm/4.7.3/bin/../lib/gcc/arm-none-eabi/4.7.3/../../../../arm-none-eabi/lib/armv7-m\libc_s.a(lib_a-sbrkr.o)
                0x000094d8                _sbrk_r
 .text._malloc_usable_size_r
                0x000094f8       0x12 c:/program files (x86)/cypress/psoc creator/3.0/psoc creator/import/gnu_cs/arm/4.7.3/bin/../lib/gcc/arm-none-eabi/4.7.3/../../../../arm-none-eabi/lib/armv7-m\libc_s.a(lib_a-msizer.o)
                0x000094f8                _malloc_usable_size_r
 *fill*         0x0000950a        0x2 00
 .text._sbrk    0x0000950c       0x34 c:/program files (x86)/cypress/psoc creator/3.0/psoc creator/import/gnu_cs/arm/4.7.3/bin/../lib/gcc/arm-none-eabi/4.7.3/../../../../arm-none-eabi/lib/armv7-m\libnosys.a(sbrk.o)
                0x0000950c                _sbrk
 *(.plt)
 *(.gnu.warning)
 *(.glue_7t)
 .glue_7t       0x00000000        0x0 linker stubs
 *(.glue_7)
 .glue_7        0x00000000        0x0 linker stubs
 *(.vfp11_veneer)
 .vfp11_veneer  0x00000000        0x0 linker stubs
 *(.bootloader)
 *(.ARM.extab* .gnu.linkonce.armextab.*)
 *(.gcc_except_table)

.v4_bx          0x00009540        0x0
 .v4_bx         0x00000000        0x0 linker stubs

.iplt           0x00009540        0x0
 .iplt          0x00000000        0x0 c:/program files (x86)/cypress/psoc creator/3.0/psoc creator/import/gnu_cs/arm/4.7.3/bin/../lib/gcc/arm-none-eabi/4.7.3/armv7-m/crtbegin.o

.eh_frame_hdr
 *(.eh_frame_hdr)

.eh_frame       0x00009540        0x4
 *(.eh_frame)
 .eh_frame      0x00009540        0x0 c:/program files (x86)/cypress/psoc creator/3.0/psoc creator/import/gnu_cs/arm/4.7.3/bin/../lib/gcc/arm-none-eabi/4.7.3/armv7-m/crtbegin.o
 .eh_frame      0x00009540        0x4 c:/program files (x86)/cypress/psoc creator/3.0/psoc creator/import/gnu_cs/arm/4.7.3/bin/../lib/gcc/arm-none-eabi/4.7.3/armv7-m/crtend.o
                0x00009544                PROVIDE (__exidx_start, .)

.ARM.exidx
 *(.ARM.exidx* .gnu.linkonce.armexidx.*)
                0x00009544                __exidx_end = .

.rodata         0x00009544      0x99c
 *(.rodata .rodata.* .gnu.linkonce.r.*)
 .rodata        0x00009544       0x14 .\CortexM3\ARM_GCC_473\Debug\main.o
 .rodata        0x00009558      0x520 .\CortexM3\ARM_GCC_473\Debug\mem1.o
 .rodata        0x00009a78       0x2c .\CortexM3\ARM_GCC_473\Debug\Wavedac_test.a(cyfitter_cfg.o)
 .rodata        0x00009aa4       0xc8 .\CortexM3\ARM_GCC_473\Debug\Wavedac_test.a(WaveDAC8_1.o)
                0x00009aa4                WaveDAC8_1_wave1
                0x00009b08                WaveDAC8_1_wave2
 .rodata        0x00009b6c      0x308 .\CortexM3\ARM_GCC_473\Debug\Wavedac_test.a(TFTSHIELD_1.o)
                0x00009b6c                fontA
 .rodata.str1.1
                0x00009e74        0x2 c:/program files (x86)/cypress/psoc creator/3.0/psoc creator/import/gnu_cs/arm/4.7.3/bin/../lib/gcc/arm-none-eabi/4.7.3/../../../../arm-none-eabi/lib/armv7-m\libc_s.a(lib_a-impure.o)
 .rodata.str1.1
                0x00009e76       0x11 c:/program files (x86)/cypress/psoc creator/3.0/psoc creator/import/gnu_cs/arm/4.7.3/bin/../lib/gcc/arm-none-eabi/4.7.3/../../../../arm-none-eabi/lib/armv7-m\libc_s.a(lib_a-svfprintf.o)
 .rodata.str1.1
                0x00009e87       0x22 c:/program files (x86)/cypress/psoc creator/3.0/psoc creator/import/gnu_cs/arm/4.7.3/bin/../lib/gcc/arm-none-eabi/4.7.3/../../../../arm-none-eabi/lib/armv7-m\libc_s.a(lib_a-vfprintf_i.o)
                0x00009eac                . = ALIGN (0x4)
 *fill*         0x00009ea9        0x3 00
 *(.init)
 .init          0x00009eac        0x4 c:/program files (x86)/cypress/psoc creator/3.0/psoc creator/import/gnu_cs/arm/4.7.3/bin/../lib/gcc/arm-none-eabi/4.7.3/armv7-m/crti.o
                0x00009eac                _init
 .init          0x00009eb0        0x8 c:/program files (x86)/cypress/psoc creator/3.0/psoc creator/import/gnu_cs/arm/4.7.3/bin/../lib/gcc/arm-none-eabi/4.7.3/armv7-m/crtn.o
                0x00009eb8                . = ALIGN (0x4)
                0x00009eb8                __preinit_array_start = .
 *(.preinit_array)
                0x00009eb8                __preinit_array_end = .
                0x00009eb8                . = ALIGN (0x4)
                0x00009eb8                __init_array_start = .
 *(SORT(.init_array.*))
 *(.init_array)
 .init_array    0x00009eb8        0x4 c:/program files (x86)/cypress/psoc creator/3.0/psoc creator/import/gnu_cs/arm/4.7.3/bin/../lib/gcc/arm-none-eabi/4.7.3/armv7-m/crtbegin.o
 .init_array    0x00009ebc        0x4 .\CortexM3\ARM_GCC_473\Debug\Cm3Start.o
                0x00009ec0                __init_array_end = .
                0x00009ec0                . = ALIGN (0x4)
 *(.fini)
 .fini          0x00009ec0        0x4 c:/program files (x86)/cypress/psoc creator/3.0/psoc creator/import/gnu_cs/arm/4.7.3/bin/../lib/gcc/arm-none-eabi/4.7.3/armv7-m/crti.o
                0x00009ec0                _fini
 .fini          0x00009ec4        0x8 c:/program files (x86)/cypress/psoc creator/3.0/psoc creator/import/gnu_cs/arm/4.7.3/bin/../lib/gcc/arm-none-eabi/4.7.3/armv7-m/crtn.o
                0x00009ecc                . = ALIGN (0x4)
                0x00009ecc                __fini_array_start = .
 *(.fini_array)
 .fini_array    0x00009ecc        0x4 c:/program files (x86)/cypress/psoc creator/3.0/psoc creator/import/gnu_cs/arm/4.7.3/bin/../lib/gcc/arm-none-eabi/4.7.3/armv7-m/crtbegin.o
 *(SORT(.fini_array.*))
                0x00009ed0                __fini_array_end = .
                0x00009ed0                . = ALIGN (0x4)
 *crtbegin.o(.ctors)
 *(EXCLUDE_FILE(*crtend.o) .ctors)
 *(SORT(.ctors.*))
 *crtend.o(.ctors)
                0x00009ed0                . = ALIGN (0x4)
 *crtbegin.o(.dtors)
 *(EXCLUDE_FILE(*crtend.o) .dtors)
 *(SORT(.dtors.*))
 *crtend.o(.dtors)
                0x00009ed0                . = ALIGN (0x4)
                0x00009ed0                __cy_regions = .
                0x00009ed0        0x4 LONG 0x9ee0 __cy_region_init_ram
                0x00009ed4        0x4 LONG 0x1fff8108 __cy_region_start_data
                0x00009ed8        0x4 LONG 0x90 __cy_region_init_size_ram
                0x00009edc        0x4 LONG 0x88 __cy_region_zero_size_ram
                0x00009ee0                __cy_regions_end = .
                0x00009ee0                . = ALIGN (0x8)
                0x00009ee0                _etext = .

.ramvectors     0x1fff8000      0x100
                0x1fff8000                __cy_region_start_ram = .
 *(.ramvectors)
 .ramvectors    0x1fff8000      0x100 .\CortexM3\ARM_GCC_473\Debug\Cm3Start.o
                0x1fff8000                CyRamVectors

.noinit         0x1fff8100        0x5
 *(.noinit)
 .noinit        0x1fff8100        0x4 .\CortexM3\ARM_GCC_473\Debug\Cm3Start.o
 .noinit        0x1fff8104        0x1 .\CortexM3\ARM_GCC_473\Debug\Wavedac_test.a(CyLib.o)
                0x1fff8104                CyResetStatus

.data           0x1fff8108       0x90 load address 0x00009ee0
                0x1fff8108                __cy_region_start_data = .
 *(.jcr)
 .jcr           0x1fff8108        0x0 c:/program files (x86)/cypress/psoc creator/3.0/psoc creator/import/gnu_cs/arm/4.7.3/bin/../lib/gcc/arm-none-eabi/4.7.3/armv7-m/crtbegin.o
 .jcr           0x1fff8108        0x4 c:/program files (x86)/cypress/psoc creator/3.0/psoc creator/import/gnu_cs/arm/4.7.3/bin/../lib/gcc/arm-none-eabi/4.7.3/armv7-m/crtend.o
 *(.got.plt)
 *(.got)
 *(.shdata)
 *(.data .data.* .gnu.linkonce.d.*)
 .data          0x1fff810c        0x4 .\CortexM3\ARM_GCC_473\Debug\mem1.o
                0x1fff810c                waveType
 .data          0x1fff8110        0x1 .\CortexM3\ARM_GCC_473\Debug\Wavedac_test.a(WaveDAC8_1_Wave1_DMA_dma.o)
                0x1fff8110                WaveDAC8_1_Wave1_DMA_DmaHandle
 .data          0x1fff8111        0x1 .\CortexM3\ARM_GCC_473\Debug\Wavedac_test.a(WaveDAC8_1_Wave2_DMA_dma.o)
                0x1fff8111                WaveDAC8_1_Wave2_DMA_DmaHandle
 *fill*         0x1fff8112        0x2 00
 .data          0x1fff8114        0x8 .\CortexM3\ARM_GCC_473\Debug\Wavedac_test.a(CyDmac.o)
 .data          0x1fff811c       0x10 .\CortexM3\ARM_GCC_473\Debug\Wavedac_test.a(CyLib.o)
                0x1fff811c                cydelay_freq_hz
                0x1fff8120                cydelay_freq_khz
                0x1fff8124                cydelay_freq_mhz
                0x1fff8128                cydelay_32k_ms
 .data.impure_data
                0x1fff812c       0x64 c:/program files (x86)/cypress/psoc creator/3.0/psoc creator/import/gnu_cs/arm/4.7.3/bin/../lib/gcc/arm-none-eabi/4.7.3/../../../../arm-none-eabi/lib/armv7-m\libc_s.a(lib_a-impure.o)
 .data._impure_ptr
                0x1fff8190        0x4 c:/program files (x86)/cypress/psoc creator/3.0/psoc creator/import/gnu_cs/arm/4.7.3/bin/../lib/gcc/arm-none-eabi/4.7.3/../../../../arm-none-eabi/lib/armv7-m\libc_s.a(lib_a-impure.o)
                0x1fff8190                _impure_ptr
                0x1fff8198                . = ALIGN (0x8)
 *fill*         0x1fff8194        0x4 00
 *(.ram)
                0x1fff8198                _edata = .

.igot.plt       0x1fff8198        0x0 load address 0x00009f70
 .igot.plt      0x00000000        0x0 c:/program files (x86)/cypress/psoc creator/3.0/psoc creator/import/gnu_cs/arm/4.7.3/bin/../lib/gcc/arm-none-eabi/4.7.3/armv7-m/crtbegin.o

.bss            0x1fff8198       0x88 load address 0x00009f70
                0x1fff8198                PROVIDE (__bss_start__, .)
 *(.shbss)
 *(.bss .bss.* .gnu.linkonce.b.*)
 .bss           0x1fff8198       0x1c c:/program files (x86)/cypress/psoc creator/3.0/psoc creator/import/gnu_cs/arm/4.7.3/bin/../lib/gcc/arm-none-eabi/4.7.3/armv7-m/crtbegin.o
 .bss           0x1fff81b4        0x5 .\CortexM3\ARM_GCC_473\Debug\Wavedac_test.a(WaveDAC8_1.o)
                0x1fff81b4                WaveDAC8_1_initVar
 *fill*         0x1fff81b9        0x3 00
 .bss           0x1fff81bc        0x4 .\CortexM3\ARM_GCC_473\Debug\Wavedac_test.a(WaveDAC8_1_PM.o)
 .bss           0x1fff81c0        0x1 .\CortexM3\ARM_GCC_473\Debug\Wavedac_test.a(SPIS_1.o)
                0x1fff81c0                SPIS_1_initVar
 *fill*         0x1fff81c1        0x3 00
 .bss           0x1fff81c4        0x4 .\CortexM3\ARM_GCC_473\Debug\Wavedac_test.a(WaveDAC8_1_VDAC8_PM.o)
 .bss           0x1fff81c8        0x1 .\CortexM3\ARM_GCC_473\Debug\Wavedac_test.a(TFTSHIELD_1_SPIM_1.o)
                0x1fff81c8                TFTSHIELD_1_SPIM_1_initVar
 *fill*         0x1fff81c9        0x3 00
 .bss.__malloc_free_list
                0x1fff81cc        0x4 c:/program files (x86)/cypress/psoc creator/3.0/psoc creator/import/gnu_cs/arm/4.7.3/bin/../lib/gcc/arm-none-eabi/4.7.3/../../../../arm-none-eabi/lib/armv7-m\libc_s.a(lib_a-mallocr.o)
                0x1fff81cc                __malloc_free_list
 .bss.heap_end.4231
                0x1fff81d0        0x4 c:/program files (x86)/cypress/psoc creator/3.0/psoc creator/import/gnu_cs/arm/4.7.3/bin/../lib/gcc/arm-none-eabi/4.7.3/../../../../arm-none-eabi/lib/armv7-m\libnosys.a(sbrk.o)
 *(COMMON)
 COMMON         0x1fff81d4       0x14 .\CortexM3\ARM_GCC_473\Debug\main.o
                0x1fff81d4                cursor_y
                0x1fff81d6                rotation
                0x1fff81d8                _width
                0x1fff81dc                cursor_x
                0x1fff81de                wrap
                0x1fff81df                textsize
                0x1fff81e0                _height
                0x1fff81e4                textbgcolor
                0x1fff81e6                textcolor
 COMMON         0x1fff81e8       0x32 .\CortexM3\ARM_GCC_473\Debug\mem1.o
                0x1fff81e8                buffer
 *fill*         0x1fff821a        0x2 00
 COMMON         0x1fff821c        0x4 c:/program files (x86)/cypress/psoc creator/3.0/psoc creator/import/gnu_cs/arm/4.7.3/bin/../lib/gcc/arm-none-eabi/4.7.3/../../../../arm-none-eabi/lib/armv7-m\libc_s.a(lib_a-reent.o)
                0x1fff821c                errno
                0x1fff8220                . = ALIGN (0x8)
 *(.ram.b)
                0x1fff8220                _end = .
                0x1fff8220                __end = .
                0x1fff8220                PROVIDE (end, .)
                0x1fff8220                PROVIDE (__bss_end__, .)
                0x00009ee0                __cy_region_init_ram = LOADADDR (.data)
                0x00000090                __cy_region_init_size_ram = (_edata - ADDR (.data))
                0x00000088                __cy_region_zero_size_ram = (_end - _edata)

.heap           0x1fff8220     0x1000 load address 0x00009f70
                0x1fff8220                . = _end
                0x1fff9220                . = (. + 0x1000)
 *fill*         0x1fff8220     0x1000 00
                0x1fff9220                __cy_heap_limit = .

.stack          0x20004000     0x4000
                0x20004000                __cy_stack_limit = .
                0x20008000                . = (. + 0x4000)
 *fill*         0x20004000     0x4000 00
                0x00000001                ASSERT ((__cy_stack_limit >= __cy_heap_limit), region RAM overflowed with stack)

.cyloadermeta   0xf0000000       0x40
 *(.cyloadermeta)
 .cyloadermeta  0xf0000000       0x40 .\CortexM3\ARM_GCC_473\Debug\cybootloader.o
                0xf0000000                cy_meta_loader

.cyloadablemeta
                0x0003ffc0       0x40
 *(.cyloadablemeta)
 .cyloadablemeta
                0x0003ffc0       0x40 .\CortexM3\ARM_GCC_473\Debug\cymetadata.o
                0x0003ffc0                cy_meta_loadable

.cyconfigecc    0x80000960      0x5d8
 *(.cyconfigecc)
 .cyconfigecc   0x80000960      0x5d8 .\CortexM3\ARM_GCC_473\Debug\cymetadata.o
                0x80000960                cy_meta_configecc

.cycustnvl      0x90000000        0x4
 *(.cycustnvl)
 .cycustnvl     0x90000000        0x4 .\CortexM3\ARM_GCC_473\Debug\cybootloader.o
                0x90000000                cy_meta_custnvl

.cywolatch      0x90100000        0x4
 *(.cywolatch)
 .cywolatch     0x90100000        0x4 .\CortexM3\ARM_GCC_473\Debug\cybootloader.o
                0x90100000                cy_meta_wonvl

.cyeeprom       0x90200000        0x0
 *(.cyeeprom)
                0x00000001                ASSERT ((. <= ((0x90200000 + ee_offset) + ee_size)), .cyeeprom data will not fit in EEPROM)

.cyflashprotect
                0x90400000      0x100
 *(.cyflashprotect)
 .cyflashprotect
                0x90400000      0x100 .\CortexM3\ARM_GCC_473\Debug\cybootloader.o
                0x90400000                cy_meta_flashprotect

.cymeta         0x90500000        0xc
 *(.cymeta)
 .cymeta        0x90500000        0xc .\CortexM3\ARM_GCC_473\Debug\cybootloader.o
                0x90500000                cy_metadata

.rel.dyn        0x00040000        0x0 load address 0x9050000c
 .rel.iplt      0x00000000        0x0 c:/program files (x86)/cypress/psoc creator/3.0/psoc creator/import/gnu_cs/arm/4.7.3/bin/../lib/gcc/arm-none-eabi/4.7.3/armv7-m/crtbegin.o

.stab
 *(.stab)

.stabstr
 *(.stabstr)

.debug
 *(.debug)

.line
 *(.line)

.debug_srcinfo
 *(.debug_srcinfo)

.debug_sfnames
 *(.debug_sfnames)

.debug_aranges  0x00000000      0xbe8
 *(.debug_aranges)
 .debug_aranges
                0x00000000       0x28 .\CortexM3\ARM_GCC_473\Debug\main.o
 .debug_aranges
                0x00000028       0x40 .\CortexM3\ARM_GCC_473\Debug\mem1.o
 .debug_aranges
                0x00000068       0x18 .\CortexM3\ARM_GCC_473\Debug\cybootloader.o
 .debug_aranges
                0x00000080       0x18 .\CortexM3\ARM_GCC_473\Debug\cymetadata.o
 .debug_aranges
                0x00000098       0x40 .\CortexM3\ARM_GCC_473\Debug\Cm3Start.o
 .debug_aranges
                0x000000d8       0x60 .\CortexM3\ARM_GCC_473\Debug\Wavedac_test.a(cyfitter_cfg.o)
 .debug_aranges
                0x00000138       0x50 .\CortexM3\ARM_GCC_473\Debug\Wavedac_test.a(WaveDAC8_1.o)
 .debug_aranges
                0x00000188       0x28 .\CortexM3\ARM_GCC_473\Debug\Wavedac_test.a(WaveDAC8_1_PM.o)
 .debug_aranges
                0x000001b0       0x70 .\CortexM3\ARM_GCC_473\Debug\Wavedac_test.a(WaveDAC_clk.o)
 .debug_aranges
                0x00000220      0x1b0 .\CortexM3\ARM_GCC_473\Debug\Wavedac_test.a(TFTSHIELD_1.o)
 .debug_aranges
                0x000003d0       0xe0 .\CortexM3\ARM_GCC_473\Debug\Wavedac_test.a(SPIS_1.o)
 .debug_aranges
                0x000004b0       0x70 .\CortexM3\ARM_GCC_473\Debug\Wavedac_test.a(Clock_1.o)
 .debug_aranges
                0x00000520       0x28 .\CortexM3\ARM_GCC_473\Debug\Wavedac_test.a(WaveDAC8_1_Wave1_DMA_dma.o)
 .debug_aranges
                0x00000548       0x28 .\CortexM3\ARM_GCC_473\Debug\Wavedac_test.a(WaveDAC8_1_Wave2_DMA_dma.o)
 .debug_aranges
                0x00000570       0x58 .\CortexM3\ARM_GCC_473\Debug\Wavedac_test.a(WaveDAC8_1_VDAC8.o)
 .debug_aranges
                0x000005c8       0x38 .\CortexM3\ARM_GCC_473\Debug\Wavedac_test.a(WaveDAC8_1_VDAC8_PM.o)
 .debug_aranges
                0x00000600       0x40 .\CortexM3\ARM_GCC_473\Debug\Wavedac_test.a(WaveDAC8_1_BuffAmp.o)
 .debug_aranges
                0x00000640       0xd8 .\CortexM3\ARM_GCC_473\Debug\Wavedac_test.a(TFTSHIELD_1_SPIM_1.o)
 .debug_aranges
                0x00000718       0x28 .\CortexM3\ARM_GCC_473\Debug\Wavedac_test.a(TFTSHIELD_1_SPIM_1_INT.o)
 .debug_aranges
                0x00000740       0x28 .\CortexM3\ARM_GCC_473\Debug\Wavedac_test.a(TFTSHIELD_1_CR_1.o)
 .debug_aranges
                0x00000768       0x20 .\CortexM3\ARM_GCC_473\Debug\Wavedac_test.a(CyBootAsmGnu.o)
 .debug_aranges
                0x00000788       0xd8 .\CortexM3\ARM_GCC_473\Debug\Wavedac_test.a(CyDmac.o)
 .debug_aranges
                0x00000860      0x218 .\CortexM3\ARM_GCC_473\Debug\Wavedac_test.a(CyLib.o)
 .debug_aranges
                0x00000a78       0x90 .\CortexM3\ARM_GCC_473\Debug\Wavedac_test.a(cyPm.o)
 .debug_aranges
                0x00000b08       0x78 .\CortexM3\ARM_GCC_473\Debug\Wavedac_test.a(CyFlash.o)
 .debug_aranges
                0x00000b80       0x68 .\CortexM3\ARM_GCC_473\Debug\Wavedac_test.a(CySpc.o)

.debug_pubnames
 *(.debug_pubnames)

.debug_info     0x00000000     0x6165
 *(.debug_info .gnu.linkonce.wi.*)
 .debug_info    0x00000000      0x1be .\CortexM3\ARM_GCC_473\Debug\main.o
 .debug_info    0x000001be      0x589 .\CortexM3\ARM_GCC_473\Debug\mem1.o
 .debug_info    0x00000747      0x16a .\CortexM3\ARM_GCC_473\Debug\cybootloader.o
 .debug_info    0x000008b1       0xda .\CortexM3\ARM_GCC_473\Debug\cymetadata.o
 .debug_info    0x0000098b      0x2ea .\CortexM3\ARM_GCC_473\Debug\Cm3Start.o
 .debug_info    0x00000c75      0x3d1 .\CortexM3\ARM_GCC_473\Debug\Wavedac_test.a(cyfitter_cfg.o)
 .debug_info    0x00001046      0x268 .\CortexM3\ARM_GCC_473\Debug\Wavedac_test.a(WaveDAC8_1.o)
 .debug_info    0x000012ae      0x106 .\CortexM3\ARM_GCC_473\Debug\Wavedac_test.a(WaveDAC8_1_PM.o)
 .debug_info    0x000013b4      0x294 .\CortexM3\ARM_GCC_473\Debug\Wavedac_test.a(WaveDAC_clk.o)
 .debug_info    0x00001648     0x13d9 .\CortexM3\ARM_GCC_473\Debug\Wavedac_test.a(TFTSHIELD_1.o)
 .debug_info    0x00002a21      0x496 .\CortexM3\ARM_GCC_473\Debug\Wavedac_test.a(SPIS_1.o)
 .debug_info    0x00002eb7      0x294 .\CortexM3\ARM_GCC_473\Debug\Wavedac_test.a(Clock_1.o)
 .debug_info    0x0000314b      0x121 .\CortexM3\ARM_GCC_473\Debug\Wavedac_test.a(WaveDAC8_1_Wave1_DMA_dma.o)
 .debug_info    0x0000326c      0x121 .\CortexM3\ARM_GCC_473\Debug\Wavedac_test.a(WaveDAC8_1_Wave2_DMA_dma.o)
 .debug_info    0x0000338d      0x1b0 .\CortexM3\ARM_GCC_473\Debug\Wavedac_test.a(WaveDAC8_1_VDAC8.o)
 .debug_info    0x0000353d      0x139 .\CortexM3\ARM_GCC_473\Debug\Wavedac_test.a(WaveDAC8_1_VDAC8_PM.o)
 .debug_info    0x00003676      0x13a .\CortexM3\ARM_GCC_473\Debug\Wavedac_test.a(WaveDAC8_1_BuffAmp.o)
 .debug_info    0x000037b0      0x485 .\CortexM3\ARM_GCC_473\Debug\Wavedac_test.a(TFTSHIELD_1_SPIM_1.o)
 .debug_info    0x00003c35       0xb8 .\CortexM3\ARM_GCC_473\Debug\Wavedac_test.a(TFTSHIELD_1_SPIM_1_INT.o)
 .debug_info    0x00003ced       0xe3 .\CortexM3\ARM_GCC_473\Debug\Wavedac_test.a(TFTSHIELD_1_CR_1.o)
 .debug_info    0x00003dd0       0x94 .\CortexM3\ARM_GCC_473\Debug\Wavedac_test.a(CyBootAsmGnu.o)
 .debug_info    0x00003e64      0x93a .\CortexM3\ARM_GCC_473\Debug\Wavedac_test.a(CyDmac.o)
 .debug_info    0x0000479e      0xcd7 .\CortexM3\ARM_GCC_473\Debug\Wavedac_test.a(CyLib.o)
 .debug_info    0x00005475      0x5c3 .\CortexM3\ARM_GCC_473\Debug\Wavedac_test.a(cyPm.o)
 .debug_info    0x00005a38      0x354 .\CortexM3\ARM_GCC_473\Debug\Wavedac_test.a(CyFlash.o)
 .debug_info    0x00005d8c      0x3d9 .\CortexM3\ARM_GCC_473\Debug\Wavedac_test.a(CySpc.o)

.debug_abbrev   0x00000000     0x19e8
 *(.debug_abbrev)
 .debug_abbrev  0x00000000       0xb3 .\CortexM3\ARM_GCC_473\Debug\main.o
 .debug_abbrev  0x000000b3      0x130 .\CortexM3\ARM_GCC_473\Debug\mem1.o
 .debug_abbrev  0x000001e3       0x77 .\CortexM3\ARM_GCC_473\Debug\cybootloader.o
 .debug_abbrev  0x0000025a       0x66 .\CortexM3\ARM_GCC_473\Debug\cymetadata.o
 .debug_abbrev  0x000002c0      0x175 .\CortexM3\ARM_GCC_473\Debug\Cm3Start.o
 .debug_abbrev  0x00000435      0x1b2 .\CortexM3\ARM_GCC_473\Debug\Wavedac_test.a(cyfitter_cfg.o)
 .debug_abbrev  0x000005e7       0xe5 .\CortexM3\ARM_GCC_473\Debug\Wavedac_test.a(WaveDAC8_1.o)
 .debug_abbrev  0x000006cc       0x83 .\CortexM3\ARM_GCC_473\Debug\Wavedac_test.a(WaveDAC8_1_PM.o)
 .debug_abbrev  0x0000074f      0x11f .\CortexM3\ARM_GCC_473\Debug\Wavedac_test.a(WaveDAC_clk.o)
 .debug_abbrev  0x0000086e      0x1cb .\CortexM3\ARM_GCC_473\Debug\Wavedac_test.a(TFTSHIELD_1.o)
 .debug_abbrev  0x00000a39      0x140 .\CortexM3\ARM_GCC_473\Debug\Wavedac_test.a(SPIS_1.o)
 .debug_abbrev  0x00000b79      0x11f .\CortexM3\ARM_GCC_473\Debug\Wavedac_test.a(Clock_1.o)
 .debug_abbrev  0x00000c98       0x8d .\CortexM3\ARM_GCC_473\Debug\Wavedac_test.a(WaveDAC8_1_Wave1_DMA_dma.o)
 .debug_abbrev  0x00000d25       0x8d .\CortexM3\ARM_GCC_473\Debug\Wavedac_test.a(WaveDAC8_1_Wave2_DMA_dma.o)
 .debug_abbrev  0x00000db2       0xed .\CortexM3\ARM_GCC_473\Debug\Wavedac_test.a(WaveDAC8_1_VDAC8.o)
 .debug_abbrev  0x00000e9f       0x9b .\CortexM3\ARM_GCC_473\Debug\Wavedac_test.a(WaveDAC8_1_VDAC8_PM.o)
 .debug_abbrev  0x00000f3a       0xaa .\CortexM3\ARM_GCC_473\Debug\Wavedac_test.a(WaveDAC8_1_BuffAmp.o)
 .debug_abbrev  0x00000fe4      0x158 .\CortexM3\ARM_GCC_473\Debug\Wavedac_test.a(TFTSHIELD_1_SPIM_1.o)
 .debug_abbrev  0x0000113c       0x44 .\CortexM3\ARM_GCC_473\Debug\Wavedac_test.a(TFTSHIELD_1_SPIM_1_INT.o)
 .debug_abbrev  0x00001180       0x83 .\CortexM3\ARM_GCC_473\Debug\Wavedac_test.a(TFTSHIELD_1_CR_1.o)
 .debug_abbrev  0x00001203       0x14 .\CortexM3\ARM_GCC_473\Debug\Wavedac_test.a(CyBootAsmGnu.o)
 .debug_abbrev  0x00001217      0x189 .\CortexM3\ARM_GCC_473\Debug\Wavedac_test.a(CyDmac.o)
 .debug_abbrev  0x000013a0      0x207 .\CortexM3\ARM_GCC_473\Debug\Wavedac_test.a(CyLib.o)
 .debug_abbrev  0x000015a7      0x170 .\CortexM3\ARM_GCC_473\Debug\Wavedac_test.a(cyPm.o)
 .debug_abbrev  0x00001717      0x172 .\CortexM3\ARM_GCC_473\Debug\Wavedac_test.a(CyFlash.o)
 .debug_abbrev  0x00001889      0x15f .\CortexM3\ARM_GCC_473\Debug\Wavedac_test.a(CySpc.o)

.debug_line     0x00000000     0x2f5b
 *(.debug_line)
 .debug_line    0x00000000      0x156 .\CortexM3\ARM_GCC_473\Debug\main.o
 .debug_line    0x00000156      0x25f .\CortexM3\ARM_GCC_473\Debug\mem1.o
 .debug_line    0x000003b5       0x55 .\CortexM3\ARM_GCC_473\Debug\cybootloader.o
 .debug_line    0x0000040a       0x53 .\CortexM3\ARM_GCC_473\Debug\cymetadata.o
 .debug_line    0x0000045d      0x1ae .\CortexM3\ARM_GCC_473\Debug\Cm3Start.o
 .debug_line    0x0000060b      0x205 .\CortexM3\ARM_GCC_473\Debug\Wavedac_test.a(cyfitter_cfg.o)
 .debug_line    0x00000810       0xf6 .\CortexM3\ARM_GCC_473\Debug\Wavedac_test.a(WaveDAC8_1.o)
 .debug_line    0x00000906       0xab .\CortexM3\ARM_GCC_473\Debug\Wavedac_test.a(WaveDAC8_1_PM.o)
 .debug_line    0x000009b1      0x1a2 .\CortexM3\ARM_GCC_473\Debug\Wavedac_test.a(WaveDAC_clk.o)
 .debug_line    0x00000b53      0x7c1 .\CortexM3\ARM_GCC_473\Debug\Wavedac_test.a(TFTSHIELD_1.o)
 .debug_line    0x00001314      0x282 .\CortexM3\ARM_GCC_473\Debug\Wavedac_test.a(SPIS_1.o)
 .debug_line    0x00001596      0x19e .\CortexM3\ARM_GCC_473\Debug\Wavedac_test.a(Clock_1.o)
 .debug_line    0x00001734       0x8a .\CortexM3\ARM_GCC_473\Debug\Wavedac_test.a(WaveDAC8_1_Wave1_DMA_dma.o)
 .debug_line    0x000017be       0x8a .\CortexM3\ARM_GCC_473\Debug\Wavedac_test.a(WaveDAC8_1_Wave2_DMA_dma.o)
 .debug_line    0x00001848       0xfc .\CortexM3\ARM_GCC_473\Debug\Wavedac_test.a(WaveDAC8_1_VDAC8.o)
 .debug_line    0x00001944       0xc5 .\CortexM3\ARM_GCC_473\Debug\Wavedac_test.a(WaveDAC8_1_VDAC8_PM.o)
 .debug_line    0x00001a09       0xbd .\CortexM3\ARM_GCC_473\Debug\Wavedac_test.a(WaveDAC8_1_BuffAmp.o)
 .debug_line    0x00001ac6      0x284 .\CortexM3\ARM_GCC_473\Debug\Wavedac_test.a(TFTSHIELD_1_SPIM_1.o)
 .debug_line    0x00001d4a       0x77 .\CortexM3\ARM_GCC_473\Debug\Wavedac_test.a(TFTSHIELD_1_SPIM_1_INT.o)
 .debug_line    0x00001dc1       0x7b .\CortexM3\ARM_GCC_473\Debug\Wavedac_test.a(TFTSHIELD_1_CR_1.o)
 .debug_line    0x00001e3c       0x68 .\CortexM3\ARM_GCC_473\Debug\Wavedac_test.a(CyBootAsmGnu.o)
 .debug_line    0x00001ea4      0x2bc .\CortexM3\ARM_GCC_473\Debug\Wavedac_test.a(CyDmac.o)
 .debug_line    0x00002160      0x73b .\CortexM3\ARM_GCC_473\Debug\Wavedac_test.a(CyLib.o)
 .debug_line    0x0000289b      0x370 .\CortexM3\ARM_GCC_473\Debug\Wavedac_test.a(cyPm.o)
 .debug_line    0x00002c0b      0x1a9 .\CortexM3\ARM_GCC_473\Debug\Wavedac_test.a(CyFlash.o)
 .debug_line    0x00002db4      0x1a7 .\CortexM3\ARM_GCC_473\Debug\Wavedac_test.a(CySpc.o)

.debug_frame    0x00000000     0x2944
 *(.debug_frame)
 .debug_frame   0x00000000       0x4c .\CortexM3\ARM_GCC_473\Debug\main.o
 .debug_frame   0x0000004c       0xb8 .\CortexM3\ARM_GCC_473\Debug\mem1.o
 .debug_frame   0x00000104       0xa4 .\CortexM3\ARM_GCC_473\Debug\Cm3Start.o
 .debug_frame   0x000001a8      0x120 .\CortexM3\ARM_GCC_473\Debug\Wavedac_test.a(cyfitter_cfg.o)
 .debug_frame   0x000002c8       0xe0 .\CortexM3\ARM_GCC_473\Debug\Wavedac_test.a(WaveDAC8_1.o)
 .debug_frame   0x000003a8       0x48 .\CortexM3\ARM_GCC_473\Debug\Wavedac_test.a(WaveDAC8_1_PM.o)
 .debug_frame   0x000003f0      0x14c .\CortexM3\ARM_GCC_473\Debug\Wavedac_test.a(WaveDAC_clk.o)
 .debug_frame   0x0000053c      0x670 .\CortexM3\ARM_GCC_473\Debug\Wavedac_test.a(TFTSHIELD_1.o)
 .debug_frame   0x00000bac      0x2e0 .\CortexM3\ARM_GCC_473\Debug\Wavedac_test.a(SPIS_1.o)
 .debug_frame   0x00000e8c      0x14c .\CortexM3\ARM_GCC_473\Debug\Wavedac_test.a(Clock_1.o)
 .debug_frame   0x00000fd8       0x4c .\CortexM3\ARM_GCC_473\Debug\Wavedac_test.a(WaveDAC8_1_Wave1_DMA_dma.o)
 .debug_frame   0x00001024       0x4c .\CortexM3\ARM_GCC_473\Debug\Wavedac_test.a(WaveDAC8_1_Wave2_DMA_dma.o)
 .debug_frame   0x00001070       0xf4 .\CortexM3\ARM_GCC_473\Debug\Wavedac_test.a(WaveDAC8_1_VDAC8.o)
 .debug_frame   0x00001164       0x80 .\CortexM3\ARM_GCC_473\Debug\Wavedac_test.a(WaveDAC8_1_VDAC8_PM.o)
 .debug_frame   0x000011e4       0x9c .\CortexM3\ARM_GCC_473\Debug\Wavedac_test.a(WaveDAC8_1_BuffAmp.o)
 .debug_frame   0x00001280      0x2c4 .\CortexM3\ARM_GCC_473\Debug\Wavedac_test.a(TFTSHIELD_1_SPIM_1.o)
 .debug_frame   0x00001544       0x48 .\CortexM3\ARM_GCC_473\Debug\Wavedac_test.a(TFTSHIELD_1_SPIM_1_INT.o)
 .debug_frame   0x0000158c       0x48 .\CortexM3\ARM_GCC_473\Debug\Wavedac_test.a(TFTSHIELD_1_CR_1.o)
 .debug_frame   0x000015d4      0x2c0 .\CortexM3\ARM_GCC_473\Debug\Wavedac_test.a(CyDmac.o)
 .debug_frame   0x00001894      0x778 .\CortexM3\ARM_GCC_473\Debug\Wavedac_test.a(CyLib.o)
 .debug_frame   0x0000200c      0x1d0 .\CortexM3\ARM_GCC_473\Debug\Wavedac_test.a(cyPm.o)
 .debug_frame   0x000021dc      0x178 .\CortexM3\ARM_GCC_473\Debug\Wavedac_test.a(CyFlash.o)
 .debug_frame   0x00002354      0x13c .\CortexM3\ARM_GCC_473\Debug\Wavedac_test.a(CySpc.o)
 .debug_frame   0x00002490       0x28 c:/program files (x86)/cypress/psoc creator/3.0/psoc creator/import/gnu_cs/arm/4.7.3/bin/../lib/gcc/arm-none-eabi/4.7.3/../../../../arm-none-eabi/lib/armv7-m\libc_s.a(lib_a-__atexit2.o)
 .debug_frame   0x000024b8       0x28 c:/program files (x86)/cypress/psoc creator/3.0/psoc creator/import/gnu_cs/arm/4.7.3/bin/../lib/gcc/arm-none-eabi/4.7.3/../../../../arm-none-eabi/lib/armv7-m\libc_s.a(lib_a-exit.o)
 .debug_frame   0x000024e0       0x2c c:/program files (x86)/cypress/psoc creator/3.0/psoc creator/import/gnu_cs/arm/4.7.3/bin/../lib/gcc/arm-none-eabi/4.7.3/../../../../arm-none-eabi/lib/armv7-m\libc_s.a(lib_a-fini.o)
 .debug_frame   0x0000250c       0x2c c:/program files (x86)/cypress/psoc creator/3.0/psoc creator/import/gnu_cs/arm/4.7.3/bin/../lib/gcc/arm-none-eabi/4.7.3/../../../../arm-none-eabi/lib/armv7-m\libc_s.a(lib_a-init.o)
 .debug_frame   0x00002538       0x28 c:/program files (x86)/cypress/psoc creator/3.0/psoc creator/import/gnu_cs/arm/4.7.3/bin/../lib/gcc/arm-none-eabi/4.7.3/../../../../arm-none-eabi/lib/armv7-m\libc_s.a(lib_a-memcpy.o)
 .debug_frame   0x00002560       0x20 c:/program files (x86)/cypress/psoc creator/3.0/psoc creator/import/gnu_cs/arm/4.7.3/bin/../lib/gcc/arm-none-eabi/4.7.3/../../../../arm-none-eabi/lib/armv7-m\libc_s.a(lib_a-memset.o)
 .debug_frame   0x00002580       0x58 c:/program files (x86)/cypress/psoc creator/3.0/psoc creator/import/gnu_cs/arm/4.7.3/bin/../lib/gcc/arm-none-eabi/4.7.3/../../../../arm-none-eabi/lib/armv7-m\libc_s.a(lib_a-sprintf.o)
 .debug_frame   0x000025d8       0x20 c:/program files (x86)/cypress/psoc creator/3.0/psoc creator/import/gnu_cs/arm/4.7.3/bin/../lib/gcc/arm-none-eabi/4.7.3/../../../../arm-none-eabi/lib/armv7-m\libc_s.a(lib_a-strcpy.o)
 .debug_frame   0x000025f8       0x20 c:/program files (x86)/cypress/psoc creator/3.0/psoc creator/import/gnu_cs/arm/4.7.3/bin/../lib/gcc/arm-none-eabi/4.7.3/../../../../arm-none-eabi/lib/armv7-m\libc_s.a(lib_a-strlen.o)
 .debug_frame   0x00002618       0x30 c:/program files (x86)/cypress/psoc creator/3.0/psoc creator/import/gnu_cs/arm/4.7.3/bin/../lib/gcc/arm-none-eabi/4.7.3/../../../../arm-none-eabi/lib/armv7-m\libc_s.a(lib_a-strtok.o)
 .debug_frame   0x00002648       0x40 c:/program files (x86)/cypress/psoc creator/3.0/psoc creator/import/gnu_cs/arm/4.7.3/bin/../lib/gcc/arm-none-eabi/4.7.3/../../../../arm-none-eabi/lib/armv7-m\libc_s.a(lib_a-strtok_r.o)
 .debug_frame   0x00002688       0x88 c:/program files (x86)/cypress/psoc creator/3.0/psoc creator/import/gnu_cs/arm/4.7.3/bin/../lib/gcc/arm-none-eabi/4.7.3/../../../../arm-none-eabi/lib/armv7-m\libc_s.a(lib_a-svfprintf.o)
 .debug_frame   0x00002710       0x58 c:/program files (x86)/cypress/psoc creator/3.0/psoc creator/import/gnu_cs/arm/4.7.3/bin/../lib/gcc/arm-none-eabi/4.7.3/../../../../arm-none-eabi/lib/armv7-m\libc_s.a(lib_a-vfprintf_i.o)
 .debug_frame   0x00002768       0x2c c:/program files (x86)/cypress/psoc creator/3.0/psoc creator/import/gnu_cs/arm/4.7.3/bin/../lib/gcc/arm-none-eabi/4.7.3/../../../../arm-none-eabi/lib/armv7-m\libc_s.a(lib_a-freer.o)
 .debug_frame   0x00002794       0x30 c:/program files (x86)/cypress/psoc creator/3.0/psoc creator/import/gnu_cs/arm/4.7.3/bin/../lib/gcc/arm-none-eabi/4.7.3/../../../../arm-none-eabi/lib/armv7-m\libc_s.a(lib_a-malloc.o)
 .debug_frame   0x000027c4       0x2c c:/program files (x86)/cypress/psoc creator/3.0/psoc creator/import/gnu_cs/arm/4.7.3/bin/../lib/gcc/arm-none-eabi/4.7.3/../../../../arm-none-eabi/lib/armv7-m\libc_s.a(lib_a-mallocr.o)
 .debug_frame   0x000027f0       0x28 c:/program files (x86)/cypress/psoc creator/3.0/psoc creator/import/gnu_cs/arm/4.7.3/bin/../lib/gcc/arm-none-eabi/4.7.3/../../../../arm-none-eabi/lib/armv7-m\libc_s.a(lib_a-memchr.o)
 .debug_frame   0x00002818       0x2c c:/program files (x86)/cypress/psoc creator/3.0/psoc creator/import/gnu_cs/arm/4.7.3/bin/../lib/gcc/arm-none-eabi/4.7.3/../../../../arm-none-eabi/lib/armv7-m\libc_s.a(lib_a-memmove.o)
 .debug_frame   0x00002844       0x30 c:/program files (x86)/cypress/psoc creator/3.0/psoc creator/import/gnu_cs/arm/4.7.3/bin/../lib/gcc/arm-none-eabi/4.7.3/../../../../arm-none-eabi/lib/armv7-m\libc_s.a(lib_a-reallocr.o)
 .debug_frame   0x00002874       0x2c c:/program files (x86)/cypress/psoc creator/3.0/psoc creator/import/gnu_cs/arm/4.7.3/bin/../lib/gcc/arm-none-eabi/4.7.3/../../../../arm-none-eabi/lib/armv7-m\libc_s.a(lib_a-sbrkr.o)
 .debug_frame   0x000028a0       0x20 c:/program files (x86)/cypress/psoc creator/3.0/psoc creator/import/gnu_cs/arm/4.7.3/bin/../lib/gcc/arm-none-eabi/4.7.3/../../../../arm-none-eabi/lib/armv7-m\libc_s.a(lib_a-msizer.o)
 .debug_frame   0x000028c0       0x64 c:/program files (x86)/cypress/psoc creator/3.0/psoc creator/import/gnu_cs/arm/4.7.3/bin/../lib/gcc/arm-none-eabi/4.7.3/../../../../arm-none-eabi/lib/armv7-m\libc_s.a(lib_a-reent.o)
 .debug_frame   0x00002924       0x20 c:/program files (x86)/cypress/psoc creator/3.0/psoc creator/import/gnu_cs/arm/4.7.3/bin/../lib/gcc/arm-none-eabi/4.7.3/../../../../arm-none-eabi/lib/armv7-m\libnosys.a(sbrk.o)

.debug_str      0x00000000     0x2a0d
 *(.debug_str)
 .debug_str     0x00000000      0x177 .\CortexM3\ARM_GCC_473\Debug\main.o
                                0x1c6 (size before relaxing)
 .debug_str     0x00000177      0x11a .\CortexM3\ARM_GCC_473\Debug\mem1.o
                                0x2c9 (size before relaxing)
 .debug_str     0x00000291       0x84 .\CortexM3\ARM_GCC_473\Debug\cybootloader.o
                                0x1b6 (size before relaxing)
 .debug_str     0x00000315       0x49 .\CortexM3\ARM_GCC_473\Debug\cymetadata.o
                                0x17b (size before relaxing)
 .debug_str     0x0000035e      0x112 .\CortexM3\ARM_GCC_473\Debug\Cm3Start.o
                                0x265 (size before relaxing)
 .debug_str     0x00000470      0x15f .\CortexM3\ARM_GCC_473\Debug\Wavedac_test.a(cyfitter_cfg.o)
                                0x2c4 (size before relaxing)
 .debug_str     0x000005cf      0x16a .\CortexM3\ARM_GCC_473\Debug\Wavedac_test.a(WaveDAC8_1.o)
                                0x2aa (size before relaxing)
 .debug_str     0x00000739       0x83 .\CortexM3\ARM_GCC_473\Debug\Wavedac_test.a(WaveDAC8_1_PM.o)
                                0x1ba (size before relaxing)
 .debug_str     0x000007bc      0x19a .\CortexM3\ARM_GCC_473\Debug\Wavedac_test.a(WaveDAC_clk.o)
                                0x2dd (size before relaxing)
 .debug_str     0x00000956      0x661 .\CortexM3\ARM_GCC_473\Debug\Wavedac_test.a(TFTSHIELD_1.o)
                                0x835 (size before relaxing)
 .debug_str     0x00000fb7      0x282 .\CortexM3\ARM_GCC_473\Debug\Wavedac_test.a(SPIS_1.o)
                                0x3c5 (size before relaxing)
 .debug_str     0x00001239      0x119 .\CortexM3\ARM_GCC_473\Debug\Wavedac_test.a(Clock_1.o)
                                0x2ad (size before relaxing)
 .debug_str     0x00001352       0xd1 .\CortexM3\ARM_GCC_473\Debug\Wavedac_test.a(WaveDAC8_1_Wave1_DMA_dma.o)
                                0x20a (size before relaxing)
 .debug_str     0x00001423       0x96 .\CortexM3\ARM_GCC_473\Debug\Wavedac_test.a(WaveDAC8_1_Wave2_DMA_dma.o)
                                0x20a (size before relaxing)
 .debug_str     0x000014b9      0x118 .\CortexM3\ARM_GCC_473\Debug\Wavedac_test.a(WaveDAC8_1_VDAC8.o)
                                0x24c (size before relaxing)
 .debug_str     0x000015d1       0xda .\CortexM3\ARM_GCC_473\Debug\Wavedac_test.a(WaveDAC8_1_VDAC8_PM.o)
                                0x214 (size before relaxing)
 .debug_str     0x000016ab       0xce .\CortexM3\ARM_GCC_473\Debug\Wavedac_test.a(WaveDAC8_1_BuffAmp.o)
                                0x205 (size before relaxing)
 .debug_str     0x00001779      0x2f4 .\CortexM3\ARM_GCC_473\Debug\Wavedac_test.a(TFTSHIELD_1_SPIM_1.o)
                                0x500 (size before relaxing)
 .debug_str     0x00001a6d       0x66 .\CortexM3\ARM_GCC_473\Debug\Wavedac_test.a(TFTSHIELD_1_SPIM_1_INT.o)
                                0x192 (size before relaxing)
 .debug_str     0x00001ad3       0x34 .\CortexM3\ARM_GCC_473\Debug\Wavedac_test.a(TFTSHIELD_1_CR_1.o)
                                0x18f (size before relaxing)
 .debug_str     0x00001b07      0x371 .\CortexM3\ARM_GCC_473\Debug\Wavedac_test.a(CyDmac.o)
                                0x4d0 (size before relaxing)
 .debug_str     0x00001e78      0x607 .\CortexM3\ARM_GCC_473\Debug\Wavedac_test.a(CyLib.o)
                                0x7cb (size before relaxing)
 .debug_str     0x0000247f      0x367 .\CortexM3\ARM_GCC_473\Debug\Wavedac_test.a(cyPm.o)
                                0x4da (size before relaxing)
 .debug_str     0x000027e6      0x129 .\CortexM3\ARM_GCC_473\Debug\Wavedac_test.a(CyFlash.o)
                                0x2a0 (size before relaxing)
 .debug_str     0x0000290f       0xfe .\CortexM3\ARM_GCC_473\Debug\Wavedac_test.a(CySpc.o)
                                0x27c (size before relaxing)

.debug_loc      0x00000000     0x3d72
 *(.debug_loc)
 .debug_loc     0x00000000       0x66 .\CortexM3\ARM_GCC_473\Debug\main.o
 .debug_loc     0x00000066      0x11a .\CortexM3\ARM_GCC_473\Debug\mem1.o
 .debug_loc     0x00000180      0x100 .\CortexM3\ARM_GCC_473\Debug\Cm3Start.o
 .debug_loc     0x00000280      0x1f8 .\CortexM3\ARM_GCC_473\Debug\Wavedac_test.a(cyfitter_cfg.o)
 .debug_loc     0x00000478      0x158 .\CortexM3\ARM_GCC_473\Debug\Wavedac_test.a(WaveDAC8_1.o)
 .debug_loc     0x000005d0       0x58 .\CortexM3\ARM_GCC_473\Debug\Wavedac_test.a(WaveDAC8_1_PM.o)
 .debug_loc     0x00000628      0x22c .\CortexM3\ARM_GCC_473\Debug\Wavedac_test.a(WaveDAC_clk.o)
 .debug_loc     0x00000854      0xafa .\CortexM3\ARM_GCC_473\Debug\Wavedac_test.a(TFTSHIELD_1.o)
 .debug_loc     0x0000134e      0x50c .\CortexM3\ARM_GCC_473\Debug\Wavedac_test.a(SPIS_1.o)
 .debug_loc     0x0000185a      0x22c .\CortexM3\ARM_GCC_473\Debug\Wavedac_test.a(Clock_1.o)
 .debug_loc     0x00001a86       0x64 .\CortexM3\ARM_GCC_473\Debug\Wavedac_test.a(WaveDAC8_1_Wave1_DMA_dma.o)
 .debug_loc     0x00001aea       0x64 .\CortexM3\ARM_GCC_473\Debug\Wavedac_test.a(WaveDAC8_1_Wave2_DMA_dma.o)
 .debug_loc     0x00001b4e      0x190 .\CortexM3\ARM_GCC_473\Debug\Wavedac_test.a(WaveDAC8_1_VDAC8.o)
 .debug_loc     0x00001cde       0xb0 .\CortexM3\ARM_GCC_473\Debug\Wavedac_test.a(WaveDAC8_1_VDAC8_PM.o)
 .debug_loc     0x00001d8e       0xe8 .\CortexM3\ARM_GCC_473\Debug\Wavedac_test.a(WaveDAC8_1_BuffAmp.o)
 .debug_loc     0x00001e76      0x4d4 .\CortexM3\ARM_GCC_473\Debug\Wavedac_test.a(TFTSHIELD_1_SPIM_1.o)
 .debug_loc     0x0000234a       0x58 .\CortexM3\ARM_GCC_473\Debug\Wavedac_test.a(TFTSHIELD_1_SPIM_1_INT.o)
 .debug_loc     0x000023a2       0x64 .\CortexM3\ARM_GCC_473\Debug\Wavedac_test.a(TFTSHIELD_1_CR_1.o)
 .debug_loc     0x00002406      0x51c .\CortexM3\ARM_GCC_473\Debug\Wavedac_test.a(CyDmac.o)
 .debug_loc     0x00002922      0xce0 .\CortexM3\ARM_GCC_473\Debug\Wavedac_test.a(CyLib.o)
 .debug_loc     0x00003602      0x2e8 .\CortexM3\ARM_GCC_473\Debug\Wavedac_test.a(cyPm.o)
 .debug_loc     0x000038ea      0x258 .\CortexM3\ARM_GCC_473\Debug\Wavedac_test.a(CyFlash.o)
 .debug_loc     0x00003b42      0x230 .\CortexM3\ARM_GCC_473\Debug\Wavedac_test.a(CySpc.o)

.debug_macinfo
 *(.debug_macinfo)

.debug_ranges   0x00000000      0xa28
 *(.debug_ranges)
 .debug_ranges  0x00000000       0x18 .\CortexM3\ARM_GCC_473\Debug\main.o
 .debug_ranges  0x00000018       0x30 .\CortexM3\ARM_GCC_473\Debug\mem1.o
 .debug_ranges  0x00000048       0x30 .\CortexM3\ARM_GCC_473\Debug\Cm3Start.o
 .debug_ranges  0x00000078       0x50 .\CortexM3\ARM_GCC_473\Debug\Wavedac_test.a(cyfitter_cfg.o)
 .debug_ranges  0x000000c8       0x40 .\CortexM3\ARM_GCC_473\Debug\Wavedac_test.a(WaveDAC8_1.o)
 .debug_ranges  0x00000108       0x18 .\CortexM3\ARM_GCC_473\Debug\Wavedac_test.a(WaveDAC8_1_PM.o)
 .debug_ranges  0x00000120       0x60 .\CortexM3\ARM_GCC_473\Debug\Wavedac_test.a(WaveDAC_clk.o)
 .debug_ranges  0x00000180      0x1a0 .\CortexM3\ARM_GCC_473\Debug\Wavedac_test.a(TFTSHIELD_1.o)
 .debug_ranges  0x00000320       0xd0 .\CortexM3\ARM_GCC_473\Debug\Wavedac_test.a(SPIS_1.o)
 .debug_ranges  0x000003f0       0x60 .\CortexM3\ARM_GCC_473\Debug\Wavedac_test.a(Clock_1.o)
 .debug_ranges  0x00000450       0x18 .\CortexM3\ARM_GCC_473\Debug\Wavedac_test.a(WaveDAC8_1_Wave1_DMA_dma.o)
 .debug_ranges  0x00000468       0x18 .\CortexM3\ARM_GCC_473\Debug\Wavedac_test.a(WaveDAC8_1_Wave2_DMA_dma.o)
 .debug_ranges  0x00000480       0x48 .\CortexM3\ARM_GCC_473\Debug\Wavedac_test.a(WaveDAC8_1_VDAC8.o)
 .debug_ranges  0x000004c8       0x28 .\CortexM3\ARM_GCC_473\Debug\Wavedac_test.a(WaveDAC8_1_VDAC8_PM.o)
 .debug_ranges  0x000004f0       0x30 .\CortexM3\ARM_GCC_473\Debug\Wavedac_test.a(WaveDAC8_1_BuffAmp.o)
 .debug_ranges  0x00000520       0xc8 .\CortexM3\ARM_GCC_473\Debug\Wavedac_test.a(TFTSHIELD_1_SPIM_1.o)
 .debug_ranges  0x000005e8       0x18 .\CortexM3\ARM_GCC_473\Debug\Wavedac_test.a(TFTSHIELD_1_SPIM_1_INT.o)
 .debug_ranges  0x00000600       0x18 .\CortexM3\ARM_GCC_473\Debug\Wavedac_test.a(TFTSHIELD_1_CR_1.o)
 .debug_ranges  0x00000618       0xc8 .\CortexM3\ARM_GCC_473\Debug\Wavedac_test.a(CyDmac.o)
 .debug_ranges  0x000006e0      0x208 .\CortexM3\ARM_GCC_473\Debug\Wavedac_test.a(CyLib.o)
 .debug_ranges  0x000008e8       0x80 .\CortexM3\ARM_GCC_473\Debug\Wavedac_test.a(cyPm.o)
 .debug_ranges  0x00000968       0x68 .\CortexM3\ARM_GCC_473\Debug\Wavedac_test.a(CyFlash.o)
 .debug_ranges  0x000009d0       0x58 .\CortexM3\ARM_GCC_473\Debug\Wavedac_test.a(CySpc.o)

.comment        0x00000000       0x70
 .comment       0x00000000       0x70 .\CortexM3\ARM_GCC_473\Debug\main.o
                                 0x71 (size before relaxing)
 .comment       0x00000000       0x71 .\CortexM3\ARM_GCC_473\Debug\mem1.o
 .comment       0x00000000       0x71 .\CortexM3\ARM_GCC_473\Debug\cybootloader.o
 .comment       0x00000000       0x71 .\CortexM3\ARM_GCC_473\Debug\cymetadata.o
 .comment       0x00000000       0x71 .\CortexM3\ARM_GCC_473\Debug\Cm3Start.o
 .comment       0x00000000       0x71 .\CortexM3\ARM_GCC_473\Debug\Wavedac_test.a(cyfitter_cfg.o)
 .comment       0x00000000       0x71 .\CortexM3\ARM_GCC_473\Debug\Wavedac_test.a(WaveDAC8_1.o)
 .comment       0x00000000       0x71 .\CortexM3\ARM_GCC_473\Debug\Wavedac_test.a(WaveDAC8_1_PM.o)
 .comment       0x00000000       0x71 .\CortexM3\ARM_GCC_473\Debug\Wavedac_test.a(WaveDAC_clk.o)
 .comment       0x00000000       0x71 .\CortexM3\ARM_GCC_473\Debug\Wavedac_test.a(TFTSHIELD_1.o)
 .comment       0x00000000       0x71 .\CortexM3\ARM_GCC_473\Debug\Wavedac_test.a(SPIS_1.o)
 .comment       0x00000000       0x71 .\CortexM3\ARM_GCC_473\Debug\Wavedac_test.a(Clock_1.o)
 .comment       0x00000000       0x71 .\CortexM3\ARM_GCC_473\Debug\Wavedac_test.a(WaveDAC8_1_Wave1_DMA_dma.o)
 .comment       0x00000000       0x71 .\CortexM3\ARM_GCC_473\Debug\Wavedac_test.a(WaveDAC8_1_Wave2_DMA_dma.o)
 .comment       0x00000000       0x71 .\CortexM3\ARM_GCC_473\Debug\Wavedac_test.a(WaveDAC8_1_VDAC8.o)
 .comment       0x00000000       0x71 .\CortexM3\ARM_GCC_473\Debug\Wavedac_test.a(WaveDAC8_1_VDAC8_PM.o)
 .comment       0x00000000       0x71 .\CortexM3\ARM_GCC_473\Debug\Wavedac_test.a(WaveDAC8_1_BuffAmp.o)
 .comment       0x00000000       0x71 .\CortexM3\ARM_GCC_473\Debug\Wavedac_test.a(TFTSHIELD_1_SPIM_1.o)
 .comment       0x00000000       0x71 .\CortexM3\ARM_GCC_473\Debug\Wavedac_test.a(TFTSHIELD_1_SPIM_1_INT.o)
 .comment       0x00000000       0x71 .\CortexM3\ARM_GCC_473\Debug\Wavedac_test.a(TFTSHIELD_1_CR_1.o)
 .comment       0x00000000       0x71 .\CortexM3\ARM_GCC_473\Debug\Wavedac_test.a(CyDmac.o)
 .comment       0x00000000       0x71 .\CortexM3\ARM_GCC_473\Debug\Wavedac_test.a(CyLib.o)
 .comment       0x00000000       0x71 .\CortexM3\ARM_GCC_473\Debug\Wavedac_test.a(cyPm.o)
 .comment       0x00000000       0x71 .\CortexM3\ARM_GCC_473\Debug\Wavedac_test.a(CyFlash.o)
 .comment       0x00000000       0x71 .\CortexM3\ARM_GCC_473\Debug\Wavedac_test.a(CySpc.o)

.debug_weaknames
 *(.debug_weaknames)

.debug_funcnames
 *(.debug_funcnames)

.debug_typenames
 *(.debug_typenames)

.debug_varnames
 *(.debug_varnames)

.note.gnu.arm.ident
 *(.note.gnu.arm.ident)

.ARM.attributes
                0x00000000       0x29
 *(.ARM.attributes)
 .ARM.attributes
                0x00000000       0x1d c:/program files (x86)/cypress/psoc creator/3.0/psoc creator/import/gnu_cs/arm/4.7.3/bin/../lib/gcc/arm-none-eabi/4.7.3/armv7-m/crti.o
 .ARM.attributes
                0x0000001d       0x2d c:/program files (x86)/cypress/psoc creator/3.0/psoc creator/import/gnu_cs/arm/4.7.3/bin/../lib/gcc/arm-none-eabi/4.7.3/armv7-m/crtbegin.o
 .ARM.attributes
                0x0000004a       0x1b c:/program files (x86)/cypress/psoc creator/3.0/psoc creator/import/gnu_cs/arm/4.7.3/bin/../lib/gcc/arm-none-eabi/4.7.3/../../../../arm-none-eabi/lib/armv7-m/crt0.o
 .ARM.attributes
                0x00000065       0x33 .\CortexM3\ARM_GCC_473\Debug\main.o
 .ARM.attributes
                0x00000098       0x33 .\CortexM3\ARM_GCC_473\Debug\mem1.o
 .ARM.attributes
                0x000000cb       0x33 .\CortexM3\ARM_GCC_473\Debug\cybootloader.o
 .ARM.attributes
                0x000000fe       0x33 .\CortexM3\ARM_GCC_473\Debug\cymetadata.o
 .ARM.attributes
                0x00000131       0x33 .\CortexM3\ARM_GCC_473\Debug\Cm3Start.o
 .ARM.attributes
                0x00000164       0x33 .\CortexM3\ARM_GCC_473\Debug\Wavedac_test.a(cyfitter_cfg.o)
 .ARM.attributes
                0x00000197       0x33 .\CortexM3\ARM_GCC_473\Debug\Wavedac_test.a(WaveDAC8_1.o)
 .ARM.attributes
                0x000001ca       0x33 .\CortexM3\ARM_GCC_473\Debug\Wavedac_test.a(WaveDAC8_1_PM.o)
 .ARM.attributes
                0x000001fd       0x33 .\CortexM3\ARM_GCC_473\Debug\Wavedac_test.a(WaveDAC_clk.o)
 .ARM.attributes
                0x00000230       0x33 .\CortexM3\ARM_GCC_473\Debug\Wavedac_test.a(TFTSHIELD_1.o)
 .ARM.attributes
                0x00000263       0x33 .\CortexM3\ARM_GCC_473\Debug\Wavedac_test.a(SPIS_1.o)
 .ARM.attributes
                0x00000296       0x33 .\CortexM3\ARM_GCC_473\Debug\Wavedac_test.a(Clock_1.o)
 .ARM.attributes
                0x000002c9       0x33 .\CortexM3\ARM_GCC_473\Debug\Wavedac_test.a(WaveDAC8_1_Wave1_DMA_dma.o)
 .ARM.attributes
                0x000002fc       0x33 .\CortexM3\ARM_GCC_473\Debug\Wavedac_test.a(WaveDAC8_1_Wave2_DMA_dma.o)
 .ARM.attributes
                0x0000032f       0x33 .\CortexM3\ARM_GCC_473\Debug\Wavedac_test.a(WaveDAC8_1_VDAC8.o)
 .ARM.attributes
                0x00000362       0x33 .\CortexM3\ARM_GCC_473\Debug\Wavedac_test.a(WaveDAC8_1_VDAC8_PM.o)
 .ARM.attributes
                0x00000395       0x33 .\CortexM3\ARM_GCC_473\Debug\Wavedac_test.a(WaveDAC8_1_BuffAmp.o)
 .ARM.attributes
                0x000003c8       0x33 .\CortexM3\ARM_GCC_473\Debug\Wavedac_test.a(TFTSHIELD_1_SPIM_1.o)
 .ARM.attributes
                0x000003fb       0x33 .\CortexM3\ARM_GCC_473\Debug\Wavedac_test.a(TFTSHIELD_1_SPIM_1_INT.o)
 .ARM.attributes
                0x0000042e       0x33 .\CortexM3\ARM_GCC_473\Debug\Wavedac_test.a(TFTSHIELD_1_CR_1.o)
 .ARM.attributes
                0x00000461       0x21 .\CortexM3\ARM_GCC_473\Debug\Wavedac_test.a(CyBootAsmGnu.o)
 .ARM.attributes
                0x00000482       0x33 .\CortexM3\ARM_GCC_473\Debug\Wavedac_test.a(CyDmac.o)
 .ARM.attributes
                0x000004b5       0x33 .\CortexM3\ARM_GCC_473\Debug\Wavedac_test.a(CyLib.o)
 .ARM.attributes
                0x000004e8       0x33 .\CortexM3\ARM_GCC_473\Debug\Wavedac_test.a(cyPm.o)
 .ARM.attributes
                0x0000051b       0x33 .\CortexM3\ARM_GCC_473\Debug\Wavedac_test.a(CyFlash.o)
 .ARM.attributes
                0x0000054e       0x33 .\CortexM3\ARM_GCC_473\Debug\Wavedac_test.a(CySpc.o)
 .ARM.attributes
                0x00000581       0x1d c:/program files (x86)/cypress/psoc creator/3.0/psoc creator/import/gnu_cs/arm/4.7.3/bin/../lib/gcc/arm-none-eabi/4.7.3/armv7-m\libgcc.a(_arm_addsubdf3.o)
 .ARM.attributes
                0x0000059e       0x1d c:/program files (x86)/cypress/psoc creator/3.0/psoc creator/import/gnu_cs/arm/4.7.3/bin/../lib/gcc/arm-none-eabi/4.7.3/armv7-m\libgcc.a(_arm_muldivdf3.o)
 .ARM.attributes
                0x000005bb       0x1d c:/program files (x86)/cypress/psoc creator/3.0/psoc creator/import/gnu_cs/arm/4.7.3/bin/../lib/gcc/arm-none-eabi/4.7.3/armv7-m\libgcc.a(_arm_cmpdf2.o)
 .ARM.attributes
                0x000005d8       0x1d c:/program files (x86)/cypress/psoc creator/3.0/psoc creator/import/gnu_cs/arm/4.7.3/bin/../lib/gcc/arm-none-eabi/4.7.3/armv7-m\libgcc.a(_arm_fixunsdfsi.o)
 .ARM.attributes
                0x000005f5       0x1d c:/program files (x86)/cypress/psoc creator/3.0/psoc creator/import/gnu_cs/arm/4.7.3/bin/../lib/gcc/arm-none-eabi/4.7.3/armv7-m\libgcc.a(_arm_addsubsf3.o)
 .ARM.attributes
                0x00000612       0x1d c:/program files (x86)/cypress/psoc creator/3.0/psoc creator/import/gnu_cs/arm/4.7.3/bin/../lib/gcc/arm-none-eabi/4.7.3/armv7-m\libgcc.a(_arm_muldivsf3.o)
 .ARM.attributes
                0x0000062f       0x1d c:/program files (x86)/cypress/psoc creator/3.0/psoc creator/import/gnu_cs/arm/4.7.3/bin/../lib/gcc/arm-none-eabi/4.7.3/armv7-m\libgcc.a(_arm_fixsfsi.o)
 .ARM.attributes
                0x0000064c       0x2d c:/program files (x86)/cypress/psoc creator/3.0/psoc creator/import/gnu_cs/arm/4.7.3/bin/../lib/gcc/arm-none-eabi/4.7.3/../../../../arm-none-eabi/lib/armv7-m\libc_s.a(lib_a-__atexit2.o)
 .ARM.attributes
                0x00000679       0x2d c:/program files (x86)/cypress/psoc creator/3.0/psoc creator/import/gnu_cs/arm/4.7.3/bin/../lib/gcc/arm-none-eabi/4.7.3/../../../../arm-none-eabi/lib/armv7-m\libc_s.a(lib_a-exit.o)
 .ARM.attributes
                0x000006a6       0x2d c:/program files (x86)/cypress/psoc creator/3.0/psoc creator/import/gnu_cs/arm/4.7.3/bin/../lib/gcc/arm-none-eabi/4.7.3/../../../../arm-none-eabi/lib/armv7-m\libc_s.a(lib_a-fini.o)
 .ARM.attributes
                0x000006d3       0x2d c:/program files (x86)/cypress/psoc creator/3.0/psoc creator/import/gnu_cs/arm/4.7.3/bin/../lib/gcc/arm-none-eabi/4.7.3/../../../../arm-none-eabi/lib/armv7-m\libc_s.a(lib_a-impure.o)
 .ARM.attributes
                0x00000700       0x2d c:/program files (x86)/cypress/psoc creator/3.0/psoc creator/import/gnu_cs/arm/4.7.3/bin/../lib/gcc/arm-none-eabi/4.7.3/../../../../arm-none-eabi/lib/armv7-m\libc_s.a(lib_a-init.o)
 .ARM.attributes
                0x0000072d       0x2d c:/program files (x86)/cypress/psoc creator/3.0/psoc creator/import/gnu_cs/arm/4.7.3/bin/../lib/gcc/arm-none-eabi/4.7.3/../../../../arm-none-eabi/lib/armv7-m\libc_s.a(lib_a-memcpy.o)
 .ARM.attributes
                0x0000075a       0x2d c:/program files (x86)/cypress/psoc creator/3.0/psoc creator/import/gnu_cs/arm/4.7.3/bin/../lib/gcc/arm-none-eabi/4.7.3/../../../../arm-none-eabi/lib/armv7-m\libc_s.a(lib_a-memset.o)
 .ARM.attributes
                0x00000787       0x2d c:/program files (x86)/cypress/psoc creator/3.0/psoc creator/import/gnu_cs/arm/4.7.3/bin/../lib/gcc/arm-none-eabi/4.7.3/../../../../arm-none-eabi/lib/armv7-m\libc_s.a(lib_a-sprintf.o)
 .ARM.attributes
                0x000007b4       0x2d c:/program files (x86)/cypress/psoc creator/3.0/psoc creator/import/gnu_cs/arm/4.7.3/bin/../lib/gcc/arm-none-eabi/4.7.3/../../../../arm-none-eabi/lib/armv7-m\libc_s.a(lib_a-strcpy.o)
 .ARM.attributes
                0x000007e1       0x2d c:/program files (x86)/cypress/psoc creator/3.0/psoc creator/import/gnu_cs/arm/4.7.3/bin/../lib/gcc/arm-none-eabi/4.7.3/../../../../arm-none-eabi/lib/armv7-m\libc_s.a(lib_a-strlen.o)
 .ARM.attributes
                0x0000080e       0x2d c:/program files (x86)/cypress/psoc creator/3.0/psoc creator/import/gnu_cs/arm/4.7.3/bin/../lib/gcc/arm-none-eabi/4.7.3/../../../../arm-none-eabi/lib/armv7-m\libc_s.a(lib_a-strtok.o)
 .ARM.attributes
                0x0000083b       0x2d c:/program files (x86)/cypress/psoc creator/3.0/psoc creator/import/gnu_cs/arm/4.7.3/bin/../lib/gcc/arm-none-eabi/4.7.3/../../../../arm-none-eabi/lib/armv7-m\libc_s.a(lib_a-strtok_r.o)
 .ARM.attributes
                0x00000868       0x2d c:/program files (x86)/cypress/psoc creator/3.0/psoc creator/import/gnu_cs/arm/4.7.3/bin/../lib/gcc/arm-none-eabi/4.7.3/../../../../arm-none-eabi/lib/armv7-m\libc_s.a(lib_a-svfprintf.o)
 .ARM.attributes
                0x00000895       0x2d c:/program files (x86)/cypress/psoc creator/3.0/psoc creator/import/gnu_cs/arm/4.7.3/bin/../lib/gcc/arm-none-eabi/4.7.3/../../../../arm-none-eabi/lib/armv7-m\libc_s.a(lib_a-vfprintf_i.o)
 .ARM.attributes
                0x000008c2       0x2d c:/program files (x86)/cypress/psoc creator/3.0/psoc creator/import/gnu_cs/arm/4.7.3/bin/../lib/gcc/arm-none-eabi/4.7.3/../../../../arm-none-eabi/lib/armv7-m\libc_s.a(lib_a-freer.o)
 .ARM.attributes
                0x000008ef       0x2d c:/program files (x86)/cypress/psoc creator/3.0/psoc creator/import/gnu_cs/arm/4.7.3/bin/../lib/gcc/arm-none-eabi/4.7.3/../../../../arm-none-eabi/lib/armv7-m\libc_s.a(lib_a-malloc.o)
 .ARM.attributes
                0x0000091c       0x2d c:/program files (x86)/cypress/psoc creator/3.0/psoc creator/import/gnu_cs/arm/4.7.3/bin/../lib/gcc/arm-none-eabi/4.7.3/../../../../arm-none-eabi/lib/armv7-m\libc_s.a(lib_a-mallocr.o)
 .ARM.attributes
                0x00000949       0x2d c:/program files (x86)/cypress/psoc creator/3.0/psoc creator/import/gnu_cs/arm/4.7.3/bin/../lib/gcc/arm-none-eabi/4.7.3/../../../../arm-none-eabi/lib/armv7-m\libc_s.a(lib_a-memchr.o)
 .ARM.attributes
                0x00000976       0x2d c:/program files (x86)/cypress/psoc creator/3.0/psoc creator/import/gnu_cs/arm/4.7.3/bin/../lib/gcc/arm-none-eabi/4.7.3/../../../../arm-none-eabi/lib/armv7-m\libc_s.a(lib_a-memmove.o)
 .ARM.attributes
                0x000009a3       0x2d c:/program files (x86)/cypress/psoc creator/3.0/psoc creator/import/gnu_cs/arm/4.7.3/bin/../lib/gcc/arm-none-eabi/4.7.3/../../../../arm-none-eabi/lib/armv7-m\libc_s.a(lib_a-reallocr.o)
 .ARM.attributes
                0x000009d0       0x2d c:/program files (x86)/cypress/psoc creator/3.0/psoc creator/import/gnu_cs/arm/4.7.3/bin/../lib/gcc/arm-none-eabi/4.7.3/../../../../arm-none-eabi/lib/armv7-m\libc_s.a(lib_a-sbrkr.o)
 .ARM.attributes
                0x000009fd       0x2d c:/program files (x86)/cypress/psoc creator/3.0/psoc creator/import/gnu_cs/arm/4.7.3/bin/../lib/gcc/arm-none-eabi/4.7.3/../../../../arm-none-eabi/lib/armv7-m\libc_s.a(lib_a-msizer.o)
 .ARM.attributes
                0x00000a2a       0x2d c:/program files (x86)/cypress/psoc creator/3.0/psoc creator/import/gnu_cs/arm/4.7.3/bin/../lib/gcc/arm-none-eabi/4.7.3/../../../../arm-none-eabi/lib/armv7-m\libc_s.a(lib_a-reent.o)
 .ARM.attributes
                0x00000a57       0x2d c:/program files (x86)/cypress/psoc creator/3.0/psoc creator/import/gnu_cs/arm/4.7.3/bin/../lib/gcc/arm-none-eabi/4.7.3/armv7-m/crtend.o
 .ARM.attributes
                0x00000a84       0x1d c:/program files (x86)/cypress/psoc creator/3.0/psoc creator/import/gnu_cs/arm/4.7.3/bin/../lib/gcc/arm-none-eabi/4.7.3/armv7-m/crtn.o
 .ARM.attributes
                0x00000aa1       0x2d c:/program files (x86)/cypress/psoc creator/3.0/psoc creator/import/gnu_cs/arm/4.7.3/bin/../lib/gcc/arm-none-eabi/4.7.3/../../../../arm-none-eabi/lib/armv7-m\libnosys.a(sbrk.o)

/DISCARD/
 *(.note.GNU-stack)
OUTPUT(.\CortexM3\ARM_GCC_473\Debug\Wavedac_test.elf elf32-littlearm)
