ARM GAS  C:\Users\Brian\AppData\Local\Temp\ccSxbSns.s 			page 1


   1              		.syntax unified
   2              		.cpu cortex-m3
   3              		.fpu softvfp
   4              		.eabi_attribute 20, 1
   5              		.eabi_attribute 21, 1
   6              		.eabi_attribute 23, 3
   7              		.eabi_attribute 24, 1
   8              		.eabi_attribute 25, 1
   9              		.eabi_attribute 26, 1
  10              		.eabi_attribute 30, 6
  11              		.eabi_attribute 34, 1
  12              		.eabi_attribute 18, 4
  13              		.thumb
  14              		.file	"ADC_SAR_Seq_1_PM.c"
  15              		.text
  16              	.Ltext0:
  17              		.cfi_sections	.debug_frame
  18              		.section	.text.ADC_SAR_Seq_1_Sleep,"ax",%progbits
  19              		.align	2
  20              		.global	ADC_SAR_Seq_1_Sleep
  21              		.thumb
  22              		.thumb_func
  23              		.type	ADC_SAR_Seq_1_Sleep, %function
  24              	ADC_SAR_Seq_1_Sleep:
  25              	.LFB0:
  26              		.file 1 ".\\Generated_Source\\PSoC5\\ADC_SAR_Seq_1_PM.c"
   1:.\Generated_Source\PSoC5/ADC_SAR_Seq_1_PM.c **** /*******************************************************************************
   2:.\Generated_Source\PSoC5/ADC_SAR_Seq_1_PM.c **** * File Name: ADC_SAR_Seq_1_PM.c
   3:.\Generated_Source\PSoC5/ADC_SAR_Seq_1_PM.c **** * Version 1.10
   4:.\Generated_Source\PSoC5/ADC_SAR_Seq_1_PM.c **** *
   5:.\Generated_Source\PSoC5/ADC_SAR_Seq_1_PM.c **** * Description:
   6:.\Generated_Source\PSoC5/ADC_SAR_Seq_1_PM.c **** *  This file contains the setup, control and status commands to support
   7:.\Generated_Source\PSoC5/ADC_SAR_Seq_1_PM.c **** *  component operations in low power mode.
   8:.\Generated_Source\PSoC5/ADC_SAR_Seq_1_PM.c **** *
   9:.\Generated_Source\PSoC5/ADC_SAR_Seq_1_PM.c **** * Note:
  10:.\Generated_Source\PSoC5/ADC_SAR_Seq_1_PM.c **** *
  11:.\Generated_Source\PSoC5/ADC_SAR_Seq_1_PM.c **** ********************************************************************************
  12:.\Generated_Source\PSoC5/ADC_SAR_Seq_1_PM.c **** * Copyright 2012-2013, Cypress Semiconductor Corporation.  All rights reserved.
  13:.\Generated_Source\PSoC5/ADC_SAR_Seq_1_PM.c **** * You may use this file only in accordance with the license, terms, conditions,
  14:.\Generated_Source\PSoC5/ADC_SAR_Seq_1_PM.c **** * disclaimers, and limitations in the end user license agreement accompanying
  15:.\Generated_Source\PSoC5/ADC_SAR_Seq_1_PM.c **** * the software package with which this file was provided.
  16:.\Generated_Source\PSoC5/ADC_SAR_Seq_1_PM.c **** *******************************************************************************/
  17:.\Generated_Source\PSoC5/ADC_SAR_Seq_1_PM.c **** 
  18:.\Generated_Source\PSoC5/ADC_SAR_Seq_1_PM.c **** #include "ADC_SAR_Seq_1.h"
  19:.\Generated_Source\PSoC5/ADC_SAR_Seq_1_PM.c **** #include "ADC_SAR_Seq_1_SAR.h"
  20:.\Generated_Source\PSoC5/ADC_SAR_Seq_1_PM.c **** 
  21:.\Generated_Source\PSoC5/ADC_SAR_Seq_1_PM.c **** 
  22:.\Generated_Source\PSoC5/ADC_SAR_Seq_1_PM.c **** /*******************************************************************************
  23:.\Generated_Source\PSoC5/ADC_SAR_Seq_1_PM.c **** * Function Name: ADC_SAR_Seq_1_Sleep
  24:.\Generated_Source\PSoC5/ADC_SAR_Seq_1_PM.c **** ********************************************************************************
  25:.\Generated_Source\PSoC5/ADC_SAR_Seq_1_PM.c **** *
  26:.\Generated_Source\PSoC5/ADC_SAR_Seq_1_PM.c **** * Summary:
  27:.\Generated_Source\PSoC5/ADC_SAR_Seq_1_PM.c **** *  Stops the ADC operation and saves the configuration registers and component
  28:.\Generated_Source\PSoC5/ADC_SAR_Seq_1_PM.c **** *  enable state. Should be called just prior to entering sleep
  29:.\Generated_Source\PSoC5/ADC_SAR_Seq_1_PM.c **** *
  30:.\Generated_Source\PSoC5/ADC_SAR_Seq_1_PM.c **** * Parameters:
  31:.\Generated_Source\PSoC5/ADC_SAR_Seq_1_PM.c **** *  None.
ARM GAS  C:\Users\Brian\AppData\Local\Temp\ccSxbSns.s 			page 2


  32:.\Generated_Source\PSoC5/ADC_SAR_Seq_1_PM.c **** *
  33:.\Generated_Source\PSoC5/ADC_SAR_Seq_1_PM.c **** * Return:
  34:.\Generated_Source\PSoC5/ADC_SAR_Seq_1_PM.c **** *  None.
  35:.\Generated_Source\PSoC5/ADC_SAR_Seq_1_PM.c **** *
  36:.\Generated_Source\PSoC5/ADC_SAR_Seq_1_PM.c **** * Side Effects:
  37:.\Generated_Source\PSoC5/ADC_SAR_Seq_1_PM.c **** *  None.
  38:.\Generated_Source\PSoC5/ADC_SAR_Seq_1_PM.c **** *
  39:.\Generated_Source\PSoC5/ADC_SAR_Seq_1_PM.c **** * Reentrant:
  40:.\Generated_Source\PSoC5/ADC_SAR_Seq_1_PM.c **** *  No.
  41:.\Generated_Source\PSoC5/ADC_SAR_Seq_1_PM.c **** *
  42:.\Generated_Source\PSoC5/ADC_SAR_Seq_1_PM.c **** *******************************************************************************/
  43:.\Generated_Source\PSoC5/ADC_SAR_Seq_1_PM.c **** void ADC_SAR_Seq_1_Sleep(void)
  44:.\Generated_Source\PSoC5/ADC_SAR_Seq_1_PM.c **** {
  27              		.loc 1 44 0
  28              		.cfi_startproc
  29              		@ args = 0, pretend = 0, frame = 0
  30              		@ frame_needed = 1, uses_anonymous_args = 0
  31 0000 80B5     		push	{r7, lr}
  32              	.LCFI0:
  33              		.cfi_def_cfa_offset 8
  34              		.cfi_offset 7, -8
  35              		.cfi_offset 14, -4
  36 0002 00AF     		add	r7, sp, #0
  37              	.LCFI1:
  38              		.cfi_def_cfa_register 7
  45:.\Generated_Source\PSoC5/ADC_SAR_Seq_1_PM.c ****     ADC_SAR_Seq_1_SAR_Sleep();
  39              		.loc 1 45 0
  40 0004 FFF7FEFF 		bl	ADC_SAR_Seq_1_SAR_Sleep
  46:.\Generated_Source\PSoC5/ADC_SAR_Seq_1_PM.c ****     ADC_SAR_Seq_1_Disable();
  41              		.loc 1 46 0
  42 0008 FFF7FEFF 		bl	ADC_SAR_Seq_1_Disable
  47:.\Generated_Source\PSoC5/ADC_SAR_Seq_1_PM.c **** }
  43              		.loc 1 47 0
  44 000c 80BD     		pop	{r7, pc}
  45              		.cfi_endproc
  46              	.LFE0:
  47              		.size	ADC_SAR_Seq_1_Sleep, .-ADC_SAR_Seq_1_Sleep
  48 000e 00BF     		.section	.text.ADC_SAR_Seq_1_Wakeup,"ax",%progbits
  49              		.align	2
  50              		.global	ADC_SAR_Seq_1_Wakeup
  51              		.thumb
  52              		.thumb_func
  53              		.type	ADC_SAR_Seq_1_Wakeup, %function
  54              	ADC_SAR_Seq_1_Wakeup:
  55              	.LFB1:
  48:.\Generated_Source\PSoC5/ADC_SAR_Seq_1_PM.c **** 
  49:.\Generated_Source\PSoC5/ADC_SAR_Seq_1_PM.c **** 
  50:.\Generated_Source\PSoC5/ADC_SAR_Seq_1_PM.c **** /*******************************************************************************
  51:.\Generated_Source\PSoC5/ADC_SAR_Seq_1_PM.c **** * Function Name: ADC_SAR_Seq_1_Wakeup
  52:.\Generated_Source\PSoC5/ADC_SAR_Seq_1_PM.c **** ********************************************************************************
  53:.\Generated_Source\PSoC5/ADC_SAR_Seq_1_PM.c **** *
  54:.\Generated_Source\PSoC5/ADC_SAR_Seq_1_PM.c **** * Summary:
  55:.\Generated_Source\PSoC5/ADC_SAR_Seq_1_PM.c **** *  Restores the component enable state and configuration registers. This should
  56:.\Generated_Source\PSoC5/ADC_SAR_Seq_1_PM.c **** *  be called just after awaking from sleep mode
  57:.\Generated_Source\PSoC5/ADC_SAR_Seq_1_PM.c **** *
  58:.\Generated_Source\PSoC5/ADC_SAR_Seq_1_PM.c **** * Parameters:
  59:.\Generated_Source\PSoC5/ADC_SAR_Seq_1_PM.c **** *  None.
ARM GAS  C:\Users\Brian\AppData\Local\Temp\ccSxbSns.s 			page 3


  60:.\Generated_Source\PSoC5/ADC_SAR_Seq_1_PM.c **** *
  61:.\Generated_Source\PSoC5/ADC_SAR_Seq_1_PM.c **** * Return:
  62:.\Generated_Source\PSoC5/ADC_SAR_Seq_1_PM.c **** *  None.
  63:.\Generated_Source\PSoC5/ADC_SAR_Seq_1_PM.c **** *
  64:.\Generated_Source\PSoC5/ADC_SAR_Seq_1_PM.c **** * Side Effects:
  65:.\Generated_Source\PSoC5/ADC_SAR_Seq_1_PM.c **** *  None.
  66:.\Generated_Source\PSoC5/ADC_SAR_Seq_1_PM.c **** *
  67:.\Generated_Source\PSoC5/ADC_SAR_Seq_1_PM.c **** * Reentrant:
  68:.\Generated_Source\PSoC5/ADC_SAR_Seq_1_PM.c **** *  No.
  69:.\Generated_Source\PSoC5/ADC_SAR_Seq_1_PM.c **** *
  70:.\Generated_Source\PSoC5/ADC_SAR_Seq_1_PM.c **** *******************************************************************************/
  71:.\Generated_Source\PSoC5/ADC_SAR_Seq_1_PM.c **** void ADC_SAR_Seq_1_Wakeup(void)
  72:.\Generated_Source\PSoC5/ADC_SAR_Seq_1_PM.c **** {
  56              		.loc 1 72 0
  57              		.cfi_startproc
  58              		@ args = 0, pretend = 0, frame = 0
  59              		@ frame_needed = 1, uses_anonymous_args = 0
  60 0000 80B5     		push	{r7, lr}
  61              	.LCFI2:
  62              		.cfi_def_cfa_offset 8
  63              		.cfi_offset 7, -8
  64              		.cfi_offset 14, -4
  65 0002 00AF     		add	r7, sp, #0
  66              	.LCFI3:
  67              		.cfi_def_cfa_register 7
  73:.\Generated_Source\PSoC5/ADC_SAR_Seq_1_PM.c ****     ADC_SAR_Seq_1_Enable();
  68              		.loc 1 73 0
  69 0004 FFF7FEFF 		bl	ADC_SAR_Seq_1_Enable
  74:.\Generated_Source\PSoC5/ADC_SAR_Seq_1_PM.c ****     ADC_SAR_Seq_1_SAR_Wakeup();
  70              		.loc 1 74 0
  71 0008 FFF7FEFF 		bl	ADC_SAR_Seq_1_SAR_Wakeup
  75:.\Generated_Source\PSoC5/ADC_SAR_Seq_1_PM.c **** 
  76:.\Generated_Source\PSoC5/ADC_SAR_Seq_1_PM.c ****     #if(ADC_SAR_Seq_1_SAMPLE_MODE == ADC_SAR_Seq_1_SAMPLE_MODE_FREE_RUNNING)
  77:.\Generated_Source\PSoC5/ADC_SAR_Seq_1_PM.c ****         ADC_SAR_Seq_1_SAR_StartConvert();
  72              		.loc 1 77 0
  73 000c FFF7FEFF 		bl	ADC_SAR_Seq_1_SAR_StartConvert
  78:.\Generated_Source\PSoC5/ADC_SAR_Seq_1_PM.c ****     #endif /* (ADC_SAR_Seq_1_SAMPLE_MODE == ADC_SAR_Seq_1_SAMPLE_MODE_FREE_RUNNING) */
  79:.\Generated_Source\PSoC5/ADC_SAR_Seq_1_PM.c **** 
  80:.\Generated_Source\PSoC5/ADC_SAR_Seq_1_PM.c ****     (void) CY_GET_REG8(ADC_SAR_Seq_1_STATUS_PTR);
  74              		.loc 1 80 0
  75 0010 46F26443 		movw	r3, #25700
  76 0014 C4F20003 		movt	r3, 16384
  77 0018 1B78     		ldrb	r3, [r3, #0]
  81:.\Generated_Source\PSoC5/ADC_SAR_Seq_1_PM.c **** 
  82:.\Generated_Source\PSoC5/ADC_SAR_Seq_1_PM.c **** }
  78              		.loc 1 82 0
  79 001a 80BD     		pop	{r7, pc}
  80              		.cfi_endproc
  81              	.LFE1:
  82              		.size	ADC_SAR_Seq_1_Wakeup, .-ADC_SAR_Seq_1_Wakeup
  83              		.section	.text.ADC_SAR_Seq_1_SaveConfig,"ax",%progbits
  84              		.align	2
  85              		.global	ADC_SAR_Seq_1_SaveConfig
  86              		.thumb
  87              		.thumb_func
  88              		.type	ADC_SAR_Seq_1_SaveConfig, %function
  89              	ADC_SAR_Seq_1_SaveConfig:
ARM GAS  C:\Users\Brian\AppData\Local\Temp\ccSxbSns.s 			page 4


  90              	.LFB2:
  83:.\Generated_Source\PSoC5/ADC_SAR_Seq_1_PM.c **** 
  84:.\Generated_Source\PSoC5/ADC_SAR_Seq_1_PM.c **** 
  85:.\Generated_Source\PSoC5/ADC_SAR_Seq_1_PM.c **** /*******************************************************************************
  86:.\Generated_Source\PSoC5/ADC_SAR_Seq_1_PM.c **** * Function Name: ADC_SAR_Seq_1_SaveConfig
  87:.\Generated_Source\PSoC5/ADC_SAR_Seq_1_PM.c **** ********************************************************************************
  88:.\Generated_Source\PSoC5/ADC_SAR_Seq_1_PM.c **** *
  89:.\Generated_Source\PSoC5/ADC_SAR_Seq_1_PM.c **** * Summary:
  90:.\Generated_Source\PSoC5/ADC_SAR_Seq_1_PM.c **** *  Save the current configuration of ADC non-retention registers
  91:.\Generated_Source\PSoC5/ADC_SAR_Seq_1_PM.c **** *
  92:.\Generated_Source\PSoC5/ADC_SAR_Seq_1_PM.c **** * Parameters:
  93:.\Generated_Source\PSoC5/ADC_SAR_Seq_1_PM.c **** *  None.
  94:.\Generated_Source\PSoC5/ADC_SAR_Seq_1_PM.c **** *
  95:.\Generated_Source\PSoC5/ADC_SAR_Seq_1_PM.c **** * Return:
  96:.\Generated_Source\PSoC5/ADC_SAR_Seq_1_PM.c **** *  None.
  97:.\Generated_Source\PSoC5/ADC_SAR_Seq_1_PM.c **** *
  98:.\Generated_Source\PSoC5/ADC_SAR_Seq_1_PM.c **** * Side Effects:
  99:.\Generated_Source\PSoC5/ADC_SAR_Seq_1_PM.c **** *  None.
 100:.\Generated_Source\PSoC5/ADC_SAR_Seq_1_PM.c **** *
 101:.\Generated_Source\PSoC5/ADC_SAR_Seq_1_PM.c **** * Reentrant:
 102:.\Generated_Source\PSoC5/ADC_SAR_Seq_1_PM.c **** *  No.
 103:.\Generated_Source\PSoC5/ADC_SAR_Seq_1_PM.c **** *
 104:.\Generated_Source\PSoC5/ADC_SAR_Seq_1_PM.c **** *******************************************************************************/
 105:.\Generated_Source\PSoC5/ADC_SAR_Seq_1_PM.c **** void ADC_SAR_Seq_1_SaveConfig(void)
 106:.\Generated_Source\PSoC5/ADC_SAR_Seq_1_PM.c **** {
  91              		.loc 1 106 0
  92              		.cfi_startproc
  93              		@ args = 0, pretend = 0, frame = 0
  94              		@ frame_needed = 1, uses_anonymous_args = 0
  95              		@ link register save eliminated.
  96 0000 80B4     		push	{r7}
  97              	.LCFI4:
  98              		.cfi_def_cfa_offset 4
  99              		.cfi_offset 7, -4
 100 0002 00AF     		add	r7, sp, #0
 101              	.LCFI5:
 102              		.cfi_def_cfa_register 7
 107:.\Generated_Source\PSoC5/ADC_SAR_Seq_1_PM.c **** 
 108:.\Generated_Source\PSoC5/ADC_SAR_Seq_1_PM.c **** }
 103              		.loc 1 108 0
 104 0004 BD46     		mov	sp, r7
 105 0006 80BC     		pop	{r7}
 106 0008 7047     		bx	lr
 107              		.cfi_endproc
 108              	.LFE2:
 109              		.size	ADC_SAR_Seq_1_SaveConfig, .-ADC_SAR_Seq_1_SaveConfig
 110 000a 00BF     		.section	.text.ADC_SAR_Seq_1_RestoreConfig,"ax",%progbits
 111              		.align	2
 112              		.global	ADC_SAR_Seq_1_RestoreConfig
 113              		.thumb
 114              		.thumb_func
 115              		.type	ADC_SAR_Seq_1_RestoreConfig, %function
 116              	ADC_SAR_Seq_1_RestoreConfig:
 117              	.LFB3:
 109:.\Generated_Source\PSoC5/ADC_SAR_Seq_1_PM.c **** 
 110:.\Generated_Source\PSoC5/ADC_SAR_Seq_1_PM.c **** 
 111:.\Generated_Source\PSoC5/ADC_SAR_Seq_1_PM.c **** /*******************************************************************************
ARM GAS  C:\Users\Brian\AppData\Local\Temp\ccSxbSns.s 			page 5


 112:.\Generated_Source\PSoC5/ADC_SAR_Seq_1_PM.c **** * Function Name: ADC_SAR_Seq_1_RestoreConfig
 113:.\Generated_Source\PSoC5/ADC_SAR_Seq_1_PM.c **** ********************************************************************************
 114:.\Generated_Source\PSoC5/ADC_SAR_Seq_1_PM.c **** *
 115:.\Generated_Source\PSoC5/ADC_SAR_Seq_1_PM.c **** * Summary:
 116:.\Generated_Source\PSoC5/ADC_SAR_Seq_1_PM.c **** *  Restores the configuration of ADC non-retention registers
 117:.\Generated_Source\PSoC5/ADC_SAR_Seq_1_PM.c **** *
 118:.\Generated_Source\PSoC5/ADC_SAR_Seq_1_PM.c **** * Parameters:
 119:.\Generated_Source\PSoC5/ADC_SAR_Seq_1_PM.c **** *  None.
 120:.\Generated_Source\PSoC5/ADC_SAR_Seq_1_PM.c **** *
 121:.\Generated_Source\PSoC5/ADC_SAR_Seq_1_PM.c **** * Return:
 122:.\Generated_Source\PSoC5/ADC_SAR_Seq_1_PM.c **** *  None.
 123:.\Generated_Source\PSoC5/ADC_SAR_Seq_1_PM.c **** *
 124:.\Generated_Source\PSoC5/ADC_SAR_Seq_1_PM.c **** * Side Effects:
 125:.\Generated_Source\PSoC5/ADC_SAR_Seq_1_PM.c **** *  None.
 126:.\Generated_Source\PSoC5/ADC_SAR_Seq_1_PM.c **** *
 127:.\Generated_Source\PSoC5/ADC_SAR_Seq_1_PM.c **** * Reentrant:
 128:.\Generated_Source\PSoC5/ADC_SAR_Seq_1_PM.c **** *  No.
 129:.\Generated_Source\PSoC5/ADC_SAR_Seq_1_PM.c **** *
 130:.\Generated_Source\PSoC5/ADC_SAR_Seq_1_PM.c **** *******************************************************************************/
 131:.\Generated_Source\PSoC5/ADC_SAR_Seq_1_PM.c **** void ADC_SAR_Seq_1_RestoreConfig(void)
 132:.\Generated_Source\PSoC5/ADC_SAR_Seq_1_PM.c **** {
 118              		.loc 1 132 0
 119              		.cfi_startproc
 120              		@ args = 0, pretend = 0, frame = 0
 121              		@ frame_needed = 1, uses_anonymous_args = 0
 122              		@ link register save eliminated.
 123 0000 80B4     		push	{r7}
 124              	.LCFI6:
 125              		.cfi_def_cfa_offset 4
 126              		.cfi_offset 7, -4
 127 0002 00AF     		add	r7, sp, #0
 128              	.LCFI7:
 129              		.cfi_def_cfa_register 7
 133:.\Generated_Source\PSoC5/ADC_SAR_Seq_1_PM.c **** 
 134:.\Generated_Source\PSoC5/ADC_SAR_Seq_1_PM.c **** }
 130              		.loc 1 134 0
 131 0004 BD46     		mov	sp, r7
 132 0006 80BC     		pop	{r7}
 133 0008 7047     		bx	lr
 134              		.cfi_endproc
 135              	.LFE3:
 136              		.size	ADC_SAR_Seq_1_RestoreConfig, .-ADC_SAR_Seq_1_RestoreConfig
 137 000a 00BF     		.text
 138              	.Letext0:
 139              		.file 2 ".\\Generated_Source\\PSoC5\\cytypes.h"
 140              		.section	.debug_info,"",%progbits
 141              	.Ldebug_info0:
 142 0000 FB000000 		.4byte	0xfb
 143 0004 0200     		.2byte	0x2
 144 0006 00000000 		.4byte	.Ldebug_abbrev0
 145 000a 04       		.byte	0x4
 146 000b 01       		.uleb128 0x1
 147 000c 1B000000 		.4byte	.LASF19
 148 0010 01       		.byte	0x1
 149 0011 11010000 		.4byte	.LASF20
 150 0015 93000000 		.4byte	.LASF21
 151 0019 00000000 		.4byte	.Ldebug_ranges0+0
ARM GAS  C:\Users\Brian\AppData\Local\Temp\ccSxbSns.s 			page 6


 152 001d 00000000 		.4byte	0
 153 0021 00000000 		.4byte	0
 154 0025 00000000 		.4byte	.Ldebug_line0
 155 0029 02       		.uleb128 0x2
 156 002a 01       		.byte	0x1
 157 002b 06       		.byte	0x6
 158 002c 57010000 		.4byte	.LASF0
 159 0030 02       		.uleb128 0x2
 160 0031 01       		.byte	0x1
 161 0032 08       		.byte	0x8
 162 0033 F5000000 		.4byte	.LASF1
 163 0037 02       		.uleb128 0x2
 164 0038 02       		.byte	0x2
 165 0039 05       		.byte	0x5
 166 003a 97010000 		.4byte	.LASF2
 167 003e 02       		.uleb128 0x2
 168 003f 02       		.byte	0x2
 169 0040 07       		.byte	0x7
 170 0041 44010000 		.4byte	.LASF3
 171 0045 02       		.uleb128 0x2
 172 0046 04       		.byte	0x4
 173 0047 05       		.byte	0x5
 174 0048 08010000 		.4byte	.LASF4
 175 004c 02       		.uleb128 0x2
 176 004d 04       		.byte	0x4
 177 004e 07       		.byte	0x7
 178 004f 6A000000 		.4byte	.LASF5
 179 0053 02       		.uleb128 0x2
 180 0054 08       		.byte	0x8
 181 0055 05       		.byte	0x5
 182 0056 00000000 		.4byte	.LASF6
 183 005a 02       		.uleb128 0x2
 184 005b 08       		.byte	0x8
 185 005c 07       		.byte	0x7
 186 005d 7C000000 		.4byte	.LASF7
 187 0061 03       		.uleb128 0x3
 188 0062 04       		.byte	0x4
 189 0063 05       		.byte	0x5
 190 0064 696E7400 		.ascii	"int\000"
 191 0068 02       		.uleb128 0x2
 192 0069 04       		.byte	0x4
 193 006a 07       		.byte	0x7
 194 006b 0E000000 		.4byte	.LASF8
 195 006f 04       		.uleb128 0x4
 196 0070 64000000 		.4byte	.LASF12
 197 0074 02       		.byte	0x2
 198 0075 5B       		.byte	0x5b
 199 0076 30000000 		.4byte	0x30
 200 007a 02       		.uleb128 0x2
 201 007b 04       		.byte	0x4
 202 007c 04       		.byte	0x4
 203 007d 7C010000 		.4byte	.LASF9
 204 0081 02       		.uleb128 0x2
 205 0082 08       		.byte	0x8
 206 0083 04       		.byte	0x4
 207 0084 3D010000 		.4byte	.LASF10
 208 0088 02       		.uleb128 0x2
ARM GAS  C:\Users\Brian\AppData\Local\Temp\ccSxbSns.s 			page 7


 209 0089 01       		.byte	0x1
 210 008a 08       		.byte	0x8
 211 008b 03010000 		.4byte	.LASF11
 212 008f 04       		.uleb128 0x4
 213 0090 A1010000 		.4byte	.LASF13
 214 0094 02       		.byte	0x2
 215 0095 F0       		.byte	0xf0
 216 0096 9A000000 		.4byte	0x9a
 217 009a 05       		.uleb128 0x5
 218 009b 6F000000 		.4byte	0x6f
 219 009f 02       		.uleb128 0x2
 220 00a0 04       		.byte	0x4
 221 00a1 07       		.byte	0x7
 222 00a2 A6010000 		.4byte	.LASF14
 223 00a6 06       		.uleb128 0x6
 224 00a7 01       		.byte	0x1
 225 00a8 E1000000 		.4byte	.LASF15
 226 00ac 01       		.byte	0x1
 227 00ad 2B       		.byte	0x2b
 228 00ae 01       		.byte	0x1
 229 00af 00000000 		.4byte	.LFB0
 230 00b3 0E000000 		.4byte	.LFE0
 231 00b7 00000000 		.4byte	.LLST0
 232 00bb 01       		.byte	0x1
 233 00bc 06       		.uleb128 0x6
 234 00bd 01       		.byte	0x1
 235 00be 82010000 		.4byte	.LASF16
 236 00c2 01       		.byte	0x1
 237 00c3 47       		.byte	0x47
 238 00c4 01       		.byte	0x1
 239 00c5 00000000 		.4byte	.LFB1
 240 00c9 1C000000 		.4byte	.LFE1
 241 00cd 2C000000 		.4byte	.LLST1
 242 00d1 01       		.byte	0x1
 243 00d2 07       		.uleb128 0x7
 244 00d3 01       		.byte	0x1
 245 00d4 63010000 		.4byte	.LASF17
 246 00d8 01       		.byte	0x1
 247 00d9 69       		.byte	0x69
 248 00da 01       		.byte	0x1
 249 00db 00000000 		.4byte	.LFB2
 250 00df 0A000000 		.4byte	.LFE2
 251 00e3 58000000 		.4byte	.LLST2
 252 00e7 01       		.byte	0x1
 253 00e8 07       		.uleb128 0x7
 254 00e9 01       		.byte	0x1
 255 00ea AF010000 		.4byte	.LASF18
 256 00ee 01       		.byte	0x1
 257 00ef 83       		.byte	0x83
 258 00f0 01       		.byte	0x1
 259 00f1 00000000 		.4byte	.LFB3
 260 00f5 0A000000 		.4byte	.LFE3
 261 00f9 84000000 		.4byte	.LLST3
 262 00fd 01       		.byte	0x1
 263 00fe 00       		.byte	0
 264              		.section	.debug_abbrev,"",%progbits
 265              	.Ldebug_abbrev0:
ARM GAS  C:\Users\Brian\AppData\Local\Temp\ccSxbSns.s 			page 8


 266 0000 01       		.uleb128 0x1
 267 0001 11       		.uleb128 0x11
 268 0002 01       		.byte	0x1
 269 0003 25       		.uleb128 0x25
 270 0004 0E       		.uleb128 0xe
 271 0005 13       		.uleb128 0x13
 272 0006 0B       		.uleb128 0xb
 273 0007 03       		.uleb128 0x3
 274 0008 0E       		.uleb128 0xe
 275 0009 1B       		.uleb128 0x1b
 276 000a 0E       		.uleb128 0xe
 277 000b 55       		.uleb128 0x55
 278 000c 06       		.uleb128 0x6
 279 000d 11       		.uleb128 0x11
 280 000e 01       		.uleb128 0x1
 281 000f 52       		.uleb128 0x52
 282 0010 01       		.uleb128 0x1
 283 0011 10       		.uleb128 0x10
 284 0012 06       		.uleb128 0x6
 285 0013 00       		.byte	0
 286 0014 00       		.byte	0
 287 0015 02       		.uleb128 0x2
 288 0016 24       		.uleb128 0x24
 289 0017 00       		.byte	0
 290 0018 0B       		.uleb128 0xb
 291 0019 0B       		.uleb128 0xb
 292 001a 3E       		.uleb128 0x3e
 293 001b 0B       		.uleb128 0xb
 294 001c 03       		.uleb128 0x3
 295 001d 0E       		.uleb128 0xe
 296 001e 00       		.byte	0
 297 001f 00       		.byte	0
 298 0020 03       		.uleb128 0x3
 299 0021 24       		.uleb128 0x24
 300 0022 00       		.byte	0
 301 0023 0B       		.uleb128 0xb
 302 0024 0B       		.uleb128 0xb
 303 0025 3E       		.uleb128 0x3e
 304 0026 0B       		.uleb128 0xb
 305 0027 03       		.uleb128 0x3
 306 0028 08       		.uleb128 0x8
 307 0029 00       		.byte	0
 308 002a 00       		.byte	0
 309 002b 04       		.uleb128 0x4
 310 002c 16       		.uleb128 0x16
 311 002d 00       		.byte	0
 312 002e 03       		.uleb128 0x3
 313 002f 0E       		.uleb128 0xe
 314 0030 3A       		.uleb128 0x3a
 315 0031 0B       		.uleb128 0xb
 316 0032 3B       		.uleb128 0x3b
 317 0033 0B       		.uleb128 0xb
 318 0034 49       		.uleb128 0x49
 319 0035 13       		.uleb128 0x13
 320 0036 00       		.byte	0
 321 0037 00       		.byte	0
 322 0038 05       		.uleb128 0x5
ARM GAS  C:\Users\Brian\AppData\Local\Temp\ccSxbSns.s 			page 9


 323 0039 35       		.uleb128 0x35
 324 003a 00       		.byte	0
 325 003b 49       		.uleb128 0x49
 326 003c 13       		.uleb128 0x13
 327 003d 00       		.byte	0
 328 003e 00       		.byte	0
 329 003f 06       		.uleb128 0x6
 330 0040 2E       		.uleb128 0x2e
 331 0041 00       		.byte	0
 332 0042 3F       		.uleb128 0x3f
 333 0043 0C       		.uleb128 0xc
 334 0044 03       		.uleb128 0x3
 335 0045 0E       		.uleb128 0xe
 336 0046 3A       		.uleb128 0x3a
 337 0047 0B       		.uleb128 0xb
 338 0048 3B       		.uleb128 0x3b
 339 0049 0B       		.uleb128 0xb
 340 004a 27       		.uleb128 0x27
 341 004b 0C       		.uleb128 0xc
 342 004c 11       		.uleb128 0x11
 343 004d 01       		.uleb128 0x1
 344 004e 12       		.uleb128 0x12
 345 004f 01       		.uleb128 0x1
 346 0050 40       		.uleb128 0x40
 347 0051 06       		.uleb128 0x6
 348 0052 9642     		.uleb128 0x2116
 349 0054 0C       		.uleb128 0xc
 350 0055 00       		.byte	0
 351 0056 00       		.byte	0
 352 0057 07       		.uleb128 0x7
 353 0058 2E       		.uleb128 0x2e
 354 0059 00       		.byte	0
 355 005a 3F       		.uleb128 0x3f
 356 005b 0C       		.uleb128 0xc
 357 005c 03       		.uleb128 0x3
 358 005d 0E       		.uleb128 0xe
 359 005e 3A       		.uleb128 0x3a
 360 005f 0B       		.uleb128 0xb
 361 0060 3B       		.uleb128 0x3b
 362 0061 0B       		.uleb128 0xb
 363 0062 27       		.uleb128 0x27
 364 0063 0C       		.uleb128 0xc
 365 0064 11       		.uleb128 0x11
 366 0065 01       		.uleb128 0x1
 367 0066 12       		.uleb128 0x12
 368 0067 01       		.uleb128 0x1
 369 0068 40       		.uleb128 0x40
 370 0069 06       		.uleb128 0x6
 371 006a 9742     		.uleb128 0x2117
 372 006c 0C       		.uleb128 0xc
 373 006d 00       		.byte	0
 374 006e 00       		.byte	0
 375 006f 00       		.byte	0
 376              		.section	.debug_loc,"",%progbits
 377              	.Ldebug_loc0:
 378              	.LLST0:
 379 0000 00000000 		.4byte	.LFB0
ARM GAS  C:\Users\Brian\AppData\Local\Temp\ccSxbSns.s 			page 10


 380 0004 02000000 		.4byte	.LCFI0
 381 0008 0200     		.2byte	0x2
 382 000a 7D       		.byte	0x7d
 383 000b 00       		.sleb128 0
 384 000c 02000000 		.4byte	.LCFI0
 385 0010 04000000 		.4byte	.LCFI1
 386 0014 0200     		.2byte	0x2
 387 0016 7D       		.byte	0x7d
 388 0017 08       		.sleb128 8
 389 0018 04000000 		.4byte	.LCFI1
 390 001c 0E000000 		.4byte	.LFE0
 391 0020 0200     		.2byte	0x2
 392 0022 77       		.byte	0x77
 393 0023 08       		.sleb128 8
 394 0024 00000000 		.4byte	0
 395 0028 00000000 		.4byte	0
 396              	.LLST1:
 397 002c 00000000 		.4byte	.LFB1
 398 0030 02000000 		.4byte	.LCFI2
 399 0034 0200     		.2byte	0x2
 400 0036 7D       		.byte	0x7d
 401 0037 00       		.sleb128 0
 402 0038 02000000 		.4byte	.LCFI2
 403 003c 04000000 		.4byte	.LCFI3
 404 0040 0200     		.2byte	0x2
 405 0042 7D       		.byte	0x7d
 406 0043 08       		.sleb128 8
 407 0044 04000000 		.4byte	.LCFI3
 408 0048 1C000000 		.4byte	.LFE1
 409 004c 0200     		.2byte	0x2
 410 004e 77       		.byte	0x77
 411 004f 08       		.sleb128 8
 412 0050 00000000 		.4byte	0
 413 0054 00000000 		.4byte	0
 414              	.LLST2:
 415 0058 00000000 		.4byte	.LFB2
 416 005c 02000000 		.4byte	.LCFI4
 417 0060 0200     		.2byte	0x2
 418 0062 7D       		.byte	0x7d
 419 0063 00       		.sleb128 0
 420 0064 02000000 		.4byte	.LCFI4
 421 0068 04000000 		.4byte	.LCFI5
 422 006c 0200     		.2byte	0x2
 423 006e 7D       		.byte	0x7d
 424 006f 04       		.sleb128 4
 425 0070 04000000 		.4byte	.LCFI5
 426 0074 0A000000 		.4byte	.LFE2
 427 0078 0200     		.2byte	0x2
 428 007a 77       		.byte	0x77
 429 007b 04       		.sleb128 4
 430 007c 00000000 		.4byte	0
 431 0080 00000000 		.4byte	0
 432              	.LLST3:
 433 0084 00000000 		.4byte	.LFB3
 434 0088 02000000 		.4byte	.LCFI6
 435 008c 0200     		.2byte	0x2
 436 008e 7D       		.byte	0x7d
ARM GAS  C:\Users\Brian\AppData\Local\Temp\ccSxbSns.s 			page 11


 437 008f 00       		.sleb128 0
 438 0090 02000000 		.4byte	.LCFI6
 439 0094 04000000 		.4byte	.LCFI7
 440 0098 0200     		.2byte	0x2
 441 009a 7D       		.byte	0x7d
 442 009b 04       		.sleb128 4
 443 009c 04000000 		.4byte	.LCFI7
 444 00a0 0A000000 		.4byte	.LFE3
 445 00a4 0200     		.2byte	0x2
 446 00a6 77       		.byte	0x77
 447 00a7 04       		.sleb128 4
 448 00a8 00000000 		.4byte	0
 449 00ac 00000000 		.4byte	0
 450              		.section	.debug_aranges,"",%progbits
 451 0000 34000000 		.4byte	0x34
 452 0004 0200     		.2byte	0x2
 453 0006 00000000 		.4byte	.Ldebug_info0
 454 000a 04       		.byte	0x4
 455 000b 00       		.byte	0
 456 000c 0000     		.2byte	0
 457 000e 0000     		.2byte	0
 458 0010 00000000 		.4byte	.LFB0
 459 0014 0E000000 		.4byte	.LFE0-.LFB0
 460 0018 00000000 		.4byte	.LFB1
 461 001c 1C000000 		.4byte	.LFE1-.LFB1
 462 0020 00000000 		.4byte	.LFB2
 463 0024 0A000000 		.4byte	.LFE2-.LFB2
 464 0028 00000000 		.4byte	.LFB3
 465 002c 0A000000 		.4byte	.LFE3-.LFB3
 466 0030 00000000 		.4byte	0
 467 0034 00000000 		.4byte	0
 468              		.section	.debug_ranges,"",%progbits
 469              	.Ldebug_ranges0:
 470 0000 00000000 		.4byte	.LFB0
 471 0004 0E000000 		.4byte	.LFE0
 472 0008 00000000 		.4byte	.LFB1
 473 000c 1C000000 		.4byte	.LFE1
 474 0010 00000000 		.4byte	.LFB2
 475 0014 0A000000 		.4byte	.LFE2
 476 0018 00000000 		.4byte	.LFB3
 477 001c 0A000000 		.4byte	.LFE3
 478 0020 00000000 		.4byte	0
 479 0024 00000000 		.4byte	0
 480              		.section	.debug_line,"",%progbits
 481              	.Ldebug_line0:
 482 0000 9E000000 		.section	.debug_str,"MS",%progbits,1
 482      02004F00 
 482      00000201 
 482      FB0E0D00 
 482      01010101 
 483              	.LASF6:
 484 0000 6C6F6E67 		.ascii	"long long int\000"
 484      206C6F6E 
 484      6720696E 
 484      7400
 485              	.LASF8:
 486 000e 756E7369 		.ascii	"unsigned int\000"
ARM GAS  C:\Users\Brian\AppData\Local\Temp\ccSxbSns.s 			page 12


 486      676E6564 
 486      20696E74 
 486      00
 487              	.LASF19:
 488 001b 474E5520 		.ascii	"GNU C 4.7.3 20130312 (release) [ARM/embedded-4_7-br"
 488      4320342E 
 488      372E3320 
 488      32303133 
 488      30333132 
 489 004e 616E6368 		.ascii	"anch revision 196615]\000"
 489      20726576 
 489      6973696F 
 489      6E203139 
 489      36363135 
 490              	.LASF12:
 491 0064 75696E74 		.ascii	"uint8\000"
 491      3800
 492              	.LASF5:
 493 006a 6C6F6E67 		.ascii	"long unsigned int\000"
 493      20756E73 
 493      69676E65 
 493      6420696E 
 493      7400
 494              	.LASF7:
 495 007c 6C6F6E67 		.ascii	"long long unsigned int\000"
 495      206C6F6E 
 495      6720756E 
 495      7369676E 
 495      65642069 
 496              	.LASF21:
 497 0093 433A5C55 		.ascii	"C:\\Users\\Brian\\Dropbox\\RPiSoC\\Projects\\PSoC_2"
 497      73657273 
 497      5C427269 
 497      616E5C44 
 497      726F7062 
 498 00c0 5F50695C 		.ascii	"_Pi\\PSoC Creator\\PSoC_2_Pi.cydsn\000"
 498      50536F43 
 498      20437265 
 498      61746F72 
 498      5C50536F 
 499              	.LASF15:
 500 00e1 4144435F 		.ascii	"ADC_SAR_Seq_1_Sleep\000"
 500      5341525F 
 500      5365715F 
 500      315F536C 
 500      65657000 
 501              	.LASF1:
 502 00f5 756E7369 		.ascii	"unsigned char\000"
 502      676E6564 
 502      20636861 
 502      7200
 503              	.LASF11:
 504 0103 63686172 		.ascii	"char\000"
 504      00
 505              	.LASF4:
 506 0108 6C6F6E67 		.ascii	"long int\000"
 506      20696E74 
ARM GAS  C:\Users\Brian\AppData\Local\Temp\ccSxbSns.s 			page 13


 506      00
 507              	.LASF20:
 508 0111 2E5C4765 		.ascii	".\\Generated_Source\\PSoC5\\ADC_SAR_Seq_1_PM.c\000"
 508      6E657261 
 508      7465645F 
 508      536F7572 
 508      63655C50 
 509              	.LASF10:
 510 013d 646F7562 		.ascii	"double\000"
 510      6C6500
 511              	.LASF3:
 512 0144 73686F72 		.ascii	"short unsigned int\000"
 512      7420756E 
 512      7369676E 
 512      65642069 
 512      6E7400
 513              	.LASF0:
 514 0157 7369676E 		.ascii	"signed char\000"
 514      65642063 
 514      68617200 
 515              	.LASF17:
 516 0163 4144435F 		.ascii	"ADC_SAR_Seq_1_SaveConfig\000"
 516      5341525F 
 516      5365715F 
 516      315F5361 
 516      7665436F 
 517              	.LASF9:
 518 017c 666C6F61 		.ascii	"float\000"
 518      7400
 519              	.LASF16:
 520 0182 4144435F 		.ascii	"ADC_SAR_Seq_1_Wakeup\000"
 520      5341525F 
 520      5365715F 
 520      315F5761 
 520      6B657570 
 521              	.LASF2:
 522 0197 73686F72 		.ascii	"short int\000"
 522      7420696E 
 522      7400
 523              	.LASF13:
 524 01a1 72656738 		.ascii	"reg8\000"
 524      00
 525              	.LASF14:
 526 01a6 73697A65 		.ascii	"sizetype\000"
 526      74797065 
 526      00
 527              	.LASF18:
 528 01af 4144435F 		.ascii	"ADC_SAR_Seq_1_RestoreConfig\000"
 528      5341525F 
 528      5365715F 
 528      315F5265 
 528      73746F72 
 529              		.ident	"GCC: (GNU Tools for ARM Embedded Processors) 4.7.3 20130312 (release) [ARM/embedded-4_7-br
