ARM GAS  C:\Users\Brian\AppData\Local\Temp\cch7EoJf.s 			page 1


   1              		.syntax unified
   2              		.cpu cortex-m3
   3              		.fpu softvfp
   4              		.eabi_attribute 20, 1
   5              		.eabi_attribute 21, 1
   6              		.eabi_attribute 23, 3
   7              		.eabi_attribute 24, 1
   8              		.eabi_attribute 25, 1
   9              		.eabi_attribute 26, 1
  10              		.eabi_attribute 30, 6
  11              		.eabi_attribute 34, 1
  12              		.eabi_attribute 18, 4
  13              		.thumb
  14              		.file	"ADC_DelSig_1_INT.c"
  15              		.text
  16              	.Ltext0:
  17              		.cfi_sections	.debug_frame
  18              		.section	.text.ADC_DelSig_1_ISR1,"ax",%progbits
  19              		.align	2
  20              		.global	ADC_DelSig_1_ISR1
  21              		.thumb
  22              		.thumb_func
  23              		.type	ADC_DelSig_1_ISR1, %function
  24              	ADC_DelSig_1_ISR1:
  25              	.LFB0:
  26              		.file 1 ".\\Generated_Source\\PSoC5\\ADC_DelSig_1_INT.c"
   1:.\Generated_Source\PSoC5/ADC_DelSig_1_INT.c **** /*******************************************************************************
   2:.\Generated_Source\PSoC5/ADC_DelSig_1_INT.c **** * File Name: ADC_DelSig_1_INT.c
   3:.\Generated_Source\PSoC5/ADC_DelSig_1_INT.c **** * Version 3.0
   4:.\Generated_Source\PSoC5/ADC_DelSig_1_INT.c **** *
   5:.\Generated_Source\PSoC5/ADC_DelSig_1_INT.c **** * Description:
   6:.\Generated_Source\PSoC5/ADC_DelSig_1_INT.c **** *  This file contains the code that operates during the ADC_DelSig interrupt
   7:.\Generated_Source\PSoC5/ADC_DelSig_1_INT.c **** *  service routine.
   8:.\Generated_Source\PSoC5/ADC_DelSig_1_INT.c **** *
   9:.\Generated_Source\PSoC5/ADC_DelSig_1_INT.c **** * Note:
  10:.\Generated_Source\PSoC5/ADC_DelSig_1_INT.c **** *
  11:.\Generated_Source\PSoC5/ADC_DelSig_1_INT.c **** ********************************************************************************
  12:.\Generated_Source\PSoC5/ADC_DelSig_1_INT.c **** * Copyright 2008-2013, Cypress Semiconductor Corporation.  All rights reserved.
  13:.\Generated_Source\PSoC5/ADC_DelSig_1_INT.c **** * You may use this file only in accordance with the license, terms, conditions,
  14:.\Generated_Source\PSoC5/ADC_DelSig_1_INT.c **** * disclaimers, and limitations in the end user license agreement accompanying
  15:.\Generated_Source\PSoC5/ADC_DelSig_1_INT.c **** * the software package with which this file was provided.
  16:.\Generated_Source\PSoC5/ADC_DelSig_1_INT.c **** *******************************************************************************/
  17:.\Generated_Source\PSoC5/ADC_DelSig_1_INT.c **** 
  18:.\Generated_Source\PSoC5/ADC_DelSig_1_INT.c **** #include "ADC_DelSig_1.h"
  19:.\Generated_Source\PSoC5/ADC_DelSig_1_INT.c **** 
  20:.\Generated_Source\PSoC5/ADC_DelSig_1_INT.c **** 
  21:.\Generated_Source\PSoC5/ADC_DelSig_1_INT.c **** /*******************************************************************************
  22:.\Generated_Source\PSoC5/ADC_DelSig_1_INT.c **** * Custom Declarations and Variables
  23:.\Generated_Source\PSoC5/ADC_DelSig_1_INT.c **** * - add user include files, prototypes and variables between the following
  24:.\Generated_Source\PSoC5/ADC_DelSig_1_INT.c **** *   #START and #END tags
  25:.\Generated_Source\PSoC5/ADC_DelSig_1_INT.c **** *******************************************************************************/
  26:.\Generated_Source\PSoC5/ADC_DelSig_1_INT.c **** /* `#START ADC_SYS_VAR`  */
  27:.\Generated_Source\PSoC5/ADC_DelSig_1_INT.c **** 
  28:.\Generated_Source\PSoC5/ADC_DelSig_1_INT.c **** /* `#END`  */
  29:.\Generated_Source\PSoC5/ADC_DelSig_1_INT.c **** 
  30:.\Generated_Source\PSoC5/ADC_DelSig_1_INT.c **** 
  31:.\Generated_Source\PSoC5/ADC_DelSig_1_INT.c **** #if(ADC_DelSig_1_IRQ_REMOVE == 0u)
ARM GAS  C:\Users\Brian\AppData\Local\Temp\cch7EoJf.s 			page 2


  32:.\Generated_Source\PSoC5/ADC_DelSig_1_INT.c **** 
  33:.\Generated_Source\PSoC5/ADC_DelSig_1_INT.c **** 
  34:.\Generated_Source\PSoC5/ADC_DelSig_1_INT.c ****     /*****************************************************************************
  35:.\Generated_Source\PSoC5/ADC_DelSig_1_INT.c ****     * Function Name: ADC_DelSig_1_ISR1
  36:.\Generated_Source\PSoC5/ADC_DelSig_1_INT.c ****     ******************************************************************************
  37:.\Generated_Source\PSoC5/ADC_DelSig_1_INT.c ****     *
  38:.\Generated_Source\PSoC5/ADC_DelSig_1_INT.c ****     * Summary:
  39:.\Generated_Source\PSoC5/ADC_DelSig_1_INT.c ****     *  Handle Interrupt Service Routine.
  40:.\Generated_Source\PSoC5/ADC_DelSig_1_INT.c ****     *
  41:.\Generated_Source\PSoC5/ADC_DelSig_1_INT.c ****     * Parameters:
  42:.\Generated_Source\PSoC5/ADC_DelSig_1_INT.c ****     *  None
  43:.\Generated_Source\PSoC5/ADC_DelSig_1_INT.c ****     *
  44:.\Generated_Source\PSoC5/ADC_DelSig_1_INT.c ****     * Return:
  45:.\Generated_Source\PSoC5/ADC_DelSig_1_INT.c ****     *  None
  46:.\Generated_Source\PSoC5/ADC_DelSig_1_INT.c ****     *
  47:.\Generated_Source\PSoC5/ADC_DelSig_1_INT.c ****     * Reentrant:
  48:.\Generated_Source\PSoC5/ADC_DelSig_1_INT.c ****     *  No
  49:.\Generated_Source\PSoC5/ADC_DelSig_1_INT.c ****     *
  50:.\Generated_Source\PSoC5/ADC_DelSig_1_INT.c ****     *****************************************************************************/
  51:.\Generated_Source\PSoC5/ADC_DelSig_1_INT.c ****     CY_ISR( ADC_DelSig_1_ISR1)
  52:.\Generated_Source\PSoC5/ADC_DelSig_1_INT.c ****     {
  27              		.loc 1 52 0
  28              		.cfi_startproc
  29              		@ args = 0, pretend = 0, frame = 0
  30              		@ frame_needed = 1, uses_anonymous_args = 0
  31              		@ link register save eliminated.
  32 0000 80B4     		push	{r7}
  33              	.LCFI0:
  34              		.cfi_def_cfa_offset 4
  35              		.cfi_offset 7, -4
  36 0002 00AF     		add	r7, sp, #0
  37              	.LCFI1:
  38              		.cfi_def_cfa_register 7
  53:.\Generated_Source\PSoC5/ADC_DelSig_1_INT.c ****         /**************************************************************************
  54:.\Generated_Source\PSoC5/ADC_DelSig_1_INT.c ****         *  Custom Code
  55:.\Generated_Source\PSoC5/ADC_DelSig_1_INT.c ****         *  - add user ISR code between the following #START and #END tags
  56:.\Generated_Source\PSoC5/ADC_DelSig_1_INT.c ****         **************************************************************************/
  57:.\Generated_Source\PSoC5/ADC_DelSig_1_INT.c ****         /* `#START MAIN_ADC_ISR1`  */
  58:.\Generated_Source\PSoC5/ADC_DelSig_1_INT.c **** 
  59:.\Generated_Source\PSoC5/ADC_DelSig_1_INT.c ****         /* `#END`  */
  60:.\Generated_Source\PSoC5/ADC_DelSig_1_INT.c **** 
  61:.\Generated_Source\PSoC5/ADC_DelSig_1_INT.c ****         /* Stop the conversion if conversion mode is single sample and resolution
  62:.\Generated_Source\PSoC5/ADC_DelSig_1_INT.c ****         *  is above 16 bits.
  63:.\Generated_Source\PSoC5/ADC_DelSig_1_INT.c ****         */
  64:.\Generated_Source\PSoC5/ADC_DelSig_1_INT.c ****         #if(ADC_DelSig_1_CFG1_RESOLUTION > 16 && \
  65:.\Generated_Source\PSoC5/ADC_DelSig_1_INT.c ****             ADC_DelSig_1_CFG1_CONV_MODE == ADC_DelSig_1_MODE_SINGLE_SAMPLE)
  66:.\Generated_Source\PSoC5/ADC_DelSig_1_INT.c ****             ADC_DelSig_1_StopConvert();
  67:.\Generated_Source\PSoC5/ADC_DelSig_1_INT.c ****             /* Software flag for checking conversion complete or not. Will be used when
  68:.\Generated_Source\PSoC5/ADC_DelSig_1_INT.c ****             *  resolution is above 16 bits and conversion mode is single sample 
  69:.\Generated_Source\PSoC5/ADC_DelSig_1_INT.c **** 			*/
  70:.\Generated_Source\PSoC5/ADC_DelSig_1_INT.c ****             ADC_DelSig_1_convDone = ADC_DelSig_1_DEC_CONV_DONE;
  71:.\Generated_Source\PSoC5/ADC_DelSig_1_INT.c ****         #endif /* Single sample conversion mode with resolution above 16 bits */
  72:.\Generated_Source\PSoC5/ADC_DelSig_1_INT.c **** 
  73:.\Generated_Source\PSoC5/ADC_DelSig_1_INT.c ****     }
  39              		.loc 1 73 0
  40 0004 BD46     		mov	sp, r7
  41 0006 80BC     		pop	{r7}
ARM GAS  C:\Users\Brian\AppData\Local\Temp\cch7EoJf.s 			page 3


  42 0008 7047     		bx	lr
  43              		.cfi_endproc
  44              	.LFE0:
  45              		.size	ADC_DelSig_1_ISR1, .-ADC_DelSig_1_ISR1
  46 000a 00BF     		.section	.text.ADC_DelSig_1_ISR2,"ax",%progbits
  47              		.align	2
  48              		.global	ADC_DelSig_1_ISR2
  49              		.thumb
  50              		.thumb_func
  51              		.type	ADC_DelSig_1_ISR2, %function
  52              	ADC_DelSig_1_ISR2:
  53              	.LFB1:
  74:.\Generated_Source\PSoC5/ADC_DelSig_1_INT.c **** 
  75:.\Generated_Source\PSoC5/ADC_DelSig_1_INT.c **** 
  76:.\Generated_Source\PSoC5/ADC_DelSig_1_INT.c ****     /*****************************************************************************
  77:.\Generated_Source\PSoC5/ADC_DelSig_1_INT.c ****     * Function Name: ADC_DelSig_1_ISR2
  78:.\Generated_Source\PSoC5/ADC_DelSig_1_INT.c ****     ******************************************************************************
  79:.\Generated_Source\PSoC5/ADC_DelSig_1_INT.c ****     *
  80:.\Generated_Source\PSoC5/ADC_DelSig_1_INT.c ****     * Summary:
  81:.\Generated_Source\PSoC5/ADC_DelSig_1_INT.c ****     *  Handle Interrupt Service Routine.
  82:.\Generated_Source\PSoC5/ADC_DelSig_1_INT.c ****     *
  83:.\Generated_Source\PSoC5/ADC_DelSig_1_INT.c ****     * Parameters:
  84:.\Generated_Source\PSoC5/ADC_DelSig_1_INT.c ****     *  None
  85:.\Generated_Source\PSoC5/ADC_DelSig_1_INT.c ****     *
  86:.\Generated_Source\PSoC5/ADC_DelSig_1_INT.c ****     * Return:
  87:.\Generated_Source\PSoC5/ADC_DelSig_1_INT.c ****     *  None
  88:.\Generated_Source\PSoC5/ADC_DelSig_1_INT.c ****     *
  89:.\Generated_Source\PSoC5/ADC_DelSig_1_INT.c ****     * Reentrant:
  90:.\Generated_Source\PSoC5/ADC_DelSig_1_INT.c ****     *  No
  91:.\Generated_Source\PSoC5/ADC_DelSig_1_INT.c ****     *
  92:.\Generated_Source\PSoC5/ADC_DelSig_1_INT.c ****     *****************************************************************************/
  93:.\Generated_Source\PSoC5/ADC_DelSig_1_INT.c ****     CY_ISR( ADC_DelSig_1_ISR2)
  94:.\Generated_Source\PSoC5/ADC_DelSig_1_INT.c ****     {
  54              		.loc 1 94 0
  55              		.cfi_startproc
  56              		@ args = 0, pretend = 0, frame = 0
  57              		@ frame_needed = 1, uses_anonymous_args = 0
  58              		@ link register save eliminated.
  59 0000 80B4     		push	{r7}
  60              	.LCFI2:
  61              		.cfi_def_cfa_offset 4
  62              		.cfi_offset 7, -4
  63 0002 00AF     		add	r7, sp, #0
  64              	.LCFI3:
  65              		.cfi_def_cfa_register 7
  95:.\Generated_Source\PSoC5/ADC_DelSig_1_INT.c ****         /***************************************************************************
  96:.\Generated_Source\PSoC5/ADC_DelSig_1_INT.c ****         *  Custom Code
  97:.\Generated_Source\PSoC5/ADC_DelSig_1_INT.c ****         *  - add user ISR code between the following #START and #END tags
  98:.\Generated_Source\PSoC5/ADC_DelSig_1_INT.c ****         **************************************************************************/
  99:.\Generated_Source\PSoC5/ADC_DelSig_1_INT.c ****         /* `#START MAIN_ADC_ISR2`  */
 100:.\Generated_Source\PSoC5/ADC_DelSig_1_INT.c **** 
 101:.\Generated_Source\PSoC5/ADC_DelSig_1_INT.c ****         /* `#END`  */
 102:.\Generated_Source\PSoC5/ADC_DelSig_1_INT.c **** 
 103:.\Generated_Source\PSoC5/ADC_DelSig_1_INT.c ****         /* Stop the conversion conversion mode is single sample and resolution
 104:.\Generated_Source\PSoC5/ADC_DelSig_1_INT.c ****         *  is above 16 bits.
 105:.\Generated_Source\PSoC5/ADC_DelSig_1_INT.c ****         */
 106:.\Generated_Source\PSoC5/ADC_DelSig_1_INT.c ****         #if(ADC_DelSig_1_CFG2_RESOLUTION > 16 && \
ARM GAS  C:\Users\Brian\AppData\Local\Temp\cch7EoJf.s 			page 4


 107:.\Generated_Source\PSoC5/ADC_DelSig_1_INT.c ****             ADC_DelSig_1_CFG2_CONVMODE == ADC_DelSig_1_MODE_SINGLE_SAMPLE)
 108:.\Generated_Source\PSoC5/ADC_DelSig_1_INT.c ****             ADC_DelSig_1_StopConvert();
 109:.\Generated_Source\PSoC5/ADC_DelSig_1_INT.c ****             /* Software flag for checking conversion complete or not. Will be used when
 110:.\Generated_Source\PSoC5/ADC_DelSig_1_INT.c ****             *   resolution is above 16 bits and conversion mode is single sample 
 111:.\Generated_Source\PSoC5/ADC_DelSig_1_INT.c **** 			*/
 112:.\Generated_Source\PSoC5/ADC_DelSig_1_INT.c ****             ADC_DelSig_1_convDone = ADC_DelSig_1_DEC_CONV_DONE;
 113:.\Generated_Source\PSoC5/ADC_DelSig_1_INT.c ****         #endif /* Single sample conversion mode with resolution above 16 bits */
 114:.\Generated_Source\PSoC5/ADC_DelSig_1_INT.c **** 
 115:.\Generated_Source\PSoC5/ADC_DelSig_1_INT.c ****     }
  66              		.loc 1 115 0
  67 0004 BD46     		mov	sp, r7
  68 0006 80BC     		pop	{r7}
  69 0008 7047     		bx	lr
  70              		.cfi_endproc
  71              	.LFE1:
  72              		.size	ADC_DelSig_1_ISR2, .-ADC_DelSig_1_ISR2
  73 000a 00BF     		.section	.text.ADC_DelSig_1_ISR3,"ax",%progbits
  74              		.align	2
  75              		.global	ADC_DelSig_1_ISR3
  76              		.thumb
  77              		.thumb_func
  78              		.type	ADC_DelSig_1_ISR3, %function
  79              	ADC_DelSig_1_ISR3:
  80              	.LFB2:
 116:.\Generated_Source\PSoC5/ADC_DelSig_1_INT.c **** 
 117:.\Generated_Source\PSoC5/ADC_DelSig_1_INT.c **** 
 118:.\Generated_Source\PSoC5/ADC_DelSig_1_INT.c ****     /*****************************************************************************
 119:.\Generated_Source\PSoC5/ADC_DelSig_1_INT.c ****     * Function Name: ADC_DelSig_1_ISR3
 120:.\Generated_Source\PSoC5/ADC_DelSig_1_INT.c ****     ******************************************************************************
 121:.\Generated_Source\PSoC5/ADC_DelSig_1_INT.c ****     *
 122:.\Generated_Source\PSoC5/ADC_DelSig_1_INT.c ****     * Summary:
 123:.\Generated_Source\PSoC5/ADC_DelSig_1_INT.c ****     *  Handle Interrupt Service Routine.
 124:.\Generated_Source\PSoC5/ADC_DelSig_1_INT.c ****     *
 125:.\Generated_Source\PSoC5/ADC_DelSig_1_INT.c ****     * Parameters:
 126:.\Generated_Source\PSoC5/ADC_DelSig_1_INT.c ****     *  None
 127:.\Generated_Source\PSoC5/ADC_DelSig_1_INT.c ****     *
 128:.\Generated_Source\PSoC5/ADC_DelSig_1_INT.c ****     * Return:
 129:.\Generated_Source\PSoC5/ADC_DelSig_1_INT.c ****     *  None
 130:.\Generated_Source\PSoC5/ADC_DelSig_1_INT.c ****     *
 131:.\Generated_Source\PSoC5/ADC_DelSig_1_INT.c ****     * Reentrant:
 132:.\Generated_Source\PSoC5/ADC_DelSig_1_INT.c ****     *  No
 133:.\Generated_Source\PSoC5/ADC_DelSig_1_INT.c ****     *
 134:.\Generated_Source\PSoC5/ADC_DelSig_1_INT.c ****     *****************************************************************************/
 135:.\Generated_Source\PSoC5/ADC_DelSig_1_INT.c ****     CY_ISR( ADC_DelSig_1_ISR3)
 136:.\Generated_Source\PSoC5/ADC_DelSig_1_INT.c ****     {
  81              		.loc 1 136 0
  82              		.cfi_startproc
  83              		@ args = 0, pretend = 0, frame = 0
  84              		@ frame_needed = 1, uses_anonymous_args = 0
  85              		@ link register save eliminated.
  86 0000 80B4     		push	{r7}
  87              	.LCFI4:
  88              		.cfi_def_cfa_offset 4
  89              		.cfi_offset 7, -4
  90 0002 00AF     		add	r7, sp, #0
  91              	.LCFI5:
  92              		.cfi_def_cfa_register 7
ARM GAS  C:\Users\Brian\AppData\Local\Temp\cch7EoJf.s 			page 5


 137:.\Generated_Source\PSoC5/ADC_DelSig_1_INT.c ****         /***************************************************************************
 138:.\Generated_Source\PSoC5/ADC_DelSig_1_INT.c ****         *  Custom Code
 139:.\Generated_Source\PSoC5/ADC_DelSig_1_INT.c ****         *  - add user ISR code between the following #START and #END tags
 140:.\Generated_Source\PSoC5/ADC_DelSig_1_INT.c ****         **************************************************************************/
 141:.\Generated_Source\PSoC5/ADC_DelSig_1_INT.c ****         /* `#START MAIN_ADC_ISR3`  */
 142:.\Generated_Source\PSoC5/ADC_DelSig_1_INT.c **** 
 143:.\Generated_Source\PSoC5/ADC_DelSig_1_INT.c ****         /* `#END`  */
 144:.\Generated_Source\PSoC5/ADC_DelSig_1_INT.c **** 
 145:.\Generated_Source\PSoC5/ADC_DelSig_1_INT.c ****         /* Stop the conversion if conversion mode is set to single sample and
 146:.\Generated_Source\PSoC5/ADC_DelSig_1_INT.c ****         *  resolution is above 16 bits.
 147:.\Generated_Source\PSoC5/ADC_DelSig_1_INT.c ****         */
 148:.\Generated_Source\PSoC5/ADC_DelSig_1_INT.c ****         #if(ADC_DelSig_1_CFG3_RESOLUTION > 16 && \
 149:.\Generated_Source\PSoC5/ADC_DelSig_1_INT.c ****             ADC_DelSig_1_CFG3_CONVMODE == ADC_DelSig_1_MODE_SINGLE_SAMPLE)
 150:.\Generated_Source\PSoC5/ADC_DelSig_1_INT.c ****             ADC_DelSig_1_StopConvert();
 151:.\Generated_Source\PSoC5/ADC_DelSig_1_INT.c ****             /* Software flag for checking conversion complete or not. Will be used when
 152:.\Generated_Source\PSoC5/ADC_DelSig_1_INT.c ****             *  resolution is above 16 bits and conversion mode is single sample 
 153:.\Generated_Source\PSoC5/ADC_DelSig_1_INT.c **** 			*/
 154:.\Generated_Source\PSoC5/ADC_DelSig_1_INT.c ****             ADC_DelSig_1_convDone = ADC_DelSig_1_DEC_CONV_DONE;
 155:.\Generated_Source\PSoC5/ADC_DelSig_1_INT.c ****         #endif /* Single sample conversion mode with resolution above 16 bits */
 156:.\Generated_Source\PSoC5/ADC_DelSig_1_INT.c ****     }
  93              		.loc 1 156 0
  94 0004 BD46     		mov	sp, r7
  95 0006 80BC     		pop	{r7}
  96 0008 7047     		bx	lr
  97              		.cfi_endproc
  98              	.LFE2:
  99              		.size	ADC_DelSig_1_ISR3, .-ADC_DelSig_1_ISR3
 100 000a 00BF     		.section	.text.ADC_DelSig_1_ISR4,"ax",%progbits
 101              		.align	2
 102              		.global	ADC_DelSig_1_ISR4
 103              		.thumb
 104              		.thumb_func
 105              		.type	ADC_DelSig_1_ISR4, %function
 106              	ADC_DelSig_1_ISR4:
 107              	.LFB3:
 157:.\Generated_Source\PSoC5/ADC_DelSig_1_INT.c **** 
 158:.\Generated_Source\PSoC5/ADC_DelSig_1_INT.c **** 
 159:.\Generated_Source\PSoC5/ADC_DelSig_1_INT.c ****     /*****************************************************************************
 160:.\Generated_Source\PSoC5/ADC_DelSig_1_INT.c ****     * Function Name: ADC_DelSig_1_ISR4
 161:.\Generated_Source\PSoC5/ADC_DelSig_1_INT.c ****     ******************************************************************************
 162:.\Generated_Source\PSoC5/ADC_DelSig_1_INT.c ****     *
 163:.\Generated_Source\PSoC5/ADC_DelSig_1_INT.c ****     * Summary:
 164:.\Generated_Source\PSoC5/ADC_DelSig_1_INT.c ****     *  Handle Interrupt Service Routine.
 165:.\Generated_Source\PSoC5/ADC_DelSig_1_INT.c ****     *
 166:.\Generated_Source\PSoC5/ADC_DelSig_1_INT.c ****     * Parameters:
 167:.\Generated_Source\PSoC5/ADC_DelSig_1_INT.c ****     *  None
 168:.\Generated_Source\PSoC5/ADC_DelSig_1_INT.c ****     *
 169:.\Generated_Source\PSoC5/ADC_DelSig_1_INT.c ****     * Return:
 170:.\Generated_Source\PSoC5/ADC_DelSig_1_INT.c ****     *  None
 171:.\Generated_Source\PSoC5/ADC_DelSig_1_INT.c ****     *
 172:.\Generated_Source\PSoC5/ADC_DelSig_1_INT.c ****     * Reentrant:
 173:.\Generated_Source\PSoC5/ADC_DelSig_1_INT.c ****     *  No
 174:.\Generated_Source\PSoC5/ADC_DelSig_1_INT.c ****     *
 175:.\Generated_Source\PSoC5/ADC_DelSig_1_INT.c ****     *****************************************************************************/
 176:.\Generated_Source\PSoC5/ADC_DelSig_1_INT.c ****     CY_ISR( ADC_DelSig_1_ISR4)
 177:.\Generated_Source\PSoC5/ADC_DelSig_1_INT.c ****     {
 108              		.loc 1 177 0
ARM GAS  C:\Users\Brian\AppData\Local\Temp\cch7EoJf.s 			page 6


 109              		.cfi_startproc
 110              		@ args = 0, pretend = 0, frame = 0
 111              		@ frame_needed = 1, uses_anonymous_args = 0
 112              		@ link register save eliminated.
 113 0000 80B4     		push	{r7}
 114              	.LCFI6:
 115              		.cfi_def_cfa_offset 4
 116              		.cfi_offset 7, -4
 117 0002 00AF     		add	r7, sp, #0
 118              	.LCFI7:
 119              		.cfi_def_cfa_register 7
 178:.\Generated_Source\PSoC5/ADC_DelSig_1_INT.c ****         /***************************************************************************
 179:.\Generated_Source\PSoC5/ADC_DelSig_1_INT.c ****         *  Custom Code
 180:.\Generated_Source\PSoC5/ADC_DelSig_1_INT.c ****         *  - add user ISR code between the following #START and #END tags
 181:.\Generated_Source\PSoC5/ADC_DelSig_1_INT.c ****         **************************************************************************/
 182:.\Generated_Source\PSoC5/ADC_DelSig_1_INT.c ****         /* `#START MAIN_ADC_ISR4`  */
 183:.\Generated_Source\PSoC5/ADC_DelSig_1_INT.c **** 
 184:.\Generated_Source\PSoC5/ADC_DelSig_1_INT.c ****         /* `#END`  */
 185:.\Generated_Source\PSoC5/ADC_DelSig_1_INT.c **** 
 186:.\Generated_Source\PSoC5/ADC_DelSig_1_INT.c ****         /* Stop the conversion if conversion mode is set to single sample and
 187:.\Generated_Source\PSoC5/ADC_DelSig_1_INT.c ****         *  resolution is above 16 bits.
 188:.\Generated_Source\PSoC5/ADC_DelSig_1_INT.c ****         */
 189:.\Generated_Source\PSoC5/ADC_DelSig_1_INT.c ****         #if(ADC_DelSig_1_CFG4_RESOLUTION > 16 && \
 190:.\Generated_Source\PSoC5/ADC_DelSig_1_INT.c ****             ADC_DelSig_1_CFG4_CONVMODE == ADC_DelSig_1_MODE_SINGLE_SAMPLE)
 191:.\Generated_Source\PSoC5/ADC_DelSig_1_INT.c ****             ADC_DelSig_1_StopConvert();
 192:.\Generated_Source\PSoC5/ADC_DelSig_1_INT.c ****             /* Software flag for checking conversion complete or not. Will be used when
 193:.\Generated_Source\PSoC5/ADC_DelSig_1_INT.c ****             *  resolution is above 16 bits and conversion mode is single sample 
 194:.\Generated_Source\PSoC5/ADC_DelSig_1_INT.c **** 			*/
 195:.\Generated_Source\PSoC5/ADC_DelSig_1_INT.c ****             ADC_DelSig_1_convDone = ADC_DelSig_1_DEC_CONV_DONE;
 196:.\Generated_Source\PSoC5/ADC_DelSig_1_INT.c ****         #endif /* Single sample conversion mode with resolution above 16 bits */
 197:.\Generated_Source\PSoC5/ADC_DelSig_1_INT.c ****     }
 120              		.loc 1 197 0
 121 0004 BD46     		mov	sp, r7
 122 0006 80BC     		pop	{r7}
 123 0008 7047     		bx	lr
 124              		.cfi_endproc
 125              	.LFE3:
 126              		.size	ADC_DelSig_1_ISR4, .-ADC_DelSig_1_ISR4
 127 000a 00BF     		.text
 128              	.Letext0:
 129              		.section	.debug_info,"",%progbits
 130              	.Ldebug_info0:
 131 0000 E0000000 		.4byte	0xe0
 132 0004 0200     		.2byte	0x2
 133 0006 00000000 		.4byte	.Ldebug_abbrev0
 134 000a 04       		.byte	0x4
 135 000b 01       		.uleb128 0x1
 136 000c 20000000 		.4byte	.LASF17
 137 0010 01       		.byte	0x1
 138 0011 32010000 		.4byte	.LASF18
 139 0015 C8000000 		.4byte	.LASF19
 140 0019 00000000 		.4byte	.Ldebug_ranges0+0
 141 001d 00000000 		.4byte	0
 142 0021 00000000 		.4byte	0
 143 0025 00000000 		.4byte	.Ldebug_line0
 144 0029 02       		.uleb128 0x2
 145 002a 01       		.byte	0x1
ARM GAS  C:\Users\Brian\AppData\Local\Temp\cch7EoJf.s 			page 7


 146 002b 06       		.byte	0x6
 147 002c 78010000 		.4byte	.LASF0
 148 0030 02       		.uleb128 0x2
 149 0031 01       		.byte	0x1
 150 0032 08       		.byte	0x8
 151 0033 16010000 		.4byte	.LASF1
 152 0037 02       		.uleb128 0x2
 153 0038 02       		.byte	0x2
 154 0039 05       		.byte	0x5
 155 003a 8A010000 		.4byte	.LASF2
 156 003e 02       		.uleb128 0x2
 157 003f 02       		.byte	0x2
 158 0040 07       		.byte	0x7
 159 0041 65010000 		.4byte	.LASF3
 160 0045 02       		.uleb128 0x2
 161 0046 04       		.byte	0x4
 162 0047 05       		.byte	0x5
 163 0048 29010000 		.4byte	.LASF4
 164 004c 02       		.uleb128 0x2
 165 004d 04       		.byte	0x4
 166 004e 07       		.byte	0x7
 167 004f 69000000 		.4byte	.LASF5
 168 0053 02       		.uleb128 0x2
 169 0054 08       		.byte	0x8
 170 0055 05       		.byte	0x5
 171 0056 00000000 		.4byte	.LASF6
 172 005a 02       		.uleb128 0x2
 173 005b 08       		.byte	0x8
 174 005c 07       		.byte	0x7
 175 005d 8D000000 		.4byte	.LASF7
 176 0061 03       		.uleb128 0x3
 177 0062 04       		.byte	0x4
 178 0063 05       		.byte	0x5
 179 0064 696E7400 		.ascii	"int\000"
 180 0068 02       		.uleb128 0x2
 181 0069 04       		.byte	0x4
 182 006a 07       		.byte	0x7
 183 006b 94010000 		.4byte	.LASF8
 184 006f 02       		.uleb128 0x2
 185 0070 04       		.byte	0x4
 186 0071 04       		.byte	0x4
 187 0072 84010000 		.4byte	.LASF9
 188 0076 02       		.uleb128 0x2
 189 0077 08       		.byte	0x8
 190 0078 04       		.byte	0x4
 191 0079 5E010000 		.4byte	.LASF10
 192 007d 02       		.uleb128 0x2
 193 007e 01       		.byte	0x1
 194 007f 08       		.byte	0x8
 195 0080 24010000 		.4byte	.LASF11
 196 0084 02       		.uleb128 0x2
 197 0085 04       		.byte	0x4
 198 0086 07       		.byte	0x7
 199 0087 A1010000 		.4byte	.LASF12
 200 008b 04       		.uleb128 0x4
 201 008c 01       		.byte	0x1
 202 008d 7B000000 		.4byte	.LASF13
ARM GAS  C:\Users\Brian\AppData\Local\Temp\cch7EoJf.s 			page 8


 203 0091 01       		.byte	0x1
 204 0092 33       		.byte	0x33
 205 0093 01       		.byte	0x1
 206 0094 00000000 		.4byte	.LFB0
 207 0098 0A000000 		.4byte	.LFE0
 208 009c 00000000 		.4byte	.LLST0
 209 00a0 01       		.byte	0x1
 210 00a1 04       		.uleb128 0x4
 211 00a2 01       		.byte	0x1
 212 00a3 0E000000 		.4byte	.LASF14
 213 00a7 01       		.byte	0x1
 214 00a8 5D       		.byte	0x5d
 215 00a9 01       		.byte	0x1
 216 00aa 00000000 		.4byte	.LFB1
 217 00ae 0A000000 		.4byte	.LFE1
 218 00b2 2C000000 		.4byte	.LLST1
 219 00b6 01       		.byte	0x1
 220 00b7 04       		.uleb128 0x4
 221 00b8 01       		.byte	0x1
 222 00b9 A4000000 		.4byte	.LASF15
 223 00bd 01       		.byte	0x1
 224 00be 87       		.byte	0x87
 225 00bf 01       		.byte	0x1
 226 00c0 00000000 		.4byte	.LFB2
 227 00c4 0A000000 		.4byte	.LFE2
 228 00c8 58000000 		.4byte	.LLST2
 229 00cc 01       		.byte	0x1
 230 00cd 04       		.uleb128 0x4
 231 00ce 01       		.byte	0x1
 232 00cf B6000000 		.4byte	.LASF16
 233 00d3 01       		.byte	0x1
 234 00d4 B0       		.byte	0xb0
 235 00d5 01       		.byte	0x1
 236 00d6 00000000 		.4byte	.LFB3
 237 00da 0A000000 		.4byte	.LFE3
 238 00de 84000000 		.4byte	.LLST3
 239 00e2 01       		.byte	0x1
 240 00e3 00       		.byte	0
 241              		.section	.debug_abbrev,"",%progbits
 242              	.Ldebug_abbrev0:
 243 0000 01       		.uleb128 0x1
 244 0001 11       		.uleb128 0x11
 245 0002 01       		.byte	0x1
 246 0003 25       		.uleb128 0x25
 247 0004 0E       		.uleb128 0xe
 248 0005 13       		.uleb128 0x13
 249 0006 0B       		.uleb128 0xb
 250 0007 03       		.uleb128 0x3
 251 0008 0E       		.uleb128 0xe
 252 0009 1B       		.uleb128 0x1b
 253 000a 0E       		.uleb128 0xe
 254 000b 55       		.uleb128 0x55
 255 000c 06       		.uleb128 0x6
 256 000d 11       		.uleb128 0x11
 257 000e 01       		.uleb128 0x1
 258 000f 52       		.uleb128 0x52
 259 0010 01       		.uleb128 0x1
ARM GAS  C:\Users\Brian\AppData\Local\Temp\cch7EoJf.s 			page 9


 260 0011 10       		.uleb128 0x10
 261 0012 06       		.uleb128 0x6
 262 0013 00       		.byte	0
 263 0014 00       		.byte	0
 264 0015 02       		.uleb128 0x2
 265 0016 24       		.uleb128 0x24
 266 0017 00       		.byte	0
 267 0018 0B       		.uleb128 0xb
 268 0019 0B       		.uleb128 0xb
 269 001a 3E       		.uleb128 0x3e
 270 001b 0B       		.uleb128 0xb
 271 001c 03       		.uleb128 0x3
 272 001d 0E       		.uleb128 0xe
 273 001e 00       		.byte	0
 274 001f 00       		.byte	0
 275 0020 03       		.uleb128 0x3
 276 0021 24       		.uleb128 0x24
 277 0022 00       		.byte	0
 278 0023 0B       		.uleb128 0xb
 279 0024 0B       		.uleb128 0xb
 280 0025 3E       		.uleb128 0x3e
 281 0026 0B       		.uleb128 0xb
 282 0027 03       		.uleb128 0x3
 283 0028 08       		.uleb128 0x8
 284 0029 00       		.byte	0
 285 002a 00       		.byte	0
 286 002b 04       		.uleb128 0x4
 287 002c 2E       		.uleb128 0x2e
 288 002d 00       		.byte	0
 289 002e 3F       		.uleb128 0x3f
 290 002f 0C       		.uleb128 0xc
 291 0030 03       		.uleb128 0x3
 292 0031 0E       		.uleb128 0xe
 293 0032 3A       		.uleb128 0x3a
 294 0033 0B       		.uleb128 0xb
 295 0034 3B       		.uleb128 0x3b
 296 0035 0B       		.uleb128 0xb
 297 0036 27       		.uleb128 0x27
 298 0037 0C       		.uleb128 0xc
 299 0038 11       		.uleb128 0x11
 300 0039 01       		.uleb128 0x1
 301 003a 12       		.uleb128 0x12
 302 003b 01       		.uleb128 0x1
 303 003c 40       		.uleb128 0x40
 304 003d 06       		.uleb128 0x6
 305 003e 9742     		.uleb128 0x2117
 306 0040 0C       		.uleb128 0xc
 307 0041 00       		.byte	0
 308 0042 00       		.byte	0
 309 0043 00       		.byte	0
 310              		.section	.debug_loc,"",%progbits
 311              	.Ldebug_loc0:
 312              	.LLST0:
 313 0000 00000000 		.4byte	.LFB0
 314 0004 02000000 		.4byte	.LCFI0
 315 0008 0200     		.2byte	0x2
 316 000a 7D       		.byte	0x7d
ARM GAS  C:\Users\Brian\AppData\Local\Temp\cch7EoJf.s 			page 10


 317 000b 00       		.sleb128 0
 318 000c 02000000 		.4byte	.LCFI0
 319 0010 04000000 		.4byte	.LCFI1
 320 0014 0200     		.2byte	0x2
 321 0016 7D       		.byte	0x7d
 322 0017 04       		.sleb128 4
 323 0018 04000000 		.4byte	.LCFI1
 324 001c 0A000000 		.4byte	.LFE0
 325 0020 0200     		.2byte	0x2
 326 0022 77       		.byte	0x77
 327 0023 04       		.sleb128 4
 328 0024 00000000 		.4byte	0
 329 0028 00000000 		.4byte	0
 330              	.LLST1:
 331 002c 00000000 		.4byte	.LFB1
 332 0030 02000000 		.4byte	.LCFI2
 333 0034 0200     		.2byte	0x2
 334 0036 7D       		.byte	0x7d
 335 0037 00       		.sleb128 0
 336 0038 02000000 		.4byte	.LCFI2
 337 003c 04000000 		.4byte	.LCFI3
 338 0040 0200     		.2byte	0x2
 339 0042 7D       		.byte	0x7d
 340 0043 04       		.sleb128 4
 341 0044 04000000 		.4byte	.LCFI3
 342 0048 0A000000 		.4byte	.LFE1
 343 004c 0200     		.2byte	0x2
 344 004e 77       		.byte	0x77
 345 004f 04       		.sleb128 4
 346 0050 00000000 		.4byte	0
 347 0054 00000000 		.4byte	0
 348              	.LLST2:
 349 0058 00000000 		.4byte	.LFB2
 350 005c 02000000 		.4byte	.LCFI4
 351 0060 0200     		.2byte	0x2
 352 0062 7D       		.byte	0x7d
 353 0063 00       		.sleb128 0
 354 0064 02000000 		.4byte	.LCFI4
 355 0068 04000000 		.4byte	.LCFI5
 356 006c 0200     		.2byte	0x2
 357 006e 7D       		.byte	0x7d
 358 006f 04       		.sleb128 4
 359 0070 04000000 		.4byte	.LCFI5
 360 0074 0A000000 		.4byte	.LFE2
 361 0078 0200     		.2byte	0x2
 362 007a 77       		.byte	0x77
 363 007b 04       		.sleb128 4
 364 007c 00000000 		.4byte	0
 365 0080 00000000 		.4byte	0
 366              	.LLST3:
 367 0084 00000000 		.4byte	.LFB3
 368 0088 02000000 		.4byte	.LCFI6
 369 008c 0200     		.2byte	0x2
 370 008e 7D       		.byte	0x7d
 371 008f 00       		.sleb128 0
 372 0090 02000000 		.4byte	.LCFI6
 373 0094 04000000 		.4byte	.LCFI7
ARM GAS  C:\Users\Brian\AppData\Local\Temp\cch7EoJf.s 			page 11


 374 0098 0200     		.2byte	0x2
 375 009a 7D       		.byte	0x7d
 376 009b 04       		.sleb128 4
 377 009c 04000000 		.4byte	.LCFI7
 378 00a0 0A000000 		.4byte	.LFE3
 379 00a4 0200     		.2byte	0x2
 380 00a6 77       		.byte	0x77
 381 00a7 04       		.sleb128 4
 382 00a8 00000000 		.4byte	0
 383 00ac 00000000 		.4byte	0
 384              		.section	.debug_aranges,"",%progbits
 385 0000 34000000 		.4byte	0x34
 386 0004 0200     		.2byte	0x2
 387 0006 00000000 		.4byte	.Ldebug_info0
 388 000a 04       		.byte	0x4
 389 000b 00       		.byte	0
 390 000c 0000     		.2byte	0
 391 000e 0000     		.2byte	0
 392 0010 00000000 		.4byte	.LFB0
 393 0014 0A000000 		.4byte	.LFE0-.LFB0
 394 0018 00000000 		.4byte	.LFB1
 395 001c 0A000000 		.4byte	.LFE1-.LFB1
 396 0020 00000000 		.4byte	.LFB2
 397 0024 0A000000 		.4byte	.LFE2-.LFB2
 398 0028 00000000 		.4byte	.LFB3
 399 002c 0A000000 		.4byte	.LFE3-.LFB3
 400 0030 00000000 		.4byte	0
 401 0034 00000000 		.4byte	0
 402              		.section	.debug_ranges,"",%progbits
 403              	.Ldebug_ranges0:
 404 0000 00000000 		.4byte	.LFB0
 405 0004 0A000000 		.4byte	.LFE0
 406 0008 00000000 		.4byte	.LFB1
 407 000c 0A000000 		.4byte	.LFE1
 408 0010 00000000 		.4byte	.LFB2
 409 0014 0A000000 		.4byte	.LFE2
 410 0018 00000000 		.4byte	.LFB3
 411 001c 0A000000 		.4byte	.LFE3
 412 0020 00000000 		.4byte	0
 413 0024 00000000 		.4byte	0
 414              		.section	.debug_line,"",%progbits
 415              	.Ldebug_line0:
 416 0000 93000000 		.section	.debug_str,"MS",%progbits,1
 416      02004200 
 416      00000201 
 416      FB0E0D00 
 416      01010101 
 417              	.LASF6:
 418 0000 6C6F6E67 		.ascii	"long long int\000"
 418      206C6F6E 
 418      6720696E 
 418      7400
 419              	.LASF14:
 420 000e 4144435F 		.ascii	"ADC_DelSig_1_ISR2\000"
 420      44656C53 
 420      69675F31 
 420      5F495352 
ARM GAS  C:\Users\Brian\AppData\Local\Temp\cch7EoJf.s 			page 12


 420      3200
 421              	.LASF17:
 422 0020 474E5520 		.ascii	"GNU C 4.7.3 20130312 (release) [ARM/embedded-4_7-br"
 422      4320342E 
 422      372E3320 
 422      32303133 
 422      30333132 
 423 0053 616E6368 		.ascii	"anch revision 196615]\000"
 423      20726576 
 423      6973696F 
 423      6E203139 
 423      36363135 
 424              	.LASF5:
 425 0069 6C6F6E67 		.ascii	"long unsigned int\000"
 425      20756E73 
 425      69676E65 
 425      6420696E 
 425      7400
 426              	.LASF13:
 427 007b 4144435F 		.ascii	"ADC_DelSig_1_ISR1\000"
 427      44656C53 
 427      69675F31 
 427      5F495352 
 427      3100
 428              	.LASF7:
 429 008d 6C6F6E67 		.ascii	"long long unsigned int\000"
 429      206C6F6E 
 429      6720756E 
 429      7369676E 
 429      65642069 
 430              	.LASF15:
 431 00a4 4144435F 		.ascii	"ADC_DelSig_1_ISR3\000"
 431      44656C53 
 431      69675F31 
 431      5F495352 
 431      3300
 432              	.LASF16:
 433 00b6 4144435F 		.ascii	"ADC_DelSig_1_ISR4\000"
 433      44656C53 
 433      69675F31 
 433      5F495352 
 433      3400
 434              	.LASF19:
 435 00c8 433A5C55 		.ascii	"C:\\Users\\Brian\\Dropbox\\RPiSoC\\Projects\\PSoC_2"
 435      73657273 
 435      5C427269 
 435      616E5C44 
 435      726F7062 
 436 00f5 5F50695C 		.ascii	"_Pi\\PSoC Creator\\PSoC_2_Pi.cydsn\000"
 436      50536F43 
 436      20437265 
 436      61746F72 
 436      5C50536F 
 437              	.LASF1:
 438 0116 756E7369 		.ascii	"unsigned char\000"
 438      676E6564 
 438      20636861 
ARM GAS  C:\Users\Brian\AppData\Local\Temp\cch7EoJf.s 			page 13


 438      7200
 439              	.LASF11:
 440 0124 63686172 		.ascii	"char\000"
 440      00
 441              	.LASF4:
 442 0129 6C6F6E67 		.ascii	"long int\000"
 442      20696E74 
 442      00
 443              	.LASF18:
 444 0132 2E5C4765 		.ascii	".\\Generated_Source\\PSoC5\\ADC_DelSig_1_INT.c\000"
 444      6E657261 
 444      7465645F 
 444      536F7572 
 444      63655C50 
 445              	.LASF10:
 446 015e 646F7562 		.ascii	"double\000"
 446      6C6500
 447              	.LASF3:
 448 0165 73686F72 		.ascii	"short unsigned int\000"
 448      7420756E 
 448      7369676E 
 448      65642069 
 448      6E7400
 449              	.LASF0:
 450 0178 7369676E 		.ascii	"signed char\000"
 450      65642063 
 450      68617200 
 451              	.LASF9:
 452 0184 666C6F61 		.ascii	"float\000"
 452      7400
 453              	.LASF2:
 454 018a 73686F72 		.ascii	"short int\000"
 454      7420696E 
 454      7400
 455              	.LASF8:
 456 0194 756E7369 		.ascii	"unsigned int\000"
 456      676E6564 
 456      20696E74 
 456      00
 457              	.LASF12:
 458 01a1 73697A65 		.ascii	"sizetype\000"
 458      74797065 
 458      00
 459              		.ident	"GCC: (GNU Tools for ARM Embedded Processors) 4.7.3 20130312 (release) [ARM/embedded-4_7-br
