Archive member included because of file (symbol)

.\CortexM3\ARM_GCC_473\Debug\PSoC_2_Pi.a(cyfitter_cfg.o)
                              .\CortexM3\ARM_GCC_473\Debug\Cm3Start.o (cyfitter_cfg)
.\CortexM3\ARM_GCC_473\Debug\PSoC_2_Pi.a(SPIS_1.o)
                              .\CortexM3\ARM_GCC_473\Debug\main.o (SPIS_1_ClearFIFO)
.\CortexM3\ARM_GCC_473\Debug\PSoC_2_Pi.a(CyBootAsmGnu.o)
                              .\CortexM3\ARM_GCC_473\Debug\PSoC_2_Pi.a(cyfitter_cfg.o) (CyDelayCycles)
.\CortexM3\ARM_GCC_473\Debug\PSoC_2_Pi.a(CyDmac.o)
                              .\CortexM3\ARM_GCC_473\Debug\Cm3Start.o (CyDmacConfigure)
.\CortexM3\ARM_GCC_473\Debug\PSoC_2_Pi.a(CyLib.o)
                              .\CortexM3\ARM_GCC_473\Debug\Cm3Start.o (CyResetStatus)
.\CortexM3\ARM_GCC_473\Debug\PSoC_2_Pi.a(cyPm.o)
                              .\CortexM3\ARM_GCC_473\Debug\PSoC_2_Pi.a(CyLib.o) (CyPmReadStatus)
.\CortexM3\ARM_GCC_473\Debug\PSoC_2_Pi.a(PWM_1.o)
                              .\CortexM3\ARM_GCC_473\Debug\mem1.o (PWM_1_Start)
.\CortexM3\ARM_GCC_473\Debug\PSoC_2_Pi.a(PWM_1_PM.o)
                              .\CortexM3\ARM_GCC_473\Debug\mem1.o (PWM_1_Sleep)
.\CortexM3\ARM_GCC_473\Debug\PSoC_2_Pi.a(ADC_SAR_1.o)
                              .\CortexM3\ARM_GCC_473\Debug\mem1.o (ADC_SAR_1_Start)
.\CortexM3\ARM_GCC_473\Debug\PSoC_2_Pi.a(ADC_SAR_1_INT.o)
                              .\CortexM3\ARM_GCC_473\Debug\PSoC_2_Pi.a(ADC_SAR_1.o) (ADC_SAR_1_ISR)
.\CortexM3\ARM_GCC_473\Debug\PSoC_2_Pi.a(ADC_SAR_1_PM.o)
                              .\CortexM3\ARM_GCC_473\Debug\mem1.o (ADC_SAR_1_Sleep)
.\CortexM3\ARM_GCC_473\Debug\PSoC_2_Pi.a(ADC_SAR_1_theACLK.o)
                              .\CortexM3\ARM_GCC_473\Debug\PSoC_2_Pi.a(ADC_SAR_1.o) (ADC_SAR_1_theACLK_SetModeRegister)
.\CortexM3\ARM_GCC_473\Debug\PSoC_2_Pi.a(VDAC8_1.o)
                              .\CortexM3\ARM_GCC_473\Debug\mem1.o (VDAC8_1_SetRange)
.\CortexM3\ARM_GCC_473\Debug\PSoC_2_Pi.a(VDAC8_1_PM.o)
                              .\CortexM3\ARM_GCC_473\Debug\mem1.o (VDAC8_1_Sleep)
.\CortexM3\ARM_GCC_473\Debug\PSoC_2_Pi.a(VDAC8_2.o)
                              .\CortexM3\ARM_GCC_473\Debug\mem1.o (VDAC8_2_SetRange)
.\CortexM3\ARM_GCC_473\Debug\PSoC_2_Pi.a(VDAC8_2_PM.o)
                              .\CortexM3\ARM_GCC_473\Debug\mem1.o (VDAC8_2_Sleep)
.\CortexM3\ARM_GCC_473\Debug\PSoC_2_Pi.a(IDAC8_1.o)
                              .\CortexM3\ARM_GCC_473\Debug\mem1.o (IDAC8_1_SetSpeed)
.\CortexM3\ARM_GCC_473\Debug\PSoC_2_Pi.a(IDAC8_1_PM.o)
                              .\CortexM3\ARM_GCC_473\Debug\mem1.o (IDAC8_1_Sleep)
.\CortexM3\ARM_GCC_473\Debug\PSoC_2_Pi.a(WaveDAC_clk.o)
                              .\CortexM3\ARM_GCC_473\Debug\mem1.o (WaveDAC_clk_Start)
.\CortexM3\ARM_GCC_473\Debug\PSoC_2_Pi.a(WaveDAC8_1.o)
                              .\CortexM3\ARM_GCC_473\Debug\mem1.o (WaveDAC8_1_Wave2Setup)
.\CortexM3\ARM_GCC_473\Debug\PSoC_2_Pi.a(WaveDAC8_1_PM.o)
                              .\CortexM3\ARM_GCC_473\Debug\mem1.o (WaveDAC8_1_Sleep)
.\CortexM3\ARM_GCC_473\Debug\PSoC_2_Pi.a(WaveDAC8_1_Wave1_DMA_dma.o)
                              .\CortexM3\ARM_GCC_473\Debug\PSoC_2_Pi.a(WaveDAC8_1.o) (WaveDAC8_1_Wave1_DMA_DmaInitialize)
.\CortexM3\ARM_GCC_473\Debug\PSoC_2_Pi.a(WaveDAC8_1_Wave2_DMA_dma.o)
                              .\CortexM3\ARM_GCC_473\Debug\PSoC_2_Pi.a(WaveDAC8_1.o) (WaveDAC8_1_Wave2_DMA_DmaInitialize)
.\CortexM3\ARM_GCC_473\Debug\PSoC_2_Pi.a(WaveDAC8_1_VDAC8.o)
                              .\CortexM3\ARM_GCC_473\Debug\PSoC_2_Pi.a(WaveDAC8_1.o) (WaveDAC8_1_VDAC8_Init)
.\CortexM3\ARM_GCC_473\Debug\PSoC_2_Pi.a(WaveDAC8_1_VDAC8_PM.o)
                              .\CortexM3\ARM_GCC_473\Debug\PSoC_2_Pi.a(WaveDAC8_1_PM.o) (WaveDAC8_1_VDAC8_SaveConfig)
.\CortexM3\ARM_GCC_473\Debug\PSoC_2_Pi.a(ADC_DelSig_1.o)
                              .\CortexM3\ARM_GCC_473\Debug\mem1.o (ADC_DelSig_1_Start)
.\CortexM3\ARM_GCC_473\Debug\PSoC_2_Pi.a(ADC_DelSig_1_PM.o)
                              .\CortexM3\ARM_GCC_473\Debug\mem1.o (ADC_DelSig_1_Sleep)
.\CortexM3\ARM_GCC_473\Debug\PSoC_2_Pi.a(ADC_DelSig_1_INT.o)
                              .\CortexM3\ARM_GCC_473\Debug\PSoC_2_Pi.a(ADC_DelSig_1.o) (ADC_DelSig_1_ISR1)
.\CortexM3\ARM_GCC_473\Debug\PSoC_2_Pi.a(PWM_2.o)
                              .\CortexM3\ARM_GCC_473\Debug\mem1.o (PWM_2_Start)
.\CortexM3\ARM_GCC_473\Debug\PSoC_2_Pi.a(PWM_2_PM.o)
                              .\CortexM3\ARM_GCC_473\Debug\mem1.o (PWM_2_Sleep)
.\CortexM3\ARM_GCC_473\Debug\PSoC_2_Pi.a(PWM_3.o)
                              .\CortexM3\ARM_GCC_473\Debug\mem1.o (PWM_3_Start)
.\CortexM3\ARM_GCC_473\Debug\PSoC_2_Pi.a(PWM_3_PM.o)
                              .\CortexM3\ARM_GCC_473\Debug\mem1.o (PWM_3_Sleep)
.\CortexM3\ARM_GCC_473\Debug\PSoC_2_Pi.a(PWM_4.o)
                              .\CortexM3\ARM_GCC_473\Debug\mem1.o (PWM_4_Start)
.\CortexM3\ARM_GCC_473\Debug\PSoC_2_Pi.a(PWM_4_PM.o)
[...]
Memory Configuration

Name             Origin             Length             Attributes
rom              0x00000000         0x00040000         xr
ram              0x1fff8000         0x00010000         xrw
*default*        0x00000000         0xffffffff

Linker script and memory map

LOAD c:/program files (x86)/cypress/psoc creator/3.0/psoc creator/import/gnu_cs/arm/4.7.3/bin/../lib/gcc/arm-none-eabi/4.7.3/armv7-m/crti.o
LOAD c:/program files (x86)/cypress/psoc creator/3.0/psoc creator/import/gnu_cs/arm/4.7.3/bin/../lib/gcc/arm-none-eabi/4.7.3/armv7-m/crtbegin.o
LOAD c:/program files (x86)/cypress/psoc creator/3.0/psoc creator/import/gnu_cs/arm/4.7.3/bin/../lib/gcc/arm-none-eabi/4.7.3/../../../../arm-none-eabi/lib/armv7-m/crt0.o
START GROUP
LOAD .\CortexM3\ARM_GCC_473\Debug\main.o
LOAD .\CortexM3\ARM_GCC_473\Debug\mem1.o
LOAD .\CortexM3\ARM_GCC_473\Debug\cymetadata.o
LOAD .\CortexM3\ARM_GCC_473\Debug\Cm3Start.o
LOAD .\CortexM3\ARM_GCC_473\Debug\cybootloader.o
LOAD .\CortexM3\ARM_GCC_473\Debug\PSoC_2_Pi.a
LOAD C:\Program Files (x86)\Cypress\PSoC Creator\3.0\PSoC Creator\psoc\content\cycomponentlibrary\CyComponentLibrary.cylib\CortexM3\ARM_GCC_473\Debug\CyComponentLibrary.a
END GROUP
START GROUP
LOAD c:/program files (x86)/cypress/psoc creator/3.0/psoc creator/import/gnu_cs/arm/4.7.3/bin/../lib/gcc/arm-none-eabi/4.7.3/armv7-m\libgcc.a
LOAD c:/program files (x86)/cypress/psoc creator/3.0/psoc creator/import/gnu_cs/arm/4.7.3/bin/../lib/gcc/arm-none-eabi/4.7.3/../../../../arm-none-eabi/lib/armv7-m\libc_s.a
END GROUP
LOAD c:/program files (x86)/cypress/psoc creator/3.0/psoc creator/import/gnu_cs/arm/4.7.3/bin/../lib/gcc/arm-none-eabi/4.7.3/armv7-m/crtend.o
LOAD c:/program files (x86)/cypress/psoc creator/3.0/psoc creator/import/gnu_cs/arm/4.7.3/bin/../lib/gcc/arm-none-eabi/4.7.3/armv7-m/crtn.o
START GROUP
LOAD c:/program files (x86)/cypress/psoc creator/3.0/psoc creator/import/gnu_cs/arm/4.7.3/bin/../lib/gcc/arm-none-eabi/4.7.3/armv7-m\libgcc.a
LOAD c:/program files (x86)/cypress/psoc creator/3.0/psoc creator/import/gnu_cs/arm/4.7.3/bin/../lib/gcc/arm-none-eabi/4.7.3/../../../../arm-none-eabi/lib/armv7-m\libc.a
LOAD c:/program files (x86)/cypress/psoc creator/3.0/psoc creator/import/gnu_cs/arm/4.7.3/bin/../lib/gcc/arm-none-eabi/4.7.3/../../../../arm-none-eabi/lib/armv7-m\libnosys.a
END GROUP
                0x00000000                CY_APPL_ORIGIN = 0x0
                0x00000100                CY_FLASH_ROW_SIZE = 0x100
                0x00000020                CY_ECC_ROW_SIZE = 0x20
                0x00000000                CY_EE_IN_BTLDR = 0x0
                0x00000001                CY_APPL_LOADABLE = 0x1
                0x00000800                CY_EE_SIZE = 0x800
                0x00000001                CY_APPL_NUM = 0x1
                0x00000001                CY_APPL_MAX = 0x1
                0x00000040                CY_METADATA_SIZE = 0x40
                0x1fff8238                PROVIDE (__cy_heap_start, _end)
                0x00000001                PROVIDE (__cy_region_num, ((__cy_regions_end - __cy_regions) / 0x10))
                0x20008000                PROVIDE (__cy_stack, (ORIGIN (ram) + 0x10000))
                0x20004000                PROVIDE (__cy_heap_end, (__cy_stack - 0x4000))

.cybootloader   0x00000000     0x4b00
 *(.cybootloader)
 .cybootloader  0x00000000     0x4b00 .\CortexM3\ARM_GCC_473\Debug\cybootloader.o
                0x00000000                cy_bootloader
                0x00004b00                appl1_start = CY_APPL_ORIGIN?CY_APPL_ORIGIN:ALIGN (CY_FLASH_ROW_SIZE)
                0x00022500                appl2_start = (appl1_start + ALIGN ((((0x40000 - appl1_start) - (0x2 * CY_FLASH_ROW_SIZE)) / 0x2), CY_FLASH_ROW_SIZE))
                0x00004b00                appl_start = (CY_APPL_NUM == 0x1)?appl1_start:appl2_start
                0x00000960                ecc_offset = ((appl_start / CY_FLASH_ROW_SIZE) * CY_ECC_ROW_SIZE)
                0x00000000                ee_offset = (CY_APPL_LOADABLE && ! (CY_EE_IN_BTLDR))?((CY_EE_SIZE / CY_APPL_MAX) * (CY_APPL_NUM - 0x1)):0x0
                0x00000800                ee_size = (CY_APPL_LOADABLE && ! (CY_EE_IN_BTLDR))?(CY_EE_SIZE / CY_APPL_MAX):CY_EE_SIZE
                0x00000960                PROVIDE (CY_ECC_OFFSET, ecc_offset)

.text           0x00004b00     0xa3da
 CREATE_OBJECT_SYMBOLS
                0x00004b00                PROVIDE (__cy_interrupt_vector, RomVectors)
 *(.romvectors)
 .romvectors    0x00004b00       0x10 .\CortexM3\ARM_GCC_473\Debug\Cm3Start.o
                0x00004b00                RomVectors
                0x00000001                ASSERT ((. != __cy_interrupt_vector), No interrupt vector)
                0x00000001                ASSERT (CY_APPL_ORIGIN?(SIZEOF (.cybootloader) <= CY_APPL_ORIGIN):0x1, Wrong image location)
                0x00004b10                PROVIDE (__cy_reset, Reset)
 *(.text.Reset)
 .text.Reset    0x00004b10        0x8 .\CortexM3\ARM_GCC_473\Debug\Cm3Start.o
                0x00004b10                Reset
                0x00000001                ASSERT ((. != __cy_reset), No reset code)
 *(.dma_init)
                0x00000001                ASSERT ((((appl_start + .) <= 0x10000) || 0x1), DMA Init must be within the first 64k of flash)
 *(.text .text.* .gnu.linkonce.t.*)
 .text          0x00004b18       0x54 c:/program files (x86)/cypress/psoc creator/3.0/psoc creator/import/gnu_cs/arm/4.7.3/bin/../lib/gcc/arm-none-eabi/4.7.3/armv7-m/crtbegin.o
 .text.main     0x00004b6c       0x68 .\CortexM3\ARM_GCC_473\Debug\main.o
                0x00004b6c                main
 .text.ReadFrom_Pi
                0x00004bd4       0x98 .\CortexM3\ARM_GCC_473\Debug\main.o
                0x00004bd4                ReadFrom_Pi
 .text.WriteTo_Pi
                0x00004c6c       0x74 .\CortexM3\ARM_GCC_473\Debug\main.o
                0x00004c6c                WriteTo_Pi
 .text.readData
                0x00004ce0      0x15c .\CortexM3\ARM_GCC_473\Debug\mem1.o
                0x00004ce0                readData
 .text.DELSIG_ADC_Control
                0x00004e3c      0x170 .\CortexM3\ARM_GCC_473\Debug\mem1.o
                0x00004e3c                DELSIG_ADC_Control
 .text.SAR0_ADC_Control
                0x00004fac      0x128 .\CortexM3\ARM_GCC_473\Debug\mem1.o
                0x00004fac                SAR0_ADC_Control
 .text.VDAC0_Control
                0x000050d4       0xc0 .\CortexM3\ARM_GCC_473\Debug\mem1.o
                0x000050d4                VDAC0_Control
 .text.VDAC1_Control
                0x00005194       0xc0 .\CortexM3\ARM_GCC_473\Debug\mem1.o
                0x00005194                VDAC1_Control
 .text.IDAC0_Control
                0x00005254       0xf4 .\CortexM3\ARM_GCC_473\Debug\mem1.o
                0x00005254                IDAC0_Control
 .text.WAVEDAC_Control
                0x00005348       0xe8 .\CortexM3\ARM_GCC_473\Debug\mem1.o
                0x00005348                WAVEDAC_Control
 .text.Generate_Wave
                0x00005430      0x478 .\CortexM3\ARM_GCC_473\Debug\mem1.o
                0x00005430                Generate_Wave
 .text.PWM_Control_0
                0x000058a8       0xe0 .\CortexM3\ARM_GCC_473\Debug\mem1.o
                0x000058a8                PWM_Control_0
 .text.PWM_Control_1
                0x00005988       0xe0 .\CortexM3\ARM_GCC_473\Debug\mem1.o
                0x00005988                PWM_Control_1
 .text.PWM_Control_2
                0x00005a68       0xe0 .\CortexM3\ARM_GCC_473\Debug\mem1.o
                0x00005a68                PWM_Control_2
 .text.PWM_Control_3
                0x00005b48       0xe0 .\CortexM3\ARM_GCC_473\Debug\mem1.o
                0x00005b48                PWM_Control_3
 .text.PWM_Control_4
                0x00005c28       0xe0 .\CortexM3\ARM_GCC_473\Debug\mem1.o
                0x00005c28                PWM_Control_4
 .text.PWM_Control_5
                0x00005d08       0xe0 .\CortexM3\ARM_GCC_473\Debug\mem1.o
                0x00005d08                PWM_Control_5
 .text.PWM_Control_6
                0x00005de8       0xe0 .\CortexM3\ARM_GCC_473\Debug\mem1.o
                0x00005de8                PWM_Control_6
 .text.PWM_Control_7
                0x00005ec8       0xe0 .\CortexM3\ARM_GCC_473\Debug\mem1.o
                0x00005ec8                PWM_Control_7
 .text.GPIO_Control
                0x00005fa8      0x51c .\CortexM3\ARM_GCC_473\Debug\mem1.o
                0x00005fa8                GPIO_Control
 .text.Analog_Read
                0x000064c4       0xc4 .\CortexM3\ARM_GCC_473\Debug\mem1.o
                0x000064c4                Analog_Read
 .text.IntDefaultHandler
                0x00006588        0x8 .\CortexM3\ARM_GCC_473\Debug\Cm3Start.o
                0x00006588                IntDefaultHandler
 .text.Start_c  0x00006590       0xcc .\CortexM3\ARM_GCC_473\Debug\Cm3Start.o
                0x00006590                Start_c
 .text.initialize_psoc
                0x0000665c       0xb8 .\CortexM3\ARM_GCC_473\Debug\Cm3Start.o
                0x0000665c                initialize_psoc
 .text.CYMEMZERO
                0x00006714       0x20 .\CortexM3\ARM_GCC_473\Debug\PSoC_2_Pi.a(cyfitter_cfg.o)
 .text.CYCONFIGCPY
                0x00006734       0x20 .\CortexM3\ARM_GCC_473\Debug\PSoC_2_Pi.a(cyfitter_cfg.o)
 .text.CyClockStartupError
                0x00006754        0xc .\CortexM3\ARM_GCC_473\Debug\PSoC_2_Pi.a(cyfitter_cfg.o)
 .text.cfg_write_bytes32
                0x00006760       0x84 .\CortexM3\ARM_GCC_473\Debug\PSoC_2_Pi.a(cyfitter_cfg.o)
 .text.ClockSetup
                0x000067e4      0x260 .\CortexM3\ARM_GCC_473\Debug\PSoC_2_Pi.a(cyfitter_cfg.o)
 .text.AnalogSetDefault
                0x00006a44      0x1bc .\CortexM3\ARM_GCC_473\Debug\PSoC_2_Pi.a(cyfitter_cfg.o)
 .text.ADC_DelSig_1_AMux_Set
                0x00006c00       0x4c .\CortexM3\ARM_GCC_473\Debug\PSoC_2_Pi.a(cyfitter_cfg.o)
                0x00006c00                ADC_DelSig_1_AMux_Set
 .text.ADC_DelSig_1_AMux_Unset
                0x00006c4c       0x50 .\CortexM3\ARM_GCC_473\Debug\PSoC_2_Pi.a(cyfitter_cfg.o)
                0x00006c4c                ADC_DelSig_1_AMux_Unset
 .text.cyfitter_cfg
                0x00006c9c      0x370 .\CortexM3\ARM_GCC_473\Debug\PSoC_2_Pi.a(cyfitter_cfg.o)
                0x00006c9c                cyfitter_cfg
 .text.SPIS_1_Init
                0x0000700c       0x3c .\CortexM3\ARM_GCC_473\Debug\PSoC_2_Pi.a(SPIS_1.o)
                0x0000700c                SPIS_1_Init
 .text.SPIS_1_Enable
                0x00007048       0x74 .\CortexM3\ARM_GCC_473\Debug\PSoC_2_Pi.a(SPIS_1.o)
                0x00007048                SPIS_1_Enable
 .text.SPIS_1_Start
                0x000070bc       0x2c .\CortexM3\ARM_GCC_473\Debug\PSoC_2_Pi.a(SPIS_1.o)
                0x000070bc                SPIS_1_Start
 .text.SPIS_1_ReadTxStatus
                0x000070e8       0x20 .\CortexM3\ARM_GCC_473\Debug\PSoC_2_Pi.a(SPIS_1.o)
                0x000070e8                SPIS_1_ReadTxStatus
 .text.SPIS_1_ReadRxStatus
                0x00007108       0x20 .\CortexM3\ARM_GCC_473\Debug\PSoC_2_Pi.a(SPIS_1.o)
                0x00007108                SPIS_1_ReadRxStatus
 .text.SPIS_1_WriteTxData
                0x00007128       0x38 .\CortexM3\ARM_GCC_473\Debug\PSoC_2_Pi.a(SPIS_1.o)
                0x00007128                SPIS_1_WriteTxData
 .text.SPIS_1_WriteTxDataZero
                0x00007160       0x20 .\CortexM3\ARM_GCC_473\Debug\PSoC_2_Pi.a(SPIS_1.o)
                0x00007160                SPIS_1_WriteTxDataZero
 .text.SPIS_1_ReadRxData
                0x00007180       0x20 .\CortexM3\ARM_GCC_473\Debug\PSoC_2_Pi.a(SPIS_1.o)
                0x00007180                SPIS_1_ReadRxData
 .text.SPIS_1_GetRxBufferSize
                0x000071a0       0x34 .\CortexM3\ARM_GCC_473\Debug\PSoC_2_Pi.a(SPIS_1.o)
                0x000071a0                SPIS_1_GetRxBufferSize
 .text.SPIS_1_ClearRxBuffer
                0x000071d4       0x2c .\CortexM3\ARM_GCC_473\Debug\PSoC_2_Pi.a(SPIS_1.o)
                0x000071d4                SPIS_1_ClearRxBuffer
 .text.SPIS_1_ClearTxBuffer
                0x00007200       0x58 .\CortexM3\ARM_GCC_473\Debug\PSoC_2_Pi.a(SPIS_1.o)
                0x00007200                SPIS_1_ClearTxBuffer
 .text.SPIS_1_PutArray
                0x00007258       0x40 .\CortexM3\ARM_GCC_473\Debug\PSoC_2_Pi.a(SPIS_1.o)
                0x00007258                SPIS_1_PutArray
 .text.SPIS_1_ClearFIFO
                0x00007298       0x78 .\CortexM3\ARM_GCC_473\Debug\PSoC_2_Pi.a(SPIS_1.o)
                0x00007298                SPIS_1_ClearFIFO
 .text          0x00007310       0x28 .\CortexM3\ARM_GCC_473\Debug\PSoC_2_Pi.a(CyBootAsmGnu.o)
                0x00007310                CyDelayCycles
                0x00007324                CyEnterCriticalSection
                0x0000732c                CyExitCriticalSection
 .text.CyDmacConfigure
                0x00007338       0x70 .\CortexM3\ARM_GCC_473\Debug\PSoC_2_Pi.a(CyDmac.o)
                0x00007338                CyDmacConfigure
 .text.CyDmaChEnable
                0x000073a8       0xbc .\CortexM3\ARM_GCC_473\Debug\PSoC_2_Pi.a(CyDmac.o)
                0x000073a8                CyDmaChEnable
 .text.CyDmaChDisable
                0x00007464       0x84 .\CortexM3\ARM_GCC_473\Debug\PSoC_2_Pi.a(CyDmac.o)
                0x00007464                CyDmaChDisable
 .text.CyDmaChPriority
                0x000074e8       0x70 .\CortexM3\ARM_GCC_473\Debug\PSoC_2_Pi.a(CyDmac.o)
                0x000074e8                CyDmaChPriority
 .text.CyDmaChSetExtendedAddress
                0x00007558       0x88 .\CortexM3\ARM_GCC_473\Debug\PSoC_2_Pi.a(CyDmac.o)
                0x00007558                CyDmaChSetExtendedAddress
 .text.CyDmaChSetInitialTd
                0x000075e0       0x44 .\CortexM3\ARM_GCC_473\Debug\PSoC_2_Pi.a(CyDmac.o)
                0x000075e0                CyDmaChSetInitialTd
 .text.CyDmaChSetRequest
                0x00007624       0x64 .\CortexM3\ARM_GCC_473\Debug\PSoC_2_Pi.a(CyDmac.o)
                0x00007624                CyDmaChSetRequest
 .text.CyDmaChSetConfiguration
                0x00007688       0xa4 .\CortexM3\ARM_GCC_473\Debug\PSoC_2_Pi.a(CyDmac.o)
                0x00007688                CyDmaChSetConfiguration
 .text.CyDmaTdAllocate
                0x0000772c       0x78 .\CortexM3\ARM_GCC_473\Debug\PSoC_2_Pi.a(CyDmac.o)
                0x0000772c                CyDmaTdAllocate
 .text.CyDmaTdFree
                0x000077a4       0x6c .\CortexM3\ARM_GCC_473\Debug\PSoC_2_Pi.a(CyDmac.o)
                0x000077a4                CyDmaTdFree
 .text.CyDmaTdSetConfiguration
                0x00007810       0x7c .\CortexM3\ARM_GCC_473\Debug\PSoC_2_Pi.a(CyDmac.o)
                0x00007810                CyDmaTdSetConfiguration
 .text.CyDmaTdSetAddress
                0x0000788c       0x68 .\CortexM3\ARM_GCC_473\Debug\PSoC_2_Pi.a(CyDmac.o)
                0x0000788c                CyDmaTdSetAddress
 .text.CyHalt   0x000078f4       0x18 .\CortexM3\ARM_GCC_473\Debug\PSoC_2_Pi.a(CyLib.o)
                0x000078f4                CyHalt
 .text.CySoftwareReset
                0x0000790c       0x28 .\CortexM3\ARM_GCC_473\Debug\PSoC_2_Pi.a(CyLib.o)
                0x0000790c                CySoftwareReset
 .text.CyDelayUs
                0x00007934       0x28 .\CortexM3\ARM_GCC_473\Debug\PSoC_2_Pi.a(CyLib.o)
                0x00007934                CyDelayUs
 .text.CyIntSetVector
                0x0000795c       0x60 .\CortexM3\ARM_GCC_473\Debug\PSoC_2_Pi.a(CyLib.o)
                0x0000795c                CyIntSetVector
 .text.CyIntSetPriority
                0x000079bc       0x4c .\CortexM3\ARM_GCC_473\Debug\PSoC_2_Pi.a(CyLib.o)
                0x000079bc                CyIntSetPriority
 .text.PWM_1_Start
                0x00007a08       0x2c .\CortexM3\ARM_GCC_473\Debug\PSoC_2_Pi.a(PWM_1.o)
                0x00007a08                PWM_1_Start
 .text.PWM_1_Init
                0x00007a34       0xbc .\CortexM3\ARM_GCC_473\Debug\PSoC_2_Pi.a(PWM_1.o)
                0x00007a34                PWM_1_Init
 .text.PWM_1_Enable
                0x00007af0       0x28 .\CortexM3\ARM_GCC_473\Debug\PSoC_2_Pi.a(PWM_1.o)
                0x00007af0                PWM_1_Enable
 .text.PWM_1_Stop
                0x00007b18       0x28 .\CortexM3\ARM_GCC_473\Debug\PSoC_2_Pi.a(PWM_1.o)
                0x00007b18                PWM_1_Stop
 .text.PWM_1_WriteCounter
                0x00007b40       0x20 .\CortexM3\ARM_GCC_473\Debug\PSoC_2_Pi.a(PWM_1.o)
                0x00007b40                PWM_1_WriteCounter
 .text.PWM_1_ReadCounter
                0x00007b60       0x24 .\CortexM3\ARM_GCC_473\Debug\PSoC_2_Pi.a(PWM_1.o)
                0x00007b60                PWM_1_ReadCounter
 .text.PWM_1_ClearFIFO
                0x00007b84       0x1c .\CortexM3\ARM_GCC_473\Debug\PSoC_2_Pi.a(PWM_1.o)
                0x00007b84                PWM_1_ClearFIFO
 .text.PWM_1_WritePeriod
                0x00007ba0       0x20 .\CortexM3\ARM_GCC_473\Debug\PSoC_2_Pi.a(PWM_1.o)
                0x00007ba0                PWM_1_WritePeriod
 .text.PWM_1_WriteCompare
                0x00007bc0       0x20 .\CortexM3\ARM_GCC_473\Debug\PSoC_2_Pi.a(PWM_1.o)
                0x00007bc0                PWM_1_WriteCompare
 .text.PWM_1_SetInterruptMode
                0x00007be0       0x20 .\CortexM3\ARM_GCC_473\Debug\PSoC_2_Pi.a(PWM_1.o)
                0x00007be0                PWM_1_SetInterruptMode
 .text.PWM_1_ReadStatusRegister
                0x00007c00       0x20 .\CortexM3\ARM_GCC_473\Debug\PSoC_2_Pi.a(PWM_1.o)
                0x00007c00                PWM_1_ReadStatusRegister
 .text.PWM_1_ReadControlRegister
                0x00007c20       0x20 .\CortexM3\ARM_GCC_473\Debug\PSoC_2_Pi.a(PWM_1.o)
                0x00007c20                PWM_1_ReadControlRegister
 .text.PWM_1_WriteControlRegister
                0x00007c40       0x20 .\CortexM3\ARM_GCC_473\Debug\PSoC_2_Pi.a(PWM_1.o)
                0x00007c40                PWM_1_WriteControlRegister
 .text.PWM_1_ReadCapture
                0x00007c60       0x18 .\CortexM3\ARM_GCC_473\Debug\PSoC_2_Pi.a(PWM_1.o)
                0x00007c60                PWM_1_ReadCapture
 .text.PWM_1_ReadCompare
                0x00007c78       0x18 .\CortexM3\ARM_GCC_473\Debug\PSoC_2_Pi.a(PWM_1.o)
                0x00007c78                PWM_1_ReadCompare
 .text.PWM_1_ReadPeriod
                0x00007c90       0x18 .\CortexM3\ARM_GCC_473\Debug\PSoC_2_Pi.a(PWM_1.o)
                0x00007c90                PWM_1_ReadPeriod
 .text.PWM_1_SaveConfig
                0x00007ca8       0x54 .\CortexM3\ARM_GCC_473\Debug\PSoC_2_Pi.a(PWM_1_PM.o)
                0x00007ca8                PWM_1_SaveConfig
 .text.PWM_1_RestoreConfig
                0x00007cfc       0x4c .\CortexM3\ARM_GCC_473\Debug\PSoC_2_Pi.a(PWM_1_PM.o)
                0x00007cfc                PWM_1_RestoreConfig
 .text.PWM_1_Sleep
                0x00007d48       0x40 .\CortexM3\ARM_GCC_473\Debug\PSoC_2_Pi.a(PWM_1_PM.o)
                0x00007d48                PWM_1_Sleep
 .text.PWM_1_Wakeup
                0x00007d88       0x1c .\CortexM3\ARM_GCC_473\Debug\PSoC_2_Pi.a(PWM_1_PM.o)
                0x00007d88                PWM_1_Wakeup
 .text.ADC_SAR_1_Start
                0x00007da4       0x2c .\CortexM3\ARM_GCC_473\Debug\PSoC_2_Pi.a(ADC_SAR_1.o)
                0x00007da4                ADC_SAR_1_Start
 .text.ADC_SAR_1_Init
                0x00007dd0       0x5c .\CortexM3\ARM_GCC_473\Debug\PSoC_2_Pi.a(ADC_SAR_1.o)
                0x00007dd0                ADC_SAR_1_Init
 .text.ADC_SAR_1_Enable
                0x00007e2c      0x14c .\CortexM3\ARM_GCC_473\Debug\PSoC_2_Pi.a(ADC_SAR_1.o)
                0x00007e2c                ADC_SAR_1_Enable
 .text.ADC_SAR_1_Stop
                0x00007f78       0xac .\CortexM3\ARM_GCC_473\Debug\PSoC_2_Pi.a(ADC_SAR_1.o)
                0x00007f78                ADC_SAR_1_Stop
 .text.ADC_SAR_1_SetResolution
                0x00008024       0x60 .\CortexM3\ARM_GCC_473\Debug\PSoC_2_Pi.a(ADC_SAR_1.o)
                0x00008024                ADC_SAR_1_SetResolution
 .text.ADC_SAR_1_StartConvert
                0x00008084       0x28 .\CortexM3\ARM_GCC_473\Debug\PSoC_2_Pi.a(ADC_SAR_1.o)
                0x00008084                ADC_SAR_1_StartConvert
 .text.ADC_SAR_1_StopConvert
                0x000080ac       0x28 .\CortexM3\ARM_GCC_473\Debug\PSoC_2_Pi.a(ADC_SAR_1.o)
                0x000080ac                ADC_SAR_1_StopConvert
 .text.ADC_SAR_1_IsEndConversion
                0x000080d4       0x4c .\CortexM3\ARM_GCC_473\Debug\PSoC_2_Pi.a(ADC_SAR_1.o)
                0x000080d4                ADC_SAR_1_IsEndConversion
 .text.ADC_SAR_1_GetResult16
                0x00008120       0x38 .\CortexM3\ARM_GCC_473\Debug\PSoC_2_Pi.a(ADC_SAR_1.o)
                0x00008120                ADC_SAR_1_GetResult16
 .text.ADC_SAR_1_SetOffset
                0x00008158       0x20 .\CortexM3\ARM_GCC_473\Debug\PSoC_2_Pi.a(ADC_SAR_1.o)
                0x00008158                ADC_SAR_1_SetOffset
 .text.ADC_SAR_1_CalcGain
                0x00008178       0x94 .\CortexM3\ARM_GCC_473\Debug\PSoC_2_Pi.a(ADC_SAR_1.o)
 .text.ADC_SAR_1_SetGain
                0x0000820c       0x30 .\CortexM3\ARM_GCC_473\Debug\PSoC_2_Pi.a(ADC_SAR_1.o)
                0x0000820c                ADC_SAR_1_SetGain
 .text.ADC_SAR_1_CountsTo_uVolts
                0x0000823c       0xa8 .\CortexM3\ARM_GCC_473\Debug\PSoC_2_Pi.a(ADC_SAR_1.o)
                0x0000823c                ADC_SAR_1_CountsTo_uVolts
 .text.ADC_SAR_1_ISR
                0x000082e4        0xc .\CortexM3\ARM_GCC_473\Debug\PSoC_2_Pi.a(ADC_SAR_1_INT.o)
                0x000082e4                ADC_SAR_1_ISR
 .text.ADC_SAR_1_Sleep
                0x000082f0       0x60 .\CortexM3\ARM_GCC_473\Debug\PSoC_2_Pi.a(ADC_SAR_1_PM.o)
                0x000082f0                ADC_SAR_1_Sleep
 .text.ADC_SAR_1_Wakeup
                0x00008350       0x30 .\CortexM3\ARM_GCC_473\Debug\PSoC_2_Pi.a(ADC_SAR_1_PM.o)
                0x00008350                ADC_SAR_1_Wakeup
 .text.ADC_SAR_1_theACLK_SetModeRegister
                0x00008380       0x3c .\CortexM3\ARM_GCC_473\Debug\PSoC_2_Pi.a(ADC_SAR_1_theACLK.o)
                0x00008380                ADC_SAR_1_theACLK_SetModeRegister
 .text.VDAC8_1_Init
                0x000083bc       0x34 .\CortexM3\ARM_GCC_473\Debug\PSoC_2_Pi.a(VDAC8_1.o)
                0x000083bc                VDAC8_1_Init
 .text.VDAC8_1_Enable
                0x000083f0       0x44 .\CortexM3\ARM_GCC_473\Debug\PSoC_2_Pi.a(VDAC8_1.o)
                0x000083f0                VDAC8_1_Enable
 .text.VDAC8_1_Start
                0x00008434       0x34 .\CortexM3\ARM_GCC_473\Debug\PSoC_2_Pi.a(VDAC8_1.o)
                0x00008434                VDAC8_1_Start
 .text.VDAC8_1_Stop
                0x00008468       0x44 .\CortexM3\ARM_GCC_473\Debug\PSoC_2_Pi.a(VDAC8_1.o)
                0x00008468                VDAC8_1_Stop
 .text.VDAC8_1_SetSpeed
                0x000084ac       0x54 .\CortexM3\ARM_GCC_473\Debug\PSoC_2_Pi.a(VDAC8_1.o)
                0x000084ac                VDAC8_1_SetSpeed
 .text.VDAC8_1_SetRange
                0x00008500       0x54 .\CortexM3\ARM_GCC_473\Debug\PSoC_2_Pi.a(VDAC8_1.o)
                0x00008500                VDAC8_1_SetRange
 .text.VDAC8_1_SetValue
                0x00008554       0x20 .\CortexM3\ARM_GCC_473\Debug\PSoC_2_Pi.a(VDAC8_1.o)
                0x00008554                VDAC8_1_SetValue
 .text.VDAC8_1_DacTrim
                0x00008574       0x44 .\CortexM3\ARM_GCC_473\Debug\PSoC_2_Pi.a(VDAC8_1.o)
                0x00008574                VDAC8_1_DacTrim
 .text.VDAC8_1_SaveConfig
                0x000085b8       0x34 .\CortexM3\ARM_GCC_473\Debug\PSoC_2_Pi.a(VDAC8_1_PM.o)
                0x000085b8                VDAC8_1_SaveConfig
 .text.VDAC8_1_RestoreConfig
                0x000085ec       0x94 .\CortexM3\ARM_GCC_473\Debug\PSoC_2_Pi.a(VDAC8_1_PM.o)
                0x000085ec                VDAC8_1_RestoreConfig
 .text.VDAC8_1_Sleep
                0x00008680       0x40 .\CortexM3\ARM_GCC_473\Debug\PSoC_2_Pi.a(VDAC8_1_PM.o)
                0x00008680                VDAC8_1_Sleep
 .text.VDAC8_1_Wakeup
                0x000086c0       0x30 .\CortexM3\ARM_GCC_473\Debug\PSoC_2_Pi.a(VDAC8_1_PM.o)
                0x000086c0                VDAC8_1_Wakeup
 .text.VDAC8_2_Init
                0x000086f0       0x34 .\CortexM3\ARM_GCC_473\Debug\PSoC_2_Pi.a(VDAC8_2.o)
                0x000086f0                VDAC8_2_Init
 .text.VDAC8_2_Enable
                0x00008724       0x44 .\CortexM3\ARM_GCC_473\Debug\PSoC_2_Pi.a(VDAC8_2.o)
                0x00008724                VDAC8_2_Enable
 .text.VDAC8_2_Start
                0x00008768       0x34 .\CortexM3\ARM_GCC_473\Debug\PSoC_2_Pi.a(VDAC8_2.o)
                0x00008768                VDAC8_2_Start
 .text.VDAC8_2_Stop
                0x0000879c       0x44 .\CortexM3\ARM_GCC_473\Debug\PSoC_2_Pi.a(VDAC8_2.o)
                0x0000879c                VDAC8_2_Stop
 .text.VDAC8_2_SetSpeed
                0x000087e0       0x54 .\CortexM3\ARM_GCC_473\Debug\PSoC_2_Pi.a(VDAC8_2.o)
                0x000087e0                VDAC8_2_SetSpeed
 .text.VDAC8_2_SetRange
                0x00008834       0x54 .\CortexM3\ARM_GCC_473\Debug\PSoC_2_Pi.a(VDAC8_2.o)
                0x00008834                VDAC8_2_SetRange
 .text.VDAC8_2_SetValue
                0x00008888       0x20 .\CortexM3\ARM_GCC_473\Debug\PSoC_2_Pi.a(VDAC8_2.o)
                0x00008888                VDAC8_2_SetValue
 .text.VDAC8_2_DacTrim
                0x000088a8       0x44 .\CortexM3\ARM_GCC_473\Debug\PSoC_2_Pi.a(VDAC8_2.o)
                0x000088a8                VDAC8_2_DacTrim
 .text.VDAC8_2_SaveConfig
                0x000088ec       0x34 .\CortexM3\ARM_GCC_473\Debug\PSoC_2_Pi.a(VDAC8_2_PM.o)
                0x000088ec                VDAC8_2_SaveConfig
 .text.VDAC8_2_RestoreConfig
                0x00008920       0x94 .\CortexM3\ARM_GCC_473\Debug\PSoC_2_Pi.a(VDAC8_2_PM.o)
                0x00008920                VDAC8_2_RestoreConfig
 .text.VDAC8_2_Sleep
                0x000089b4       0x40 .\CortexM3\ARM_GCC_473\Debug\PSoC_2_Pi.a(VDAC8_2_PM.o)
                0x000089b4                VDAC8_2_Sleep
 .text.VDAC8_2_Wakeup
                0x000089f4       0x30 .\CortexM3\ARM_GCC_473\Debug\PSoC_2_Pi.a(VDAC8_2_PM.o)
                0x000089f4                VDAC8_2_Wakeup
 .text.IDAC8_1_Init
                0x00008a24       0x4c .\CortexM3\ARM_GCC_473\Debug\PSoC_2_Pi.a(IDAC8_1.o)
                0x00008a24                IDAC8_1_Init
 .text.IDAC8_1_Enable
                0x00008a70       0x44 .\CortexM3\ARM_GCC_473\Debug\PSoC_2_Pi.a(IDAC8_1.o)
                0x00008a70                IDAC8_1_Enable
 .text.IDAC8_1_Start
                0x00008ab4       0x34 .\CortexM3\ARM_GCC_473\Debug\PSoC_2_Pi.a(IDAC8_1.o)
                0x00008ab4                IDAC8_1_Start
 .text.IDAC8_1_Stop
                0x00008ae8       0x44 .\CortexM3\ARM_GCC_473\Debug\PSoC_2_Pi.a(IDAC8_1.o)
                0x00008ae8                IDAC8_1_Stop
 .text.IDAC8_1_SetSpeed
                0x00008b2c       0x54 .\CortexM3\ARM_GCC_473\Debug\PSoC_2_Pi.a(IDAC8_1.o)
                0x00008b2c                IDAC8_1_SetSpeed
 .text.IDAC8_1_SetPolarity
                0x00008b80       0x54 .\CortexM3\ARM_GCC_473\Debug\PSoC_2_Pi.a(IDAC8_1.o)
                0x00008b80                IDAC8_1_SetPolarity
 .text.IDAC8_1_SetRange
                0x00008bd4       0x54 .\CortexM3\ARM_GCC_473\Debug\PSoC_2_Pi.a(IDAC8_1.o)
                0x00008bd4                IDAC8_1_SetRange
 .text.IDAC8_1_SetValue
                0x00008c28       0x20 .\CortexM3\ARM_GCC_473\Debug\PSoC_2_Pi.a(IDAC8_1.o)
                0x00008c28                IDAC8_1_SetValue
 .text.IDAC8_1_DacTrim
                0x00008c48       0x5c .\CortexM3\ARM_GCC_473\Debug\PSoC_2_Pi.a(IDAC8_1.o)
                0x00008c48                IDAC8_1_DacTrim
 .text.IDAC8_1_SaveConfig
                0x00008ca4       0x34 .\CortexM3\ARM_GCC_473\Debug\PSoC_2_Pi.a(IDAC8_1_PM.o)
                0x00008ca4                IDAC8_1_SaveConfig
 .text.IDAC8_1_RestoreConfig
                0x00008cd8       0x94 .\CortexM3\ARM_GCC_473\Debug\PSoC_2_Pi.a(IDAC8_1_PM.o)
                0x00008cd8                IDAC8_1_RestoreConfig
 .text.IDAC8_1_Sleep
                0x00008d6c       0x40 .\CortexM3\ARM_GCC_473\Debug\PSoC_2_Pi.a(IDAC8_1_PM.o)
                0x00008d6c                IDAC8_1_Sleep
 .text.IDAC8_1_Wakeup
                0x00008dac       0x30 .\CortexM3\ARM_GCC_473\Debug\PSoC_2_Pi.a(IDAC8_1_PM.o)
                0x00008dac                IDAC8_1_Wakeup
 .text.WaveDAC_clk_Start
                0x00008ddc       0x44 .\CortexM3\ARM_GCC_473\Debug\PSoC_2_Pi.a(WaveDAC_clk.o)
                0x00008ddc                WaveDAC_clk_Start
 .text.WaveDAC_clk_Stop
                0x00008e20       0x44 .\CortexM3\ARM_GCC_473\Debug\PSoC_2_Pi.a(WaveDAC_clk.o)
                0x00008e20                WaveDAC_clk_Stop
 .text.WaveDAC_clk_SetDividerRegister
                0x00008e64      0x1e8 .\CortexM3\ARM_GCC_473\Debug\PSoC_2_Pi.a(WaveDAC_clk.o)
                0x00008e64                WaveDAC_clk_SetDividerRegister
 .text.WaveDAC_clk_GetDividerRegister
                0x0000904c       0x18 .\CortexM3\ARM_GCC_473\Debug\PSoC_2_Pi.a(WaveDAC_clk.o)
                0x0000904c                WaveDAC_clk_GetDividerRegister
 .text.WaveDAC_clk_GetSourceRegister
                0x00009064       0x20 .\CortexM3\ARM_GCC_473\Debug\PSoC_2_Pi.a(WaveDAC_clk.o)
                0x00009064                WaveDAC_clk_GetSourceRegister
 .text.WaveDAC8_1_Init
                0x00009084       0x64 .\CortexM3\ARM_GCC_473\Debug\PSoC_2_Pi.a(WaveDAC8_1.o)
                0x00009084                WaveDAC8_1_Init
 .text.WaveDAC8_1_Enable
                0x000090e8       0x40 .\CortexM3\ARM_GCC_473\Debug\PSoC_2_Pi.a(WaveDAC8_1.o)
                0x000090e8                WaveDAC8_1_Enable
 .text.WaveDAC8_1_Start
                0x00009128       0x2c .\CortexM3\ARM_GCC_473\Debug\PSoC_2_Pi.a(WaveDAC8_1.o)
                0x00009128                WaveDAC8_1_Start
 .text.WaveDAC8_1_Stop
                0x00009154       0x2c .\CortexM3\ARM_GCC_473\Debug\PSoC_2_Pi.a(WaveDAC8_1.o)
                0x00009154                WaveDAC8_1_Stop
 .text.WaveDAC8_1_Wave1Setup
                0x00009180       0x98 .\CortexM3\ARM_GCC_473\Debug\PSoC_2_Pi.a(WaveDAC8_1.o)
                0x00009180                WaveDAC8_1_Wave1Setup
 .text.WaveDAC8_1_Wave2Setup
                0x00009218       0x98 .\CortexM3\ARM_GCC_473\Debug\PSoC_2_Pi.a(WaveDAC8_1.o)
                0x00009218                WaveDAC8_1_Wave2Setup
 .text.WaveDAC8_1_Sleep
                0x000092b0       0x38 .\CortexM3\ARM_GCC_473\Debug\PSoC_2_Pi.a(WaveDAC8_1_PM.o)
                0x000092b0                WaveDAC8_1_Sleep
 .text.WaveDAC8_1_Wakeup
                0x000092e8       0x1c .\CortexM3\ARM_GCC_473\Debug\PSoC_2_Pi.a(WaveDAC8_1_PM.o)
                0x000092e8                WaveDAC8_1_Wakeup
 .text.WaveDAC8_1_Wave1_DMA_DmaInitialize
                0x00009304       0x84 .\CortexM3\ARM_GCC_473\Debug\PSoC_2_Pi.a(WaveDAC8_1_Wave1_DMA_dma.o)
                0x00009304                WaveDAC8_1_Wave1_DMA_DmaInitialize
 .text.WaveDAC8_1_Wave2_DMA_DmaInitialize
                0x00009388       0x84 .\CortexM3\ARM_GCC_473\Debug\PSoC_2_Pi.a(WaveDAC8_1_Wave2_DMA_dma.o)
                0x00009388                WaveDAC8_1_Wave2_DMA_DmaInitialize
 .text.WaveDAC8_1_VDAC8_Init
                0x0000940c       0x50 .\CortexM3\ARM_GCC_473\Debug\PSoC_2_Pi.a(WaveDAC8_1_VDAC8.o)
                0x0000940c                WaveDAC8_1_VDAC8_Init
 .text.WaveDAC8_1_VDAC8_Enable
                0x0000945c       0x44 .\CortexM3\ARM_GCC_473\Debug\PSoC_2_Pi.a(WaveDAC8_1_VDAC8.o)
                0x0000945c                WaveDAC8_1_VDAC8_Enable
 .text.WaveDAC8_1_VDAC8_Stop
                0x000094a0       0x44 .\CortexM3\ARM_GCC_473\Debug\PSoC_2_Pi.a(WaveDAC8_1_VDAC8.o)
                0x000094a0                WaveDAC8_1_VDAC8_Stop
 .text.WaveDAC8_1_VDAC8_SetSpeed
                0x000094e4       0x54 .\CortexM3\ARM_GCC_473\Debug\PSoC_2_Pi.a(WaveDAC8_1_VDAC8.o)
                0x000094e4                WaveDAC8_1_VDAC8_SetSpeed
 .text.WaveDAC8_1_VDAC8_SetRange
                0x00009538       0x54 .\CortexM3\ARM_GCC_473\Debug\PSoC_2_Pi.a(WaveDAC8_1_VDAC8.o)
                0x00009538                WaveDAC8_1_VDAC8_SetRange
 .text.WaveDAC8_1_VDAC8_SetValue
                0x0000958c       0x20 .\CortexM3\ARM_GCC_473\Debug\PSoC_2_Pi.a(WaveDAC8_1_VDAC8.o)
                0x0000958c                WaveDAC8_1_VDAC8_SetValue
 .text.WaveDAC8_1_VDAC8_DacTrim
                0x000095ac       0x44 .\CortexM3\ARM_GCC_473\Debug\PSoC_2_Pi.a(WaveDAC8_1_VDAC8.o)
                0x000095ac                WaveDAC8_1_VDAC8_DacTrim
 .text.WaveDAC8_1_VDAC8_SaveConfig
                0x000095f0       0x34 .\CortexM3\ARM_GCC_473\Debug\PSoC_2_Pi.a(WaveDAC8_1_VDAC8_PM.o)
                0x000095f0                WaveDAC8_1_VDAC8_SaveConfig
 .text.WaveDAC8_1_VDAC8_RestoreConfig
                0x00009624       0x94 .\CortexM3\ARM_GCC_473\Debug\PSoC_2_Pi.a(WaveDAC8_1_VDAC8_PM.o)
                0x00009624                WaveDAC8_1_VDAC8_RestoreConfig
 .text.ADC_DelSig_1_Init
                0x000096b8      0x190 .\CortexM3\ARM_GCC_473\Debug\PSoC_2_Pi.a(ADC_DelSig_1.o)
                0x000096b8                ADC_DelSig_1_Init
 .text.ADC_DelSig_1_Enable
                0x00009848      0x1e4 .\CortexM3\ARM_GCC_473\Debug\PSoC_2_Pi.a(ADC_DelSig_1.o)
                0x00009848                ADC_DelSig_1_Enable
 .text.ADC_DelSig_1_Start
                0x00009a2c       0x3c .\CortexM3\ARM_GCC_473\Debug\PSoC_2_Pi.a(ADC_DelSig_1.o)
                0x00009a2c                ADC_DelSig_1_Start
 .text.ADC_DelSig_1_Stop
                0x00009a68      0x220 .\CortexM3\ARM_GCC_473\Debug\PSoC_2_Pi.a(ADC_DelSig_1.o)
                0x00009a68                ADC_DelSig_1_Stop
 .text.ADC_DelSig_1_SetBufferGain
                0x00009c88       0x48 .\CortexM3\ARM_GCC_473\Debug\PSoC_2_Pi.a(ADC_DelSig_1.o)
                0x00009c88                ADC_DelSig_1_SetBufferGain
 .text.ADC_DelSig_1_StartConvert
                0x00009cd0       0x28 .\CortexM3\ARM_GCC_473\Debug\PSoC_2_Pi.a(ADC_DelSig_1.o)
                0x00009cd0                ADC_DelSig_1_StartConvert
 .text.ADC_DelSig_1_StopConvert
                0x00009cf8       0x28 .\CortexM3\ARM_GCC_473\Debug\PSoC_2_Pi.a(ADC_DelSig_1.o)
                0x00009cf8                ADC_DelSig_1_StopConvert
 .text.ADC_DelSig_1_IsEndConversion
                0x00009d20       0x54 .\CortexM3\ARM_GCC_473\Debug\PSoC_2_Pi.a(ADC_DelSig_1.o)
                0x00009d20                ADC_DelSig_1_IsEndConversion
 .text.ADC_DelSig_1_GetResult32
                0x00009d74       0xd8 .\CortexM3\ARM_GCC_473\Debug\PSoC_2_Pi.a(ADC_DelSig_1.o)
                0x00009d74                ADC_DelSig_1_GetResult32
 .text.ADC_DelSig_1_SetOffset
                0x00009e4c       0x20 .\CortexM3\ARM_GCC_473\Debug\PSoC_2_Pi.a(ADC_DelSig_1.o)
                0x00009e4c                ADC_DelSig_1_SetOffset
 .text.ADC_DelSig_1_SetGain
                0x00009e6c       0x20 .\CortexM3\ARM_GCC_473\Debug\PSoC_2_Pi.a(ADC_DelSig_1.o)
                0x00009e6c                ADC_DelSig_1_SetGain
 .text.ADC_DelSig_1_CountsTo_uVolts
                0x00009e8c       0xc4 .\CortexM3\ARM_GCC_473\Debug\PSoC_2_Pi.a(ADC_DelSig_1.o)
                0x00009e8c                ADC_DelSig_1_CountsTo_uVolts
 .text.ADC_DelSig_1_InitConfig
                0x00009f50      0x1e8 .\CortexM3\ARM_GCC_473\Debug\PSoC_2_Pi.a(ADC_DelSig_1.o)
 .text.ADC_DelSig_1_GainCompensation
                0x0000a138      0x19c .\CortexM3\ARM_GCC_473\Debug\PSoC_2_Pi.a(ADC_DelSig_1.o)
 .text.ADC_DelSig_1_SetDSMRef0Reg
                0x0000a2d4       0xa8 .\CortexM3\ARM_GCC_473\Debug\PSoC_2_Pi.a(ADC_DelSig_1.o)
 .text.ADC_DelSig_1_Read32
                0x0000a37c       0x44 .\CortexM3\ARM_GCC_473\Debug\PSoC_2_Pi.a(ADC_DelSig_1.o)
                0x0000a37c                ADC_DelSig_1_Read32
 .text.ADC_DelSig_1_SaveConfig
                0x0000a3c0       0x20 .\CortexM3\ARM_GCC_473\Debug\PSoC_2_Pi.a(ADC_DelSig_1_PM.o)
                0x0000a3c0                ADC_DelSig_1_SaveConfig
 .text.ADC_DelSig_1_RestoreConfig
                0x0000a3e0       0x20 .\CortexM3\ARM_GCC_473\Debug\PSoC_2_Pi.a(ADC_DelSig_1_PM.o)
                0x0000a3e0                ADC_DelSig_1_RestoreConfig
 .text.ADC_DelSig_1_Sleep
                0x0000a400       0x84 .\CortexM3\ARM_GCC_473\Debug\PSoC_2_Pi.a(ADC_DelSig_1_PM.o)
                0x0000a400                ADC_DelSig_1_Sleep
 .text.ADC_DelSig_1_Wakeup
                0x0000a484       0x34 .\CortexM3\ARM_GCC_473\Debug\PSoC_2_Pi.a(ADC_DelSig_1_PM.o)
                0x0000a484                ADC_DelSig_1_Wakeup
 .text.ADC_DelSig_1_ISR1
                0x0000a4b8        0xc .\CortexM3\ARM_GCC_473\Debug\PSoC_2_Pi.a(ADC_DelSig_1_INT.o)
                0x0000a4b8                ADC_DelSig_1_ISR1
 .text.PWM_2_Start
                0x0000a4c4       0x2c .\CortexM3\ARM_GCC_473\Debug\PSoC_2_Pi.a(PWM_2.o)
                0x0000a4c4                PWM_2_Start
 .text.PWM_2_Init
                0x0000a4f0       0xbc .\CortexM3\ARM_GCC_473\Debug\PSoC_2_Pi.a(PWM_2.o)
                0x0000a4f0                PWM_2_Init
 .text.PWM_2_Enable
                0x0000a5ac       0x28 .\CortexM3\ARM_GCC_473\Debug\PSoC_2_Pi.a(PWM_2.o)
                0x0000a5ac                PWM_2_Enable
 .text.PWM_2_Stop
                0x0000a5d4       0x28 .\CortexM3\ARM_GCC_473\Debug\PSoC_2_Pi.a(PWM_2.o)
                0x0000a5d4                PWM_2_Stop
 .text.PWM_2_WriteCounter
                0x0000a5fc       0x20 .\CortexM3\ARM_GCC_473\Debug\PSoC_2_Pi.a(PWM_2.o)
                0x0000a5fc                PWM_2_WriteCounter
 .text.PWM_2_ReadCounter
                0x0000a61c       0x24 .\CortexM3\ARM_GCC_473\Debug\PSoC_2_Pi.a(PWM_2.o)
                0x0000a61c                PWM_2_ReadCounter
 .text.PWM_2_ClearFIFO
                0x0000a640       0x1c .\CortexM3\ARM_GCC_473\Debug\PSoC_2_Pi.a(PWM_2.o)
                0x0000a640                PWM_2_ClearFIFO
 .text.PWM_2_WritePeriod
                0x0000a65c       0x20 .\CortexM3\ARM_GCC_473\Debug\PSoC_2_Pi.a(PWM_2.o)
                0x0000a65c                PWM_2_WritePeriod
 .text.PWM_2_WriteCompare
                0x0000a67c       0x20 .\CortexM3\ARM_GCC_473\Debug\PSoC_2_Pi.a(PWM_2.o)
                0x0000a67c                PWM_2_WriteCompare
 .text.PWM_2_SetInterruptMode
                0x0000a69c       0x20 .\CortexM3\ARM_GCC_473\Debug\PSoC_2_Pi.a(PWM_2.o)
                0x0000a69c                PWM_2_SetInterruptMode
 .text.PWM_2_ReadStatusRegister
                0x0000a6bc       0x20 .\CortexM3\ARM_GCC_473\Debug\PSoC_2_Pi.a(PWM_2.o)
                0x0000a6bc                PWM_2_ReadStatusRegister
 .text.PWM_2_ReadControlRegister
                0x0000a6dc       0x20 .\CortexM3\ARM_GCC_473\Debug\PSoC_2_Pi.a(PWM_2.o)
                0x0000a6dc                PWM_2_ReadControlRegister
 .text.PWM_2_WriteControlRegister
                0x0000a6fc       0x20 .\CortexM3\ARM_GCC_473\Debug\PSoC_2_Pi.a(PWM_2.o)
                0x0000a6fc                PWM_2_WriteControlRegister
 .text.PWM_2_ReadCapture
                0x0000a71c       0x18 .\CortexM3\ARM_GCC_473\Debug\PSoC_2_Pi.a(PWM_2.o)
                0x0000a71c                PWM_2_ReadCapture
 .text.PWM_2_ReadCompare
                0x0000a734       0x18 .\CortexM3\ARM_GCC_473\Debug\PSoC_2_Pi.a(PWM_2.o)
                0x0000a734                PWM_2_ReadCompare
 .text.PWM_2_ReadPeriod
                0x0000a74c       0x18 .\CortexM3\ARM_GCC_473\Debug\PSoC_2_Pi.a(PWM_2.o)
                0x0000a74c                PWM_2_ReadPeriod
 .text.PWM_2_SaveConfig
                0x0000a764       0x54 .\CortexM3\ARM_GCC_473\Debug\PSoC_2_Pi.a(PWM_2_PM.o)
                0x0000a764                PWM_2_SaveConfig
 .text.PWM_2_RestoreConfig
                0x0000a7b8       0x4c .\CortexM3\ARM_GCC_473\Debug\PSoC_2_Pi.a(PWM_2_PM.o)
                0x0000a7b8                PWM_2_RestoreConfig
 .text.PWM_2_Sleep
                0x0000a804       0x40 .\CortexM3\ARM_GCC_473\Debug\PSoC_2_Pi.a(PWM_2_PM.o)
                0x0000a804                PWM_2_Sleep
 .text.PWM_2_Wakeup
                0x0000a844       0x1c .\CortexM3\ARM_GCC_473\Debug\PSoC_2_Pi.a(PWM_2_PM.o)
                0x0000a844                PWM_2_Wakeup
 .text.PWM_3_Start
                0x0000a860       0x2c .\CortexM3\ARM_GCC_473\Debug\PSoC_2_Pi.a(PWM_3.o)
                0x0000a860                PWM_3_Start
 .text.PWM_3_Init
                0x0000a88c       0xbc .\CortexM3\ARM_GCC_473\Debug\PSoC_2_Pi.a(PWM_3.o)
                0x0000a88c                PWM_3_Init
 .text.PWM_3_Enable
                0x0000a948       0x28 .\CortexM3\ARM_GCC_473\Debug\PSoC_2_Pi.a(PWM_3.o)
                0x0000a948                PWM_3_Enable
 .text.PWM_3_Stop
                0x0000a970       0x28 .\CortexM3\ARM_GCC_473\Debug\PSoC_2_Pi.a(PWM_3.o)
                0x0000a970                PWM_3_Stop
 .text.PWM_3_WriteCounter
                0x0000a998       0x20 .\CortexM3\ARM_GCC_473\Debug\PSoC_2_Pi.a(PWM_3.o)
                0x0000a998                PWM_3_WriteCounter
 .text.PWM_3_ReadCounter
                0x0000a9b8       0x24 .\CortexM3\ARM_GCC_473\Debug\PSoC_2_Pi.a(PWM_3.o)
                0x0000a9b8                PWM_3_ReadCounter
 .text.PWM_3_ClearFIFO
                0x0000a9dc       0x1c .\CortexM3\ARM_GCC_473\Debug\PSoC_2_Pi.a(PWM_3.o)
                0x0000a9dc                PWM_3_ClearFIFO
 .text.PWM_3_WritePeriod
                0x0000a9f8       0x20 .\CortexM3\ARM_GCC_473\Debug\PSoC_2_Pi.a(PWM_3.o)
                0x0000a9f8                PWM_3_WritePeriod
 .text.PWM_3_WriteCompare
                0x0000aa18       0x20 .\CortexM3\ARM_GCC_473\Debug\PSoC_2_Pi.a(PWM_3.o)
                0x0000aa18                PWM_3_WriteCompare
 .text.PWM_3_SetInterruptMode
                0x0000aa38       0x20 .\CortexM3\ARM_GCC_473\Debug\PSoC_2_Pi.a(PWM_3.o)
                0x0000aa38                PWM_3_SetInterruptMode
 .text.PWM_3_ReadStatusRegister
                0x0000aa58       0x20 .\CortexM3\ARM_GCC_473\Debug\PSoC_2_Pi.a(PWM_3.o)
                0x0000aa58                PWM_3_ReadStatusRegister
 .text.PWM_3_ReadControlRegister
                0x0000aa78       0x20 .\CortexM3\ARM_GCC_473\Debug\PSoC_2_Pi.a(PWM_3.o)
                0x0000aa78                PWM_3_ReadControlRegister
 .text.PWM_3_WriteControlRegister
                0x0000aa98       0x20 .\CortexM3\ARM_GCC_473\Debug\PSoC_2_Pi.a(PWM_3.o)
                0x0000aa98                PWM_3_WriteControlRegister
 .text.PWM_3_ReadCapture
                0x0000aab8       0x18 .\CortexM3\ARM_GCC_473\Debug\PSoC_2_Pi.a(PWM_3.o)
                0x0000aab8                PWM_3_ReadCapture
 .text.PWM_3_ReadCompare
                0x0000aad0       0x18 .\CortexM3\ARM_GCC_473\Debug\PSoC_2_Pi.a(PWM_3.o)
                0x0000aad0                PWM_3_ReadCompare
 .text.PWM_3_ReadPeriod
                0x0000aae8       0x18 .\CortexM3\ARM_GCC_473\Debug\PSoC_2_Pi.a(PWM_3.o)
                0x0000aae8                PWM_3_ReadPeriod
 .text.PWM_3_SaveConfig
                0x0000ab00       0x54 .\CortexM3\ARM_GCC_473\Debug\PSoC_2_Pi.a(PWM_3_PM.o)
                0x0000ab00                PWM_3_SaveConfig
 .text.PWM_3_RestoreConfig
                0x0000ab54       0x4c .\CortexM3\ARM_GCC_473\Debug\PSoC_2_Pi.a(PWM_3_PM.o)
                0x0000ab54                PWM_3_RestoreConfig
 .text.PWM_3_Sleep
                0x0000aba0       0x40 .\CortexM3\ARM_GCC_473\Debug\PSoC_2_Pi.a(PWM_3_PM.o)
                0x0000aba0                PWM_3_Sleep
 .text.PWM_3_Wakeup
                0x0000abe0       0x1c .\CortexM3\ARM_GCC_473\Debug\PSoC_2_Pi.a(PWM_3_PM.o)
                0x0000abe0                PWM_3_Wakeup
 .text.PWM_4_Start
                0x0000abfc       0x2c .\CortexM3\ARM_GCC_473\Debug\PSoC_2_Pi.a(PWM_4.o)
                0x0000abfc                PWM_4_Start
 .text.PWM_4_Init
                0x0000ac28       0xbc .\CortexM3\ARM_GCC_473\Debug\PSoC_2_Pi.a(PWM_4.o)
                0x0000ac28                PWM_4_Init
 .text.PWM_4_Enable
                0x0000ace4       0x28 .\CortexM3\ARM_GCC_473\Debug\PSoC_2_Pi.a(PWM_4.o)
                0x0000ace4                PWM_4_Enable
 .text.PWM_4_Stop
                0x0000ad0c       0x28 .\CortexM3\ARM_GCC_473\Debug\PSoC_2_Pi.a(PWM_4.o)
                0x0000ad0c                PWM_4_Stop
 .text.PWM_4_WriteCounter
                0x0000ad34       0x20 .\CortexM3\ARM_GCC_473\Debug\PSoC_2_Pi.a(PWM_4.o)
                0x0000ad34                PWM_4_WriteCounter
 .text.PWM_4_ReadCounter
                0x0000ad54       0x24 .\CortexM3\ARM_GCC_473\Debug\PSoC_2_Pi.a(PWM_4.o)
                0x0000ad54                PWM_4_ReadCounter
 .text.PWM_4_ClearFIFO
                0x0000ad78       0x1c .\CortexM3\ARM_GCC_473\Debug\PSoC_2_Pi.a(PWM_4.o)
                0x0000ad78                PWM_4_ClearFIFO
 .text.PWM_4_WritePeriod
                0x0000ad94       0x20 .\CortexM3\ARM_GCC_473\Debug\PSoC_2_Pi.a(PWM_4.o)
                0x0000ad94                PWM_4_WritePeriod
 .text.PWM_4_WriteCompare
                0x0000adb4       0x20 .\CortexM3\ARM_GCC_473\Debug\PSoC_2_Pi.a(PWM_4.o)
                0x0000adb4                PWM_4_WriteCompare
 .text.PWM_4_SetInterruptMode
                0x0000add4       0x20 .\CortexM3\ARM_GCC_473\Debug\PSoC_2_Pi.a(PWM_4.o)
                0x0000add4                PWM_4_SetInterruptMode
 .text.PWM_4_ReadStatusRegister
                0x0000adf4       0x20 .\CortexM3\ARM_GCC_473\Debug\PSoC_2_Pi.a(PWM_4.o)
                0x0000adf4                PWM_4_ReadStatusRegister
 .text.PWM_4_ReadControlRegister
                0x0000ae14       0x20 .\CortexM3\ARM_GCC_473\Debug\PSoC_2_Pi.a(PWM_4.o)
                0x0000ae14                PWM_4_ReadControlRegister
 .text.PWM_4_WriteControlRegister
                0x0000ae34       0x20 .\CortexM3\ARM_GCC_473\Debug\PSoC_2_Pi.a(PWM_4.o)
                0x0000ae34                PWM_4_WriteControlRegister
 .text.PWM_4_ReadCapture
                0x0000ae54       0x18 .\CortexM3\ARM_GCC_473\Debug\PSoC_2_Pi.a(PWM_4.o)
                0x0000ae54                PWM_4_ReadCapture
 .text.PWM_4_ReadCompare
                0x0000ae6c       0x18 .\CortexM3\ARM_GCC_473\Debug\PSoC_2_Pi.a(PWM_4.o)
                0x0000ae6c                PWM_4_ReadCompare
 .text.PWM_4_ReadPeriod
                0x0000ae84       0x18 .\CortexM3\ARM_GCC_473\Debug\PSoC_2_Pi.a(PWM_4.o)
                0x0000ae84                PWM_4_ReadPeriod
 .text.PWM_4_SaveConfig
                0x0000ae9c       0x54 .\CortexM3\ARM_GCC_473\Debug\PSoC_2_Pi.a(PWM_4_PM.o)
                0x0000ae9c                PWM_4_SaveConfig
 .text.PWM_4_RestoreConfig
                0x0000aef0       0x4c .\CortexM3\ARM_GCC_473\Debug\PSoC_2_Pi.a(PWM_4_PM.o)
                0x0000aef0                PWM_4_RestoreConfig
 .text.PWM_4_Sleep
                0x0000af3c       0x40 .\CortexM3\ARM_GCC_473\Debug\PSoC_2_Pi.a(PWM_4_PM.o)
                0x0000af3c                PWM_4_Sleep
 .text.PWM_4_Wakeup
                0x0000af7c       0x1c .\CortexM3\ARM_GCC_473\Debug\PSoC_2_Pi.a(PWM_4_PM.o)
                0x0000af7c                PWM_4_Wakeup
 .text.PWM_5_Start
                0x0000af98       0x2c .\CortexM3\ARM_GCC_473\Debug\PSoC_2_Pi.a(PWM_5.o)
                0x0000af98                PWM_5_Start
 .text.PWM_5_Init
                0x0000afc4       0xbc .\CortexM3\ARM_GCC_473\Debug\PSoC_2_Pi.a(PWM_5.o)
                0x0000afc4                PWM_5_Init
 .text.PWM_5_Enable
                0x0000b080       0x28 .\CortexM3\ARM_GCC_473\Debug\PSoC_2_Pi.a(PWM_5.o)
                0x0000b080                PWM_5_Enable
 .text.PWM_5_Stop
                0x0000b0a8       0x28 .\CortexM3\ARM_GCC_473\Debug\PSoC_2_Pi.a(PWM_5.o)
                0x0000b0a8                PWM_5_Stop
 .text.PWM_5_WriteCounter
                0x0000b0d0       0x20 .\CortexM3\ARM_GCC_473\Debug\PSoC_2_Pi.a(PWM_5.o)
                0x0000b0d0                PWM_5_WriteCounter
 .text.PWM_5_ReadCounter
                0x0000b0f0       0x24 .\CortexM3\ARM_GCC_473\Debug\PSoC_2_Pi.a(PWM_5.o)
                0x0000b0f0                PWM_5_ReadCounter
 .text.PWM_5_ClearFIFO
                0x0000b114       0x1c .\CortexM3\ARM_GCC_473\Debug\PSoC_2_Pi.a(PWM_5.o)
                0x0000b114                PWM_5_ClearFIFO
 .text.PWM_5_WritePeriod
                0x0000b130       0x20 .\CortexM3\ARM_GCC_473\Debug\PSoC_2_Pi.a(PWM_5.o)
                0x0000b130                PWM_5_WritePeriod
 .text.PWM_5_WriteCompare
                0x0000b150       0x20 .\CortexM3\ARM_GCC_473\Debug\PSoC_2_Pi.a(PWM_5.o)
                0x0000b150                PWM_5_WriteCompare
 .text.PWM_5_SetInterruptMode
                0x0000b170       0x20 .\CortexM3\ARM_GCC_473\Debug\PSoC_2_Pi.a(PWM_5.o)
                0x0000b170                PWM_5_SetInterruptMode
 .text.PWM_5_ReadStatusRegister
                0x0000b190       0x20 .\CortexM3\ARM_GCC_473\Debug\PSoC_2_Pi.a(PWM_5.o)
                0x0000b190                PWM_5_ReadStatusRegister
 .text.PWM_5_ReadControlRegister
                0x0000b1b0       0x20 .\CortexM3\ARM_GCC_473\Debug\PSoC_2_Pi.a(PWM_5.o)
                0x0000b1b0                PWM_5_ReadControlRegister
 .text.PWM_5_WriteControlRegister
                0x0000b1d0       0x20 .\CortexM3\ARM_GCC_473\Debug\PSoC_2_Pi.a(PWM_5.o)
                0x0000b1d0                PWM_5_WriteControlRegister
 .text.PWM_5_ReadCapture
                0x0000b1f0       0x18 .\CortexM3\ARM_GCC_473\Debug\PSoC_2_Pi.a(PWM_5.o)
                0x0000b1f0                PWM_5_ReadCapture
 .text.PWM_5_ReadCompare
                0x0000b208       0x18 .\CortexM3\ARM_GCC_473\Debug\PSoC_2_Pi.a(PWM_5.o)
                0x0000b208                PWM_5_ReadCompare
 .text.PWM_5_ReadPeriod
                0x0000b220       0x18 .\CortexM3\ARM_GCC_473\Debug\PSoC_2_Pi.a(PWM_5.o)
                0x0000b220                PWM_5_ReadPeriod
 .text.PWM_5_SaveConfig
                0x0000b238       0x54 .\CortexM3\ARM_GCC_473\Debug\PSoC_2_Pi.a(PWM_5_PM.o)
                0x0000b238                PWM_5_SaveConfig
 .text.PWM_5_RestoreConfig
                0x0000b28c       0x4c .\CortexM3\ARM_GCC_473\Debug\PSoC_2_Pi.a(PWM_5_PM.o)
                0x0000b28c                PWM_5_RestoreConfig
 .text.PWM_5_Sleep
                0x0000b2d8       0x40 .\CortexM3\ARM_GCC_473\Debug\PSoC_2_Pi.a(PWM_5_PM.o)
                0x0000b2d8                PWM_5_Sleep
 .text.PWM_5_Wakeup
                0x0000b318       0x1c .\CortexM3\ARM_GCC_473\Debug\PSoC_2_Pi.a(PWM_5_PM.o)
                0x0000b318                PWM_5_Wakeup
 .text.PWM_6_Start
                0x0000b334       0x2c .\CortexM3\ARM_GCC_473\Debug\PSoC_2_Pi.a(PWM_6.o)
                0x0000b334                PWM_6_Start
 .text.PWM_6_Init
                0x0000b360       0xbc .\CortexM3\ARM_GCC_473\Debug\PSoC_2_Pi.a(PWM_6.o)
                0x0000b360                PWM_6_Init
 .text.PWM_6_Enable
                0x0000b41c       0x28 .\CortexM3\ARM_GCC_473\Debug\PSoC_2_Pi.a(PWM_6.o)
                0x0000b41c                PWM_6_Enable
 .text.PWM_6_Stop
                0x0000b444       0x28 .\CortexM3\ARM_GCC_473\Debug\PSoC_2_Pi.a(PWM_6.o)
                0x0000b444                PWM_6_Stop
 .text.PWM_6_WriteCounter
                0x0000b46c       0x20 .\CortexM3\ARM_GCC_473\Debug\PSoC_2_Pi.a(PWM_6.o)
                0x0000b46c                PWM_6_WriteCounter
 .text.PWM_6_ReadCounter
                0x0000b48c       0x24 .\CortexM3\ARM_GCC_473\Debug\PSoC_2_Pi.a(PWM_6.o)
                0x0000b48c                PWM_6_ReadCounter
 .text.PWM_6_ClearFIFO
                0x0000b4b0       0x1c .\CortexM3\ARM_GCC_473\Debug\PSoC_2_Pi.a(PWM_6.o)
                0x0000b4b0                PWM_6_ClearFIFO
 .text.PWM_6_WritePeriod
                0x0000b4cc       0x20 .\CortexM3\ARM_GCC_473\Debug\PSoC_2_Pi.a(PWM_6.o)
                0x0000b4cc                PWM_6_WritePeriod
 .text.PWM_6_WriteCompare
                0x0000b4ec       0x20 .\CortexM3\ARM_GCC_473\Debug\PSoC_2_Pi.a(PWM_6.o)
                0x0000b4ec                PWM_6_WriteCompare
 .text.PWM_6_SetInterruptMode
                0x0000b50c       0x20 .\CortexM3\ARM_GCC_473\Debug\PSoC_2_Pi.a(PWM_6.o)
                0x0000b50c                PWM_6_SetInterruptMode
 .text.PWM_6_ReadStatusRegister
                0x0000b52c       0x20 .\CortexM3\ARM_GCC_473\Debug\PSoC_2_Pi.a(PWM_6.o)
                0x0000b52c                PWM_6_ReadStatusRegister
 .text.PWM_6_ReadControlRegister
                0x0000b54c       0x20 .\CortexM3\ARM_GCC_473\Debug\PSoC_2_Pi.a(PWM_6.o)
                0x0000b54c                PWM_6_ReadControlRegister
 .text.PWM_6_WriteControlRegister
                0x0000b56c       0x20 .\CortexM3\ARM_GCC_473\Debug\PSoC_2_Pi.a(PWM_6.o)
                0x0000b56c                PWM_6_WriteControlRegister
 .text.PWM_6_ReadCapture
                0x0000b58c       0x18 .\CortexM3\ARM_GCC_473\Debug\PSoC_2_Pi.a(PWM_6.o)
                0x0000b58c                PWM_6_ReadCapture
 .text.PWM_6_ReadCompare
                0x0000b5a4       0x18 .\CortexM3\ARM_GCC_473\Debug\PSoC_2_Pi.a(PWM_6.o)
                0x0000b5a4                PWM_6_ReadCompare
 .text.PWM_6_ReadPeriod
                0x0000b5bc       0x18 .\CortexM3\ARM_GCC_473\Debug\PSoC_2_Pi.a(PWM_6.o)
                0x0000b5bc                PWM_6_ReadPeriod
 .text.PWM_6_SaveConfig
                0x0000b5d4       0x54 .\CortexM3\ARM_GCC_473\Debug\PSoC_2_Pi.a(PWM_6_PM.o)
                0x0000b5d4                PWM_6_SaveConfig
 .text.PWM_6_RestoreConfig
                0x0000b628       0x4c .\CortexM3\ARM_GCC_473\Debug\PSoC_2_Pi.a(PWM_6_PM.o)
                0x0000b628                PWM_6_RestoreConfig
 .text.PWM_6_Sleep
                0x0000b674       0x40 .\CortexM3\ARM_GCC_473\Debug\PSoC_2_Pi.a(PWM_6_PM.o)
                0x0000b674                PWM_6_Sleep
 .text.PWM_6_Wakeup
                0x0000b6b4       0x1c .\CortexM3\ARM_GCC_473\Debug\PSoC_2_Pi.a(PWM_6_PM.o)
                0x0000b6b4                PWM_6_Wakeup
 .text.PWM_7_Start
                0x0000b6d0       0x2c .\CortexM3\ARM_GCC_473\Debug\PSoC_2_Pi.a(PWM_7.o)
                0x0000b6d0                PWM_7_Start
 .text.PWM_7_Init
                0x0000b6fc       0xbc .\CortexM3\ARM_GCC_473\Debug\PSoC_2_Pi.a(PWM_7.o)
                0x0000b6fc                PWM_7_Init
 .text.PWM_7_Enable
                0x0000b7b8       0x28 .\CortexM3\ARM_GCC_473\Debug\PSoC_2_Pi.a(PWM_7.o)
                0x0000b7b8                PWM_7_Enable
 .text.PWM_7_Stop
                0x0000b7e0       0x28 .\CortexM3\ARM_GCC_473\Debug\PSoC_2_Pi.a(PWM_7.o)
                0x0000b7e0                PWM_7_Stop
 .text.PWM_7_WriteCounter
                0x0000b808       0x20 .\CortexM3\ARM_GCC_473\Debug\PSoC_2_Pi.a(PWM_7.o)
                0x0000b808                PWM_7_WriteCounter
 .text.PWM_7_ReadCounter
                0x0000b828       0x24 .\CortexM3\ARM_GCC_473\Debug\PSoC_2_Pi.a(PWM_7.o)
                0x0000b828                PWM_7_ReadCounter
 .text.PWM_7_ClearFIFO
                0x0000b84c       0x1c .\CortexM3\ARM_GCC_473\Debug\PSoC_2_Pi.a(PWM_7.o)
                0x0000b84c                PWM_7_ClearFIFO
 .text.PWM_7_WritePeriod
                0x0000b868       0x20 .\CortexM3\ARM_GCC_473\Debug\PSoC_2_Pi.a(PWM_7.o)
                0x0000b868                PWM_7_WritePeriod
 .text.PWM_7_WriteCompare
                0x0000b888       0x20 .\CortexM3\ARM_GCC_473\Debug\PSoC_2_Pi.a(PWM_7.o)
                0x0000b888                PWM_7_WriteCompare
 .text.PWM_7_SetInterruptMode
                0x0000b8a8       0x20 .\CortexM3\ARM_GCC_473\Debug\PSoC_2_Pi.a(PWM_7.o)
                0x0000b8a8                PWM_7_SetInterruptMode
 .text.PWM_7_ReadStatusRegister
                0x0000b8c8       0x20 .\CortexM3\ARM_GCC_473\Debug\PSoC_2_Pi.a(PWM_7.o)
                0x0000b8c8                PWM_7_ReadStatusRegister
 .text.PWM_7_ReadControlRegister
                0x0000b8e8       0x20 .\CortexM3\ARM_GCC_473\Debug\PSoC_2_Pi.a(PWM_7.o)
                0x0000b8e8                PWM_7_ReadControlRegister
 .text.PWM_7_WriteControlRegister
                0x0000b908       0x20 .\CortexM3\ARM_GCC_473\Debug\PSoC_2_Pi.a(PWM_7.o)
                0x0000b908                PWM_7_WriteControlRegister
 .text.PWM_7_ReadCapture
                0x0000b928       0x18 .\CortexM3\ARM_GCC_473\Debug\PSoC_2_Pi.a(PWM_7.o)
                0x0000b928                PWM_7_ReadCapture
 .text.PWM_7_ReadCompare
                0x0000b940       0x18 .\CortexM3\ARM_GCC_473\Debug\PSoC_2_Pi.a(PWM_7.o)
                0x0000b940                PWM_7_ReadCompare
 .text.PWM_7_ReadPeriod
                0x0000b958       0x18 .\CortexM3\ARM_GCC_473\Debug\PSoC_2_Pi.a(PWM_7.o)
                0x0000b958                PWM_7_ReadPeriod
 .text.PWM_7_SaveConfig
                0x0000b970       0x54 .\CortexM3\ARM_GCC_473\Debug\PSoC_2_Pi.a(PWM_7_PM.o)
                0x0000b970                PWM_7_SaveConfig
 .text.PWM_7_RestoreConfig
                0x0000b9c4       0x4c .\CortexM3\ARM_GCC_473\Debug\PSoC_2_Pi.a(PWM_7_PM.o)
                0x0000b9c4                PWM_7_RestoreConfig
 .text.PWM_7_Sleep
                0x0000ba10       0x40 .\CortexM3\ARM_GCC_473\Debug\PSoC_2_Pi.a(PWM_7_PM.o)
                0x0000ba10                PWM_7_Sleep
 .text.PWM_7_Wakeup
                0x0000ba50       0x1c .\CortexM3\ARM_GCC_473\Debug\PSoC_2_Pi.a(PWM_7_PM.o)
                0x0000ba50                PWM_7_Wakeup
 .text.PWM_8_Start
                0x0000ba6c       0x2c .\CortexM3\ARM_GCC_473\Debug\PSoC_2_Pi.a(PWM_8.o)
                0x0000ba6c                PWM_8_Start
 .text.PWM_8_Init
                0x0000ba98       0xbc .\CortexM3\ARM_GCC_473\Debug\PSoC_2_Pi.a(PWM_8.o)
                0x0000ba98                PWM_8_Init
 .text.PWM_8_Enable
                0x0000bb54       0x28 .\CortexM3\ARM_GCC_473\Debug\PSoC_2_Pi.a(PWM_8.o)
                0x0000bb54                PWM_8_Enable
 .text.PWM_8_Stop
                0x0000bb7c       0x28 .\CortexM3\ARM_GCC_473\Debug\PSoC_2_Pi.a(PWM_8.o)
                0x0000bb7c                PWM_8_Stop
 .text.PWM_8_WriteCounter
                0x0000bba4       0x20 .\CortexM3\ARM_GCC_473\Debug\PSoC_2_Pi.a(PWM_8.o)
                0x0000bba4                PWM_8_WriteCounter
 .text.PWM_8_ReadCounter
                0x0000bbc4       0x24 .\CortexM3\ARM_GCC_473\Debug\PSoC_2_Pi.a(PWM_8.o)
                0x0000bbc4                PWM_8_ReadCounter
 .text.PWM_8_ClearFIFO
                0x0000bbe8       0x1c .\CortexM3\ARM_GCC_473\Debug\PSoC_2_Pi.a(PWM_8.o)
                0x0000bbe8                PWM_8_ClearFIFO
 .text.PWM_8_WritePeriod
                0x0000bc04       0x20 .\CortexM3\ARM_GCC_473\Debug\PSoC_2_Pi.a(PWM_8.o)
                0x0000bc04                PWM_8_WritePeriod
 .text.PWM_8_WriteCompare
                0x0000bc24       0x20 .\CortexM3\ARM_GCC_473\Debug\PSoC_2_Pi.a(PWM_8.o)
                0x0000bc24                PWM_8_WriteCompare
 .text.PWM_8_SetInterruptMode
                0x0000bc44       0x20 .\CortexM3\ARM_GCC_473\Debug\PSoC_2_Pi.a(PWM_8.o)
                0x0000bc44                PWM_8_SetInterruptMode
 .text.PWM_8_ReadStatusRegister
                0x0000bc64       0x20 .\CortexM3\ARM_GCC_473\Debug\PSoC_2_Pi.a(PWM_8.o)
                0x0000bc64                PWM_8_ReadStatusRegister
 .text.PWM_8_ReadControlRegister
                0x0000bc84       0x20 .\CortexM3\ARM_GCC_473\Debug\PSoC_2_Pi.a(PWM_8.o)
                0x0000bc84                PWM_8_ReadControlRegister
 .text.PWM_8_WriteControlRegister
                0x0000bca4       0x20 .\CortexM3\ARM_GCC_473\Debug\PSoC_2_Pi.a(PWM_8.o)
                0x0000bca4                PWM_8_WriteControlRegister
 .text.PWM_8_ReadCapture
                0x0000bcc4       0x18 .\CortexM3\ARM_GCC_473\Debug\PSoC_2_Pi.a(PWM_8.o)
                0x0000bcc4                PWM_8_ReadCapture
 .text.PWM_8_ReadCompare
                0x0000bcdc       0x18 .\CortexM3\ARM_GCC_473\Debug\PSoC_2_Pi.a(PWM_8.o)
                0x0000bcdc                PWM_8_ReadCompare
 .text.PWM_8_ReadPeriod
                0x0000bcf4       0x18 .\CortexM3\ARM_GCC_473\Debug\PSoC_2_Pi.a(PWM_8.o)
                0x0000bcf4                PWM_8_ReadPeriod
 .text.PWM_8_SaveConfig
                0x0000bd0c       0x54 .\CortexM3\ARM_GCC_473\Debug\PSoC_2_Pi.a(PWM_8_PM.o)
                0x0000bd0c                PWM_8_SaveConfig
 .text.PWM_8_RestoreConfig
                0x0000bd60       0x4c .\CortexM3\ARM_GCC_473\Debug\PSoC_2_Pi.a(PWM_8_PM.o)
                0x0000bd60                PWM_8_RestoreConfig
 .text.PWM_8_Sleep
                0x0000bdac       0x40 .\CortexM3\ARM_GCC_473\Debug\PSoC_2_Pi.a(PWM_8_PM.o)
                0x0000bdac                PWM_8_Sleep
 .text.PWM_8_Wakeup
                0x0000bdec       0x1c .\CortexM3\ARM_GCC_473\Debug\PSoC_2_Pi.a(PWM_8_PM.o)
                0x0000bdec                PWM_8_Wakeup
 .text.ADC_DelSig_1_AMux_Start
                0x0000be08       0x3c .\CortexM3\ARM_GCC_473\Debug\PSoC_2_Pi.a(ADC_DelSig_1_AMux.o)
                0x0000be08                ADC_DelSig_1_AMux_Start
 .text.ADC_DelSig_1_AMux_Select
                0x0000be44       0x2c .\CortexM3\ARM_GCC_473\Debug\PSoC_2_Pi.a(ADC_DelSig_1_AMux.o)
                0x0000be44                ADC_DelSig_1_AMux_Select
 .text.ADC_DelSig_1_Ext_CP_Clk_SetDividerRegister
                0x0000be70      0x1e8 .\CortexM3\ARM_GCC_473\Debug\PSoC_2_Pi.a(ADC_DelSig_1_Ext_CP_Clk.o)
                0x0000be70                ADC_DelSig_1_Ext_CP_Clk_SetDividerRegister
 .text.ADC_DelSig_1_Ext_CP_Clk_GetDividerRegister
                0x0000c058       0x18 .\CortexM3\ARM_GCC_473\Debug\PSoC_2_Pi.a(ADC_DelSig_1_Ext_CP_Clk.o)
                0x0000c058                ADC_DelSig_1_Ext_CP_Clk_GetDividerRegister
 .text.ADC_DelSig_1_Ext_CP_Clk_SetModeRegister
                0x0000c070       0x3c .\CortexM3\ARM_GCC_473\Debug\PSoC_2_Pi.a(ADC_DelSig_1_Ext_CP_Clk.o)
                0x0000c070                ADC_DelSig_1_Ext_CP_Clk_SetModeRegister
 .text.ADC_DelSig_1_Ext_CP_Clk_GetSourceRegister
                0x0000c0ac       0x20 .\CortexM3\ARM_GCC_473\Debug\PSoC_2_Pi.a(ADC_DelSig_1_Ext_CP_Clk.o)
                0x0000c0ac                ADC_DelSig_1_Ext_CP_Clk_GetSourceRegister
 .text.ADC_DelSig_1_theACLK_SetDividerRegister
                0x0000c0cc      0x1e8 .\CortexM3\ARM_GCC_473\Debug\PSoC_2_Pi.a(ADC_DelSig_1_theACLK.o)
                0x0000c0cc                ADC_DelSig_1_theACLK_SetDividerRegister
 .text.ADC_DelSig_1_theACLK_GetDividerRegister
                0x0000c2b4       0x18 .\CortexM3\ARM_GCC_473\Debug\PSoC_2_Pi.a(ADC_DelSig_1_theACLK.o)
                0x0000c2b4                ADC_DelSig_1_theACLK_GetDividerRegister
 .text.ADC_DelSig_1_theACLK_SetModeRegister
                0x0000c2cc       0x3c .\CortexM3\ARM_GCC_473\Debug\PSoC_2_Pi.a(ADC_DelSig_1_theACLK.o)
                0x0000c2cc                ADC_DelSig_1_theACLK_SetModeRegister
 .text.ADC_DelSig_1_theACLK_GetSourceRegister
                0x0000c308       0x20 .\CortexM3\ARM_GCC_473\Debug\PSoC_2_Pi.a(ADC_DelSig_1_theACLK.o)
                0x0000c308                ADC_DelSig_1_theACLK_GetSourceRegister
 .text.WaveDAC8_1_BuffAmp_Init
                0x0000c328       0x10 .\CortexM3\ARM_GCC_473\Debug\PSoC_2_Pi.a(WaveDAC8_1_BuffAmp.o)
                0x0000c328                WaveDAC8_1_BuffAmp_Init
 .text.WaveDAC8_1_BuffAmp_Enable
                0x0000c338       0x60 .\CortexM3\ARM_GCC_473\Debug\PSoC_2_Pi.a(WaveDAC8_1_BuffAmp.o)
                0x0000c338                WaveDAC8_1_BuffAmp_Enable
 .text.WaveDAC8_1_BuffAmp_SetPower
                0x0000c398       0x54 .\CortexM3\ARM_GCC_473\Debug\PSoC_2_Pi.a(WaveDAC8_1_BuffAmp.o)
                0x0000c398                WaveDAC8_1_BuffAmp_SetPower
 .text.PWM_1_2_clk_SetDividerRegister
                0x0000c3ec      0x1e8 .\CortexM3\ARM_GCC_473\Debug\PSoC_2_Pi.a(PWM_1_2_clk.o)
                0x0000c3ec                PWM_1_2_clk_SetDividerRegister
 .text.PWM_1_2_clk_GetDividerRegister
                0x0000c5d4       0x18 .\CortexM3\ARM_GCC_473\Debug\PSoC_2_Pi.a(PWM_1_2_clk.o)
                0x0000c5d4                PWM_1_2_clk_GetDividerRegister
 .text.PWM_1_2_clk_GetSourceRegister
                0x0000c5ec       0x20 .\CortexM3\ARM_GCC_473\Debug\PSoC_2_Pi.a(PWM_1_2_clk.o)
                0x0000c5ec                PWM_1_2_clk_GetSourceRegister
 .text.PWM_3_4_clk_SetDividerRegister
                0x0000c60c      0x1e8 .\CortexM3\ARM_GCC_473\Debug\PSoC_2_Pi.a(PWM_3_4_clk.o)
                0x0000c60c                PWM_3_4_clk_SetDividerRegister
 .text.PWM_3_4_clk_GetDividerRegister
                0x0000c7f4       0x18 .\CortexM3\ARM_GCC_473\Debug\PSoC_2_Pi.a(PWM_3_4_clk.o)
                0x0000c7f4                PWM_3_4_clk_GetDividerRegister
 .text.PWM_3_4_clk_GetSourceRegister
                0x0000c80c       0x20 .\CortexM3\ARM_GCC_473\Debug\PSoC_2_Pi.a(PWM_3_4_clk.o)
                0x0000c80c                PWM_3_4_clk_GetSourceRegister
 .text.PWM_5_6_clk_SetDividerRegister
                0x0000c82c      0x1e8 .\CortexM3\ARM_GCC_473\Debug\PSoC_2_Pi.a(PWM_5_6_clk.o)
                0x0000c82c                PWM_5_6_clk_SetDividerRegister
 .text.PWM_5_6_clk_GetDividerRegister
                0x0000ca14       0x18 .\CortexM3\ARM_GCC_473\Debug\PSoC_2_Pi.a(PWM_5_6_clk.o)
                0x0000ca14                PWM_5_6_clk_GetDividerRegister
 .text.PWM_5_6_clk_GetSourceRegister
                0x0000ca2c       0x20 .\CortexM3\ARM_GCC_473\Debug\PSoC_2_Pi.a(PWM_5_6_clk.o)
                0x0000ca2c                PWM_5_6_clk_GetSourceRegister
 .text.PWM_7_8_clk_SetDividerRegister
                0x0000ca4c      0x1e8 .\CortexM3\ARM_GCC_473\Debug\PSoC_2_Pi.a(PWM_7_8_clk.o)
                0x0000ca4c                PWM_7_8_clk_SetDividerRegister
 .text.PWM_7_8_clk_GetDividerRegister
                0x0000cc34       0x18 .\CortexM3\ARM_GCC_473\Debug\PSoC_2_Pi.a(PWM_7_8_clk.o)
                0x0000cc34                PWM_7_8_clk_GetDividerRegister
 .text.PWM_7_8_clk_GetSourceRegister
                0x0000cc4c       0x20 .\CortexM3\ARM_GCC_473\Debug\PSoC_2_Pi.a(PWM_7_8_clk.o)
                0x0000cc4c                PWM_7_8_clk_GetSourceRegister
 .text.GPIO_12_1_SetDriveMode
                0x0000cc6c       0x40 .\CortexM3\ARM_GCC_473\Debug\PSoC_2_Pi.a(GPIO_12_1.o)
                0x0000cc6c                GPIO_12_1_SetDriveMode
 .text.GPIO_12_2_SetDriveMode
                0x0000ccac       0x40 .\CortexM3\ARM_GCC_473\Debug\PSoC_2_Pi.a(GPIO_12_2.o)
                0x0000ccac                GPIO_12_2_SetDriveMode
 .text.GPIO_12_0_SetDriveMode
                0x0000ccec       0x40 .\CortexM3\ARM_GCC_473\Debug\PSoC_2_Pi.a(GPIO_12_0.o)
                0x0000ccec                GPIO_12_0_SetDriveMode
 .text.GPIO_12_3_SetDriveMode
                0x0000cd2c       0x40 .\CortexM3\ARM_GCC_473\Debug\PSoC_2_Pi.a(GPIO_12_3.o)
                0x0000cd2c                GPIO_12_3_SetDriveMode
 .text.GPIO_12_4_SetDriveMode
                0x0000cd6c       0x40 .\CortexM3\ARM_GCC_473\Debug\PSoC_2_Pi.a(GPIO_12_4.o)
                0x0000cd6c                GPIO_12_4_SetDriveMode
 .text.GPIO_12_5_SetDriveMode
                0x0000cdac       0x40 .\CortexM3\ARM_GCC_473\Debug\PSoC_2_Pi.a(GPIO_12_5.o)
                0x0000cdac                GPIO_12_5_SetDriveMode
 .text.GPIO_12_6_SetDriveMode
                0x0000cdec       0x40 .\CortexM3\ARM_GCC_473\Debug\PSoC_2_Pi.a(GPIO_12_6.o)
                0x0000cdec                GPIO_12_6_SetDriveMode
 .text.GPIO_12_7_SetDriveMode
                0x0000ce2c       0x40 .\CortexM3\ARM_GCC_473\Debug\PSoC_2_Pi.a(GPIO_12_7.o)
                0x0000ce2c                GPIO_12_7_SetDriveMode
 .text.Port_12_Status_Read
                0x0000ce6c       0x18 .\CortexM3\ARM_GCC_473\Debug\PSoC_2_Pi.a(Port_12_Status.o)
                0x0000ce6c                Port_12_Status_Read
 .text.Port_12_Control_Write
                0x0000ce84       0x20 .\CortexM3\ARM_GCC_473\Debug\PSoC_2_Pi.a(Port_12_Control.o)
                0x0000ce84                Port_12_Control_Write
 .text.Port_12_Control_Read
                0x0000cea4       0x18 .\CortexM3\ARM_GCC_473\Debug\PSoC_2_Pi.a(Port_12_Control.o)
                0x0000cea4                Port_12_Control_Read
 .text.GPIO_2_0_SetDriveMode
                0x0000cebc       0x40 .\CortexM3\ARM_GCC_473\Debug\PSoC_2_Pi.a(GPIO_2_0.o)
                0x0000cebc                GPIO_2_0_SetDriveMode
 .text.GPIO_2_1_SetDriveMode
                0x0000cefc       0x40 .\CortexM3\ARM_GCC_473\Debug\PSoC_2_Pi.a(GPIO_2_1.o)
                0x0000cefc                GPIO_2_1_SetDriveMode
 .text.GPIO_2_2_SetDriveMode
                0x0000cf3c       0x40 .\CortexM3\ARM_GCC_473\Debug\PSoC_2_Pi.a(GPIO_2_2.o)
                0x0000cf3c                GPIO_2_2_SetDriveMode
 .text.GPIO_2_7_SetDriveMode
                0x0000cf7c       0x40 .\CortexM3\ARM_GCC_473\Debug\PSoC_2_Pi.a(GPIO_2_7.o)
                0x0000cf7c                GPIO_2_7_SetDriveMode
 .text.GPIO_2_6_SetDriveMode
                0x0000cfbc       0x40 .\CortexM3\ARM_GCC_473\Debug\PSoC_2_Pi.a(GPIO_2_6.o)
                0x0000cfbc                GPIO_2_6_SetDriveMode
 .text.GPIO_2_5_SetDriveMode
                0x0000cffc       0x40 .\CortexM3\ARM_GCC_473\Debug\PSoC_2_Pi.a(GPIO_2_5.o)
                0x0000cffc                GPIO_2_5_SetDriveMode
 .text.GPIO_2_4_SetDriveMode
                0x0000d03c       0x40 .\CortexM3\ARM_GCC_473\Debug\PSoC_2_Pi.a(GPIO_2_4.o)
                0x0000d03c                GPIO_2_4_SetDriveMode
 .text.GPIO_2_3_SetDriveMode
                0x0000d07c       0x40 .\CortexM3\ARM_GCC_473\Debug\PSoC_2_Pi.a(GPIO_2_3.o)
                0x0000d07c                GPIO_2_3_SetDriveMode
 .text.Port_2_Status_Read
                0x0000d0bc       0x18 .\CortexM3\ARM_GCC_473\Debug\PSoC_2_Pi.a(Port_2_Status.o)
                0x0000d0bc                Port_2_Status_Read
 .text.Port_2_Control_Write
                0x0000d0d4       0x20 .\CortexM3\ARM_GCC_473\Debug\PSoC_2_Pi.a(Port_2_Control.o)
                0x0000d0d4                Port_2_Control_Write
 .text.Port_2_Control_Read
                0x0000d0f4       0x18 .\CortexM3\ARM_GCC_473\Debug\PSoC_2_Pi.a(Port_2_Control.o)
                0x0000d0f4                Port_2_Control_Read
 .text.GPIO_4_0_SetDriveMode
                0x0000d10c       0x40 .\CortexM3\ARM_GCC_473\Debug\PSoC_2_Pi.a(GPIO_4_0.o)
                0x0000d10c                GPIO_4_0_SetDriveMode
 .text.GPIO_4_6_SetDriveMode
                0x0000d14c       0x40 .\CortexM3\ARM_GCC_473\Debug\PSoC_2_Pi.a(GPIO_4_6.o)
                0x0000d14c                GPIO_4_6_SetDriveMode
 .text.GPIO_4_5_SetDriveMode
                0x0000d18c       0x40 .\CortexM3\ARM_GCC_473\Debug\PSoC_2_Pi.a(GPIO_4_5.o)
                0x0000d18c                GPIO_4_5_SetDriveMode
 .text.GPIO_4_4_SetDriveMode
                0x0000d1cc       0x40 .\CortexM3\ARM_GCC_473\Debug\PSoC_2_Pi.a(GPIO_4_4.o)
                0x0000d1cc                GPIO_4_4_SetDriveMode
 .text.GPIO_4_3_SetDriveMode
                0x0000d20c       0x40 .\CortexM3\ARM_GCC_473\Debug\PSoC_2_Pi.a(GPIO_4_3.o)
                0x0000d20c                GPIO_4_3_SetDriveMode
 .text.GPIO_4_2_SetDriveMode
                0x0000d24c       0x40 .\CortexM3\ARM_GCC_473\Debug\PSoC_2_Pi.a(GPIO_4_2.o)
                0x0000d24c                GPIO_4_2_SetDriveMode
 .text.GPIO_4_1_SetDriveMode
                0x0000d28c       0x40 .\CortexM3\ARM_GCC_473\Debug\PSoC_2_Pi.a(GPIO_4_1.o)
                0x0000d28c                GPIO_4_1_SetDriveMode
 .text.Port_4_Status_Read
                0x0000d2cc       0x18 .\CortexM3\ARM_GCC_473\Debug\PSoC_2_Pi.a(Port_4_Status.o)
                0x0000d2cc                Port_4_Status_Read
 .text.Port_4_Control_Write
                0x0000d2e4       0x20 .\CortexM3\ARM_GCC_473\Debug\PSoC_2_Pi.a(Port_4_Control.o)
                0x0000d2e4                Port_4_Control_Write
 .text.Port_4_Control_Read
                0x0000d304       0x18 .\CortexM3\ARM_GCC_473\Debug\PSoC_2_Pi.a(Port_4_Control.o)
                0x0000d304                Port_4_Control_Read
 .text.GPIO_5_0_SetDriveMode
                0x0000d31c       0x40 .\CortexM3\ARM_GCC_473\Debug\PSoC_2_Pi.a(GPIO_5_0.o)
                0x0000d31c                GPIO_5_0_SetDriveMode
 .text.GPIO_5_7_SetDriveMode
                0x0000d35c       0x40 .\CortexM3\ARM_GCC_473\Debug\PSoC_2_Pi.a(GPIO_5_7.o)
                0x0000d35c                GPIO_5_7_SetDriveMode
 .text.GPIO_5_6_SetDriveMode
                0x0000d39c       0x40 .\CortexM3\ARM_GCC_473\Debug\PSoC_2_Pi.a(GPIO_5_6.o)
                0x0000d39c                GPIO_5_6_SetDriveMode
 .text.Port_5_Status_Read
                0x0000d3dc       0x18 .\CortexM3\ARM_GCC_473\Debug\PSoC_2_Pi.a(Port_5_Status.o)
                0x0000d3dc                Port_5_Status_Read
 .text.Port_5_Control_Write
                0x0000d3f4       0x20 .\CortexM3\ARM_GCC_473\Debug\PSoC_2_Pi.a(Port_5_Control.o)
                0x0000d3f4                Port_5_Control_Write
 .text.Port_5_Control_Read
                0x0000d414       0x18 .\CortexM3\ARM_GCC_473\Debug\PSoC_2_Pi.a(Port_5_Control.o)
                0x0000d414                Port_5_Control_Read
 .text.GPIO_5_5_SetDriveMode
                0x0000d42c       0x40 .\CortexM3\ARM_GCC_473\Debug\PSoC_2_Pi.a(GPIO_5_5.o)
                0x0000d42c                GPIO_5_5_SetDriveMode
 .text.GPIO_5_4_SetDriveMode
                0x0000d46c       0x40 .\CortexM3\ARM_GCC_473\Debug\PSoC_2_Pi.a(GPIO_5_4.o)
                0x0000d46c                GPIO_5_4_SetDriveMode
 .text.GPIO_5_3_SetDriveMode
                0x0000d4ac       0x40 .\CortexM3\ARM_GCC_473\Debug\PSoC_2_Pi.a(GPIO_5_3.o)
                0x0000d4ac                GPIO_5_3_SetDriveMode
 .text.GPIO_5_2_SetDriveMode
                0x0000d4ec       0x40 .\CortexM3\ARM_GCC_473\Debug\PSoC_2_Pi.a(GPIO_5_2.o)
                0x0000d4ec                GPIO_5_2_SetDriveMode
 .text.GPIO_5_1_SetDriveMode
                0x0000d52c       0x40 .\CortexM3\ARM_GCC_473\Debug\PSoC_2_Pi.a(GPIO_5_1.o)
                0x0000d52c                GPIO_5_1_SetDriveMode
 .text.ADC_SAR_Seq_1_TempBufDmaInit
                0x0000d56c       0x78 .\CortexM3\ARM_GCC_473\Debug\PSoC_2_Pi.a(ADC_SAR_Seq_1.o)
 .text.ADC_SAR_Seq_1_TempBufDmaRelease
                0x0000d5e4       0xa8 .\CortexM3\ARM_GCC_473\Debug\PSoC_2_Pi.a(ADC_SAR_Seq_1.o)
 .text.ADC_SAR_Seq_1_FinalBufDmaInit
                0x0000d68c       0x80 .\CortexM3\ARM_GCC_473\Debug\PSoC_2_Pi.a(ADC_SAR_Seq_1.o)
 .text.ADC_SAR_Seq_1_FinalBufDmaRelease
                0x0000d70c       0xa8 .\CortexM3\ARM_GCC_473\Debug\PSoC_2_Pi.a(ADC_SAR_Seq_1.o)
 .text.ADC_SAR_Seq_1_Disable
                0x0000d7b4       0x6c .\CortexM3\ARM_GCC_473\Debug\PSoC_2_Pi.a(ADC_SAR_Seq_1.o)
                0x0000d7b4                ADC_SAR_Seq_1_Disable
 .text.ADC_SAR_Seq_1_Init
                0x0000d820       0x60 .\CortexM3\ARM_GCC_473\Debug\PSoC_2_Pi.a(ADC_SAR_Seq_1.o)
                0x0000d820                ADC_SAR_Seq_1_Init
 .text.ADC_SAR_Seq_1_Enable
                0x0000d880       0xb0 .\CortexM3\ARM_GCC_473\Debug\PSoC_2_Pi.a(ADC_SAR_Seq_1.o)
                0x0000d880                ADC_SAR_Seq_1_Enable
 .text.ADC_SAR_Seq_1_Start
                0x0000d930       0x38 .\CortexM3\ARM_GCC_473\Debug\PSoC_2_Pi.a(ADC_SAR_Seq_1.o)
                0x0000d930                ADC_SAR_Seq_1_Start
 .text.ADC_SAR_Seq_1_Stop
                0x0000d968       0x10 .\CortexM3\ARM_GCC_473\Debug\PSoC_2_Pi.a(ADC_SAR_Seq_1.o)
                0x0000d968                ADC_SAR_Seq_1_Stop
 .text.ADC_SAR_Seq_1_StartConvert
                0x0000d978        0xc .\CortexM3\ARM_GCC_473\Debug\PSoC_2_Pi.a(ADC_SAR_Seq_1.o)
                0x0000d978                ADC_SAR_Seq_1_StartConvert
 .text.ADC_SAR_Seq_1_StopConvert
                0x0000d984        0xc .\CortexM3\ARM_GCC_473\Debug\PSoC_2_Pi.a(ADC_SAR_Seq_1.o)
                0x0000d984                ADC_SAR_Seq_1_StopConvert
 .text.ADC_SAR_Seq_1_IsEndConversion
                0x0000d990       0x30 .\CortexM3\ARM_GCC_473\Debug\PSoC_2_Pi.a(ADC_SAR_Seq_1.o)
                0x0000d990                ADC_SAR_Seq_1_IsEndConversion
 .text.ADC_SAR_Seq_1_GetResult16
                0x0000d9c0       0x40 .\CortexM3\ARM_GCC_473\Debug\PSoC_2_Pi.a(ADC_SAR_Seq_1.o)
                0x0000d9c0                ADC_SAR_Seq_1_GetResult16
 .text.ADC_SAR_Seq_1_SetOffset
                0x0000da00       0x1c .\CortexM3\ARM_GCC_473\Debug\PSoC_2_Pi.a(ADC_SAR_Seq_1.o)
                0x0000da00                ADC_SAR_Seq_1_SetOffset
 .text.ADC_SAR_Seq_1_SetResolution
                0x0000da1c       0x1c .\CortexM3\ARM_GCC_473\Debug\PSoC_2_Pi.a(ADC_SAR_Seq_1.o)
                0x0000da1c                ADC_SAR_Seq_1_SetResolution
 .text.ADC_SAR_Seq_1_CountsTo_uVolts
                0x0000da38       0x20 .\CortexM3\ARM_GCC_473\Debug\PSoC_2_Pi.a(ADC_SAR_Seq_1.o)
                0x0000da38                ADC_SAR_Seq_1_CountsTo_uVolts
 .text.ADC_SAR_Seq_1_ISR
                0x0000da58        0xc .\CortexM3\ARM_GCC_473\Debug\PSoC_2_Pi.a(ADC_SAR_Seq_1_INT.o)
                0x0000da58                ADC_SAR_Seq_1_ISR
 .text.ADC_SAR_Seq_1_SAR_Start
                0x0000da64       0x2c .\CortexM3\ARM_GCC_473\Debug\PSoC_2_Pi.a(ADC_SAR_Seq_1_SAR.o)
                0x0000da64                ADC_SAR_Seq_1_SAR_Start
 .text.ADC_SAR_Seq_1_SAR_Init
                0x0000da90       0x38 .\CortexM3\ARM_GCC_473\Debug\PSoC_2_Pi.a(ADC_SAR_Seq_1_SAR.o)
                0x0000da90                ADC_SAR_Seq_1_SAR_Init
 .text.ADC_SAR_Seq_1_SAR_Enable
                0x0000dac8      0x104 .\CortexM3\ARM_GCC_473\Debug\PSoC_2_Pi.a(ADC_SAR_Seq_1_SAR.o)
                0x0000dac8                ADC_SAR_Seq_1_SAR_Enable
 .text.ADC_SAR_Seq_1_SAR_Stop
                0x0000dbcc       0x74 .\CortexM3\ARM_GCC_473\Debug\PSoC_2_Pi.a(ADC_SAR_Seq_1_SAR.o)
                0x0000dbcc                ADC_SAR_Seq_1_SAR_Stop
 .text.ADC_SAR_Seq_1_SAR_SetResolution
                0x0000dc40       0x60 .\CortexM3\ARM_GCC_473\Debug\PSoC_2_Pi.a(ADC_SAR_Seq_1_SAR.o)
                0x0000dc40                ADC_SAR_Seq_1_SAR_SetResolution
 .text.ADC_SAR_Seq_1_SAR_StartConvert
                0x0000dca0       0x28 .\CortexM3\ARM_GCC_473\Debug\PSoC_2_Pi.a(ADC_SAR_Seq_1_SAR.o)
                0x0000dca0                ADC_SAR_Seq_1_SAR_StartConvert
 .text.ADC_SAR_Seq_1_SAR_StopConvert
                0x0000dcc8       0x28 .\CortexM3\ARM_GCC_473\Debug\PSoC_2_Pi.a(ADC_SAR_Seq_1_SAR.o)
                0x0000dcc8                ADC_SAR_Seq_1_SAR_StopConvert
 .text.ADC_SAR_Seq_1_SAR_SetOffset
                0x0000dcf0       0x20 .\CortexM3\ARM_GCC_473\Debug\PSoC_2_Pi.a(ADC_SAR_Seq_1_SAR.o)
                0x0000dcf0                ADC_SAR_Seq_1_SAR_SetOffset
 .text.ADC_SAR_Seq_1_SAR_CalcGain
                0x0000dd10       0x94 .\CortexM3\ARM_GCC_473\Debug\PSoC_2_Pi.a(ADC_SAR_Seq_1_SAR.o)
 .text.ADC_SAR_Seq_1_SAR_CountsTo_uVolts
                0x0000dda4       0xa8 .\CortexM3\ARM_GCC_473\Debug\PSoC_2_Pi.a(ADC_SAR_Seq_1_SAR.o)
                0x0000dda4                ADC_SAR_Seq_1_SAR_CountsTo_uVolts
 .text.ADC_SAR_Seq_1_TempBuf_DmaInitialize
                0x0000de4c       0x84 .\CortexM3\ARM_GCC_473\Debug\PSoC_2_Pi.a(ADC_SAR_Seq_1_TempBuf_dma.o)
                0x0000de4c                ADC_SAR_Seq_1_TempBuf_DmaInitialize
 .text.ADC_SAR_Seq_1_FinalBuf_DmaInitialize
                0x0000ded0       0x84 .\CortexM3\ARM_GCC_473\Debug\PSoC_2_Pi.a(ADC_SAR_Seq_1_FinalBuf_dma.o)
                0x0000ded0                ADC_SAR_Seq_1_FinalBuf_DmaInitialize
 .text.ADC_SAR_Seq_1_IRQ_SetVector
                0x0000df54       0x28 .\CortexM3\ARM_GCC_473\Debug\PSoC_2_Pi.a(ADC_SAR_Seq_1_IRQ.o)
                0x0000df54                ADC_SAR_Seq_1_IRQ_SetVector
 .text.ADC_SAR_Seq_1_IRQ_SetPriority
                0x0000df7c       0x28 .\CortexM3\ARM_GCC_473\Debug\PSoC_2_Pi.a(ADC_SAR_Seq_1_IRQ.o)
                0x0000df7c                ADC_SAR_Seq_1_IRQ_SetPriority
 .text          0x0000dfa4      0x370 c:/program files (x86)/cypress/psoc creator/3.0/psoc creator/import/gnu_cs/arm/4.7.3/bin/../lib/gcc/arm-none-eabi/4.7.3/armv7-m\libgcc.a(_arm_addsubdf3.o)
                0x0000dfa4                __aeabi_drsub
                0x0000dfac                __aeabi_dsub
                0x0000dfac                __subdf3
                0x0000dfb0                __aeabi_dadd
                0x0000dfb0                __adddf3
                0x0000e228                __floatunsidf
                0x0000e228                __aeabi_ui2d
                0x0000e248                __floatsidf
                0x0000e248                __aeabi_i2d
                0x0000e26c                __aeabi_f2d
                0x0000e26c                __extendsfdf2
                0x0000e2a8                __floatundidf
                0x0000e2a8                __aeabi_ul2d
                0x0000e2b8                __floatdidf
                0x0000e2b8                __aeabi_l2d
 .text          0x0000e314      0x424 c:/program files (x86)/cypress/psoc creator/3.0/psoc creator/import/gnu_cs/arm/4.7.3/bin/../lib/gcc/arm-none-eabi/4.7.3/armv7-m\libgcc.a(_arm_muldivdf3.o)
                0x0000e314                __aeabi_dmul
                0x0000e314                __muldf3
                0x0000e568                __divdf3
                0x0000e568                __aeabi_ddiv
 .text          0x0000e738      0x110 c:/program files (x86)/cypress/psoc creator/3.0/psoc creator/import/gnu_cs/arm/4.7.3/bin/../lib/gcc/arm-none-eabi/4.7.3/armv7-m\libgcc.a(_arm_cmpdf2.o)
                0x0000e738                __gtdf2
                0x0000e738                __gedf2
                0x0000e740                __ltdf2
                0x0000e740                __ledf2
                0x0000e748                __nedf2
                0x0000e748                __eqdf2
                0x0000e748                __cmpdf2
                0x0000e7c4                __aeabi_cdrcmple
                0x0000e7d4                __aeabi_cdcmpeq
                0x0000e7d4                __aeabi_cdcmple
                0x0000e7e4                __aeabi_dcmpeq
                0x0000e7f8                __aeabi_dcmplt
                0x0000e80c                __aeabi_dcmple
                0x0000e820                __aeabi_dcmpge
                0x0000e834                __aeabi_dcmpgt
 .text          0x0000e848       0x40 c:/program files (x86)/cypress/psoc creator/3.0/psoc creator/import/gnu_cs/arm/4.7.3/bin/../lib/gcc/arm-none-eabi/4.7.3/armv7-m\libgcc.a(_arm_fixunsdfsi.o)
                0x0000e848                __aeabi_d2uiz
                0x0000e848                __fixunsdfsi
 .text          0x0000e888       0x38 c:/program files (x86)/cypress/psoc creator/3.0/psoc creator/import/gnu_cs/arm/4.7.3/bin/../lib/gcc/arm-none-eabi/4.7.3/armv7-m\libgcc.a(_aeabi_ldivmod.o)
                0x0000e888                __aeabi_ldivmod
 .text          0x0000e8c0       0x60 c:/program files (x86)/cypress/psoc creator/3.0/psoc creator/import/gnu_cs/arm/4.7.3/bin/../lib/gcc/arm-none-eabi/4.7.3/armv7-m\libgcc.a(bpabi.o)
                0x0000e8c0                __gnu_ldivmod_helper
                0x0000e8f0                __gnu_uldivmod_helper
 .text          0x0000e920        0x4 c:/program files (x86)/cypress/psoc creator/3.0/psoc creator/import/gnu_cs/arm/4.7.3/bin/../lib/gcc/arm-none-eabi/4.7.3/armv7-m\libgcc.a(_dvmd_tls.o)
                0x0000e920                __aeabi_idiv0
                0x0000e920                __aeabi_ldiv0
 .text          0x0000e924      0x2bc c:/program files (x86)/cypress/psoc creator/3.0/psoc creator/import/gnu_cs/arm/4.7.3/bin/../lib/gcc/arm-none-eabi/4.7.3/armv7-m\libgcc.a(_divdi3.o)
                0x0000e924                __divdi3
 .text          0x0000ebe0      0x28c c:/program files (x86)/cypress/psoc creator/3.0/psoc creator/import/gnu_cs/arm/4.7.3/bin/../lib/gcc/arm-none-eabi/4.7.3/armv7-m\libgcc.a(_udivdi3.o)
                0x0000ebe0                __udivdi3
 .text.__libc_init_array
                0x0000ee6c       0x4c c:/program files (x86)/cypress/psoc creator/3.0/psoc creator/import/gnu_cs/arm/4.7.3/bin/../lib/gcc/arm-none-eabi/4.7.3/../../../../arm-none-eabi/lib/armv7-m\libc_s.a(lib_a-init.o)
                0x0000ee6c                __libc_init_array
 .text.memcpy   0x0000eeb8       0x12 c:/program files (x86)/cypress/psoc creator/3.0/psoc creator/import/gnu_cs/arm/4.7.3/bin/../lib/gcc/arm-none-eabi/4.7.3/../../../../arm-none-eabi/lib/armv7-m\libc_s.a(lib_a-memcpy.o)
                0x0000eeb8                memcpy
 .text.memset   0x0000eeca       0x10 c:/program files (x86)/cypress/psoc creator/3.0/psoc creator/import/gnu_cs/arm/4.7.3/bin/../lib/gcc/arm-none-eabi/4.7.3/../../../../arm-none-eabi/lib/armv7-m\libc_s.a(lib_a-memset.o)
                0x0000eeca                memset
 *(.plt)
 *(.gnu.warning)
 *(.glue_7t)
 .glue_7t       0x00000000        0x0 linker stubs
 *(.glue_7)
 .glue_7        0x00000000        0x0 linker stubs
 *(.vfp11_veneer)
 .vfp11_veneer  0x00000000        0x0 linker stubs
 *(.bootloader)
 *(.ARM.extab* .gnu.linkonce.armextab.*)
 *(.gcc_except_table)

.v4_bx          0x0000eedc        0x0
 .v4_bx         0x00000000        0x0 linker stubs

.iplt           0x0000eedc        0x0
 .iplt          0x00000000        0x0 c:/program files (x86)/cypress/psoc creator/3.0/psoc creator/import/gnu_cs/arm/4.7.3/bin/../lib/gcc/arm-none-eabi/4.7.3/armv7-m/crtbegin.o

.eh_frame_hdr
 *(.eh_frame_hdr)

.eh_frame       0x0000eedc        0x4
 *(.eh_frame)
 .eh_frame      0x0000eedc        0x0 c:/program files (x86)/cypress/psoc creator/3.0/psoc creator/import/gnu_cs/arm/4.7.3/bin/../lib/gcc/arm-none-eabi/4.7.3/armv7-m/crtbegin.o
 .eh_frame      0x0000eedc        0x4 c:/program files (x86)/cypress/psoc creator/3.0/psoc creator/import/gnu_cs/arm/4.7.3/bin/../lib/gcc/arm-none-eabi/4.7.3/armv7-m/crtend.o
                0x0000eee0                PROVIDE (__exidx_start, .)

.ARM.exidx      0x0000eee0        0x8
 *(.ARM.exidx* .gnu.linkonce.armexidx.*)
 .ARM.exidx     0x0000eee0        0x8 c:/program files (x86)/cypress/psoc creator/3.0/psoc creator/import/gnu_cs/arm/4.7.3/bin/../lib/gcc/arm-none-eabi/4.7.3/armv7-m\libgcc.a(_divdi3.o)
 .ARM.exidx     0x0000eee8        0x0 c:/program files (x86)/cypress/psoc creator/3.0/psoc creator/import/gnu_cs/arm/4.7.3/bin/../lib/gcc/arm-none-eabi/4.7.3/armv7-m\libgcc.a(_udivdi3.o)
                                  0x8 (size before relaxing)
                0x0000eee8                __exidx_end = .

.rodata         0x0000eee8      0x538
 *(.rodata .rodata.* .gnu.linkonce.r.*)
 .rodata        0x0000eee8      0x400 .\CortexM3\ARM_GCC_473\Debug\mem1.o
 .rodata        0x0000f2e8       0x3c .\CortexM3\ARM_GCC_473\Debug\PSoC_2_Pi.a(cyfitter_cfg.o)
                0x0000f2e8                ADC_DelSig_1_AMux__addrTable
                0x0000f2f0                ADC_DelSig_1_AMux__maskTable
 .rodata        0x0000f324       0xc8 .\CortexM3\ARM_GCC_473\Debug\PSoC_2_Pi.a(WaveDAC8_1.o)
                0x0000f324                WaveDAC8_1_wave1
                0x0000f388                WaveDAC8_1_wave2
                0x0000f3ec                . = ALIGN (0x4)
 *(.init)
 .init          0x0000f3ec        0x4 c:/program files (x86)/cypress/psoc creator/3.0/psoc creator/import/gnu_cs/arm/4.7.3/bin/../lib/gcc/arm-none-eabi/4.7.3/armv7-m/crti.o
                0x0000f3ec                _init
 .init          0x0000f3f0        0x8 c:/program files (x86)/cypress/psoc creator/3.0/psoc creator/import/gnu_cs/arm/4.7.3/bin/../lib/gcc/arm-none-eabi/4.7.3/armv7-m/crtn.o
                0x0000f3f8                . = ALIGN (0x4)
                0x0000f3f8                __preinit_array_start = .
 *(.preinit_array)
                0x0000f3f8                __preinit_array_end = .
                0x0000f3f8                . = ALIGN (0x4)
                0x0000f3f8                __init_array_start = .
 *(SORT(.init_array.*))
 *(.init_array)
 .init_array    0x0000f3f8        0x4 c:/program files (x86)/cypress/psoc creator/3.0/psoc creator/import/gnu_cs/arm/4.7.3/bin/../lib/gcc/arm-none-eabi/4.7.3/armv7-m/crtbegin.o
 .init_array    0x0000f3fc        0x4 .\CortexM3\ARM_GCC_473\Debug\Cm3Start.o
                0x0000f400                __init_array_end = .
                0x0000f400                . = ALIGN (0x4)
 *(.fini)
 .fini          0x0000f400        0x4 c:/program files (x86)/cypress/psoc creator/3.0/psoc creator/import/gnu_cs/arm/4.7.3/bin/../lib/gcc/arm-none-eabi/4.7.3/armv7-m/crti.o
                0x0000f400                _fini
 .fini          0x0000f404        0x8 c:/program files (x86)/cypress/psoc creator/3.0/psoc creator/import/gnu_cs/arm/4.7.3/bin/../lib/gcc/arm-none-eabi/4.7.3/armv7-m/crtn.o
                0x0000f40c                . = ALIGN (0x4)
                0x0000f40c                __fini_array_start = .
 *(.fini_array)
 .fini_array    0x0000f40c        0x4 c:/program files (x86)/cypress/psoc creator/3.0/psoc creator/import/gnu_cs/arm/4.7.3/bin/../lib/gcc/arm-none-eabi/4.7.3/armv7-m/crtbegin.o
 *(SORT(.fini_array.*))
                0x0000f410                __fini_array_end = .
                0x0000f410                . = ALIGN (0x4)
 *crtbegin.o(.ctors)
 *(EXCLUDE_FILE(*crtend.o) .ctors)
 *(SORT(.ctors.*))
 *crtend.o(.ctors)
                0x0000f410                . = ALIGN (0x4)
 *crtbegin.o(.dtors)
 *(EXCLUDE_FILE(*crtend.o) .dtors)
 *(SORT(.dtors.*))
 *crtend.o(.dtors)
                0x0000f410                . = ALIGN (0x4)
                0x0000f410                __cy_regions = .
                0x0000f410        0x4 LONG 0xf420 __cy_region_init_ram
                0x0000f414        0x4 LONG 0x1fff8108 __cy_region_start_data
                0x0000f418        0x4 LONG 0x28 __cy_region_init_size_ram
                0x0000f41c        0x4 LONG 0x108 __cy_region_zero_size_ram
                0x0000f420                __cy_regions_end = .
                0x0000f420                . = ALIGN (0x8)
                0x0000f420                _etext = .

.ramvectors     0x1fff8000      0x100
                0x1fff8000                __cy_region_start_ram = .
 *(.ramvectors)
 .ramvectors    0x1fff8000      0x100 .\CortexM3\ARM_GCC_473\Debug\Cm3Start.o
                0x1fff8000                CyRamVectors

.noinit         0x1fff8100        0x5
 *(.noinit)
 .noinit        0x1fff8100        0x4 .\CortexM3\ARM_GCC_473\Debug\Cm3Start.o
 .noinit        0x1fff8104        0x1 .\CortexM3\ARM_GCC_473\Debug\PSoC_2_Pi.a(CyLib.o)
                0x1fff8104                CyResetStatus

.data           0x1fff8108       0x28 load address 0x0000f420
                0x1fff8108                __cy_region_start_data = .
 *(.jcr)
 .jcr           0x1fff8108        0x0 c:/program files (x86)/cypress/psoc creator/3.0/psoc creator/import/gnu_cs/arm/4.7.3/bin/../lib/gcc/arm-none-eabi/4.7.3/armv7-m/crtbegin.o
 .jcr           0x1fff8108        0x4 c:/program files (x86)/cypress/psoc creator/3.0/psoc creator/import/gnu_cs/arm/4.7.3/bin/../lib/gcc/arm-none-eabi/4.7.3/armv7-m/crtend.o
 *(.got.plt)
 *(.got)
 *(.shdata)
 *(.data .data.* .gnu.linkonce.d.*)
 .data          0x1fff810c        0x8 .\CortexM3\ARM_GCC_473\Debug\PSoC_2_Pi.a(CyDmac.o)
 .data          0x1fff8114       0x10 .\CortexM3\ARM_GCC_473\Debug\PSoC_2_Pi.a(CyLib.o)
                0x1fff8114                cydelay_freq_hz
                0x1fff8118                cydelay_freq_khz
                0x1fff811c                cydelay_freq_mhz
                0x1fff8120                cydelay_32k_ms
 .data          0x1fff8124        0x1 .\CortexM3\ARM_GCC_473\Debug\PSoC_2_Pi.a(WaveDAC8_1_Wave1_DMA_dma.o)
                0x1fff8124                WaveDAC8_1_Wave1_DMA_DmaHandle
 .data          0x1fff8125        0x1 .\CortexM3\ARM_GCC_473\Debug\PSoC_2_Pi.a(WaveDAC8_1_Wave2_DMA_dma.o)
                0x1fff8125                WaveDAC8_1_Wave2_DMA_DmaHandle
 .data          0x1fff8126        0x1 .\CortexM3\ARM_GCC_473\Debug\PSoC_2_Pi.a(ADC_DelSig_1.o)
                0x1fff8126                ADC_DelSig_1_Config
 *fill*         0x1fff8127        0x1 00
 .data          0x1fff8128        0x4 .\CortexM3\ARM_GCC_473\Debug\PSoC_2_Pi.a(ADC_DelSig_1_PM.o)
 .data          0x1fff812c        0x1 .\CortexM3\ARM_GCC_473\Debug\PSoC_2_Pi.a(ADC_DelSig_1_AMux.o)
 .data          0x1fff812d        0x1 .\CortexM3\ARM_GCC_473\Debug\PSoC_2_Pi.a(ADC_SAR_Seq_1_TempBuf_dma.o)
                0x1fff812d                ADC_SAR_Seq_1_TempBuf_DmaHandle
 .data          0x1fff812e        0x1 .\CortexM3\ARM_GCC_473\Debug\PSoC_2_Pi.a(ADC_SAR_Seq_1_FinalBuf_dma.o)
                0x1fff812e                ADC_SAR_Seq_1_FinalBuf_DmaHandle
                0x1fff8130                . = ALIGN (0x8)
 *fill*         0x1fff812f        0x1 00
 *(.ram)
                0x1fff8130                _edata = .

.igot.plt       0x1fff8130        0x0 load address 0x0000f448
 .igot.plt      0x00000000        0x0 c:/program files (x86)/cypress/psoc creator/3.0/psoc creator/import/gnu_cs/arm/4.7.3/bin/../lib/gcc/arm-none-eabi/4.7.3/armv7-m/crtbegin.o

.bss            0x1fff8130      0x108 load address 0x0000f448
                0x1fff8130                PROVIDE (__bss_start__, .)
 *(.shbss)
 *(.bss .bss.* .gnu.linkonce.b.*)
 .bss           0x1fff8130       0x1c c:/program files (x86)/cypress/psoc creator/3.0/psoc creator/import/gnu_cs/arm/4.7.3/bin/../lib/gcc/arm-none-eabi/4.7.3/armv7-m/crtbegin.o
 .bss           0x1fff814c        0x1 .\CortexM3\ARM_GCC_473\Debug\PSoC_2_Pi.a(SPIS_1.o)
                0x1fff814c                SPIS_1_initVar
 .bss           0x1fff814d        0x1 .\CortexM3\ARM_GCC_473\Debug\PSoC_2_Pi.a(PWM_1.o)
                0x1fff814d                PWM_1_initVar
 *fill*         0x1fff814e        0x2 00
 .bss           0x1fff8150        0x8 .\CortexM3\ARM_GCC_473\Debug\PSoC_2_Pi.a(PWM_1_PM.o)
 .bss           0x1fff8158        0x1 .\CortexM3\ARM_GCC_473\Debug\PSoC_2_Pi.a(ADC_SAR_1.o)
                0x1fff8158                ADC_SAR_1_initVar
 *fill*         0x1fff8159        0x3 00
 .bss           0x1fff815c        0x4 .\CortexM3\ARM_GCC_473\Debug\PSoC_2_Pi.a(ADC_SAR_1_PM.o)
 .bss           0x1fff8160        0x1 .\CortexM3\ARM_GCC_473\Debug\PSoC_2_Pi.a(VDAC8_1.o)
                0x1fff8160                VDAC8_1_initVar
 *fill*         0x1fff8161        0x3 00
 .bss           0x1fff8164        0x4 .\CortexM3\ARM_GCC_473\Debug\PSoC_2_Pi.a(VDAC8_1_PM.o)