Archive member included because of file (symbol)

.\CortexM3\ARM_GCC_473\Debug\PSoC_2_Pi.a(cyfitter_cfg.o)
                              .\CortexM3\ARM_GCC_473\Debug\Cm3Start.o (cyfitter_cfg)
.\CortexM3\ARM_GCC_473\Debug\PSoC_2_Pi.a(CyBootAsmGnu.o)
                              .\CortexM3\ARM_GCC_473\Debug\PSoC_2_Pi.a(cyfitter_cfg.o) (CyDelayCycles)
.\CortexM3\ARM_GCC_473\Debug\PSoC_2_Pi.a(CyDmac.o)
                              .\CortexM3\ARM_GCC_473\Debug\Cm3Start.o (CyDmacConfigure)
.\CortexM3\ARM_GCC_473\Debug\PSoC_2_Pi.a(CyLib.o)
                              .\CortexM3\ARM_GCC_473\Debug\Cm3Start.o (CyResetStatus)
.\CortexM3\ARM_GCC_473\Debug\PSoC_2_Pi.a(cyPm.o)
                              .\CortexM3\ARM_GCC_473\Debug\PSoC_2_Pi.a(CyLib.o) (CyPmReadStatus)
.\CortexM3\ARM_GCC_473\Debug\PSoC_2_Pi.a(PWM_1.o)
                              .\CortexM3\ARM_GCC_473\Debug\mem1.o (PWM_1_Start)
.\CortexM3\ARM_GCC_473\Debug\PSoC_2_Pi.a(PWM_1_PM.o)
                              .\CortexM3\ARM_GCC_473\Debug\mem1.o (PWM_1_Sleep)
.\CortexM3\ARM_GCC_473\Debug\PSoC_2_Pi.a(ADC_SAR_1.o)
                              .\CortexM3\ARM_GCC_473\Debug\mem1.o (ADC_SAR_1_Start)
.\CortexM3\ARM_GCC_473\Debug\PSoC_2_Pi.a(ADC_SAR_1_INT.o)
                              .\CortexM3\ARM_GCC_473\Debug\PSoC_2_Pi.a(ADC_SAR_1.o) (ADC_SAR_1_ISR)
.\CortexM3\ARM_GCC_473\Debug\PSoC_2_Pi.a(ADC_SAR_1_PM.o)
                              .\CortexM3\ARM_GCC_473\Debug\mem1.o (ADC_SAR_1_Sleep)
.\CortexM3\ARM_GCC_473\Debug\PSoC_2_Pi.a(ADC_SAR_2.o)
                              .\CortexM3\ARM_GCC_473\Debug\mem1.o (ADC_SAR_2_Start)
.\CortexM3\ARM_GCC_473\Debug\PSoC_2_Pi.a(ADC_SAR_2_INT.o)
                              .\CortexM3\ARM_GCC_473\Debug\PSoC_2_Pi.a(ADC_SAR_2.o) (ADC_SAR_2_ISR)
.\CortexM3\ARM_GCC_473\Debug\PSoC_2_Pi.a(ADC_SAR_2_PM.o)
                              .\CortexM3\ARM_GCC_473\Debug\mem1.o (ADC_SAR_2_Sleep)
.\CortexM3\ARM_GCC_473\Debug\PSoC_2_Pi.a(ADC_SAR_1_theACLK.o)
                              .\CortexM3\ARM_GCC_473\Debug\PSoC_2_Pi.a(ADC_SAR_1.o) (ADC_SAR_1_theACLK_SetModeRegister)
.\CortexM3\ARM_GCC_473\Debug\PSoC_2_Pi.a(ADC_SAR_2_theACLK.o)
                              .\CortexM3\ARM_GCC_473\Debug\PSoC_2_Pi.a(ADC_SAR_2.o) (ADC_SAR_2_theACLK_SetModeRegister)
.\CortexM3\ARM_GCC_473\Debug\PSoC_2_Pi.a(VDAC8_1.o)
                              .\CortexM3\ARM_GCC_473\Debug\mem1.o (VDAC8_1_SetRange)
.\CortexM3\ARM_GCC_473\Debug\PSoC_2_Pi.a(VDAC8_1_PM.o)
                              .\CortexM3\ARM_GCC_473\Debug\mem1.o (VDAC8_1_Sleep)
.\CortexM3\ARM_GCC_473\Debug\PSoC_2_Pi.a(VDAC8_2.o)
                              .\CortexM3\ARM_GCC_473\Debug\mem1.o (VDAC8_2_SetRange)
.\CortexM3\ARM_GCC_473\Debug\PSoC_2_Pi.a(VDAC8_2_PM.o)
                              .\CortexM3\ARM_GCC_473\Debug\mem1.o (VDAC8_2_Sleep)
.\CortexM3\ARM_GCC_473\Debug\PSoC_2_Pi.a(IDAC8_1.o)
                              .\CortexM3\ARM_GCC_473\Debug\mem1.o (IDAC8_1_SetSpeed)
.\CortexM3\ARM_GCC_473\Debug\PSoC_2_Pi.a(IDAC8_1_PM.o)
                              .\CortexM3\ARM_GCC_473\Debug\mem1.o (IDAC8_1_Sleep)
.\CortexM3\ARM_GCC_473\Debug\PSoC_2_Pi.a(WaveDAC_clk.o)
                              .\CortexM3\ARM_GCC_473\Debug\mem1.o (WaveDAC_clk_Start)
.\CortexM3\ARM_GCC_473\Debug\PSoC_2_Pi.a(WaveDAC8_1.o)
                              .\CortexM3\ARM_GCC_473\Debug\mem1.o (WaveDAC8_1_Wave2Setup)
.\CortexM3\ARM_GCC_473\Debug\PSoC_2_Pi.a(WaveDAC8_1_PM.o)
                              .\CortexM3\ARM_GCC_473\Debug\mem1.o (WaveDAC8_1_Sleep)
.\CortexM3\ARM_GCC_473\Debug\PSoC_2_Pi.a(WaveDAC8_1_Wave1_DMA_dma.o)
                              .\CortexM3\ARM_GCC_473\Debug\PSoC_2_Pi.a(WaveDAC8_1.o) (WaveDAC8_1_Wave1_DMA_DmaInitialize)
.\CortexM3\ARM_GCC_473\Debug\PSoC_2_Pi.a(WaveDAC8_1_Wave2_DMA_dma.o)
                              .\CortexM3\ARM_GCC_473\Debug\PSoC_2_Pi.a(WaveDAC8_1.o) (WaveDAC8_1_Wave2_DMA_DmaInitialize)
.\CortexM3\ARM_GCC_473\Debug\PSoC_2_Pi.a(WaveDAC8_1_VDAC8.o)
                              .\CortexM3\ARM_GCC_473\Debug\PSoC_2_Pi.a(WaveDAC8_1.o) (WaveDAC8_1_VDAC8_Init)
.\CortexM3\ARM_GCC_473\Debug\PSoC_2_Pi.a(WaveDAC8_1_VDAC8_PM.o)
                              .\CortexM3\ARM_GCC_473\Debug\PSoC_2_Pi.a(WaveDAC8_1_PM.o) (WaveDAC8_1_VDAC8_SaveConfig)
.\CortexM3\ARM_GCC_473\Debug\PSoC_2_Pi.a(Control_Reg_1.o)
                              .\CortexM3\ARM_GCC_473\Debug\mem1.o (Control_Reg_1_Write)
.\CortexM3\ARM_GCC_473\Debug\PSoC_2_Pi.a(Status_Reg_1.o)
                              .\CortexM3\ARM_GCC_473\Debug\mem1.o (Status_Reg_1_Read)
.\CortexM3\ARM_GCC_473\Debug\PSoC_2_Pi.a(ADC_DelSig_1.o)
                              .\CortexM3\ARM_GCC_473\Debug\mem1.o (ADC_DelSig_1_Start)
.\CortexM3\ARM_GCC_473\Debug\PSoC_2_Pi.a(ADC_DelSig_1_PM.o)
                              .\CortexM3\ARM_GCC_473\Debug\mem1.o (ADC_DelSig_1_Sleep)
.\CortexM3\ARM_GCC_473\Debug\PSoC_2_Pi.a(ADC_DelSig_1_INT.o)
[...]
Memory Configuration

Name             Origin             Length             Attributes
rom              0x00000000         0x00040000         xr
ram              0x1fff8000         0x00010000         xrw
*default*        0x00000000         0xffffffff

Linker script and memory map

LOAD c:/program files (x86)/cypress/psoc creator/3.0/psoc creator/import/gnu_cs/arm/4.7.3/bin/../lib/gcc/arm-none-eabi/4.7.3/armv7-m/crti.o
LOAD c:/program files (x86)/cypress/psoc creator/3.0/psoc creator/import/gnu_cs/arm/4.7.3/bin/../lib/gcc/arm-none-eabi/4.7.3/armv7-m/crtbegin.o
LOAD c:/program files (x86)/cypress/psoc creator/3.0/psoc creator/import/gnu_cs/arm/4.7.3/bin/../lib/gcc/arm-none-eabi/4.7.3/../../../../arm-none-eabi/lib/armv7-m/crt0.o
START GROUP
LOAD .\CortexM3\ARM_GCC_473\Debug\main.o
LOAD .\CortexM3\ARM_GCC_473\Debug\mem1.o
LOAD .\CortexM3\ARM_GCC_473\Debug\cymetadata.o
LOAD .\CortexM3\ARM_GCC_473\Debug\Cm3Start.o
LOAD .\CortexM3\ARM_GCC_473\Debug\cybootloader.o
LOAD .\CortexM3\ARM_GCC_473\Debug\PSoC_2_Pi.a
LOAD C:\Program Files (x86)\Cypress\PSoC Creator\3.0\PSoC Creator\psoc\content\cycomponentlibrary\CyComponentLibrary.cylib\CortexM3\ARM_GCC_473\Debug\CyComponentLibrary.a
END GROUP
START GROUP
LOAD c:/program files (x86)/cypress/psoc creator/3.0/psoc creator/import/gnu_cs/arm/4.7.3/bin/../lib/gcc/arm-none-eabi/4.7.3/armv7-m\libgcc.a
LOAD c:/program files (x86)/cypress/psoc creator/3.0/psoc creator/import/gnu_cs/arm/4.7.3/bin/../lib/gcc/arm-none-eabi/4.7.3/../../../../arm-none-eabi/lib/armv7-m\libc_s.a
END GROUP
LOAD c:/program files (x86)/cypress/psoc creator/3.0/psoc creator/import/gnu_cs/arm/4.7.3/bin/../lib/gcc/arm-none-eabi/4.7.3/armv7-m/crtend.o
LOAD c:/program files (x86)/cypress/psoc creator/3.0/psoc creator/import/gnu_cs/arm/4.7.3/bin/../lib/gcc/arm-none-eabi/4.7.3/armv7-m/crtn.o
START GROUP
LOAD c:/program files (x86)/cypress/psoc creator/3.0/psoc creator/import/gnu_cs/arm/4.7.3/bin/../lib/gcc/arm-none-eabi/4.7.3/armv7-m\libgcc.a
LOAD c:/program files (x86)/cypress/psoc creator/3.0/psoc creator/import/gnu_cs/arm/4.7.3/bin/../lib/gcc/arm-none-eabi/4.7.3/../../../../arm-none-eabi/lib/armv7-m\libc.a
LOAD c:/program files (x86)/cypress/psoc creator/3.0/psoc creator/import/gnu_cs/arm/4.7.3/bin/../lib/gcc/arm-none-eabi/4.7.3/../../../../arm-none-eabi/lib/armv7-m\libnosys.a
END GROUP
                0x00000000                CY_APPL_ORIGIN = 0x0
                0x00000100                CY_FLASH_ROW_SIZE = 0x100
                0x00000020                CY_ECC_ROW_SIZE = 0x20
                0x00000000                CY_EE_IN_BTLDR = 0x0
                0x00000001                CY_APPL_LOADABLE = 0x1
                0x00000800                CY_EE_SIZE = 0x800
                0x00000001                CY_APPL_NUM = 0x1
                0x00000001                CY_APPL_MAX = 0x1
                0x00000040                CY_METADATA_SIZE = 0x40
                0x1fff8230                PROVIDE (__cy_heap_start, _end)
                0x00000001                PROVIDE (__cy_region_num, ((__cy_regions_end - __cy_regions) / 0x10))
                0x20008000                PROVIDE (__cy_stack, (ORIGIN (ram) + 0x10000))
                0x20004000                PROVIDE (__cy_heap_end, (__cy_stack - 0x4000))

.cybootloader   0x00000000     0x4b00
 *(.cybootloader)
 .cybootloader  0x00000000     0x4b00 .\CortexM3\ARM_GCC_473\Debug\cybootloader.o
                0x00000000                cy_bootloader
                0x00004b00                appl1_start = CY_APPL_ORIGIN?CY_APPL_ORIGIN:ALIGN (CY_FLASH_ROW_SIZE)
                0x00022500                appl2_start = (appl1_start + ALIGN ((((0x40000 - appl1_start) - (0x2 * CY_FLASH_ROW_SIZE)) / 0x2), CY_FLASH_ROW_SIZE))
                0x00004b00                appl_start = (CY_APPL_NUM == 0x1)?appl1_start:appl2_start
                0x00000960                ecc_offset = ((appl_start / CY_FLASH_ROW_SIZE) * CY_ECC_ROW_SIZE)
                0x00000000                ee_offset = (CY_APPL_LOADABLE && ! (CY_EE_IN_BTLDR))?((CY_EE_SIZE / CY_APPL_MAX) * (CY_APPL_NUM - 0x1)):0x0
                0x00000800                ee_size = (CY_APPL_LOADABLE && ! (CY_EE_IN_BTLDR))?(CY_EE_SIZE / CY_APPL_MAX):CY_EE_SIZE
                0x00000960                PROVIDE (CY_ECC_OFFSET, ecc_offset)

.text           0x00004b00     0x9902
 CREATE_OBJECT_SYMBOLS
                0x00004b00                PROVIDE (__cy_interrupt_vector, RomVectors)
 *(.romvectors)
 .romvectors    0x00004b00       0x10 .\CortexM3\ARM_GCC_473\Debug\Cm3Start.o
                0x00004b00                RomVectors
                0x00000001                ASSERT ((. != __cy_interrupt_vector), No interrupt vector)
                0x00000001                ASSERT (CY_APPL_ORIGIN?(SIZEOF (.cybootloader) <= CY_APPL_ORIGIN):0x1, Wrong image location)
                0x00004b10                PROVIDE (__cy_reset, Reset)
 *(.text.Reset)
 .text.Reset    0x00004b10        0x8 .\CortexM3\ARM_GCC_473\Debug\Cm3Start.o
                0x00004b10                Reset
                0x00000001                ASSERT ((. != __cy_reset), No reset code)
 *(.dma_init)
                0x00000001                ASSERT ((((appl_start + .) <= 0x10000) || 0x1), DMA Init must be within the first 64k of flash)
 *(.text .text.* .gnu.linkonce.t.*)
 .text          0x00004b18       0x54 c:/program files (x86)/cypress/psoc creator/3.0/psoc creator/import/gnu_cs/arm/4.7.3/bin/../lib/gcc/arm-none-eabi/4.7.3/armv7-m/crtbegin.o
 .text.main     0x00004b6c       0x7c .\CortexM3\ARM_GCC_473\Debug\main.o
                0x00004b6c                main
 .text.ReadFrom_Pi
                0x00004be8       0xa4 .\CortexM3\ARM_GCC_473\Debug\main.o
                0x00004be8                ReadFrom_Pi
 .text.WriteTo_Pi
                0x00004c8c       0x88 .\CortexM3\ARM_GCC_473\Debug\main.o
                0x00004c8c                WriteTo_Pi
 .text.readData
                0x00004d14      0x1cc .\CortexM3\ARM_GCC_473\Debug\mem1.o
                0x00004d14                readData
 .text.DELSIG_ADC_Control
                0x00004ee0      0x170 .\CortexM3\ARM_GCC_473\Debug\mem1.o
                0x00004ee0                DELSIG_ADC_Control
 .text.SAR0_ADC_Control
                0x00005050      0x128 .\CortexM3\ARM_GCC_473\Debug\mem1.o
                0x00005050                SAR0_ADC_Control
 .text.SAR1_ADC_Control
                0x00005178      0x128 .\CortexM3\ARM_GCC_473\Debug\mem1.o
                0x00005178                SAR1_ADC_Control
 .text.VDAC0_Control
                0x000052a0       0xc0 .\CortexM3\ARM_GCC_473\Debug\mem1.o
                0x000052a0                VDAC0_Control
 .text.VDAC1_Control
                0x00005360       0xc0 .\CortexM3\ARM_GCC_473\Debug\mem1.o
                0x00005360                VDAC1_Control
 .text.IDAC0_Control
                0x00005420       0xf4 .\CortexM3\ARM_GCC_473\Debug\mem1.o
                0x00005420                IDAC0_Control
 .text.WAVEDAC_Control
                0x00005514       0xe8 .\CortexM3\ARM_GCC_473\Debug\mem1.o
                0x00005514                WAVEDAC_Control
 *fill*         0x000055fc        0x4 00
 .text.Generate_Wave
                0x00005600      0x478 .\CortexM3\ARM_GCC_473\Debug\mem1.o
                0x00005600                Generate_Wave
 .text.PWM_Control_0
                0x00005a78       0xe0 .\CortexM3\ARM_GCC_473\Debug\mem1.o
                0x00005a78                PWM_Control_0
 .text.PWM_Control_1
                0x00005b58       0xe0 .\CortexM3\ARM_GCC_473\Debug\mem1.o
                0x00005b58                PWM_Control_1
 .text.PWM_Control_2
                0x00005c38       0xe0 .\CortexM3\ARM_GCC_473\Debug\mem1.o
                0x00005c38                PWM_Control_2
 .text.PWM_Control_3
                0x00005d18       0xe0 .\CortexM3\ARM_GCC_473\Debug\mem1.o
                0x00005d18                PWM_Control_3
 .text.PWM_Control_4
                0x00005df8       0xe0 .\CortexM3\ARM_GCC_473\Debug\mem1.o
                0x00005df8                PWM_Control_4
 .text.PWM_Control_5
                0x00005ed8       0xe0 .\CortexM3\ARM_GCC_473\Debug\mem1.o
                0x00005ed8                PWM_Control_5
 .text.PWM_Control_6
                0x00005fb8       0xe0 .\CortexM3\ARM_GCC_473\Debug\mem1.o
                0x00005fb8                PWM_Control_6
 .text.PWM_Control_7
                0x00006098       0xe0 .\CortexM3\ARM_GCC_473\Debug\mem1.o
                0x00006098                PWM_Control_7
 .text.Input_Control0
                0x00006178       0x40 .\CortexM3\ARM_GCC_473\Debug\mem1.o
                0x00006178                Input_Control0
 .text.Input_Control1
                0x000061b8       0x40 .\CortexM3\ARM_GCC_473\Debug\mem1.o
                0x000061b8                Input_Control1
 .text.Input_Control2
                0x000061f8       0x40 .\CortexM3\ARM_GCC_473\Debug\mem1.o
                0x000061f8                Input_Control2
 .text.Output_Control0
                0x00006238       0xb8 .\CortexM3\ARM_GCC_473\Debug\mem1.o
                0x00006238                Output_Control0
 .text.Output_Control1
                0x000062f0       0xb8 .\CortexM3\ARM_GCC_473\Debug\mem1.o
                0x000062f0                Output_Control1
 .text.Output_Control2
                0x000063a8       0xb8 .\CortexM3\ARM_GCC_473\Debug\mem1.o
                0x000063a8                Output_Control2
 .text.IntDefaultHandler
                0x00006460        0x8 .\CortexM3\ARM_GCC_473\Debug\Cm3Start.o
                0x00006460                IntDefaultHandler
 .text.Start_c  0x00006468       0xcc .\CortexM3\ARM_GCC_473\Debug\Cm3Start.o
                0x00006468                Start_c
 .text.initialize_psoc
                0x00006534       0xb8 .\CortexM3\ARM_GCC_473\Debug\Cm3Start.o
                0x00006534                initialize_psoc
 .text.CYMEMZERO
                0x000065ec       0x20 .\CortexM3\ARM_GCC_473\Debug\PSoC_2_Pi.a(cyfitter_cfg.o)
 .text.CYCONFIGCPY
                0x0000660c       0x20 .\CortexM3\ARM_GCC_473\Debug\PSoC_2_Pi.a(cyfitter_cfg.o)
 .text.CyClockStartupError
                0x0000662c        0xc .\CortexM3\ARM_GCC_473\Debug\PSoC_2_Pi.a(cyfitter_cfg.o)
 .text.cfg_write_bytes32
                0x00006638       0x84 .\CortexM3\ARM_GCC_473\Debug\PSoC_2_Pi.a(cyfitter_cfg.o)
 .text.ClockSetup
                0x000066bc      0x278 .\CortexM3\ARM_GCC_473\Debug\PSoC_2_Pi.a(cyfitter_cfg.o)
 .text.AnalogSetDefault
                0x00006934      0x1a0 .\CortexM3\ARM_GCC_473\Debug\PSoC_2_Pi.a(cyfitter_cfg.o)
 .text.ADC_DelSig_1_AMux_Set
                0x00006ad4       0x4c .\CortexM3\ARM_GCC_473\Debug\PSoC_2_Pi.a(cyfitter_cfg.o)
                0x00006ad4                ADC_DelSig_1_AMux_Set
 .text.ADC_DelSig_1_AMux_Unset
                0x00006b20       0x50 .\CortexM3\ARM_GCC_473\Debug\PSoC_2_Pi.a(cyfitter_cfg.o)
                0x00006b20                ADC_DelSig_1_AMux_Unset
 .text.cyfitter_cfg
                0x00006b70      0x2d8 .\CortexM3\ARM_GCC_473\Debug\PSoC_2_Pi.a(cyfitter_cfg.o)
                0x00006b70                cyfitter_cfg
 .text          0x00006e48       0x28 .\CortexM3\ARM_GCC_473\Debug\PSoC_2_Pi.a(CyBootAsmGnu.o)
                0x00006e48                CyDelayCycles
                0x00006e5c                CyEnterCriticalSection
                0x00006e64                CyExitCriticalSection
 .text.CyDmacConfigure
                0x00006e70       0x70 .\CortexM3\ARM_GCC_473\Debug\PSoC_2_Pi.a(CyDmac.o)
                0x00006e70                CyDmacConfigure
 .text.CyDmaChEnable
                0x00006ee0       0xbc .\CortexM3\ARM_GCC_473\Debug\PSoC_2_Pi.a(CyDmac.o)
                0x00006ee0                CyDmaChEnable
 .text.CyDmaChDisable
                0x00006f9c       0x84 .\CortexM3\ARM_GCC_473\Debug\PSoC_2_Pi.a(CyDmac.o)
                0x00006f9c                CyDmaChDisable
 .text.CyDmaChPriority
                0x00007020       0x70 .\CortexM3\ARM_GCC_473\Debug\PSoC_2_Pi.a(CyDmac.o)
                0x00007020                CyDmaChPriority
 .text.CyDmaChSetExtendedAddress
                0x00007090       0x88 .\CortexM3\ARM_GCC_473\Debug\PSoC_2_Pi.a(CyDmac.o)
                0x00007090                CyDmaChSetExtendedAddress
 .text.CyDmaChSetInitialTd
                0x00007118       0x44 .\CortexM3\ARM_GCC_473\Debug\PSoC_2_Pi.a(CyDmac.o)
                0x00007118                CyDmaChSetInitialTd
 .text.CyDmaChSetConfiguration
                0x0000715c       0xa4 .\CortexM3\ARM_GCC_473\Debug\PSoC_2_Pi.a(CyDmac.o)
                0x0000715c                CyDmaChSetConfiguration
 .text.CyDmaTdAllocate
                0x00007200       0x78 .\CortexM3\ARM_GCC_473\Debug\PSoC_2_Pi.a(CyDmac.o)
                0x00007200                CyDmaTdAllocate
 .text.CyDmaTdSetConfiguration
                0x00007278       0x7c .\CortexM3\ARM_GCC_473\Debug\PSoC_2_Pi.a(CyDmac.o)
                0x00007278                CyDmaTdSetConfiguration
 .text.CyDmaTdSetAddress
                0x000072f4       0x68 .\CortexM3\ARM_GCC_473\Debug\PSoC_2_Pi.a(CyDmac.o)
                0x000072f4                CyDmaTdSetAddress
 .text.CyHalt   0x0000735c       0x18 .\CortexM3\ARM_GCC_473\Debug\PSoC_2_Pi.a(CyLib.o)
                0x0000735c                CyHalt
 .text.CySoftwareReset
                0x00007374       0x28 .\CortexM3\ARM_GCC_473\Debug\PSoC_2_Pi.a(CyLib.o)
                0x00007374                CySoftwareReset
 .text.CyDelayUs
                0x0000739c       0x28 .\CortexM3\ARM_GCC_473\Debug\PSoC_2_Pi.a(CyLib.o)
                0x0000739c                CyDelayUs
 .text.CyIntSetVector
                0x000073c4       0x60 .\CortexM3\ARM_GCC_473\Debug\PSoC_2_Pi.a(CyLib.o)
                0x000073c4                CyIntSetVector
 .text.CyIntSetPriority
                0x00007424       0x4c .\CortexM3\ARM_GCC_473\Debug\PSoC_2_Pi.a(CyLib.o)
                0x00007424                CyIntSetPriority
 .text.PWM_1_Start
                0x00007470       0x2c .\CortexM3\ARM_GCC_473\Debug\PSoC_2_Pi.a(PWM_1.o)
                0x00007470                PWM_1_Start
 .text.PWM_1_Init
                0x0000749c       0xbc .\CortexM3\ARM_GCC_473\Debug\PSoC_2_Pi.a(PWM_1.o)
                0x0000749c                PWM_1_Init
 .text.PWM_1_Enable
                0x00007558       0x28 .\CortexM3\ARM_GCC_473\Debug\PSoC_2_Pi.a(PWM_1.o)
                0x00007558                PWM_1_Enable
 .text.PWM_1_Stop
                0x00007580       0x28 .\CortexM3\ARM_GCC_473\Debug\PSoC_2_Pi.a(PWM_1.o)
                0x00007580                PWM_1_Stop
 .text.PWM_1_WriteCounter
                0x000075a8       0x20 .\CortexM3\ARM_GCC_473\Debug\PSoC_2_Pi.a(PWM_1.o)
                0x000075a8                PWM_1_WriteCounter
 .text.PWM_1_ReadCounter
                0x000075c8       0x24 .\CortexM3\ARM_GCC_473\Debug\PSoC_2_Pi.a(PWM_1.o)
                0x000075c8                PWM_1_ReadCounter
 .text.PWM_1_ClearFIFO
                0x000075ec       0x1c .\CortexM3\ARM_GCC_473\Debug\PSoC_2_Pi.a(PWM_1.o)
                0x000075ec                PWM_1_ClearFIFO
 .text.PWM_1_WritePeriod
                0x00007608       0x20 .\CortexM3\ARM_GCC_473\Debug\PSoC_2_Pi.a(PWM_1.o)
                0x00007608                PWM_1_WritePeriod
 .text.PWM_1_WriteCompare
                0x00007628       0x20 .\CortexM3\ARM_GCC_473\Debug\PSoC_2_Pi.a(PWM_1.o)
                0x00007628                PWM_1_WriteCompare
 .text.PWM_1_SetInterruptMode
                0x00007648       0x20 .\CortexM3\ARM_GCC_473\Debug\PSoC_2_Pi.a(PWM_1.o)
                0x00007648                PWM_1_SetInterruptMode
 .text.PWM_1_ReadStatusRegister
                0x00007668       0x20 .\CortexM3\ARM_GCC_473\Debug\PSoC_2_Pi.a(PWM_1.o)
                0x00007668                PWM_1_ReadStatusRegister
 .text.PWM_1_ReadControlRegister
                0x00007688       0x20 .\CortexM3\ARM_GCC_473\Debug\PSoC_2_Pi.a(PWM_1.o)
                0x00007688                PWM_1_ReadControlRegister
 .text.PWM_1_WriteControlRegister
                0x000076a8       0x20 .\CortexM3\ARM_GCC_473\Debug\PSoC_2_Pi.a(PWM_1.o)
                0x000076a8                PWM_1_WriteControlRegister
 .text.PWM_1_ReadCapture
                0x000076c8       0x18 .\CortexM3\ARM_GCC_473\Debug\PSoC_2_Pi.a(PWM_1.o)
                0x000076c8                PWM_1_ReadCapture
 .text.PWM_1_ReadCompare
                0x000076e0       0x18 .\CortexM3\ARM_GCC_473\Debug\PSoC_2_Pi.a(PWM_1.o)
                0x000076e0                PWM_1_ReadCompare
 .text.PWM_1_ReadPeriod
                0x000076f8       0x18 .\CortexM3\ARM_GCC_473\Debug\PSoC_2_Pi.a(PWM_1.o)
                0x000076f8                PWM_1_ReadPeriod
 .text.PWM_1_SaveConfig
                0x00007710       0x54 .\CortexM3\ARM_GCC_473\Debug\PSoC_2_Pi.a(PWM_1_PM.o)
                0x00007710                PWM_1_SaveConfig
 .text.PWM_1_RestoreConfig
                0x00007764       0x4c .\CortexM3\ARM_GCC_473\Debug\PSoC_2_Pi.a(PWM_1_PM.o)
                0x00007764                PWM_1_RestoreConfig
 .text.PWM_1_Sleep
                0x000077b0       0x40 .\CortexM3\ARM_GCC_473\Debug\PSoC_2_Pi.a(PWM_1_PM.o)
                0x000077b0                PWM_1_Sleep
 .text.PWM_1_Wakeup
                0x000077f0       0x1c .\CortexM3\ARM_GCC_473\Debug\PSoC_2_Pi.a(PWM_1_PM.o)
                0x000077f0                PWM_1_Wakeup
 .text.ADC_SAR_1_Start
                0x0000780c       0x2c .\CortexM3\ARM_GCC_473\Debug\PSoC_2_Pi.a(ADC_SAR_1.o)
                0x0000780c                ADC_SAR_1_Start
 .text.ADC_SAR_1_Init
                0x00007838       0x5c .\CortexM3\ARM_GCC_473\Debug\PSoC_2_Pi.a(ADC_SAR_1.o)
                0x00007838                ADC_SAR_1_Init
 .text.ADC_SAR_1_Enable
                0x00007894      0x14c .\CortexM3\ARM_GCC_473\Debug\PSoC_2_Pi.a(ADC_SAR_1.o)
                0x00007894                ADC_SAR_1_Enable
 .text.ADC_SAR_1_Stop
                0x000079e0       0xac .\CortexM3\ARM_GCC_473\Debug\PSoC_2_Pi.a(ADC_SAR_1.o)
                0x000079e0                ADC_SAR_1_Stop
 .text.ADC_SAR_1_SetResolution
                0x00007a8c       0x60 .\CortexM3\ARM_GCC_473\Debug\PSoC_2_Pi.a(ADC_SAR_1.o)
                0x00007a8c                ADC_SAR_1_SetResolution
 .text.ADC_SAR_1_StartConvert
                0x00007aec       0x28 .\CortexM3\ARM_GCC_473\Debug\PSoC_2_Pi.a(ADC_SAR_1.o)
                0x00007aec                ADC_SAR_1_StartConvert
 .text.ADC_SAR_1_StopConvert
                0x00007b14       0x28 .\CortexM3\ARM_GCC_473\Debug\PSoC_2_Pi.a(ADC_SAR_1.o)
                0x00007b14                ADC_SAR_1_StopConvert
 .text.ADC_SAR_1_IsEndConversion
                0x00007b3c       0x4c .\CortexM3\ARM_GCC_473\Debug\PSoC_2_Pi.a(ADC_SAR_1.o)
                0x00007b3c                ADC_SAR_1_IsEndConversion
 .text.ADC_SAR_1_GetResult16
                0x00007b88       0x38 .\CortexM3\ARM_GCC_473\Debug\PSoC_2_Pi.a(ADC_SAR_1.o)
                0x00007b88                ADC_SAR_1_GetResult16
 .text.ADC_SAR_1_SetOffset
                0x00007bc0       0x20 .\CortexM3\ARM_GCC_473\Debug\PSoC_2_Pi.a(ADC_SAR_1.o)
                0x00007bc0                ADC_SAR_1_SetOffset
 .text.ADC_SAR_1_CalcGain
                0x00007be0       0x94 .\CortexM3\ARM_GCC_473\Debug\PSoC_2_Pi.a(ADC_SAR_1.o)
 .text.ADC_SAR_1_SetGain
                0x00007c74       0x30 .\CortexM3\ARM_GCC_473\Debug\PSoC_2_Pi.a(ADC_SAR_1.o)
                0x00007c74                ADC_SAR_1_SetGain
 .text.ADC_SAR_1_CountsTo_uVolts
                0x00007ca4       0xa8 .\CortexM3\ARM_GCC_473\Debug\PSoC_2_Pi.a(ADC_SAR_1.o)
                0x00007ca4                ADC_SAR_1_CountsTo_uVolts
 .text.ADC_SAR_1_ISR
                0x00007d4c        0xc .\CortexM3\ARM_GCC_473\Debug\PSoC_2_Pi.a(ADC_SAR_1_INT.o)
                0x00007d4c                ADC_SAR_1_ISR
 .text.ADC_SAR_1_Sleep
                0x00007d58       0x60 .\CortexM3\ARM_GCC_473\Debug\PSoC_2_Pi.a(ADC_SAR_1_PM.o)
                0x00007d58                ADC_SAR_1_Sleep
 .text.ADC_SAR_1_Wakeup
                0x00007db8       0x30 .\CortexM3\ARM_GCC_473\Debug\PSoC_2_Pi.a(ADC_SAR_1_PM.o)
                0x00007db8                ADC_SAR_1_Wakeup
 .text.ADC_SAR_2_Start
                0x00007de8       0x2c .\CortexM3\ARM_GCC_473\Debug\PSoC_2_Pi.a(ADC_SAR_2.o)
                0x00007de8                ADC_SAR_2_Start
 .text.ADC_SAR_2_Init
                0x00007e14       0x5c .\CortexM3\ARM_GCC_473\Debug\PSoC_2_Pi.a(ADC_SAR_2.o)
                0x00007e14                ADC_SAR_2_Init
 .text.ADC_SAR_2_Enable
                0x00007e70      0x14c .\CortexM3\ARM_GCC_473\Debug\PSoC_2_Pi.a(ADC_SAR_2.o)
                0x00007e70                ADC_SAR_2_Enable
 .text.ADC_SAR_2_Stop
                0x00007fbc       0xac .\CortexM3\ARM_GCC_473\Debug\PSoC_2_Pi.a(ADC_SAR_2.o)
                0x00007fbc                ADC_SAR_2_Stop
 .text.ADC_SAR_2_SetResolution
                0x00008068       0x60 .\CortexM3\ARM_GCC_473\Debug\PSoC_2_Pi.a(ADC_SAR_2.o)
                0x00008068                ADC_SAR_2_SetResolution
 .text.ADC_SAR_2_StartConvert
                0x000080c8       0x28 .\CortexM3\ARM_GCC_473\Debug\PSoC_2_Pi.a(ADC_SAR_2.o)
                0x000080c8                ADC_SAR_2_StartConvert
 .text.ADC_SAR_2_StopConvert
                0x000080f0       0x28 .\CortexM3\ARM_GCC_473\Debug\PSoC_2_Pi.a(ADC_SAR_2.o)
                0x000080f0                ADC_SAR_2_StopConvert
 .text.ADC_SAR_2_IsEndConversion
                0x00008118       0x4c .\CortexM3\ARM_GCC_473\Debug\PSoC_2_Pi.a(ADC_SAR_2.o)
                0x00008118                ADC_SAR_2_IsEndConversion
 .text.ADC_SAR_2_GetResult16
                0x00008164       0x38 .\CortexM3\ARM_GCC_473\Debug\PSoC_2_Pi.a(ADC_SAR_2.o)
                0x00008164                ADC_SAR_2_GetResult16
 .text.ADC_SAR_2_SetOffset
                0x0000819c       0x20 .\CortexM3\ARM_GCC_473\Debug\PSoC_2_Pi.a(ADC_SAR_2.o)
                0x0000819c                ADC_SAR_2_SetOffset
 .text.ADC_SAR_2_CalcGain
                0x000081bc       0x94 .\CortexM3\ARM_GCC_473\Debug\PSoC_2_Pi.a(ADC_SAR_2.o)
 .text.ADC_SAR_2_SetGain
                0x00008250       0x30 .\CortexM3\ARM_GCC_473\Debug\PSoC_2_Pi.a(ADC_SAR_2.o)
                0x00008250                ADC_SAR_2_SetGain
 .text.ADC_SAR_2_CountsTo_uVolts
                0x00008280       0xa8 .\CortexM3\ARM_GCC_473\Debug\PSoC_2_Pi.a(ADC_SAR_2.o)
                0x00008280                ADC_SAR_2_CountsTo_uVolts
 .text.ADC_SAR_2_ISR
                0x00008328        0xc .\CortexM3\ARM_GCC_473\Debug\PSoC_2_Pi.a(ADC_SAR_2_INT.o)
                0x00008328                ADC_SAR_2_ISR
 .text.ADC_SAR_2_Sleep
                0x00008334       0x60 .\CortexM3\ARM_GCC_473\Debug\PSoC_2_Pi.a(ADC_SAR_2_PM.o)
                0x00008334                ADC_SAR_2_Sleep
 .text.ADC_SAR_2_Wakeup
                0x00008394       0x30 .\CortexM3\ARM_GCC_473\Debug\PSoC_2_Pi.a(ADC_SAR_2_PM.o)
                0x00008394                ADC_SAR_2_Wakeup
 .text.ADC_SAR_1_theACLK_SetModeRegister
                0x000083c4       0x3c .\CortexM3\ARM_GCC_473\Debug\PSoC_2_Pi.a(ADC_SAR_1_theACLK.o)
                0x000083c4                ADC_SAR_1_theACLK_SetModeRegister
 .text.ADC_SAR_2_theACLK_SetModeRegister
                0x00008400       0x3c .\CortexM3\ARM_GCC_473\Debug\PSoC_2_Pi.a(ADC_SAR_2_theACLK.o)
                0x00008400                ADC_SAR_2_theACLK_SetModeRegister
 .text.VDAC8_1_Init
                0x0000843c       0x34 .\CortexM3\ARM_GCC_473\Debug\PSoC_2_Pi.a(VDAC8_1.o)
                0x0000843c                VDAC8_1_Init
 .text.VDAC8_1_Enable
                0x00008470       0x44 .\CortexM3\ARM_GCC_473\Debug\PSoC_2_Pi.a(VDAC8_1.o)
                0x00008470                VDAC8_1_Enable
 .text.VDAC8_1_Start
                0x000084b4       0x34 .\CortexM3\ARM_GCC_473\Debug\PSoC_2_Pi.a(VDAC8_1.o)
                0x000084b4                VDAC8_1_Start
 .text.VDAC8_1_Stop
                0x000084e8       0x44 .\CortexM3\ARM_GCC_473\Debug\PSoC_2_Pi.a(VDAC8_1.o)
                0x000084e8                VDAC8_1_Stop
 .text.VDAC8_1_SetSpeed
                0x0000852c       0x54 .\CortexM3\ARM_GCC_473\Debug\PSoC_2_Pi.a(VDAC8_1.o)
                0x0000852c                VDAC8_1_SetSpeed
 .text.VDAC8_1_SetRange
                0x00008580       0x54 .\CortexM3\ARM_GCC_473\Debug\PSoC_2_Pi.a(VDAC8_1.o)
                0x00008580                VDAC8_1_SetRange
 .text.VDAC8_1_SetValue
                0x000085d4       0x20 .\CortexM3\ARM_GCC_473\Debug\PSoC_2_Pi.a(VDAC8_1.o)
                0x000085d4                VDAC8_1_SetValue
 .text.VDAC8_1_DacTrim
                0x000085f4       0x44 .\CortexM3\ARM_GCC_473\Debug\PSoC_2_Pi.a(VDAC8_1.o)
                0x000085f4                VDAC8_1_DacTrim
 .text.VDAC8_1_SaveConfig
                0x00008638       0x34 .\CortexM3\ARM_GCC_473\Debug\PSoC_2_Pi.a(VDAC8_1_PM.o)
                0x00008638                VDAC8_1_SaveConfig
 .text.VDAC8_1_RestoreConfig
                0x0000866c       0x94 .\CortexM3\ARM_GCC_473\Debug\PSoC_2_Pi.a(VDAC8_1_PM.o)
                0x0000866c                VDAC8_1_RestoreConfig
 .text.VDAC8_1_Sleep
                0x00008700       0x40 .\CortexM3\ARM_GCC_473\Debug\PSoC_2_Pi.a(VDAC8_1_PM.o)
                0x00008700                VDAC8_1_Sleep
 .text.VDAC8_1_Wakeup
                0x00008740       0x30 .\CortexM3\ARM_GCC_473\Debug\PSoC_2_Pi.a(VDAC8_1_PM.o)
                0x00008740                VDAC8_1_Wakeup
 .text.VDAC8_2_Init
                0x00008770       0x34 .\CortexM3\ARM_GCC_473\Debug\PSoC_2_Pi.a(VDAC8_2.o)
                0x00008770                VDAC8_2_Init
 .text.VDAC8_2_Enable
                0x000087a4       0x44 .\CortexM3\ARM_GCC_473\Debug\PSoC_2_Pi.a(VDAC8_2.o)
                0x000087a4                VDAC8_2_Enable
 .text.VDAC8_2_Start
                0x000087e8       0x34 .\CortexM3\ARM_GCC_473\Debug\PSoC_2_Pi.a(VDAC8_2.o)
                0x000087e8                VDAC8_2_Start
 .text.VDAC8_2_Stop
                0x0000881c       0x44 .\CortexM3\ARM_GCC_473\Debug\PSoC_2_Pi.a(VDAC8_2.o)
                0x0000881c                VDAC8_2_Stop
 .text.VDAC8_2_SetSpeed
                0x00008860       0x54 .\CortexM3\ARM_GCC_473\Debug\PSoC_2_Pi.a(VDAC8_2.o)
                0x00008860                VDAC8_2_SetSpeed
 .text.VDAC8_2_SetRange
                0x000088b4       0x54 .\CortexM3\ARM_GCC_473\Debug\PSoC_2_Pi.a(VDAC8_2.o)
                0x000088b4                VDAC8_2_SetRange
 .text.VDAC8_2_SetValue
                0x00008908       0x20 .\CortexM3\ARM_GCC_473\Debug\PSoC_2_Pi.a(VDAC8_2.o)
                0x00008908                VDAC8_2_SetValue
 .text.VDAC8_2_DacTrim
                0x00008928       0x44 .\CortexM3\ARM_GCC_473\Debug\PSoC_2_Pi.a(VDAC8_2.o)
                0x00008928                VDAC8_2_DacTrim
 .text.VDAC8_2_SaveConfig
                0x0000896c       0x34 .\CortexM3\ARM_GCC_473\Debug\PSoC_2_Pi.a(VDAC8_2_PM.o)
                0x0000896c                VDAC8_2_SaveConfig
 .text.VDAC8_2_RestoreConfig
                0x000089a0       0x94 .\CortexM3\ARM_GCC_473\Debug\PSoC_2_Pi.a(VDAC8_2_PM.o)
                0x000089a0                VDAC8_2_RestoreConfig
 .text.VDAC8_2_Sleep
                0x00008a34       0x40 .\CortexM3\ARM_GCC_473\Debug\PSoC_2_Pi.a(VDAC8_2_PM.o)
                0x00008a34                VDAC8_2_Sleep
 .text.VDAC8_2_Wakeup
                0x00008a74       0x30 .\CortexM3\ARM_GCC_473\Debug\PSoC_2_Pi.a(VDAC8_2_PM.o)
                0x00008a74                VDAC8_2_Wakeup
 .text.IDAC8_1_Init
                0x00008aa4       0x4c .\CortexM3\ARM_GCC_473\Debug\PSoC_2_Pi.a(IDAC8_1.o)
                0x00008aa4                IDAC8_1_Init
 .text.IDAC8_1_Enable
                0x00008af0       0x44 .\CortexM3\ARM_GCC_473\Debug\PSoC_2_Pi.a(IDAC8_1.o)
                0x00008af0                IDAC8_1_Enable
 .text.IDAC8_1_Start
                0x00008b34       0x34 .\CortexM3\ARM_GCC_473\Debug\PSoC_2_Pi.a(IDAC8_1.o)
                0x00008b34                IDAC8_1_Start
 .text.IDAC8_1_Stop
                0x00008b68       0x44 .\CortexM3\ARM_GCC_473\Debug\PSoC_2_Pi.a(IDAC8_1.o)
                0x00008b68                IDAC8_1_Stop
 .text.IDAC8_1_SetSpeed
                0x00008bac       0x54 .\CortexM3\ARM_GCC_473\Debug\PSoC_2_Pi.a(IDAC8_1.o)
                0x00008bac                IDAC8_1_SetSpeed
 .text.IDAC8_1_SetPolarity
                0x00008c00       0x54 .\CortexM3\ARM_GCC_473\Debug\PSoC_2_Pi.a(IDAC8_1.o)
                0x00008c00                IDAC8_1_SetPolarity
 .text.IDAC8_1_SetRange
                0x00008c54       0x54 .\CortexM3\ARM_GCC_473\Debug\PSoC_2_Pi.a(IDAC8_1.o)
                0x00008c54                IDAC8_1_SetRange
 .text.IDAC8_1_SetValue
                0x00008ca8       0x20 .\CortexM3\ARM_GCC_473\Debug\PSoC_2_Pi.a(IDAC8_1.o)
                0x00008ca8                IDAC8_1_SetValue
 .text.IDAC8_1_DacTrim
                0x00008cc8       0x5c .\CortexM3\ARM_GCC_473\Debug\PSoC_2_Pi.a(IDAC8_1.o)
                0x00008cc8                IDAC8_1_DacTrim
 .text.IDAC8_1_SaveConfig
                0x00008d24       0x34 .\CortexM3\ARM_GCC_473\Debug\PSoC_2_Pi.a(IDAC8_1_PM.o)
                0x00008d24                IDAC8_1_SaveConfig
 .text.IDAC8_1_RestoreConfig
                0x00008d58       0x94 .\CortexM3\ARM_GCC_473\Debug\PSoC_2_Pi.a(IDAC8_1_PM.o)
                0x00008d58                IDAC8_1_RestoreConfig
 .text.IDAC8_1_Sleep
                0x00008dec       0x40 .\CortexM3\ARM_GCC_473\Debug\PSoC_2_Pi.a(IDAC8_1_PM.o)
                0x00008dec                IDAC8_1_Sleep
 .text.IDAC8_1_Wakeup
                0x00008e2c       0x30 .\CortexM3\ARM_GCC_473\Debug\PSoC_2_Pi.a(IDAC8_1_PM.o)
                0x00008e2c                IDAC8_1_Wakeup
 .text.WaveDAC_clk_Start
                0x00008e5c       0x44 .\CortexM3\ARM_GCC_473\Debug\PSoC_2_Pi.a(WaveDAC_clk.o)
                0x00008e5c                WaveDAC_clk_Start
 .text.WaveDAC_clk_Stop
                0x00008ea0       0x44 .\CortexM3\ARM_GCC_473\Debug\PSoC_2_Pi.a(WaveDAC_clk.o)
                0x00008ea0                WaveDAC_clk_Stop
 .text.WaveDAC_clk_SetDividerRegister
                0x00008ee4      0x1e8 .\CortexM3\ARM_GCC_473\Debug\PSoC_2_Pi.a(WaveDAC_clk.o)
                0x00008ee4                WaveDAC_clk_SetDividerRegister
 .text.WaveDAC_clk_GetDividerRegister
                0x000090cc       0x18 .\CortexM3\ARM_GCC_473\Debug\PSoC_2_Pi.a(WaveDAC_clk.o)
                0x000090cc                WaveDAC_clk_GetDividerRegister
 .text.WaveDAC_clk_GetSourceRegister
                0x000090e4       0x20 .\CortexM3\ARM_GCC_473\Debug\PSoC_2_Pi.a(WaveDAC_clk.o)
                0x000090e4                WaveDAC_clk_GetSourceRegister
 .text.WaveDAC8_1_Init
                0x00009104       0x64 .\CortexM3\ARM_GCC_473\Debug\PSoC_2_Pi.a(WaveDAC8_1.o)
                0x00009104                WaveDAC8_1_Init
 .text.WaveDAC8_1_Enable
                0x00009168       0x40 .\CortexM3\ARM_GCC_473\Debug\PSoC_2_Pi.a(WaveDAC8_1.o)
                0x00009168                WaveDAC8_1_Enable
 .text.WaveDAC8_1_Start
                0x000091a8       0x2c .\CortexM3\ARM_GCC_473\Debug\PSoC_2_Pi.a(WaveDAC8_1.o)
                0x000091a8                WaveDAC8_1_Start
 .text.WaveDAC8_1_Stop
                0x000091d4       0x2c .\CortexM3\ARM_GCC_473\Debug\PSoC_2_Pi.a(WaveDAC8_1.o)
                0x000091d4                WaveDAC8_1_Stop
 .text.WaveDAC8_1_Wave1Setup
                0x00009200       0x98 .\CortexM3\ARM_GCC_473\Debug\PSoC_2_Pi.a(WaveDAC8_1.o)
                0x00009200                WaveDAC8_1_Wave1Setup
 .text.WaveDAC8_1_Wave2Setup
                0x00009298       0x98 .\CortexM3\ARM_GCC_473\Debug\PSoC_2_Pi.a(WaveDAC8_1.o)
                0x00009298                WaveDAC8_1_Wave2Setup
 .text.WaveDAC8_1_Sleep
                0x00009330       0x38 .\CortexM3\ARM_GCC_473\Debug\PSoC_2_Pi.a(WaveDAC8_1_PM.o)
                0x00009330                WaveDAC8_1_Sleep
 .text.WaveDAC8_1_Wakeup
                0x00009368       0x1c .\CortexM3\ARM_GCC_473\Debug\PSoC_2_Pi.a(WaveDAC8_1_PM.o)
                0x00009368                WaveDAC8_1_Wakeup
 .text.WaveDAC8_1_Wave1_DMA_DmaInitialize
                0x00009384       0x84 .\CortexM3\ARM_GCC_473\Debug\PSoC_2_Pi.a(WaveDAC8_1_Wave1_DMA_dma.o)
                0x00009384                WaveDAC8_1_Wave1_DMA_DmaInitialize
 .text.WaveDAC8_1_Wave2_DMA_DmaInitialize
                0x00009408       0x84 .\CortexM3\ARM_GCC_473\Debug\PSoC_2_Pi.a(WaveDAC8_1_Wave2_DMA_dma.o)
                0x00009408                WaveDAC8_1_Wave2_DMA_DmaInitialize
 .text.WaveDAC8_1_VDAC8_Init
                0x0000948c       0x50 .\CortexM3\ARM_GCC_473\Debug\PSoC_2_Pi.a(WaveDAC8_1_VDAC8.o)
                0x0000948c                WaveDAC8_1_VDAC8_Init
 .text.WaveDAC8_1_VDAC8_Enable
                0x000094dc       0x44 .\CortexM3\ARM_GCC_473\Debug\PSoC_2_Pi.a(WaveDAC8_1_VDAC8.o)
                0x000094dc                WaveDAC8_1_VDAC8_Enable
 .text.WaveDAC8_1_VDAC8_Stop
                0x00009520       0x44 .\CortexM3\ARM_GCC_473\Debug\PSoC_2_Pi.a(WaveDAC8_1_VDAC8.o)
                0x00009520                WaveDAC8_1_VDAC8_Stop
 .text.WaveDAC8_1_VDAC8_SetSpeed
                0x00009564       0x54 .\CortexM3\ARM_GCC_473\Debug\PSoC_2_Pi.a(WaveDAC8_1_VDAC8.o)
                0x00009564                WaveDAC8_1_VDAC8_SetSpeed
 .text.WaveDAC8_1_VDAC8_SetRange
                0x000095b8       0x54 .\CortexM3\ARM_GCC_473\Debug\PSoC_2_Pi.a(WaveDAC8_1_VDAC8.o)
                0x000095b8                WaveDAC8_1_VDAC8_SetRange
 .text.WaveDAC8_1_VDAC8_SetValue
                0x0000960c       0x20 .\CortexM3\ARM_GCC_473\Debug\PSoC_2_Pi.a(WaveDAC8_1_VDAC8.o)
                0x0000960c                WaveDAC8_1_VDAC8_SetValue
 .text.WaveDAC8_1_VDAC8_DacTrim
                0x0000962c       0x44 .\CortexM3\ARM_GCC_473\Debug\PSoC_2_Pi.a(WaveDAC8_1_VDAC8.o)
                0x0000962c                WaveDAC8_1_VDAC8_DacTrim
 .text.WaveDAC8_1_VDAC8_SaveConfig
                0x00009670       0x34 .\CortexM3\ARM_GCC_473\Debug\PSoC_2_Pi.a(WaveDAC8_1_VDAC8_PM.o)
                0x00009670                WaveDAC8_1_VDAC8_SaveConfig
 .text.WaveDAC8_1_VDAC8_RestoreConfig
                0x000096a4       0x94 .\CortexM3\ARM_GCC_473\Debug\PSoC_2_Pi.a(WaveDAC8_1_VDAC8_PM.o)
                0x000096a4                WaveDAC8_1_VDAC8_RestoreConfig
 .text.Control_Reg_1_Write
                0x00009738       0x20 .\CortexM3\ARM_GCC_473\Debug\PSoC_2_Pi.a(Control_Reg_1.o)
                0x00009738                Control_Reg_1_Write
 .text.Control_Reg_1_Read
                0x00009758       0x18 .\CortexM3\ARM_GCC_473\Debug\PSoC_2_Pi.a(Control_Reg_1.o)
                0x00009758                Control_Reg_1_Read
 .text.Status_Reg_1_Read
                0x00009770       0x18 .\CortexM3\ARM_GCC_473\Debug\PSoC_2_Pi.a(Status_Reg_1.o)
                0x00009770                Status_Reg_1_Read
 .text.ADC_DelSig_1_Init
                0x00009788      0x190 .\CortexM3\ARM_GCC_473\Debug\PSoC_2_Pi.a(ADC_DelSig_1.o)
                0x00009788                ADC_DelSig_1_Init
 .text.ADC_DelSig_1_Enable
                0x00009918      0x1e4 .\CortexM3\ARM_GCC_473\Debug\PSoC_2_Pi.a(ADC_DelSig_1.o)
                0x00009918                ADC_DelSig_1_Enable
 .text.ADC_DelSig_1_Start
                0x00009afc       0x3c .\CortexM3\ARM_GCC_473\Debug\PSoC_2_Pi.a(ADC_DelSig_1.o)
                0x00009afc                ADC_DelSig_1_Start
 .text.ADC_DelSig_1_Stop
                0x00009b38      0x220 .\CortexM3\ARM_GCC_473\Debug\PSoC_2_Pi.a(ADC_DelSig_1.o)
                0x00009b38                ADC_DelSig_1_Stop
 .text.ADC_DelSig_1_SetBufferGain
                0x00009d58       0x48 .\CortexM3\ARM_GCC_473\Debug\PSoC_2_Pi.a(ADC_DelSig_1.o)
                0x00009d58                ADC_DelSig_1_SetBufferGain
 .text.ADC_DelSig_1_StartConvert
                0x00009da0       0x28 .\CortexM3\ARM_GCC_473\Debug\PSoC_2_Pi.a(ADC_DelSig_1.o)
                0x00009da0                ADC_DelSig_1_StartConvert
 .text.ADC_DelSig_1_StopConvert
                0x00009dc8       0x28 .\CortexM3\ARM_GCC_473\Debug\PSoC_2_Pi.a(ADC_DelSig_1.o)
                0x00009dc8                ADC_DelSig_1_StopConvert
 .text.ADC_DelSig_1_IsEndConversion
                0x00009df0       0x54 .\CortexM3\ARM_GCC_473\Debug\PSoC_2_Pi.a(ADC_DelSig_1.o)
                0x00009df0                ADC_DelSig_1_IsEndConversion
 .text.ADC_DelSig_1_GetResult32
                0x00009e44       0xd8 .\CortexM3\ARM_GCC_473\Debug\PSoC_2_Pi.a(ADC_DelSig_1.o)
                0x00009e44                ADC_DelSig_1_GetResult32
 .text.ADC_DelSig_1_SetOffset
                0x00009f1c       0x20 .\CortexM3\ARM_GCC_473\Debug\PSoC_2_Pi.a(ADC_DelSig_1.o)
                0x00009f1c                ADC_DelSig_1_SetOffset
 .text.ADC_DelSig_1_SetGain
                0x00009f3c       0x20 .\CortexM3\ARM_GCC_473\Debug\PSoC_2_Pi.a(ADC_DelSig_1.o)
                0x00009f3c                ADC_DelSig_1_SetGain
 .text.ADC_DelSig_1_CountsTo_uVolts
                0x00009f5c       0xc4 .\CortexM3\ARM_GCC_473\Debug\PSoC_2_Pi.a(ADC_DelSig_1.o)
                0x00009f5c                ADC_DelSig_1_CountsTo_uVolts
 .text.ADC_DelSig_1_InitConfig
                0x0000a020      0x1e8 .\CortexM3\ARM_GCC_473\Debug\PSoC_2_Pi.a(ADC_DelSig_1.o)
 .text.ADC_DelSig_1_GainCompensation
                0x0000a208      0x19c .\CortexM3\ARM_GCC_473\Debug\PSoC_2_Pi.a(ADC_DelSig_1.o)
 .text.ADC_DelSig_1_SetDSMRef0Reg
                0x0000a3a4       0xa8 .\CortexM3\ARM_GCC_473\Debug\PSoC_2_Pi.a(ADC_DelSig_1.o)
 .text.ADC_DelSig_1_Read32
                0x0000a44c       0x44 .\CortexM3\ARM_GCC_473\Debug\PSoC_2_Pi.a(ADC_DelSig_1.o)
                0x0000a44c                ADC_DelSig_1_Read32
 .text.ADC_DelSig_1_SaveConfig
                0x0000a490       0x20 .\CortexM3\ARM_GCC_473\Debug\PSoC_2_Pi.a(ADC_DelSig_1_PM.o)
                0x0000a490                ADC_DelSig_1_SaveConfig
 .text.ADC_DelSig_1_RestoreConfig
                0x0000a4b0       0x20 .\CortexM3\ARM_GCC_473\Debug\PSoC_2_Pi.a(ADC_DelSig_1_PM.o)
                0x0000a4b0                ADC_DelSig_1_RestoreConfig
 .text.ADC_DelSig_1_Sleep
                0x0000a4d0       0x84 .\CortexM3\ARM_GCC_473\Debug\PSoC_2_Pi.a(ADC_DelSig_1_PM.o)
                0x0000a4d0                ADC_DelSig_1_Sleep
 .text.ADC_DelSig_1_Wakeup
                0x0000a554       0x34 .\CortexM3\ARM_GCC_473\Debug\PSoC_2_Pi.a(ADC_DelSig_1_PM.o)
                0x0000a554                ADC_DelSig_1_Wakeup
 .text.ADC_DelSig_1_ISR1
                0x0000a588        0xc .\CortexM3\ARM_GCC_473\Debug\PSoC_2_Pi.a(ADC_DelSig_1_INT.o)
                0x0000a588                ADC_DelSig_1_ISR1
 .text.PWM_2_Start
                0x0000a594       0x2c .\CortexM3\ARM_GCC_473\Debug\PSoC_2_Pi.a(PWM_2.o)
                0x0000a594                PWM_2_Start
 .text.PWM_2_Init
                0x0000a5c0       0xbc .\CortexM3\ARM_GCC_473\Debug\PSoC_2_Pi.a(PWM_2.o)
                0x0000a5c0                PWM_2_Init
 .text.PWM_2_Enable
                0x0000a67c       0x28 .\CortexM3\ARM_GCC_473\Debug\PSoC_2_Pi.a(PWM_2.o)
                0x0000a67c                PWM_2_Enable
 .text.PWM_2_Stop
                0x0000a6a4       0x28 .\CortexM3\ARM_GCC_473\Debug\PSoC_2_Pi.a(PWM_2.o)
                0x0000a6a4                PWM_2_Stop
 .text.PWM_2_WriteCounter
                0x0000a6cc       0x20 .\CortexM3\ARM_GCC_473\Debug\PSoC_2_Pi.a(PWM_2.o)
                0x0000a6cc                PWM_2_WriteCounter
 .text.PWM_2_ReadCounter
                0x0000a6ec       0x24 .\CortexM3\ARM_GCC_473\Debug\PSoC_2_Pi.a(PWM_2.o)
                0x0000a6ec                PWM_2_ReadCounter
 .text.PWM_2_ClearFIFO
                0x0000a710       0x1c .\CortexM3\ARM_GCC_473\Debug\PSoC_2_Pi.a(PWM_2.o)
                0x0000a710                PWM_2_ClearFIFO
 .text.PWM_2_WritePeriod
                0x0000a72c       0x20 .\CortexM3\ARM_GCC_473\Debug\PSoC_2_Pi.a(PWM_2.o)
                0x0000a72c                PWM_2_WritePeriod
 .text.PWM_2_WriteCompare
                0x0000a74c       0x20 .\CortexM3\ARM_GCC_473\Debug\PSoC_2_Pi.a(PWM_2.o)
                0x0000a74c                PWM_2_WriteCompare
 .text.PWM_2_SetInterruptMode
                0x0000a76c       0x20 .\CortexM3\ARM_GCC_473\Debug\PSoC_2_Pi.a(PWM_2.o)
                0x0000a76c                PWM_2_SetInterruptMode
 .text.PWM_2_ReadStatusRegister
                0x0000a78c       0x20 .\CortexM3\ARM_GCC_473\Debug\PSoC_2_Pi.a(PWM_2.o)
                0x0000a78c                PWM_2_ReadStatusRegister
 .text.PWM_2_ReadControlRegister
                0x0000a7ac       0x20 .\CortexM3\ARM_GCC_473\Debug\PSoC_2_Pi.a(PWM_2.o)
                0x0000a7ac                PWM_2_ReadControlRegister
 .text.PWM_2_WriteControlRegister
                0x0000a7cc       0x20 .\CortexM3\ARM_GCC_473\Debug\PSoC_2_Pi.a(PWM_2.o)
                0x0000a7cc                PWM_2_WriteControlRegister
 .text.PWM_2_ReadCapture
                0x0000a7ec       0x18 .\CortexM3\ARM_GCC_473\Debug\PSoC_2_Pi.a(PWM_2.o)
                0x0000a7ec                PWM_2_ReadCapture
 .text.PWM_2_ReadCompare
                0x0000a804       0x18 .\CortexM3\ARM_GCC_473\Debug\PSoC_2_Pi.a(PWM_2.o)
                0x0000a804                PWM_2_ReadCompare
 .text.PWM_2_ReadPeriod
                0x0000a81c       0x18 .\CortexM3\ARM_GCC_473\Debug\PSoC_2_Pi.a(PWM_2.o)
                0x0000a81c                PWM_2_ReadPeriod
 .text.PWM_2_SaveConfig
                0x0000a834       0x54 .\CortexM3\ARM_GCC_473\Debug\PSoC_2_Pi.a(PWM_2_PM.o)
                0x0000a834                PWM_2_SaveConfig
 .text.PWM_2_RestoreConfig
                0x0000a888       0x4c .\CortexM3\ARM_GCC_473\Debug\PSoC_2_Pi.a(PWM_2_PM.o)
                0x0000a888                PWM_2_RestoreConfig
 .text.PWM_2_Sleep
                0x0000a8d4       0x40 .\CortexM3\ARM_GCC_473\Debug\PSoC_2_Pi.a(PWM_2_PM.o)
                0x0000a8d4                PWM_2_Sleep
 .text.PWM_2_Wakeup
                0x0000a914       0x1c .\CortexM3\ARM_GCC_473\Debug\PSoC_2_Pi.a(PWM_2_PM.o)
                0x0000a914                PWM_2_Wakeup
 .text.PWM_3_Start
                0x0000a930       0x2c .\CortexM3\ARM_GCC_473\Debug\PSoC_2_Pi.a(PWM_3.o)
                0x0000a930                PWM_3_Start
 .text.PWM_3_Init
                0x0000a95c       0xbc .\CortexM3\ARM_GCC_473\Debug\PSoC_2_Pi.a(PWM_3.o)
                0x0000a95c                PWM_3_Init
 .text.PWM_3_Enable
                0x0000aa18       0x28 .\CortexM3\ARM_GCC_473\Debug\PSoC_2_Pi.a(PWM_3.o)
                0x0000aa18                PWM_3_Enable
 .text.PWM_3_Stop
                0x0000aa40       0x28 .\CortexM3\ARM_GCC_473\Debug\PSoC_2_Pi.a(PWM_3.o)
                0x0000aa40                PWM_3_Stop
 .text.PWM_3_WriteCounter
                0x0000aa68       0x20 .\CortexM3\ARM_GCC_473\Debug\PSoC_2_Pi.a(PWM_3.o)
                0x0000aa68                PWM_3_WriteCounter
 .text.PWM_3_ReadCounter
                0x0000aa88       0x24 .\CortexM3\ARM_GCC_473\Debug\PSoC_2_Pi.a(PWM_3.o)
                0x0000aa88                PWM_3_ReadCounter
 .text.PWM_3_ClearFIFO
                0x0000aaac       0x1c .\CortexM3\ARM_GCC_473\Debug\PSoC_2_Pi.a(PWM_3.o)
                0x0000aaac                PWM_3_ClearFIFO
 .text.PWM_3_WritePeriod
                0x0000aac8       0x20 .\CortexM3\ARM_GCC_473\Debug\PSoC_2_Pi.a(PWM_3.o)
                0x0000aac8                PWM_3_WritePeriod
 .text.PWM_3_WriteCompare
                0x0000aae8       0x20 .\CortexM3\ARM_GCC_473\Debug\PSoC_2_Pi.a(PWM_3.o)
                0x0000aae8                PWM_3_WriteCompare
 .text.PWM_3_SetInterruptMode
                0x0000ab08       0x20 .\CortexM3\ARM_GCC_473\Debug\PSoC_2_Pi.a(PWM_3.o)
                0x0000ab08                PWM_3_SetInterruptMode
 .text.PWM_3_ReadStatusRegister
                0x0000ab28       0x20 .\CortexM3\ARM_GCC_473\Debug\PSoC_2_Pi.a(PWM_3.o)
                0x0000ab28                PWM_3_ReadStatusRegister
 .text.PWM_3_ReadControlRegister
                0x0000ab48       0x20 .\CortexM3\ARM_GCC_473\Debug\PSoC_2_Pi.a(PWM_3.o)
                0x0000ab48                PWM_3_ReadControlRegister
 .text.PWM_3_WriteControlRegister
                0x0000ab68       0x20 .\CortexM3\ARM_GCC_473\Debug\PSoC_2_Pi.a(PWM_3.o)
                0x0000ab68                PWM_3_WriteControlRegister
 .text.PWM_3_ReadCapture
                0x0000ab88       0x18 .\CortexM3\ARM_GCC_473\Debug\PSoC_2_Pi.a(PWM_3.o)
                0x0000ab88                PWM_3_ReadCapture
 .text.PWM_3_ReadCompare
                0x0000aba0       0x18 .\CortexM3\ARM_GCC_473\Debug\PSoC_2_Pi.a(PWM_3.o)
                0x0000aba0                PWM_3_ReadCompare
 .text.PWM_3_ReadPeriod
                0x0000abb8       0x18 .\CortexM3\ARM_GCC_473\Debug\PSoC_2_Pi.a(PWM_3.o)
                0x0000abb8                PWM_3_ReadPeriod
 .text.PWM_3_SaveConfig
                0x0000abd0       0x54 .\CortexM3\ARM_GCC_473\Debug\PSoC_2_Pi.a(PWM_3_PM.o)
                0x0000abd0                PWM_3_SaveConfig
 .text.PWM_3_RestoreConfig
                0x0000ac24       0x4c .\CortexM3\ARM_GCC_473\Debug\PSoC_2_Pi.a(PWM_3_PM.o)
                0x0000ac24                PWM_3_RestoreConfig
 .text.PWM_3_Sleep
                0x0000ac70       0x40 .\CortexM3\ARM_GCC_473\Debug\PSoC_2_Pi.a(PWM_3_PM.o)
                0x0000ac70                PWM_3_Sleep
 .text.PWM_3_Wakeup
                0x0000acb0       0x1c .\CortexM3\ARM_GCC_473\Debug\PSoC_2_Pi.a(PWM_3_PM.o)
                0x0000acb0                PWM_3_Wakeup
 .text.PWM_4_Start
                0x0000accc       0x2c .\CortexM3\ARM_GCC_473\Debug\PSoC_2_Pi.a(PWM_4.o)
                0x0000accc                PWM_4_Start
 .text.PWM_4_Init
                0x0000acf8       0xbc .\CortexM3\ARM_GCC_473\Debug\PSoC_2_Pi.a(PWM_4.o)
                0x0000acf8                PWM_4_Init
 .text.PWM_4_Enable
                0x0000adb4       0x28 .\CortexM3\ARM_GCC_473\Debug\PSoC_2_Pi.a(PWM_4.o)
                0x0000adb4                PWM_4_Enable
 .text.PWM_4_Stop
                0x0000addc       0x28 .\CortexM3\ARM_GCC_473\Debug\PSoC_2_Pi.a(PWM_4.o)
                0x0000addc                PWM_4_Stop
 .text.PWM_4_WriteCounter
                0x0000ae04       0x20 .\CortexM3\ARM_GCC_473\Debug\PSoC_2_Pi.a(PWM_4.o)
                0x0000ae04                PWM_4_WriteCounter
 .text.PWM_4_ReadCounter
                0x0000ae24       0x24 .\CortexM3\ARM_GCC_473\Debug\PSoC_2_Pi.a(PWM_4.o)
                0x0000ae24                PWM_4_ReadCounter
 .text.PWM_4_ClearFIFO
                0x0000ae48       0x1c .\CortexM3\ARM_GCC_473\Debug\PSoC_2_Pi.a(PWM_4.o)
                0x0000ae48                PWM_4_ClearFIFO
 .text.PWM_4_WritePeriod
                0x0000ae64       0x20 .\CortexM3\ARM_GCC_473\Debug\PSoC_2_Pi.a(PWM_4.o)
                0x0000ae64                PWM_4_WritePeriod
 .text.PWM_4_WriteCompare
                0x0000ae84       0x20 .\CortexM3\ARM_GCC_473\Debug\PSoC_2_Pi.a(PWM_4.o)
                0x0000ae84                PWM_4_WriteCompare
 .text.PWM_4_SetInterruptMode
                0x0000aea4       0x20 .\CortexM3\ARM_GCC_473\Debug\PSoC_2_Pi.a(PWM_4.o)
                0x0000aea4                PWM_4_SetInterruptMode
 .text.PWM_4_ReadStatusRegister
                0x0000aec4       0x20 .\CortexM3\ARM_GCC_473\Debug\PSoC_2_Pi.a(PWM_4.o)
                0x0000aec4                PWM_4_ReadStatusRegister
 .text.PWM_4_ReadControlRegister
                0x0000aee4       0x20 .\CortexM3\ARM_GCC_473\Debug\PSoC_2_Pi.a(PWM_4.o)
                0x0000aee4                PWM_4_ReadControlRegister
 .text.PWM_4_WriteControlRegister
                0x0000af04       0x20 .\CortexM3\ARM_GCC_473\Debug\PSoC_2_Pi.a(PWM_4.o)
                0x0000af04                PWM_4_WriteControlRegister
 .text.PWM_4_ReadCapture
                0x0000af24       0x18 .\CortexM3\ARM_GCC_473\Debug\PSoC_2_Pi.a(PWM_4.o)
                0x0000af24                PWM_4_ReadCapture
 .text.PWM_4_ReadCompare
                0x0000af3c       0x18 .\CortexM3\ARM_GCC_473\Debug\PSoC_2_Pi.a(PWM_4.o)
                0x0000af3c                PWM_4_ReadCompare
 .text.PWM_4_ReadPeriod
                0x0000af54       0x18 .\CortexM3\ARM_GCC_473\Debug\PSoC_2_Pi.a(PWM_4.o)
                0x0000af54                PWM_4_ReadPeriod
 .text.PWM_4_SaveConfig
                0x0000af6c       0x54 .\CortexM3\ARM_GCC_473\Debug\PSoC_2_Pi.a(PWM_4_PM.o)
                0x0000af6c                PWM_4_SaveConfig
 .text.PWM_4_RestoreConfig
                0x0000afc0       0x4c .\CortexM3\ARM_GCC_473\Debug\PSoC_2_Pi.a(PWM_4_PM.o)
                0x0000afc0                PWM_4_RestoreConfig
 .text.PWM_4_Sleep
                0x0000b00c       0x40 .\CortexM3\ARM_GCC_473\Debug\PSoC_2_Pi.a(PWM_4_PM.o)
                0x0000b00c                PWM_4_Sleep
 .text.PWM_4_Wakeup
                0x0000b04c       0x1c .\CortexM3\ARM_GCC_473\Debug\PSoC_2_Pi.a(PWM_4_PM.o)
                0x0000b04c                PWM_4_Wakeup
 .text.PWM_5_Start
                0x0000b068       0x2c .\CortexM3\ARM_GCC_473\Debug\PSoC_2_Pi.a(PWM_5.o)
                0x0000b068                PWM_5_Start
 .text.PWM_5_Init
                0x0000b094       0xbc .\CortexM3\ARM_GCC_473\Debug\PSoC_2_Pi.a(PWM_5.o)
                0x0000b094                PWM_5_Init
 .text.PWM_5_Enable
                0x0000b150       0x28 .\CortexM3\ARM_GCC_473\Debug\PSoC_2_Pi.a(PWM_5.o)
                0x0000b150                PWM_5_Enable
 .text.PWM_5_Stop
                0x0000b178       0x28 .\CortexM3\ARM_GCC_473\Debug\PSoC_2_Pi.a(PWM_5.o)
                0x0000b178                PWM_5_Stop
 .text.PWM_5_WriteCounter
                0x0000b1a0       0x20 .\CortexM3\ARM_GCC_473\Debug\PSoC_2_Pi.a(PWM_5.o)
                0x0000b1a0                PWM_5_WriteCounter
 .text.PWM_5_ReadCounter
                0x0000b1c0       0x24 .\CortexM3\ARM_GCC_473\Debug\PSoC_2_Pi.a(PWM_5.o)
                0x0000b1c0                PWM_5_ReadCounter
 .text.PWM_5_ClearFIFO
                0x0000b1e4       0x1c .\CortexM3\ARM_GCC_473\Debug\PSoC_2_Pi.a(PWM_5.o)
                0x0000b1e4                PWM_5_ClearFIFO
 .text.PWM_5_WritePeriod
                0x0000b200       0x20 .\CortexM3\ARM_GCC_473\Debug\PSoC_2_Pi.a(PWM_5.o)
                0x0000b200                PWM_5_WritePeriod
 .text.PWM_5_WriteCompare
                0x0000b220       0x20 .\CortexM3\ARM_GCC_473\Debug\PSoC_2_Pi.a(PWM_5.o)
                0x0000b220                PWM_5_WriteCompare
 .text.PWM_5_SetInterruptMode
                0x0000b240       0x20 .\CortexM3\ARM_GCC_473\Debug\PSoC_2_Pi.a(PWM_5.o)
                0x0000b240                PWM_5_SetInterruptMode
 .text.PWM_5_ReadStatusRegister
                0x0000b260       0x20 .\CortexM3\ARM_GCC_473\Debug\PSoC_2_Pi.a(PWM_5.o)
                0x0000b260                PWM_5_ReadStatusRegister
 .text.PWM_5_ReadControlRegister
                0x0000b280       0x20 .\CortexM3\ARM_GCC_473\Debug\PSoC_2_Pi.a(PWM_5.o)
                0x0000b280                PWM_5_ReadControlRegister
 .text.PWM_5_WriteControlRegister
                0x0000b2a0       0x20 .\CortexM3\ARM_GCC_473\Debug\PSoC_2_Pi.a(PWM_5.o)
                0x0000b2a0                PWM_5_WriteControlRegister
 .text.PWM_5_ReadCapture
                0x0000b2c0       0x18 .\CortexM3\ARM_GCC_473\Debug\PSoC_2_Pi.a(PWM_5.o)
                0x0000b2c0                PWM_5_ReadCapture
 .text.PWM_5_ReadCompare
                0x0000b2d8       0x18 .\CortexM3\ARM_GCC_473\Debug\PSoC_2_Pi.a(PWM_5.o)
                0x0000b2d8                PWM_5_ReadCompare
 .text.PWM_5_ReadPeriod
                0x0000b2f0       0x18 .\CortexM3\ARM_GCC_473\Debug\PSoC_2_Pi.a(PWM_5.o)
                0x0000b2f0                PWM_5_ReadPeriod
 .text.PWM_5_SaveConfig
                0x0000b308       0x54 .\CortexM3\ARM_GCC_473\Debug\PSoC_2_Pi.a(PWM_5_PM.o)
                0x0000b308                PWM_5_SaveConfig
 .text.PWM_5_RestoreConfig
                0x0000b35c       0x4c .\CortexM3\ARM_GCC_473\Debug\PSoC_2_Pi.a(PWM_5_PM.o)
                0x0000b35c                PWM_5_RestoreConfig
 .text.PWM_5_Sleep
                0x0000b3a8       0x40 .\CortexM3\ARM_GCC_473\Debug\PSoC_2_Pi.a(PWM_5_PM.o)
                0x0000b3a8                PWM_5_Sleep
 .text.PWM_5_Wakeup
                0x0000b3e8       0x1c .\CortexM3\ARM_GCC_473\Debug\PSoC_2_Pi.a(PWM_5_PM.o)
                0x0000b3e8                PWM_5_Wakeup
 .text.PWM_6_Start
                0x0000b404       0x2c .\CortexM3\ARM_GCC_473\Debug\PSoC_2_Pi.a(PWM_6.o)
                0x0000b404                PWM_6_Start
 .text.PWM_6_Init
                0x0000b430       0xbc .\CortexM3\ARM_GCC_473\Debug\PSoC_2_Pi.a(PWM_6.o)
                0x0000b430                PWM_6_Init
 .text.PWM_6_Enable
                0x0000b4ec       0x28 .\CortexM3\ARM_GCC_473\Debug\PSoC_2_Pi.a(PWM_6.o)
                0x0000b4ec                PWM_6_Enable
 .text.PWM_6_Stop
                0x0000b514       0x28 .\CortexM3\ARM_GCC_473\Debug\PSoC_2_Pi.a(PWM_6.o)
                0x0000b514                PWM_6_Stop
 .text.PWM_6_WriteCounter
                0x0000b53c       0x20 .\CortexM3\ARM_GCC_473\Debug\PSoC_2_Pi.a(PWM_6.o)
                0x0000b53c                PWM_6_WriteCounter
 .text.PWM_6_ReadCounter
                0x0000b55c       0x24 .\CortexM3\ARM_GCC_473\Debug\PSoC_2_Pi.a(PWM_6.o)
                0x0000b55c                PWM_6_ReadCounter
 .text.PWM_6_ClearFIFO
                0x0000b580       0x1c .\CortexM3\ARM_GCC_473\Debug\PSoC_2_Pi.a(PWM_6.o)
                0x0000b580                PWM_6_ClearFIFO
 .text.PWM_6_WritePeriod
                0x0000b59c       0x20 .\CortexM3\ARM_GCC_473\Debug\PSoC_2_Pi.a(PWM_6.o)
                0x0000b59c                PWM_6_WritePeriod
 .text.PWM_6_WriteCompare
                0x0000b5bc       0x20 .\CortexM3\ARM_GCC_473\Debug\PSoC_2_Pi.a(PWM_6.o)
                0x0000b5bc                PWM_6_WriteCompare
 .text.PWM_6_SetInterruptMode
                0x0000b5dc       0x20 .\CortexM3\ARM_GCC_473\Debug\PSoC_2_Pi.a(PWM_6.o)
                0x0000b5dc                PWM_6_SetInterruptMode
 .text.PWM_6_ReadStatusRegister
                0x0000b5fc       0x20 .\CortexM3\ARM_GCC_473\Debug\PSoC_2_Pi.a(PWM_6.o)
                0x0000b5fc                PWM_6_ReadStatusRegister
 .text.PWM_6_ReadControlRegister
                0x0000b61c       0x20 .\CortexM3\ARM_GCC_473\Debug\PSoC_2_Pi.a(PWM_6.o)
                0x0000b61c                PWM_6_ReadControlRegister
 .text.PWM_6_WriteControlRegister
                0x0000b63c       0x20 .\CortexM3\ARM_GCC_473\Debug\PSoC_2_Pi.a(PWM_6.o)
                0x0000b63c                PWM_6_WriteControlRegister
 .text.PWM_6_ReadCapture
                0x0000b65c       0x18 .\CortexM3\ARM_GCC_473\Debug\PSoC_2_Pi.a(PWM_6.o)
                0x0000b65c                PWM_6_ReadCapture
 .text.PWM_6_ReadCompare
                0x0000b674       0x18 .\CortexM3\ARM_GCC_473\Debug\PSoC_2_Pi.a(PWM_6.o)
                0x0000b674                PWM_6_ReadCompare
 .text.PWM_6_ReadPeriod
                0x0000b68c       0x18 .\CortexM3\ARM_GCC_473\Debug\PSoC_2_Pi.a(PWM_6.o)
                0x0000b68c                PWM_6_ReadPeriod
 .text.PWM_6_SaveConfig
                0x0000b6a4       0x54 .\CortexM3\ARM_GCC_473\Debug\PSoC_2_Pi.a(PWM_6_PM.o)
                0x0000b6a4                PWM_6_SaveConfig
 .text.PWM_6_RestoreConfig
                0x0000b6f8       0x4c .\CortexM3\ARM_GCC_473\Debug\PSoC_2_Pi.a(PWM_6_PM.o)
                0x0000b6f8                PWM_6_RestoreConfig
 .text.PWM_6_Sleep
                0x0000b744       0x40 .\CortexM3\ARM_GCC_473\Debug\PSoC_2_Pi.a(PWM_6_PM.o)
                0x0000b744                PWM_6_Sleep
 .text.PWM_6_Wakeup
                0x0000b784       0x1c .\CortexM3\ARM_GCC_473\Debug\PSoC_2_Pi.a(PWM_6_PM.o)
                0x0000b784                PWM_6_Wakeup
 .text.PWM_7_Start
                0x0000b7a0       0x2c .\CortexM3\ARM_GCC_473\Debug\PSoC_2_Pi.a(PWM_7.o)
                0x0000b7a0                PWM_7_Start
 .text.PWM_7_Init
                0x0000b7cc       0xbc .\CortexM3\ARM_GCC_473\Debug\PSoC_2_Pi.a(PWM_7.o)
                0x0000b7cc                PWM_7_Init
 .text.PWM_7_Enable
                0x0000b888       0x28 .\CortexM3\ARM_GCC_473\Debug\PSoC_2_Pi.a(PWM_7.o)
                0x0000b888                PWM_7_Enable
 .text.PWM_7_Stop
                0x0000b8b0       0x28 .\CortexM3\ARM_GCC_473\Debug\PSoC_2_Pi.a(PWM_7.o)
                0x0000b8b0                PWM_7_Stop
 .text.PWM_7_WriteCounter
                0x0000b8d8       0x20 .\CortexM3\ARM_GCC_473\Debug\PSoC_2_Pi.a(PWM_7.o)
                0x0000b8d8                PWM_7_WriteCounter
 .text.PWM_7_ReadCounter
                0x0000b8f8       0x24 .\CortexM3\ARM_GCC_473\Debug\PSoC_2_Pi.a(PWM_7.o)
                0x0000b8f8                PWM_7_ReadCounter
 .text.PWM_7_ClearFIFO
                0x0000b91c       0x1c .\CortexM3\ARM_GCC_473\Debug\PSoC_2_Pi.a(PWM_7.o)
                0x0000b91c                PWM_7_ClearFIFO
 .text.PWM_7_WritePeriod
                0x0000b938       0x20 .\CortexM3\ARM_GCC_473\Debug\PSoC_2_Pi.a(PWM_7.o)
                0x0000b938                PWM_7_WritePeriod
 .text.PWM_7_WriteCompare
                0x0000b958       0x20 .\CortexM3\ARM_GCC_473\Debug\PSoC_2_Pi.a(PWM_7.o)
                0x0000b958                PWM_7_WriteCompare
 .text.PWM_7_SetInterruptMode
                0x0000b978       0x20 .\CortexM3\ARM_GCC_473\Debug\PSoC_2_Pi.a(PWM_7.o)
                0x0000b978                PWM_7_SetInterruptMode
 .text.PWM_7_ReadStatusRegister
                0x0000b998       0x20 .\CortexM3\ARM_GCC_473\Debug\PSoC_2_Pi.a(PWM_7.o)
                0x0000b998                PWM_7_ReadStatusRegister
 .text.PWM_7_ReadControlRegister
                0x0000b9b8       0x20 .\CortexM3\ARM_GCC_473\Debug\PSoC_2_Pi.a(PWM_7.o)
                0x0000b9b8                PWM_7_ReadControlRegister
 .text.PWM_7_WriteControlRegister
                0x0000b9d8       0x20 .\CortexM3\ARM_GCC_473\Debug\PSoC_2_Pi.a(PWM_7.o)
                0x0000b9d8                PWM_7_WriteControlRegister
 .text.PWM_7_ReadCapture
                0x0000b9f8       0x18 .\CortexM3\ARM_GCC_473\Debug\PSoC_2_Pi.a(PWM_7.o)
                0x0000b9f8                PWM_7_ReadCapture
 .text.PWM_7_ReadCompare
                0x0000ba10       0x18 .\CortexM3\ARM_GCC_473\Debug\PSoC_2_Pi.a(PWM_7.o)
                0x0000ba10                PWM_7_ReadCompare
 .text.PWM_7_ReadPeriod
                0x0000ba28       0x18 .\CortexM3\ARM_GCC_473\Debug\PSoC_2_Pi.a(PWM_7.o)
                0x0000ba28                PWM_7_ReadPeriod
 .text.PWM_7_SaveConfig
                0x0000ba40       0x54 .\CortexM3\ARM_GCC_473\Debug\PSoC_2_Pi.a(PWM_7_PM.o)
                0x0000ba40                PWM_7_SaveConfig
 .text.PWM_7_RestoreConfig
                0x0000ba94       0x4c .\CortexM3\ARM_GCC_473\Debug\PSoC_2_Pi.a(PWM_7_PM.o)
                0x0000ba94                PWM_7_RestoreConfig
 .text.PWM_7_Sleep
                0x0000bae0       0x40 .\CortexM3\ARM_GCC_473\Debug\PSoC_2_Pi.a(PWM_7_PM.o)
                0x0000bae0                PWM_7_Sleep
 .text.PWM_7_Wakeup
                0x0000bb20       0x1c .\CortexM3\ARM_GCC_473\Debug\PSoC_2_Pi.a(PWM_7_PM.o)
                0x0000bb20                PWM_7_Wakeup
 .text.PWM_8_Start
                0x0000bb3c       0x2c .\CortexM3\ARM_GCC_473\Debug\PSoC_2_Pi.a(PWM_8.o)
                0x0000bb3c                PWM_8_Start
 .text.PWM_8_Init
                0x0000bb68       0xbc .\CortexM3\ARM_GCC_473\Debug\PSoC_2_Pi.a(PWM_8.o)
                0x0000bb68                PWM_8_Init
 .text.PWM_8_Enable
                0x0000bc24       0x28 .\CortexM3\ARM_GCC_473\Debug\PSoC_2_Pi.a(PWM_8.o)
                0x0000bc24                PWM_8_Enable
 .text.PWM_8_Stop
                0x0000bc4c       0x28 .\CortexM3\ARM_GCC_473\Debug\PSoC_2_Pi.a(PWM_8.o)
                0x0000bc4c                PWM_8_Stop
 .text.PWM_8_WriteCounter
                0x0000bc74       0x20 .\CortexM3\ARM_GCC_473\Debug\PSoC_2_Pi.a(PWM_8.o)
                0x0000bc74                PWM_8_WriteCounter
 .text.PWM_8_ReadCounter
                0x0000bc94       0x24 .\CortexM3\ARM_GCC_473\Debug\PSoC_2_Pi.a(PWM_8.o)
                0x0000bc94                PWM_8_ReadCounter
 .text.PWM_8_ClearFIFO
                0x0000bcb8       0x1c .\CortexM3\ARM_GCC_473\Debug\PSoC_2_Pi.a(PWM_8.o)
                0x0000bcb8                PWM_8_ClearFIFO
 .text.PWM_8_WritePeriod
                0x0000bcd4       0x20 .\CortexM3\ARM_GCC_473\Debug\PSoC_2_Pi.a(PWM_8.o)
                0x0000bcd4                PWM_8_WritePeriod
 .text.PWM_8_WriteCompare
                0x0000bcf4       0x20 .\CortexM3\ARM_GCC_473\Debug\PSoC_2_Pi.a(PWM_8.o)
                0x0000bcf4                PWM_8_WriteCompare
 .text.PWM_8_SetInterruptMode
                0x0000bd14       0x20 .\CortexM3\ARM_GCC_473\Debug\PSoC_2_Pi.a(PWM_8.o)
                0x0000bd14                PWM_8_SetInterruptMode
 .text.PWM_8_ReadStatusRegister
                0x0000bd34       0x20 .\CortexM3\ARM_GCC_473\Debug\PSoC_2_Pi.a(PWM_8.o)
                0x0000bd34                PWM_8_ReadStatusRegister
 .text.PWM_8_ReadControlRegister
                0x0000bd54       0x20 .\CortexM3\ARM_GCC_473\Debug\PSoC_2_Pi.a(PWM_8.o)
                0x0000bd54                PWM_8_ReadControlRegister
 .text.PWM_8_WriteControlRegister
                0x0000bd74       0x20 .\CortexM3\ARM_GCC_473\Debug\PSoC_2_Pi.a(PWM_8.o)
                0x0000bd74                PWM_8_WriteControlRegister
 .text.PWM_8_ReadCapture
                0x0000bd94       0x18 .\CortexM3\ARM_GCC_473\Debug\PSoC_2_Pi.a(PWM_8.o)
                0x0000bd94                PWM_8_ReadCapture
 .text.PWM_8_ReadCompare
                0x0000bdac       0x18 .\CortexM3\ARM_GCC_473\Debug\PSoC_2_Pi.a(PWM_8.o)
                0x0000bdac                PWM_8_ReadCompare
 .text.PWM_8_ReadPeriod
                0x0000bdc4       0x18 .\CortexM3\ARM_GCC_473\Debug\PSoC_2_Pi.a(PWM_8.o)
                0x0000bdc4                PWM_8_ReadPeriod
 .text.PWM_8_SaveConfig
                0x0000bddc       0x54 .\CortexM3\ARM_GCC_473\Debug\PSoC_2_Pi.a(PWM_8_PM.o)
                0x0000bddc                PWM_8_SaveConfig
 .text.PWM_8_RestoreConfig
                0x0000be30       0x4c .\CortexM3\ARM_GCC_473\Debug\PSoC_2_Pi.a(PWM_8_PM.o)
                0x0000be30                PWM_8_RestoreConfig
 .text.PWM_8_Sleep
                0x0000be7c       0x40 .\CortexM3\ARM_GCC_473\Debug\PSoC_2_Pi.a(PWM_8_PM.o)
                0x0000be7c                PWM_8_Sleep
 .text.PWM_8_Wakeup
                0x0000bebc       0x1c .\CortexM3\ARM_GCC_473\Debug\PSoC_2_Pi.a(PWM_8_PM.o)
                0x0000bebc                PWM_8_Wakeup
 .text.Control_Reg_2_Write
                0x0000bed8       0x20 .\CortexM3\ARM_GCC_473\Debug\PSoC_2_Pi.a(Control_Reg_2.o)
                0x0000bed8                Control_Reg_2_Write
 .text.Control_Reg_2_Read
                0x0000bef8       0x18 .\CortexM3\ARM_GCC_473\Debug\PSoC_2_Pi.a(Control_Reg_2.o)
                0x0000bef8                Control_Reg_2_Read
 .text.Status_Reg_2_Read
                0x0000bf10       0x18 .\CortexM3\ARM_GCC_473\Debug\PSoC_2_Pi.a(Status_Reg_2.o)
                0x0000bf10                Status_Reg_2_Read
 .text.ADC_DelSig_1_AMux_Start
                0x0000bf28       0x3c .\CortexM3\ARM_GCC_473\Debug\PSoC_2_Pi.a(ADC_DelSig_1_AMux.o)
                0x0000bf28                ADC_DelSig_1_AMux_Start
 .text.ADC_DelSig_1_AMux_Select
                0x0000bf64       0x2c .\CortexM3\ARM_GCC_473\Debug\PSoC_2_Pi.a(ADC_DelSig_1_AMux.o)
                0x0000bf64                ADC_DelSig_1_AMux_Select
 .text.ADC_DelSig_1_Ext_CP_Clk_SetDividerRegister
                0x0000bf90      0x1e8 .\CortexM3\ARM_GCC_473\Debug\PSoC_2_Pi.a(ADC_DelSig_1_Ext_CP_Clk.o)
                0x0000bf90                ADC_DelSig_1_Ext_CP_Clk_SetDividerRegister
 .text.ADC_DelSig_1_Ext_CP_Clk_GetDividerRegister
                0x0000c178       0x18 .\CortexM3\ARM_GCC_473\Debug\PSoC_2_Pi.a(ADC_DelSig_1_Ext_CP_Clk.o)
                0x0000c178                ADC_DelSig_1_Ext_CP_Clk_GetDividerRegister
 .text.ADC_DelSig_1_Ext_CP_Clk_SetModeRegister
                0x0000c190       0x3c .\CortexM3\ARM_GCC_473\Debug\PSoC_2_Pi.a(ADC_DelSig_1_Ext_CP_Clk.o)
                0x0000c190                ADC_DelSig_1_Ext_CP_Clk_SetModeRegister
 .text.ADC_DelSig_1_Ext_CP_Clk_GetSourceRegister
                0x0000c1cc       0x20 .\CortexM3\ARM_GCC_473\Debug\PSoC_2_Pi.a(ADC_DelSig_1_Ext_CP_Clk.o)
                0x0000c1cc                ADC_DelSig_1_Ext_CP_Clk_GetSourceRegister
 .text.ADC_DelSig_1_theACLK_SetDividerRegister
                0x0000c1ec      0x1e8 .\CortexM3\ARM_GCC_473\Debug\PSoC_2_Pi.a(ADC_DelSig_1_theACLK.o)
                0x0000c1ec                ADC_DelSig_1_theACLK_SetDividerRegister
 .text.ADC_DelSig_1_theACLK_GetDividerRegister
                0x0000c3d4       0x18 .\CortexM3\ARM_GCC_473\Debug\PSoC_2_Pi.a(ADC_DelSig_1_theACLK.o)
                0x0000c3d4                ADC_DelSig_1_theACLK_GetDividerRegister
 .text.ADC_DelSig_1_theACLK_SetModeRegister
                0x0000c3ec       0x3c .\CortexM3\ARM_GCC_473\Debug\PSoC_2_Pi.a(ADC_DelSig_1_theACLK.o)
                0x0000c3ec                ADC_DelSig_1_theACLK_SetModeRegister
 .text.ADC_DelSig_1_theACLK_GetSourceRegister
                0x0000c428       0x20 .\CortexM3\ARM_GCC_473\Debug\PSoC_2_Pi.a(ADC_DelSig_1_theACLK.o)
                0x0000c428                ADC_DelSig_1_theACLK_GetSourceRegister
 .text.WaveDAC8_1_BuffAmp_Init
                0x0000c448       0x10 .\CortexM3\ARM_GCC_473\Debug\PSoC_2_Pi.a(WaveDAC8_1_BuffAmp.o)
                0x0000c448                WaveDAC8_1_BuffAmp_Init
 .text.WaveDAC8_1_BuffAmp_Enable
                0x0000c458       0x60 .\CortexM3\ARM_GCC_473\Debug\PSoC_2_Pi.a(WaveDAC8_1_BuffAmp.o)
                0x0000c458                WaveDAC8_1_BuffAmp_Enable
 .text.WaveDAC8_1_BuffAmp_SetPower
                0x0000c4b8       0x54 .\CortexM3\ARM_GCC_473\Debug\PSoC_2_Pi.a(WaveDAC8_1_BuffAmp.o)
                0x0000c4b8                WaveDAC8_1_BuffAmp_SetPower
 .text.Control_Reg_3_Write
                0x0000c50c       0x20 .\CortexM3\ARM_GCC_473\Debug\PSoC_2_Pi.a(Control_Reg_3.o)
                0x0000c50c                Control_Reg_3_Write
 .text.Control_Reg_3_Read
                0x0000c52c       0x18 .\CortexM3\ARM_GCC_473\Debug\PSoC_2_Pi.a(Control_Reg_3.o)
                0x0000c52c                Control_Reg_3_Read
 .text.Status_Reg_3_Read
                0x0000c544       0x18 .\CortexM3\ARM_GCC_473\Debug\PSoC_2_Pi.a(Status_Reg_3.o)
                0x0000c544                Status_Reg_3_Read
 .text.PWM_1_2_clk_SetDividerRegister
                0x0000c55c      0x1e8 .\CortexM3\ARM_GCC_473\Debug\PSoC_2_Pi.a(PWM_1_2_clk.o)
                0x0000c55c                PWM_1_2_clk_SetDividerRegister
 .text.PWM_1_2_clk_GetDividerRegister
                0x0000c744       0x18 .\CortexM3\ARM_GCC_473\Debug\PSoC_2_Pi.a(PWM_1_2_clk.o)
                0x0000c744                PWM_1_2_clk_GetDividerRegister
 .text.PWM_1_2_clk_GetSourceRegister
                0x0000c75c       0x20 .\CortexM3\ARM_GCC_473\Debug\PSoC_2_Pi.a(PWM_1_2_clk.o)
                0x0000c75c                PWM_1_2_clk_GetSourceRegister
 .text.PWM_3_4_clk_SetDividerRegister
                0x0000c77c      0x1e8 .\CortexM3\ARM_GCC_473\Debug\PSoC_2_Pi.a(PWM_3_4_clk.o)
                0x0000c77c                PWM_3_4_clk_SetDividerRegister
 .text.PWM_3_4_clk_GetDividerRegister
                0x0000c964       0x18 .\CortexM3\ARM_GCC_473\Debug\PSoC_2_Pi.a(PWM_3_4_clk.o)
                0x0000c964                PWM_3_4_clk_GetDividerRegister
 .text.PWM_3_4_clk_GetSourceRegister
                0x0000c97c       0x20 .\CortexM3\ARM_GCC_473\Debug\PSoC_2_Pi.a(PWM_3_4_clk.o)
                0x0000c97c                PWM_3_4_clk_GetSourceRegister
 .text.PWM_5_6_clk_SetDividerRegister
                0x0000c99c      0x1e8 .\CortexM3\ARM_GCC_473\Debug\PSoC_2_Pi.a(PWM_5_6_clk.o)
                0x0000c99c                PWM_5_6_clk_SetDividerRegister
 .text.PWM_5_6_clk_GetDividerRegister
                0x0000cb84       0x18 .\CortexM3\ARM_GCC_473\Debug\PSoC_2_Pi.a(PWM_5_6_clk.o)
                0x0000cb84                PWM_5_6_clk_GetDividerRegister
 .text.PWM_5_6_clk_GetSourceRegister
                0x0000cb9c       0x20 .\CortexM3\ARM_GCC_473\Debug\PSoC_2_Pi.a(PWM_5_6_clk.o)
                0x0000cb9c                PWM_5_6_clk_GetSourceRegister
 .text.PWM_7_8_clk_SetDividerRegister
                0x0000cbbc      0x1e8 .\CortexM3\ARM_GCC_473\Debug\PSoC_2_Pi.a(PWM_7_8_clk.o)
                0x0000cbbc                PWM_7_8_clk_SetDividerRegister
 .text.PWM_7_8_clk_GetDividerRegister
                0x0000cda4       0x18 .\CortexM3\ARM_GCC_473\Debug\PSoC_2_Pi.a(PWM_7_8_clk.o)
                0x0000cda4                PWM_7_8_clk_GetDividerRegister
 .text.PWM_7_8_clk_GetSourceRegister
                0x0000cdbc       0x20 .\CortexM3\ARM_GCC_473\Debug\PSoC_2_Pi.a(PWM_7_8_clk.o)
                0x0000cdbc                PWM_7_8_clk_GetSourceRegister
 .text.I2C_1_Init
                0x0000cddc       0x94 .\CortexM3\ARM_GCC_473\Debug\PSoC_2_Pi.a(I2C_1.o)
                0x0000cddc                I2C_1_Init
 .text.I2C_1_Enable
                0x0000ce70       0x58 .\CortexM3\ARM_GCC_473\Debug\PSoC_2_Pi.a(I2C_1.o)
                0x0000ce70                I2C_1_Enable
 .text.I2C_1_Start
                0x0000cec8       0x38 .\CortexM3\ARM_GCC_473\Debug\PSoC_2_Pi.a(I2C_1.o)
                0x0000cec8                I2C_1_Start
 .text.I2C_1_ISR
                0x0000cf00      0x41c .\CortexM3\ARM_GCC_473\Debug\PSoC_2_Pi.a(I2C_1_INT.o)
                0x0000cf00                I2C_1_ISR
 .text.I2C_1_SlaveStatus
                0x0000d31c       0x18 .\CortexM3\ARM_GCC_473\Debug\PSoC_2_Pi.a(I2C_1_SLAVE.o)
                0x0000d31c                I2C_1_SlaveStatus
 .text.I2C_1_SlaveClearReadStatus
                0x0000d334       0x44 .\CortexM3\ARM_GCC_473\Debug\PSoC_2_Pi.a(I2C_1_SLAVE.o)
                0x0000d334                I2C_1_SlaveClearReadStatus
 .text.I2C_1_SlaveClearWriteStatus
                0x0000d378       0x44 .\CortexM3\ARM_GCC_473\Debug\PSoC_2_Pi.a(I2C_1_SLAVE.o)
                0x0000d378                I2C_1_SlaveClearWriteStatus
 .text.I2C_1_SlaveSetAddress
                0x0000d3bc       0x28 .\CortexM3\ARM_GCC_473\Debug\PSoC_2_Pi.a(I2C_1_SLAVE.o)
                0x0000d3bc                I2C_1_SlaveSetAddress
 .text.I2C_1_SlaveInitReadBuf
                0x0000d3e4       0x44 .\CortexM3\ARM_GCC_473\Debug\PSoC_2_Pi.a(I2C_1_SLAVE.o)
                0x0000d3e4                I2C_1_SlaveInitReadBuf
 .text.I2C_1_SlaveInitWriteBuf
                0x0000d428       0x44 .\CortexM3\ARM_GCC_473\Debug\PSoC_2_Pi.a(I2C_1_SLAVE.o)
                0x0000d428                I2C_1_SlaveInitWriteBuf
 .text.I2C_1_SlaveGetReadBufSize
                0x0000d46c       0x18 .\CortexM3\ARM_GCC_473\Debug\PSoC_2_Pi.a(I2C_1_SLAVE.o)
                0x0000d46c                I2C_1_SlaveGetReadBufSize
 .text.I2C_1_SlaveGetWriteBufSize
                0x0000d484       0x18 .\CortexM3\ARM_GCC_473\Debug\PSoC_2_Pi.a(I2C_1_SLAVE.o)
                0x0000d484                I2C_1_SlaveGetWriteBufSize
 .text.I2C_1_SlaveClearReadBuf
                0x0000d49c       0x18 .\CortexM3\ARM_GCC_473\Debug\PSoC_2_Pi.a(I2C_1_SLAVE.o)
                0x0000d49c                I2C_1_SlaveClearReadBuf
 .text.I2C_1_SlaveClearWriteBuf
                0x0000d4b4       0x18 .\CortexM3\ARM_GCC_473\Debug\PSoC_2_Pi.a(I2C_1_SLAVE.o)
                0x0000d4b4                I2C_1_SlaveClearWriteBuf
 .text          0x0000d4cc      0x370 c:/program files (x86)/cypress/psoc creator/3.0/psoc creator/import/gnu_cs/arm/4.7.3/bin/../lib/gcc/arm-none-eabi/4.7.3/armv7-m\libgcc.a(_arm_addsubdf3.o)
                0x0000d4cc                __aeabi_drsub
                0x0000d4d4                __aeabi_dsub
                0x0000d4d4                __subdf3
                0x0000d4d8                __aeabi_dadd
                0x0000d4d8                __adddf3
                0x0000d750                __floatunsidf
                0x0000d750                __aeabi_ui2d
                0x0000d770                __floatsidf
                0x0000d770                __aeabi_i2d
                0x0000d794                __aeabi_f2d
                0x0000d794                __extendsfdf2
                0x0000d7d0                __floatundidf
                0x0000d7d0                __aeabi_ul2d
                0x0000d7e0                __floatdidf
                0x0000d7e0                __aeabi_l2d
 .text          0x0000d83c      0x424 c:/program files (x86)/cypress/psoc creator/3.0/psoc creator/import/gnu_cs/arm/4.7.3/bin/../lib/gcc/arm-none-eabi/4.7.3/armv7-m\libgcc.a(_arm_muldivdf3.o)
                0x0000d83c                __aeabi_dmul
                0x0000d83c                __muldf3
                0x0000da90                __divdf3
                0x0000da90                __aeabi_ddiv
 .text          0x0000dc60      0x110 c:/program files (x86)/cypress/psoc creator/3.0/psoc creator/import/gnu_cs/arm/4.7.3/bin/../lib/gcc/arm-none-eabi/4.7.3/armv7-m\libgcc.a(_arm_cmpdf2.o)
                0x0000dc60                __gtdf2
                0x0000dc60                __gedf2
                0x0000dc68                __ltdf2
                0x0000dc68                __ledf2
                0x0000dc70                __nedf2
                0x0000dc70                __eqdf2
                0x0000dc70                __cmpdf2
                0x0000dcec                __aeabi_cdrcmple
                0x0000dcfc                __aeabi_cdcmpeq
                0x0000dcfc                __aeabi_cdcmple
                0x0000dd0c                __aeabi_dcmpeq
                0x0000dd20                __aeabi_dcmplt
                0x0000dd34                __aeabi_dcmple
                0x0000dd48                __aeabi_dcmpge
                0x0000dd5c                __aeabi_dcmpgt
 .text          0x0000dd70       0x40 c:/program files (x86)/cypress/psoc creator/3.0/psoc creator/import/gnu_cs/arm/4.7.3/bin/../lib/gcc/arm-none-eabi/4.7.3/armv7-m\libgcc.a(_arm_fixunsdfsi.o)
                0x0000dd70                __aeabi_d2uiz
                0x0000dd70                __fixunsdfsi
 .text          0x0000ddb0       0x38 c:/program files (x86)/cypress/psoc creator/3.0/psoc creator/import/gnu_cs/arm/4.7.3/bin/../lib/gcc/arm-none-eabi/4.7.3/armv7-m\libgcc.a(_aeabi_ldivmod.o)
                0x0000ddb0                __aeabi_ldivmod
 .text          0x0000dde8       0x60 c:/program files (x86)/cypress/psoc creator/3.0/psoc creator/import/gnu_cs/arm/4.7.3/bin/../lib/gcc/arm-none-eabi/4.7.3/armv7-m\libgcc.a(bpabi.o)
                0x0000dde8                __gnu_ldivmod_helper
                0x0000de18                __gnu_uldivmod_helper
 .text          0x0000de48        0x4 c:/program files (x86)/cypress/psoc creator/3.0/psoc creator/import/gnu_cs/arm/4.7.3/bin/../lib/gcc/arm-none-eabi/4.7.3/armv7-m\libgcc.a(_dvmd_tls.o)
                0x0000de48                __aeabi_idiv0
                0x0000de48                __aeabi_ldiv0
 .text          0x0000de4c      0x2bc c:/program files (x86)/cypress/psoc creator/3.0/psoc creator/import/gnu_cs/arm/4.7.3/bin/../lib/gcc/arm-none-eabi/4.7.3/armv7-m\libgcc.a(_divdi3.o)
                0x0000de4c                __divdi3
 .text          0x0000e108      0x28c c:/program files (x86)/cypress/psoc creator/3.0/psoc creator/import/gnu_cs/arm/4.7.3/bin/../lib/gcc/arm-none-eabi/4.7.3/armv7-m\libgcc.a(_udivdi3.o)
                0x0000e108                __udivdi3
 .text.__libc_init_array
                0x0000e394       0x4c c:/program files (x86)/cypress/psoc creator/3.0/psoc creator/import/gnu_cs/arm/4.7.3/bin/../lib/gcc/arm-none-eabi/4.7.3/../../../../arm-none-eabi/lib/armv7-m\libc_s.a(lib_a-init.o)
                0x0000e394                __libc_init_array
 .text.memcpy   0x0000e3e0       0x12 c:/program files (x86)/cypress/psoc creator/3.0/psoc creator/import/gnu_cs/arm/4.7.3/bin/../lib/gcc/arm-none-eabi/4.7.3/../../../../arm-none-eabi/lib/armv7-m\libc_s.a(lib_a-memcpy.o)
                0x0000e3e0                memcpy
 .text.memset   0x0000e3f2       0x10 c:/program files (x86)/cypress/psoc creator/3.0/psoc creator/import/gnu_cs/arm/4.7.3/bin/../lib/gcc/arm-none-eabi/4.7.3/../../../../arm-none-eabi/lib/armv7-m\libc_s.a(lib_a-memset.o)
                0x0000e3f2                memset
 *(.plt)
 *(.gnu.warning)
 *(.glue_7t)
 .glue_7t       0x00000000        0x0 linker stubs
 *(.glue_7)
 .glue_7        0x00000000        0x0 linker stubs
 *(.vfp11_veneer)
 .vfp11_veneer  0x00000000        0x0 linker stubs
 *(.bootloader)
 *(.ARM.extab* .gnu.linkonce.armextab.*)
 *(.gcc_except_table)

.v4_bx          0x0000e404        0x0
 .v4_bx         0x00000000        0x0 linker stubs

.iplt           0x0000e404        0x0
 .iplt          0x00000000        0x0 c:/program files (x86)/cypress/psoc creator/3.0/psoc creator/import/gnu_cs/arm/4.7.3/bin/../lib/gcc/arm-none-eabi/4.7.3/armv7-m/crtbegin.o

.eh_frame_hdr
 *(.eh_frame_hdr)

.eh_frame       0x0000e404        0x4
 *(.eh_frame)
 .eh_frame      0x0000e404        0x0 c:/program files (x86)/cypress/psoc creator/3.0/psoc creator/import/gnu_cs/arm/4.7.3/bin/../lib/gcc/arm-none-eabi/4.7.3/armv7-m/crtbegin.o
 .eh_frame      0x0000e404        0x4 c:/program files (x86)/cypress/psoc creator/3.0/psoc creator/import/gnu_cs/arm/4.7.3/bin/../lib/gcc/arm-none-eabi/4.7.3/armv7-m/crtend.o
                0x0000e408                PROVIDE (__exidx_start, .)

.ARM.exidx      0x0000e408        0x8
 *(.ARM.exidx* .gnu.linkonce.armexidx.*)
 .ARM.exidx     0x0000e408        0x8 c:/program files (x86)/cypress/psoc creator/3.0/psoc creator/import/gnu_cs/arm/4.7.3/bin/../lib/gcc/arm-none-eabi/4.7.3/armv7-m\libgcc.a(_divdi3.o)
 .ARM.exidx     0x0000e410        0x0 c:/program files (x86)/cypress/psoc creator/3.0/psoc creator/import/gnu_cs/arm/4.7.3/bin/../lib/gcc/arm-none-eabi/4.7.3/armv7-m\libgcc.a(_udivdi3.o)
                                  0x8 (size before relaxing)
                0x0000e410                __exidx_end = .

.rodata         0x0000e410      0x530
 *(.rodata .rodata.* .gnu.linkonce.r.*)
 .rodata        0x0000e410      0x400 .\CortexM3\ARM_GCC_473\Debug\mem1.o
 .rodata        0x0000e810       0x30 .\CortexM3\ARM_GCC_473\Debug\PSoC_2_Pi.a(cyfitter_cfg.o)
                0x0000e810                ADC_DelSig_1_AMux__addrTable
                0x0000e818                ADC_DelSig_1_AMux__maskTable
 .rodata        0x0000e840       0xc8 .\CortexM3\ARM_GCC_473\Debug\PSoC_2_Pi.a(WaveDAC8_1.o)
                0x0000e840                WaveDAC8_1_wave1
                0x0000e8a4                WaveDAC8_1_wave2
                0x0000e908                . = ALIGN (0x4)
 *(.init)
 .init          0x0000e908        0x4 c:/program files (x86)/cypress/psoc creator/3.0/psoc creator/import/gnu_cs/arm/4.7.3/bin/../lib/gcc/arm-none-eabi/4.7.3/armv7-m/crti.o
                0x0000e908                _init
 .init          0x0000e90c        0x8 c:/program files (x86)/cypress/psoc creator/3.0/psoc creator/import/gnu_cs/arm/4.7.3/bin/../lib/gcc/arm-none-eabi/4.7.3/armv7-m/crtn.o
                0x0000e914                . = ALIGN (0x4)
                0x0000e914                __preinit_array_start = .
 *(.preinit_array)
                0x0000e914                __preinit_array_end = .
                0x0000e914                . = ALIGN (0x4)
                0x0000e914                __init_array_start = .
 *(SORT(.init_array.*))
 *(.init_array)
 .init_array    0x0000e914        0x4 c:/program files (x86)/cypress/psoc creator/3.0/psoc creator/import/gnu_cs/arm/4.7.3/bin/../lib/gcc/arm-none-eabi/4.7.3/armv7-m/crtbegin.o
 .init_array    0x0000e918        0x4 .\CortexM3\ARM_GCC_473\Debug\Cm3Start.o
                0x0000e91c                __init_array_end = .
                0x0000e91c                . = ALIGN (0x4)
 *(.fini)
 .fini          0x0000e91c        0x4 c:/program files (x86)/cypress/psoc creator/3.0/psoc creator/import/gnu_cs/arm/4.7.3/bin/../lib/gcc/arm-none-eabi/4.7.3/armv7-m/crti.o
                0x0000e91c                _fini
 .fini          0x0000e920        0x8 c:/program files (x86)/cypress/psoc creator/3.0/psoc creator/import/gnu_cs/arm/4.7.3/bin/../lib/gcc/arm-none-eabi/4.7.3/armv7-m/crtn.o
                0x0000e928                . = ALIGN (0x4)
                0x0000e928                __fini_array_start = .
 *(.fini_array)
 .fini_array    0x0000e928        0x4 c:/program files (x86)/cypress/psoc creator/3.0/psoc creator/import/gnu_cs/arm/4.7.3/bin/../lib/gcc/arm-none-eabi/4.7.3/armv7-m/crtbegin.o
 *(SORT(.fini_array.*))
                0x0000e92c                __fini_array_end = .
                0x0000e92c                . = ALIGN (0x4)
 *crtbegin.o(.ctors)
 *(EXCLUDE_FILE(*crtend.o) .ctors)
 *(SORT(.ctors.*))
 *crtend.o(.ctors)
                0x0000e92c                . = ALIGN (0x4)
 *crtbegin.o(.dtors)
 *(EXCLUDE_FILE(*crtend.o) .dtors)
 *(SORT(.dtors.*))
 *crtend.o(.dtors)
                0x0000e92c                . = ALIGN (0x4)
                0x0000e92c                __cy_regions = .
                0x0000e92c        0x4 LONG 0xe940 __cy_region_init_ram
                0x0000e930        0x4 LONG 0x1fff8108 __cy_region_start_data
                0x0000e934        0x4 LONG 0x28 __cy_region_init_size_ram
                0x0000e938        0x4 LONG 0x100 __cy_region_zero_size_ram
                0x0000e93c                __cy_regions_end = .
                0x0000e940                . = ALIGN (0x8)
 *fill*         0x0000e93c        0x4 00
                0x0000e940                _etext = .

.ramvectors     0x1fff8000      0x100
                0x1fff8000                __cy_region_start_ram = .
 *(.ramvectors)
 .ramvectors    0x1fff8000      0x100 .\CortexM3\ARM_GCC_473\Debug\Cm3Start.o
                0x1fff8000                CyRamVectors

.noinit         0x1fff8100        0x5
 *(.noinit)
 .noinit        0x1fff8100        0x4 .\CortexM3\ARM_GCC_473\Debug\Cm3Start.o
 .noinit        0x1fff8104        0x1 .\CortexM3\ARM_GCC_473\Debug\PSoC_2_Pi.a(CyLib.o)
                0x1fff8104                CyResetStatus

.data           0x1fff8108       0x28 load address 0x0000e940
                0x1fff8108                __cy_region_start_data = .
 *(.jcr)
 .jcr           0x1fff8108        0x0 c:/program files (x86)/cypress/psoc creator/3.0/psoc creator/import/gnu_cs/arm/4.7.3/bin/../lib/gcc/arm-none-eabi/4.7.3/armv7-m/crtbegin.o
 .jcr           0x1fff8108        0x4 c:/program files (x86)/cypress/psoc creator/3.0/psoc creator/import/gnu_cs/arm/4.7.3/bin/../lib/gcc/arm-none-eabi/4.7.3/armv7-m/crtend.o
 *(.got.plt)
 *(.got)
 *(.shdata)
 *(.data .data.* .gnu.linkonce.d.*)
 .data          0x1fff810c        0x8 .\CortexM3\ARM_GCC_473\Debug\PSoC_2_Pi.a(CyDmac.o)
 .data          0x1fff8114       0x10 .\CortexM3\ARM_GCC_473\Debug\PSoC_2_Pi.a(CyLib.o)
                0x1fff8114                cydelay_freq_hz
                0x1fff8118                cydelay_freq_khz
                0x1fff811c                cydelay_freq_mhz
                0x1fff8120                cydelay_32k_ms
 .data          0x1fff8124        0x1 .\CortexM3\ARM_GCC_473\Debug\PSoC_2_Pi.a(WaveDAC8_1_Wave1_DMA_dma.o)
                0x1fff8124                WaveDAC8_1_Wave1_DMA_DmaHandle
 .data          0x1fff8125        0x1 .\CortexM3\ARM_GCC_473\Debug\PSoC_2_Pi.a(WaveDAC8_1_Wave2_DMA_dma.o)
                0x1fff8125                WaveDAC8_1_Wave2_DMA_DmaHandle
 .data          0x1fff8126        0x1 .\CortexM3\ARM_GCC_473\Debug\PSoC_2_Pi.a(ADC_DelSig_1.o)
                0x1fff8126                ADC_DelSig_1_Config
 *fill*         0x1fff8127        0x1 00
 .data          0x1fff8128        0x4 .\CortexM3\ARM_GCC_473\Debug\PSoC_2_Pi.a(ADC_DelSig_1_PM.o)
 .data          0x1fff812c        0x1 .\CortexM3\ARM_GCC_473\Debug\PSoC_2_Pi.a(ADC_DelSig_1_AMux.o)
                0x1fff8130                . = ALIGN (0x8)
 *fill*         0x1fff812d        0x3 00
 *(.ram)
                0x1fff8130                _edata = .

.igot.plt       0x1fff8130        0x0 load address 0x0000e968
 .igot.plt      0x00000000        0x0 c:/program files (x86)/cypress/psoc creator/3.0/psoc creator/import/gnu_cs/arm/4.7.3/bin/../lib/gcc/arm-none-eabi/4.7.3/armv7-m/crtbegin.o

.bss            0x1fff8130      0x100 load address 0x0000e968
                0x1fff8130                PROVIDE (__bss_start__, .)
 *(.shbss)
 *(.bss .bss.* .gnu.linkonce.b.*)
 .bss           0x1fff8130       0x1c c:/program files (x86)/cypress/psoc creator/3.0/psoc creator/import/gnu_cs/arm/4.7.3/bin/../lib/gcc/arm-none-eabi/4.7.3/armv7-m/crtbegin.o
 .bss           0x1fff814c        0x4 .\CortexM3\ARM_GCC_473\Debug\main.o
                0x1fff814c                RD_buf
 .bss           0x1fff8150        0x1 .\CortexM3\ARM_GCC_473\Debug\PSoC_2_Pi.a(PWM_1.o)
                0x1fff8150                PWM_1_initVar
 *fill*         0x1fff8151        0x3 00
 .bss           0x1fff8154        0x8 .\CortexM3\ARM_GCC_473\Debug\PSoC_2_Pi.a(PWM_1_PM.o)
 .bss           0x1fff815c        0x1 .\CortexM3\ARM_GCC_473\Debug\PSoC_2_Pi.a(ADC_SAR_1.o)
                0x1fff815c                ADC_SAR_1_initVar
 *fill*         0x1fff815d        0x3 00
 .bss           0x1fff8160        0x4 .\CortexM3\ARM_GCC_473\Debug\PSoC_2_Pi.a(ADC_SAR_1_PM.o)
 .bss           0x1fff8164        0x1 .\CortexM3\ARM_GCC_473\Debug\PSoC_2_Pi.a(ADC_SAR_2.o)
                0x1fff8164                ADC_SAR_2_initVar
 *fill*         0x1fff8165        0x3 00
 .bss           0x1fff8168        0x4 .\CortexM3\ARM_GCC_473\Debug\PSoC_2_Pi.a(ADC_SAR_2_PM.o)
 .bss           0x1fff816c        0x1 .\CortexM3\ARM_GCC_473\Debug\PSoC_2_Pi.a(VDAC8_1.o)
                0x1fff816c                VDAC8_1_initVar
 *fill*         0x1fff816d        0x3 00
 .bss           0x1fff8170        0x4 .\CortexM3\ARM_GCC_473\Debug\PSoC_2_Pi.a(VDAC8_1_PM.o)
 .bss           0x1fff8174        0x1 .\CortexM3\ARM_GCC_473\Debug\PSoC_2_Pi.a(VDAC8_2.o)
                0x1fff8174                VDAC8_2_initVar
 *fill*         0x1fff8175        0x3 00
 .bss           0x1fff8178        0x4 .\CortexM3\ARM_GCC_473\Debug\PSoC_2_Pi.a(VDAC8_2_PM.o)
 .bss           0x1fff817c        0x1 .\CortexM3\ARM_GCC_473\Debug\PSoC_2_Pi.a(IDAC8_1.o)
                0x1fff817c                IDAC8_1_initVar
 *fill*         0x1fff817d        0x3 00
 .bss           0x1fff8180        0x4 .\CortexM3\ARM_GCC_473\Debug\PSoC_2_Pi.a(IDAC8_1_PM.o)
 .bss           0x1fff8184        0x5 .\CortexM3\ARM_GCC_473\Debug\PSoC_2_Pi.a(WaveDAC8_1.o)
                0x1fff8184                WaveDAC8_1_initVar
 *fill*         0x1fff8189        0x3 00
 .bss           0x1fff818c        0x4 .\CortexM3\ARM_GCC_473\Debug\PSoC_2_Pi.a(WaveDAC8_1_PM.o)
 .bss           0x1fff8190        0x4 .\CortexM3\ARM_GCC_473\Debug\PSoC_2_Pi.a(WaveDAC8_1_VDAC8_PM.o)
 .bss           0x1fff8194        0x8 .\CortexM3\ARM_GCC_473\Debug\PSoC_2_Pi.a(ADC_DelSig_1.o)
                0x1fff8194                ADC_DelSig_1_convDone
                0x1fff8195                ADC_DelSig_1_stopConversion
                0x1fff8196                ADC_DelSig_1_initVar
                0x1fff8197                ADC_DelSig_1_started
 .bss           0x1fff819c        0x1 .\CortexM3\ARM_GCC_473\Debug\PSoC_2_Pi.a(PWM_2.o)
                0x1fff819c                PWM_2_initVar
 *fill*         0x1fff819d        0x3 00
 .bss           0x1fff81a0        0x8 .\CortexM3\ARM_GCC_473\Debug\PSoC_2_Pi.a(PWM_2_PM.o)
 .bss           0x1fff81a8        0x1 .\CortexM3\ARM_GCC_473\Debug\PSoC_2_Pi.a(PWM_3.o)
                0x1fff81a8                PWM_3_initVar
 *fill*         0x1fff81a9        0x3 00
 .bss           0x1fff81ac        0x8 .\CortexM3\ARM_GCC_473\Debug\PSoC_2_Pi.a(PWM_3_PM.o)
 .bss           0x1fff81b4        0x1 .\CortexM3\ARM_GCC_473\Debug\PSoC_2_Pi.a(PWM_4.o)
                0x1fff81b4                PWM_4_initVar
 *fill*         0x1fff81b5        0x3 00
 .bss           0x1fff81b8        0x8 .\CortexM3\ARM_GCC_473\Debug\PSoC_2_Pi.a(PWM_4_PM.o)
 .bss           0x1fff81c0        0x1 .\CortexM3\ARM_GCC_473\Debug\PSoC_2_Pi.a(PWM_5.o)
                0x1fff81c0                PWM_5_initVar
 *fill*         0x1fff81c1        0x3 00
 .bss           0x1fff81c4        0x8 .\CortexM3\ARM_GCC_473\Debug\PSoC_2_Pi.a(PWM_5_PM.o)
 .bss           0x1fff81cc        0x1 .\CortexM3\ARM_GCC_473\Debug\PSoC_2_Pi.a(PWM_6.o)
                0x1fff81cc                PWM_6_initVar
 *fill*         0x1fff81cd        0x3 00
 .bss           0x1fff81d0        0x8 .\CortexM3\ARM_GCC_473\Debug\PSoC_2_Pi.a(PWM_6_PM.o)
 .bss           0x1fff81d8        0x1 .\CortexM3\ARM_GCC_473\Debug\PSoC_2_Pi.a(PWM_7.o)
                0x1fff81d8                PWM_7_initVar
 *fill*         0x1fff81d9        0x3 00
 .bss           0x1fff81dc        0x8 .\CortexM3\ARM_GCC_473\Debug\PSoC_2_Pi.a(PWM_7_PM.o)
 .bss           0x1fff81e4        0x1 .\CortexM3\ARM_GCC_473\Debug\PSoC_2_Pi.a(PWM_8.o)
                0x1fff81e4                PWM_8_initVar
 *fill*         0x1fff81e5        0x3 00
 .bss           0x1fff81e8        0x8 .\CortexM3\ARM_GCC_473\Debug\PSoC_2_Pi.a(PWM_8_PM.o)
 .bss           0x1fff81f0        0x1 .\CortexM3\ARM_GCC_473\Debug\PSoC_2_Pi.a(I2C_1.o)
                0x1fff81f0                I2C_1_initVar
 *(COMMON)
 *fill*         0x1fff81f1        0x3 00
 COMMON         0x1fff81f4        0x4 .\CortexM3\ARM_GCC_473\Debug\main.o
                0x1fff81f4                WR_buf
 COMMON         0x1fff81f8        0xa .\CortexM3\ARM_GCC_473\Debug\PSoC_2_Pi.a(ADC_SAR_1.o)
                0x1fff81f8                ADC_SAR_1_countsPerVolt
                0x1fff81fa                ADC_SAR_1_shift
                0x1fff81fc                ADC_SAR_1_countsPer10Volt
                0x1fff8200                ADC_SAR_1_offset
 *fill*         0x1fff8202        0x2 00
 COMMON         0x1fff8204        0xa .\CortexM3\ARM_GCC_473\Debug\PSoC_2_Pi.a(ADC_SAR_2.o)
                0x1fff8204                ADC_SAR_2_countsPer10Volt
                0x1fff8208                ADC_SAR_2_shift
                0x1fff820a                ADC_SAR_2_offset
                0x1fff820c                ADC_SAR_2_countsPerVolt
 *fill*         0x1fff820e        0x2 00
 COMMON         0x1fff8210        0x8 .\CortexM3\ARM_GCC_473\Debug\PSoC_2_Pi.a(ADC_DelSig_1.o)
                0x1fff8210                ADC_DelSig_1_CountsPerVolt
                0x1fff8214                ADC_DelSig_1_Offset
 COMMON         0x1fff8218        0x1 .\CortexM3\ARM_GCC_473\Debug\PSoC_2_Pi.a(I2C_1.o)
                0x1fff8218                I2C_1_state
 *fill*         0x1fff8219        0x3 00
 COMMON         0x1fff821c       0x11 .\CortexM3\ARM_GCC_473\Debug\PSoC_2_Pi.a(I2C_1_SLAVE.o)
                0x1fff821c                I2C_1_slRdBufIndex
                0x1fff821d                I2C_1_slStatus
                0x1fff821e                I2C_1_slWrBufSize
                0x1fff8220                I2C_1_slRdBufPtr
                0x1fff8224                I2C_1_slWrBufIndex
                0x1fff8228                I2C_1_slWrBufPtr
                0x1fff822c                I2C_1_slRdBufSize
                0x1fff8230                . = ALIGN (0x8)
 *fill*         0x1fff822d        0x3 00
 *(.ram.b)
                0x1fff8230                _end = .
                0x1fff8230                __end = .
                0x1fff8230                PROVIDE (end, .)
                0x1fff8230                PROVIDE (__bss_end__, .)
                0x0000e940                __cy_region_init_ram = LOADADDR (.data)
                0x00000028                __cy_region_init_size_ram = (_edata - ADDR (.data))
                0x00000100                __cy_region_zero_size_ram = (_end - _edata)

.heap           0x1fff8230     0x1000 load address 0x0000e968
                0x1fff8230                . = _end
                0x1fff9230                . = (. + 0x1000)
 *fill*         0x1fff8230     0x1000 00
                0x1fff9230                __cy_heap_limit = .

.stack          0x20004000     0x4000
                0x20004000                __cy_stack_limit = .
                0x20008000                . = (. + 0x4000)
 *fill*         0x20004000     0x4000 00
                0x00000001                ASSERT ((__cy_stack_limit >= __cy_heap_limit), region RAM overflowed with stack)

.cyloadermeta   0xf0000000       0x40
 *(.cyloadermeta)
 .cyloadermeta  0xf0000000       0x40 .\CortexM3\ARM_GCC_473\Debug\cybootloader.o
                0xf0000000                cy_meta_loader

.cyloadablemeta
                0x0003ffc0       0x40
 *(.cyloadablemeta)
 .cyloadablemeta
                0x0003ffc0       0x40 .\CortexM3\ARM_GCC_473\Debug\cymetadata.o
                0x0003ffc0                cy_meta_loadable

.cyconfigecc    0x80000960      0xbe8
 *(.cyconfigecc)
 .cyconfigecc   0x80000960      0xbe8 .\CortexM3\ARM_GCC_473\Debug\cymetadata.o
                0x80000960                cy_meta_configecc

.cycustnvl      0x90000000        0x4
 *(.cycustnvl)
 .cycustnvl     0x90000000        0x4 .\CortexM3\ARM_GCC_473\Debug\cybootloader.o
                0x90000000                cy_meta_custnvl

.cywolatch      0x90100000        0x4
 *(.cywolatch)
 .cywolatch     0x90100000        0x4 .\CortexM3\ARM_GCC_473\Debug\cybootloader.o
                0x90100000                cy_meta_wonvl

.cyeeprom       0x90200000        0x0
 *(.cyeeprom)
                0x00000001                ASSERT ((. <= ((0x90200000 + ee_offset) + ee_size)), .cyeeprom data will not fit in EEPROM)

.cyflashprotect
                0x90400000      0x100
 *(.cyflashprotect)
 .cyflashprotect
                0x90400000      0x100 .\CortexM3\ARM_GCC_473\Debug\cybootloader.o
                0x90400000                cy_meta_flashprotect

.cymeta         0x90500000        0xc
 *(.cymeta)
 .cymeta        0x90500000        0xc .\CortexM3\ARM_GCC_473\Debug\cybootloader.o
                0x90500000                cy_metadata

.rel.dyn        0x00040000        0x0 load address 0x9050000c
 .rel.iplt      0x00000000        0x0 c:/program files (x86)/cypress/psoc creator/3.0/psoc creator/import/gnu_cs/arm/4.7.3/bin/../lib/gcc/arm-none-eabi/4.7.3/armv7-m/crtbegin.o

.stab
 *(.stab)

.stabstr
 *(.stabstr)

.debug
 *(.debug)

.line
 *(.line)

.debug_srcinfo
 *(.debug_srcinfo)

.debug_sfnames
 *(.debug_sfnames)
