Archive member included because of file (symbol)

.\CortexM3\ARM_GCC_473\Debug\PSoC_2_Pi.a(cyfitter_cfg.o)
                              .\CortexM3\ARM_GCC_473\Debug\Cm3Start.o (cyfitter_cfg)
.\CortexM3\ARM_GCC_473\Debug\PSoC_2_Pi.a(SPIS_1.o)
                              .\CortexM3\ARM_GCC_473\Debug\main.o (SPIS_1_ClearFIFO)
.\CortexM3\ARM_GCC_473\Debug\PSoC_2_Pi.a(CyBootAsmGnu.o)
                              .\CortexM3\ARM_GCC_473\Debug\PSoC_2_Pi.a(cyfitter_cfg.o) (CyDelayCycles)
.\CortexM3\ARM_GCC_473\Debug\PSoC_2_Pi.a(CyDmac.o)
                              .\CortexM3\ARM_GCC_473\Debug\Cm3Start.o (CyDmacConfigure)
.\CortexM3\ARM_GCC_473\Debug\PSoC_2_Pi.a(CyLib.o)
                              .\CortexM3\ARM_GCC_473\Debug\Cm3Start.o (CyResetStatus)
.\CortexM3\ARM_GCC_473\Debug\PSoC_2_Pi.a(cyPm.o)
                              .\CortexM3\ARM_GCC_473\Debug\PSoC_2_Pi.a(CyLib.o) (CyPmReadStatus)
.\CortexM3\ARM_GCC_473\Debug\PSoC_2_Pi.a(PWM_1.o)
                              .\CortexM3\ARM_GCC_473\Debug\mem1.o (PWM_1_Start)
.\CortexM3\ARM_GCC_473\Debug\PSoC_2_Pi.a(PWM_1_PM.o)
                              .\CortexM3\ARM_GCC_473\Debug\mem1.o (PWM_1_Sleep)
.\CortexM3\ARM_GCC_473\Debug\PSoC_2_Pi.a(ADC_SAR_1.o)
                              .\CortexM3\ARM_GCC_473\Debug\mem1.o (ADC_SAR_1_Start)
.\CortexM3\ARM_GCC_473\Debug\PSoC_2_Pi.a(ADC_SAR_1_INT.o)
                              .\CortexM3\ARM_GCC_473\Debug\PSoC_2_Pi.a(ADC_SAR_1.o) (ADC_SAR_1_ISR)
.\CortexM3\ARM_GCC_473\Debug\PSoC_2_Pi.a(ADC_SAR_1_PM.o)
                              .\CortexM3\ARM_GCC_473\Debug\mem1.o (ADC_SAR_1_Sleep)
.\CortexM3\ARM_GCC_473\Debug\PSoC_2_Pi.a(ADC_SAR_2.o)
                              .\CortexM3\ARM_GCC_473\Debug\mem1.o (ADC_SAR_2_Start)
.\CortexM3\ARM_GCC_473\Debug\PSoC_2_Pi.a(ADC_SAR_2_INT.o)
                              .\CortexM3\ARM_GCC_473\Debug\PSoC_2_Pi.a(ADC_SAR_2.o) (ADC_SAR_2_ISR)
.\CortexM3\ARM_GCC_473\Debug\PSoC_2_Pi.a(ADC_SAR_2_PM.o)
                              .\CortexM3\ARM_GCC_473\Debug\mem1.o (ADC_SAR_2_Sleep)
.\CortexM3\ARM_GCC_473\Debug\PSoC_2_Pi.a(ADC_SAR_1_theACLK.o)
                              .\CortexM3\ARM_GCC_473\Debug\PSoC_2_Pi.a(ADC_SAR_1.o) (ADC_SAR_1_theACLK_SetModeRegister)
.\CortexM3\ARM_GCC_473\Debug\PSoC_2_Pi.a(ADC_SAR_2_theACLK.o)
                              .\CortexM3\ARM_GCC_473\Debug\PSoC_2_Pi.a(ADC_SAR_2.o) (ADC_SAR_2_theACLK_SetModeRegister)
.\CortexM3\ARM_GCC_473\Debug\PSoC_2_Pi.a(VDAC8_1.o)
                              .\CortexM3\ARM_GCC_473\Debug\mem1.o (VDAC8_1_SetRange)
.\CortexM3\ARM_GCC_473\Debug\PSoC_2_Pi.a(VDAC8_1_PM.o)
                              .\CortexM3\ARM_GCC_473\Debug\mem1.o (VDAC8_1_Sleep)
.\CortexM3\ARM_GCC_473\Debug\PSoC_2_Pi.a(VDAC8_2.o)
                              .\CortexM3\ARM_GCC_473\Debug\mem1.o (VDAC8_2_SetRange)
.\CortexM3\ARM_GCC_473\Debug\PSoC_2_Pi.a(VDAC8_2_PM.o)
                              .\CortexM3\ARM_GCC_473\Debug\mem1.o (VDAC8_2_Sleep)
.\CortexM3\ARM_GCC_473\Debug\PSoC_2_Pi.a(IDAC8_1.o)
                              .\CortexM3\ARM_GCC_473\Debug\mem1.o (IDAC8_1_SetSpeed)
.\CortexM3\ARM_GCC_473\Debug\PSoC_2_Pi.a(IDAC8_1_PM.o)
                              .\CortexM3\ARM_GCC_473\Debug\mem1.o (IDAC8_1_Sleep)
.\CortexM3\ARM_GCC_473\Debug\PSoC_2_Pi.a(WaveDAC_clk.o)
                              .\CortexM3\ARM_GCC_473\Debug\mem1.o (WaveDAC_clk_Start)
.\CortexM3\ARM_GCC_473\Debug\PSoC_2_Pi.a(WaveDAC8_1.o)
                              .\CortexM3\ARM_GCC_473\Debug\mem1.o (WaveDAC8_1_Wave2Setup)
.\CortexM3\ARM_GCC_473\Debug\PSoC_2_Pi.a(WaveDAC8_1_PM.o)
                              .\CortexM3\ARM_GCC_473\Debug\mem1.o (WaveDAC8_1_Sleep)
.\CortexM3\ARM_GCC_473\Debug\PSoC_2_Pi.a(WaveDAC8_1_Wave1_DMA_dma.o)
                              .\CortexM3\ARM_GCC_473\Debug\PSoC_2_Pi.a(WaveDAC8_1.o) (WaveDAC8_1_Wave1_DMA_DmaInitialize)
.\CortexM3\ARM_GCC_473\Debug\PSoC_2_Pi.a(WaveDAC8_1_Wave2_DMA_dma.o)
                              .\CortexM3\ARM_GCC_473\Debug\PSoC_2_Pi.a(WaveDAC8_1.o) (WaveDAC8_1_Wave2_DMA_DmaInitialize)
.\CortexM3\ARM_GCC_473\Debug\PSoC_2_Pi.a(WaveDAC8_1_VDAC8.o)
                              .\CortexM3\ARM_GCC_473\Debug\PSoC_2_Pi.a(WaveDAC8_1.o) (WaveDAC8_1_VDAC8_Init)
.\CortexM3\ARM_GCC_473\Debug\PSoC_2_Pi.a(WaveDAC8_1_VDAC8_PM.o)
                              .\CortexM3\ARM_GCC_473\Debug\PSoC_2_Pi.a(WaveDAC8_1_PM.o) (WaveDAC8_1_VDAC8_SaveConfig)
.\CortexM3\ARM_GCC_473\Debug\PSoC_2_Pi.a(Control_Reg_1.o)
                              .\CortexM3\ARM_GCC_473\Debug\mem1.o (Control_Reg_1_Write)
.\CortexM3\ARM_GCC_473\Debug\PSoC_2_Pi.a(Status_Reg_1.o)
                              .\CortexM3\ARM_GCC_473\Debug\mem1.o (Status_Reg_1_Read)
.\CortexM3\ARM_GCC_473\Debug\PSoC_2_Pi.a(ADC_DelSig_1.o)
                              .\CortexM3\ARM_GCC_473\Debug\mem1.o (ADC_DelSig_1_Start)
.\CortexM3\ARM_GCC_473\Debug\PSoC_2_Pi.a(ADC_DelSig_1_PM.o)
                              .\CortexM3\ARM_GCC_473\Debug\mem1.o (ADC_DelSig_1_Sleep)
[...]
Memory Configuration

Name             Origin             Length             Attributes
rom              0x00000000         0x00040000         xr
ram              0x1fff8000         0x00010000         xrw
*default*        0x00000000         0xffffffff

Linker script and memory map

LOAD c:/program files (x86)/cypress/psoc creator/3.0/psoc creator/import/gnu_cs/arm/4.7.3/bin/../lib/gcc/arm-none-eabi/4.7.3/armv7-m/crti.o
LOAD c:/program files (x86)/cypress/psoc creator/3.0/psoc creator/import/gnu_cs/arm/4.7.3/bin/../lib/gcc/arm-none-eabi/4.7.3/armv7-m/crtbegin.o
LOAD c:/program files (x86)/cypress/psoc creator/3.0/psoc creator/import/gnu_cs/arm/4.7.3/bin/../lib/gcc/arm-none-eabi/4.7.3/../../../../arm-none-eabi/lib/armv7-m/crt0.o
START GROUP
LOAD .\CortexM3\ARM_GCC_473\Debug\main.o
LOAD .\CortexM3\ARM_GCC_473\Debug\mem1.o
LOAD .\CortexM3\ARM_GCC_473\Debug\cymetadata.o
LOAD .\CortexM3\ARM_GCC_473\Debug\Cm3Start.o
LOAD .\CortexM3\ARM_GCC_473\Debug\cybootloader.o
LOAD .\CortexM3\ARM_GCC_473\Debug\PSoC_2_Pi.a
LOAD C:\Program Files (x86)\Cypress\PSoC Creator\3.0\PSoC Creator\psoc\content\cycomponentlibrary\CyComponentLibrary.cylib\CortexM3\ARM_GCC_473\Debug\CyComponentLibrary.a
END GROUP
START GROUP
LOAD c:/program files (x86)/cypress/psoc creator/3.0/psoc creator/import/gnu_cs/arm/4.7.3/bin/../lib/gcc/arm-none-eabi/4.7.3/armv7-m\libgcc.a
LOAD c:/program files (x86)/cypress/psoc creator/3.0/psoc creator/import/gnu_cs/arm/4.7.3/bin/../lib/gcc/arm-none-eabi/4.7.3/../../../../arm-none-eabi/lib/armv7-m\libc_s.a
END GROUP
LOAD c:/program files (x86)/cypress/psoc creator/3.0/psoc creator/import/gnu_cs/arm/4.7.3/bin/../lib/gcc/arm-none-eabi/4.7.3/armv7-m/crtend.o
LOAD c:/program files (x86)/cypress/psoc creator/3.0/psoc creator/import/gnu_cs/arm/4.7.3/bin/../lib/gcc/arm-none-eabi/4.7.3/armv7-m/crtn.o
START GROUP
LOAD c:/program files (x86)/cypress/psoc creator/3.0/psoc creator/import/gnu_cs/arm/4.7.3/bin/../lib/gcc/arm-none-eabi/4.7.3/armv7-m\libgcc.a
LOAD c:/program files (x86)/cypress/psoc creator/3.0/psoc creator/import/gnu_cs/arm/4.7.3/bin/../lib/gcc/arm-none-eabi/4.7.3/../../../../arm-none-eabi/lib/armv7-m\libc.a
LOAD c:/program files (x86)/cypress/psoc creator/3.0/psoc creator/import/gnu_cs/arm/4.7.3/bin/../lib/gcc/arm-none-eabi/4.7.3/../../../../arm-none-eabi/lib/armv7-m\libnosys.a
END GROUP
                0x00000000                CY_APPL_ORIGIN = 0x0
                0x00000100                CY_FLASH_ROW_SIZE = 0x100
                0x00000020                CY_ECC_ROW_SIZE = 0x20
                0x00000000                CY_EE_IN_BTLDR = 0x0
                0x00000001                CY_APPL_LOADABLE = 0x1
                0x00000800                CY_EE_SIZE = 0x800
                0x00000001                CY_APPL_NUM = 0x1
                0x00000001                CY_APPL_MAX = 0x1
                0x00000040                CY_METADATA_SIZE = 0x40
                0x1fff8210                PROVIDE (__cy_heap_start, _end)
                0x00000001                PROVIDE (__cy_region_num, ((__cy_regions_end - __cy_regions) / 0x10))
                0x20008000                PROVIDE (__cy_stack, (ORIGIN (ram) + 0x10000))
                0x20004000                PROVIDE (__cy_heap_end, (__cy_stack - 0x4000))

.cybootloader   0x00000000     0x4b00
 *(.cybootloader)
 .cybootloader  0x00000000     0x4b00 .\CortexM3\ARM_GCC_473\Debug\cybootloader.o
                0x00000000                cy_bootloader
                0x00004b00                appl1_start = CY_APPL_ORIGIN?CY_APPL_ORIGIN:ALIGN (CY_FLASH_ROW_SIZE)
                0x00022500                appl2_start = (appl1_start + ALIGN ((((0x40000 - appl1_start) - (0x2 * CY_FLASH_ROW_SIZE)) / 0x2), CY_FLASH_ROW_SIZE))
                0x00004b00                appl_start = (CY_APPL_NUM == 0x1)?appl1_start:appl2_start
                0x00000960                ecc_offset = ((appl_start / CY_FLASH_ROW_SIZE) * CY_ECC_ROW_SIZE)
                0x00000000                ee_offset = (CY_APPL_LOADABLE && ! (CY_EE_IN_BTLDR))?((CY_EE_SIZE / CY_APPL_MAX) * (CY_APPL_NUM - 0x1)):0x0
                0x00000800                ee_size = (CY_APPL_LOADABLE && ! (CY_EE_IN_BTLDR))?(CY_EE_SIZE / CY_APPL_MAX):CY_EE_SIZE
                0x00000960                PROVIDE (CY_ECC_OFFSET, ecc_offset)

.text           0x00004b00     0x858e
 CREATE_OBJECT_SYMBOLS
                0x00004b00                PROVIDE (__cy_interrupt_vector, RomVectors)
 *(.romvectors)
 .romvectors    0x00004b00       0x10 .\CortexM3\ARM_GCC_473\Debug\Cm3Start.o
                0x00004b00                RomVectors
                0x00000001                ASSERT ((. != __cy_interrupt_vector), No interrupt vector)
                0x00000001                ASSERT (CY_APPL_ORIGIN?(SIZEOF (.cybootloader) <= CY_APPL_ORIGIN):0x1, Wrong image location)
                0x00004b10                PROVIDE (__cy_reset, Reset)
 *(.text.Reset)
 .text.Reset    0x00004b10        0x8 .\CortexM3\ARM_GCC_473\Debug\Cm3Start.o
                0x00004b10                Reset
                0x00000001                ASSERT ((. != __cy_reset), No reset code)
 *(.dma_init)
                0x00000001                ASSERT ((((appl_start + .) <= 0x10000) || 0x1), DMA Init must be within the first 64k of flash)
 *(.text .text.* .gnu.linkonce.t.*)
 .text          0x00004b18       0x54 c:/program files (x86)/cypress/psoc creator/3.0/psoc creator/import/gnu_cs/arm/4.7.3/bin/../lib/gcc/arm-none-eabi/4.7.3/armv7-m/crtbegin.o
 .text.main     0x00004b6c       0x6c .\CortexM3\ARM_GCC_473\Debug\main.o
                0x00004b6c                main
 .text.readData
                0x00004bd8      0x1a0 .\CortexM3\ARM_GCC_473\Debug\mem1.o
                0x00004bd8                readData
 .text.DELSIG_ADC_Control
                0x00004d78      0x154 .\CortexM3\ARM_GCC_473\Debug\mem1.o
                0x00004d78                DELSIG_ADC_Control
 .text.SAR0_ADC_Control
                0x00004ecc      0x12c .\CortexM3\ARM_GCC_473\Debug\mem1.o
                0x00004ecc                SAR0_ADC_Control
 .text.SAR1_ADC_Control
                0x00004ff8      0x12c .\CortexM3\ARM_GCC_473\Debug\mem1.o
                0x00004ff8                SAR1_ADC_Control
 .text.VDAC0_Control
                0x00005124       0xbc .\CortexM3\ARM_GCC_473\Debug\mem1.o
                0x00005124                VDAC0_Control
 .text.VDAC1_Control
                0x000051e0       0xbc .\CortexM3\ARM_GCC_473\Debug\mem1.o
                0x000051e0                VDAC1_Control
 .text.IDAC0_Control
                0x0000529c       0xf0 .\CortexM3\ARM_GCC_473\Debug\mem1.o
                0x0000529c                IDAC0_Control
 .text.WAVEDAC_Control
                0x0000538c       0xd8 .\CortexM3\ARM_GCC_473\Debug\mem1.o
                0x0000538c                WAVEDAC_Control
 *fill*         0x00005464        0x4 00
 .text.Generate_Wave
                0x00005468      0x4d0 .\CortexM3\ARM_GCC_473\Debug\mem1.o
                0x00005468                Generate_Wave
 .text.PWM_Control_0
                0x00005938       0xfc .\CortexM3\ARM_GCC_473\Debug\mem1.o
                0x00005938                PWM_Control_0
 .text.PWM_Control_1
                0x00005a34       0xfc .\CortexM3\ARM_GCC_473\Debug\mem1.o
                0x00005a34                PWM_Control_1
 .text.PWM_Control_2
                0x00005b30       0xfc .\CortexM3\ARM_GCC_473\Debug\mem1.o
                0x00005b30                PWM_Control_2
 .text.PWM_Control_3
                0x00005c2c       0xfc .\CortexM3\ARM_GCC_473\Debug\mem1.o
                0x00005c2c                PWM_Control_3
 .text.PWM_Control_4
                0x00005d28       0xfc .\CortexM3\ARM_GCC_473\Debug\mem1.o
                0x00005d28                PWM_Control_4
 .text.PWM_Control_5
                0x00005e24       0xfc .\CortexM3\ARM_GCC_473\Debug\mem1.o
                0x00005e24                PWM_Control_5
 .text.PWM_Control_6
                0x00005f20       0xfc .\CortexM3\ARM_GCC_473\Debug\mem1.o
                0x00005f20                PWM_Control_6
 .text.PWM_Control_7
                0x0000601c       0xfc .\CortexM3\ARM_GCC_473\Debug\mem1.o
                0x0000601c                PWM_Control_7
 .text.Input_Control0
                0x00006118       0x40 .\CortexM3\ARM_GCC_473\Debug\mem1.o
                0x00006118                Input_Control0
 .text.Input_Control1
                0x00006158       0x40 .\CortexM3\ARM_GCC_473\Debug\mem1.o
                0x00006158                Input_Control1
 .text.Input_Control2
                0x00006198       0x40 .\CortexM3\ARM_GCC_473\Debug\mem1.o
                0x00006198                Input_Control2
 .text.Output_Control0
                0x000061d8       0x58 .\CortexM3\ARM_GCC_473\Debug\mem1.o
                0x000061d8                Output_Control0
 .text.Output_Control1
                0x00006230       0x58 .\CortexM3\ARM_GCC_473\Debug\mem1.o
                0x00006230                Output_Control1
 .text.Output_Control2
                0x00006288       0x58 .\CortexM3\ARM_GCC_473\Debug\mem1.o
                0x00006288                Output_Control2
 .text.ReadFrom_Pi
                0x000062e0       0x98 .\CortexM3\ARM_GCC_473\Debug\mem1.o
                0x000062e0                ReadFrom_Pi
 .text.WriteTo_Pi
                0x00006378       0x74 .\CortexM3\ARM_GCC_473\Debug\mem1.o
                0x00006378                WriteTo_Pi
 .text.IntDefaultHandler
                0x000063ec        0x8 .\CortexM3\ARM_GCC_473\Debug\Cm3Start.o
                0x000063ec                IntDefaultHandler
 .text.Start_c  0x000063f4       0xcc .\CortexM3\ARM_GCC_473\Debug\Cm3Start.o
                0x000063f4                Start_c
 .text.initialize_psoc
                0x000064c0       0xb8 .\CortexM3\ARM_GCC_473\Debug\Cm3Start.o
                0x000064c0                initialize_psoc
 .text.CYMEMZERO
                0x00006578       0x20 .\CortexM3\ARM_GCC_473\Debug\PSoC_2_Pi.a(cyfitter_cfg.o)
 .text.CYCONFIGCPY
                0x00006598       0x20 .\CortexM3\ARM_GCC_473\Debug\PSoC_2_Pi.a(cyfitter_cfg.o)
 .text.CyClockStartupError
                0x000065b8        0xc .\CortexM3\ARM_GCC_473\Debug\PSoC_2_Pi.a(cyfitter_cfg.o)
 .text.cfg_write_bytes32
                0x000065c4       0x84 .\CortexM3\ARM_GCC_473\Debug\PSoC_2_Pi.a(cyfitter_cfg.o)
 .text.ClockSetup
                0x00006648      0x228 .\CortexM3\ARM_GCC_473\Debug\PSoC_2_Pi.a(cyfitter_cfg.o)
 .text.AnalogSetDefault
                0x00006870      0x1a0 .\CortexM3\ARM_GCC_473\Debug\PSoC_2_Pi.a(cyfitter_cfg.o)
 .text.ADC_DelSig_1_AMux_Set
                0x00006a10       0x4c .\CortexM3\ARM_GCC_473\Debug\PSoC_2_Pi.a(cyfitter_cfg.o)
                0x00006a10                ADC_DelSig_1_AMux_Set
 .text.ADC_DelSig_1_AMux_Unset
                0x00006a5c       0x50 .\CortexM3\ARM_GCC_473\Debug\PSoC_2_Pi.a(cyfitter_cfg.o)
                0x00006a5c                ADC_DelSig_1_AMux_Unset
 .text.cyfitter_cfg
                0x00006aac      0x2d8 .\CortexM3\ARM_GCC_473\Debug\PSoC_2_Pi.a(cyfitter_cfg.o)
                0x00006aac                cyfitter_cfg
 .text.SPIS_1_Init
                0x00006d84       0x3c .\CortexM3\ARM_GCC_473\Debug\PSoC_2_Pi.a(SPIS_1.o)
                0x00006d84                SPIS_1_Init
 .text.SPIS_1_Enable
                0x00006dc0       0x74 .\CortexM3\ARM_GCC_473\Debug\PSoC_2_Pi.a(SPIS_1.o)
                0x00006dc0                SPIS_1_Enable
 .text.SPIS_1_Start
                0x00006e34       0x2c .\CortexM3\ARM_GCC_473\Debug\PSoC_2_Pi.a(SPIS_1.o)
                0x00006e34                SPIS_1_Start
 .text.SPIS_1_ReadTxStatus
                0x00006e60       0x20 .\CortexM3\ARM_GCC_473\Debug\PSoC_2_Pi.a(SPIS_1.o)
                0x00006e60                SPIS_1_ReadTxStatus
 .text.SPIS_1_ReadRxStatus
                0x00006e80       0x20 .\CortexM3\ARM_GCC_473\Debug\PSoC_2_Pi.a(SPIS_1.o)
                0x00006e80                SPIS_1_ReadRxStatus
 .text.SPIS_1_WriteTxData
                0x00006ea0       0x38 .\CortexM3\ARM_GCC_473\Debug\PSoC_2_Pi.a(SPIS_1.o)
                0x00006ea0                SPIS_1_WriteTxData
 .text.SPIS_1_WriteTxDataZero
                0x00006ed8       0x20 .\CortexM3\ARM_GCC_473\Debug\PSoC_2_Pi.a(SPIS_1.o)
                0x00006ed8                SPIS_1_WriteTxDataZero
 .text.SPIS_1_ReadRxData
                0x00006ef8       0x20 .\CortexM3\ARM_GCC_473\Debug\PSoC_2_Pi.a(SPIS_1.o)
                0x00006ef8                SPIS_1_ReadRxData
 .text.SPIS_1_GetRxBufferSize
                0x00006f18       0x34 .\CortexM3\ARM_GCC_473\Debug\PSoC_2_Pi.a(SPIS_1.o)
                0x00006f18                SPIS_1_GetRxBufferSize
 .text.SPIS_1_ClearRxBuffer
                0x00006f4c       0x2c .\CortexM3\ARM_GCC_473\Debug\PSoC_2_Pi.a(SPIS_1.o)
                0x00006f4c                SPIS_1_ClearRxBuffer
 .text.SPIS_1_ClearTxBuffer
                0x00006f78       0x58 .\CortexM3\ARM_GCC_473\Debug\PSoC_2_Pi.a(SPIS_1.o)
                0x00006f78                SPIS_1_ClearTxBuffer
 .text.SPIS_1_PutArray
                0x00006fd0       0x40 .\CortexM3\ARM_GCC_473\Debug\PSoC_2_Pi.a(SPIS_1.o)
                0x00006fd0                SPIS_1_PutArray
 .text.SPIS_1_ClearFIFO
                0x00007010       0x78 .\CortexM3\ARM_GCC_473\Debug\PSoC_2_Pi.a(SPIS_1.o)
                0x00007010                SPIS_1_ClearFIFO
 .text          0x00007088       0x28 .\CortexM3\ARM_GCC_473\Debug\PSoC_2_Pi.a(CyBootAsmGnu.o)
                0x00007088                CyDelayCycles
                0x0000709c                CyEnterCriticalSection
                0x000070a4                CyExitCriticalSection
 .text.CyDmacConfigure
                0x000070b0       0x70 .\CortexM3\ARM_GCC_473\Debug\PSoC_2_Pi.a(CyDmac.o)
                0x000070b0                CyDmacConfigure
 .text.CyDmaChEnable
                0x00007120       0xbc .\CortexM3\ARM_GCC_473\Debug\PSoC_2_Pi.a(CyDmac.o)
                0x00007120                CyDmaChEnable
 .text.CyDmaChDisable
                0x000071dc       0x84 .\CortexM3\ARM_GCC_473\Debug\PSoC_2_Pi.a(CyDmac.o)
                0x000071dc                CyDmaChDisable
 .text.CyDmaChPriority
                0x00007260       0x70 .\CortexM3\ARM_GCC_473\Debug\PSoC_2_Pi.a(CyDmac.o)
                0x00007260                CyDmaChPriority
 .text.CyDmaChSetExtendedAddress
                0x000072d0       0x88 .\CortexM3\ARM_GCC_473\Debug\PSoC_2_Pi.a(CyDmac.o)
                0x000072d0                CyDmaChSetExtendedAddress
 .text.CyDmaChSetInitialTd
                0x00007358       0x44 .\CortexM3\ARM_GCC_473\Debug\PSoC_2_Pi.a(CyDmac.o)
                0x00007358                CyDmaChSetInitialTd
 .text.CyDmaChSetConfiguration
                0x0000739c       0xa4 .\CortexM3\ARM_GCC_473\Debug\PSoC_2_Pi.a(CyDmac.o)
                0x0000739c                CyDmaChSetConfiguration
 .text.CyDmaTdAllocate
                0x00007440       0x78 .\CortexM3\ARM_GCC_473\Debug\PSoC_2_Pi.a(CyDmac.o)
                0x00007440                CyDmaTdAllocate
 .text.CyDmaTdSetConfiguration
                0x000074b8       0x7c .\CortexM3\ARM_GCC_473\Debug\PSoC_2_Pi.a(CyDmac.o)
                0x000074b8                CyDmaTdSetConfiguration
 .text.CyDmaTdSetAddress
                0x00007534       0x68 .\CortexM3\ARM_GCC_473\Debug\PSoC_2_Pi.a(CyDmac.o)
                0x00007534                CyDmaTdSetAddress
 .text.CyHalt   0x0000759c       0x18 .\CortexM3\ARM_GCC_473\Debug\PSoC_2_Pi.a(CyLib.o)
                0x0000759c                CyHalt
 .text.CyDelay  0x000075b4       0x48 .\CortexM3\ARM_GCC_473\Debug\PSoC_2_Pi.a(CyLib.o)
                0x000075b4                CyDelay
 .text.CyDelayUs
                0x000075fc       0x28 .\CortexM3\ARM_GCC_473\Debug\PSoC_2_Pi.a(CyLib.o)
                0x000075fc                CyDelayUs
 .text.CyIntSetVector
                0x00007624       0x60 .\CortexM3\ARM_GCC_473\Debug\PSoC_2_Pi.a(CyLib.o)
                0x00007624                CyIntSetVector
 .text.CyIntSetPriority
                0x00007684       0x4c .\CortexM3\ARM_GCC_473\Debug\PSoC_2_Pi.a(CyLib.o)
                0x00007684                CyIntSetPriority
 .text.PWM_1_Start
                0x000076d0       0x2c .\CortexM3\ARM_GCC_473\Debug\PSoC_2_Pi.a(PWM_1.o)
                0x000076d0                PWM_1_Start
 .text.PWM_1_Init
                0x000076fc       0xbc .\CortexM3\ARM_GCC_473\Debug\PSoC_2_Pi.a(PWM_1.o)
                0x000076fc                PWM_1_Init
 .text.PWM_1_Enable
                0x000077b8       0x28 .\CortexM3\ARM_GCC_473\Debug\PSoC_2_Pi.a(PWM_1.o)
                0x000077b8                PWM_1_Enable
 .text.PWM_1_Stop
                0x000077e0       0x28 .\CortexM3\ARM_GCC_473\Debug\PSoC_2_Pi.a(PWM_1.o)
                0x000077e0                PWM_1_Stop
 .text.PWM_1_WriteCounter
                0x00007808       0x20 .\CortexM3\ARM_GCC_473\Debug\PSoC_2_Pi.a(PWM_1.o)
                0x00007808                PWM_1_WriteCounter
 .text.PWM_1_ReadCounter
                0x00007828       0x24 .\CortexM3\ARM_GCC_473\Debug\PSoC_2_Pi.a(PWM_1.o)
                0x00007828                PWM_1_ReadCounter
 .text.PWM_1_ClearFIFO
                0x0000784c       0x1c .\CortexM3\ARM_GCC_473\Debug\PSoC_2_Pi.a(PWM_1.o)
                0x0000784c                PWM_1_ClearFIFO
 .text.PWM_1_WritePeriod
                0x00007868       0x20 .\CortexM3\ARM_GCC_473\Debug\PSoC_2_Pi.a(PWM_1.o)
                0x00007868                PWM_1_WritePeriod
 .text.PWM_1_WriteCompare
                0x00007888       0x20 .\CortexM3\ARM_GCC_473\Debug\PSoC_2_Pi.a(PWM_1.o)
                0x00007888                PWM_1_WriteCompare
 .text.PWM_1_SetInterruptMode
                0x000078a8       0x20 .\CortexM3\ARM_GCC_473\Debug\PSoC_2_Pi.a(PWM_1.o)
                0x000078a8                PWM_1_SetInterruptMode
 .text.PWM_1_ReadStatusRegister
                0x000078c8       0x20 .\CortexM3\ARM_GCC_473\Debug\PSoC_2_Pi.a(PWM_1.o)
                0x000078c8                PWM_1_ReadStatusRegister
 .text.PWM_1_ReadControlRegister
                0x000078e8       0x20 .\CortexM3\ARM_GCC_473\Debug\PSoC_2_Pi.a(PWM_1.o)
                0x000078e8                PWM_1_ReadControlRegister
 .text.PWM_1_WriteControlRegister
                0x00007908       0x20 .\CortexM3\ARM_GCC_473\Debug\PSoC_2_Pi.a(PWM_1.o)
                0x00007908                PWM_1_WriteControlRegister
 .text.PWM_1_ReadCapture
                0x00007928       0x18 .\CortexM3\ARM_GCC_473\Debug\PSoC_2_Pi.a(PWM_1.o)
                0x00007928                PWM_1_ReadCapture
 .text.PWM_1_ReadCompare
                0x00007940       0x18 .\CortexM3\ARM_GCC_473\Debug\PSoC_2_Pi.a(PWM_1.o)
                0x00007940                PWM_1_ReadCompare
 .text.PWM_1_ReadPeriod
                0x00007958       0x18 .\CortexM3\ARM_GCC_473\Debug\PSoC_2_Pi.a(PWM_1.o)
                0x00007958                PWM_1_ReadPeriod
 .text.PWM_1_SaveConfig
                0x00007970       0x54 .\CortexM3\ARM_GCC_473\Debug\PSoC_2_Pi.a(PWM_1_PM.o)
                0x00007970                PWM_1_SaveConfig
 .text.PWM_1_RestoreConfig
                0x000079c4       0x4c .\CortexM3\ARM_GCC_473\Debug\PSoC_2_Pi.a(PWM_1_PM.o)
                0x000079c4                PWM_1_RestoreConfig
 .text.PWM_1_Sleep
                0x00007a10       0x40 .\CortexM3\ARM_GCC_473\Debug\PSoC_2_Pi.a(PWM_1_PM.o)
                0x00007a10                PWM_1_Sleep
 .text.PWM_1_Wakeup
                0x00007a50       0x1c .\CortexM3\ARM_GCC_473\Debug\PSoC_2_Pi.a(PWM_1_PM.o)
                0x00007a50                PWM_1_Wakeup
 .text.ADC_SAR_1_Start
                0x00007a6c       0x2c .\CortexM3\ARM_GCC_473\Debug\PSoC_2_Pi.a(ADC_SAR_1.o)
                0x00007a6c                ADC_SAR_1_Start
 .text.ADC_SAR_1_Init
                0x00007a98       0x5c .\CortexM3\ARM_GCC_473\Debug\PSoC_2_Pi.a(ADC_SAR_1.o)
                0x00007a98                ADC_SAR_1_Init
 .text.ADC_SAR_1_Enable
                0x00007af4      0x14c .\CortexM3\ARM_GCC_473\Debug\PSoC_2_Pi.a(ADC_SAR_1.o)
                0x00007af4                ADC_SAR_1_Enable
 .text.ADC_SAR_1_Stop
                0x00007c40       0xac .\CortexM3\ARM_GCC_473\Debug\PSoC_2_Pi.a(ADC_SAR_1.o)
                0x00007c40                ADC_SAR_1_Stop
 .text.ADC_SAR_1_SetResolution
                0x00007cec       0x60 .\CortexM3\ARM_GCC_473\Debug\PSoC_2_Pi.a(ADC_SAR_1.o)
                0x00007cec                ADC_SAR_1_SetResolution
 .text.ADC_SAR_1_StartConvert
                0x00007d4c       0x28 .\CortexM3\ARM_GCC_473\Debug\PSoC_2_Pi.a(ADC_SAR_1.o)
                0x00007d4c                ADC_SAR_1_StartConvert
 .text.ADC_SAR_1_StopConvert
                0x00007d74       0x28 .\CortexM3\ARM_GCC_473\Debug\PSoC_2_Pi.a(ADC_SAR_1.o)
                0x00007d74                ADC_SAR_1_StopConvert
 .text.ADC_SAR_1_IsEndConversion
                0x00007d9c       0x4c .\CortexM3\ARM_GCC_473\Debug\PSoC_2_Pi.a(ADC_SAR_1.o)
                0x00007d9c                ADC_SAR_1_IsEndConversion
 .text.ADC_SAR_1_GetResult16
                0x00007de8       0x38 .\CortexM3\ARM_GCC_473\Debug\PSoC_2_Pi.a(ADC_SAR_1.o)
                0x00007de8                ADC_SAR_1_GetResult16
 .text.ADC_SAR_1_SetOffset
                0x00007e20       0x20 .\CortexM3\ARM_GCC_473\Debug\PSoC_2_Pi.a(ADC_SAR_1.o)
                0x00007e20                ADC_SAR_1_SetOffset
 .text.ADC_SAR_1_CalcGain
                0x00007e40       0x94 .\CortexM3\ARM_GCC_473\Debug\PSoC_2_Pi.a(ADC_SAR_1.o)
 .text.ADC_SAR_1_SetGain
                0x00007ed4       0x30 .\CortexM3\ARM_GCC_473\Debug\PSoC_2_Pi.a(ADC_SAR_1.o)
                0x00007ed4                ADC_SAR_1_SetGain
 .text.ADC_SAR_1_CountsTo_mVolts
                0x00007f04       0xa8 .\CortexM3\ARM_GCC_473\Debug\PSoC_2_Pi.a(ADC_SAR_1.o)
                0x00007f04                ADC_SAR_1_CountsTo_mVolts
 .text.ADC_SAR_1_ISR
                0x00007fac        0xc .\CortexM3\ARM_GCC_473\Debug\PSoC_2_Pi.a(ADC_SAR_1_INT.o)
                0x00007fac                ADC_SAR_1_ISR
 .text.ADC_SAR_1_Sleep
                0x00007fb8       0x60 .\CortexM3\ARM_GCC_473\Debug\PSoC_2_Pi.a(ADC_SAR_1_PM.o)
                0x00007fb8                ADC_SAR_1_Sleep
 .text.ADC_SAR_1_Wakeup
                0x00008018       0x30 .\CortexM3\ARM_GCC_473\Debug\PSoC_2_Pi.a(ADC_SAR_1_PM.o)
                0x00008018                ADC_SAR_1_Wakeup
 .text.ADC_SAR_2_Start
                0x00008048       0x2c .\CortexM3\ARM_GCC_473\Debug\PSoC_2_Pi.a(ADC_SAR_2.o)
                0x00008048                ADC_SAR_2_Start
 .text.ADC_SAR_2_Init
                0x00008074       0x5c .\CortexM3\ARM_GCC_473\Debug\PSoC_2_Pi.a(ADC_SAR_2.o)
                0x00008074                ADC_SAR_2_Init
 .text.ADC_SAR_2_Enable
                0x000080d0      0x14c .\CortexM3\ARM_GCC_473\Debug\PSoC_2_Pi.a(ADC_SAR_2.o)
                0x000080d0                ADC_SAR_2_Enable
 .text.ADC_SAR_2_Stop
                0x0000821c       0xac .\CortexM3\ARM_GCC_473\Debug\PSoC_2_Pi.a(ADC_SAR_2.o)
                0x0000821c                ADC_SAR_2_Stop
 .text.ADC_SAR_2_SetResolution
                0x000082c8       0x60 .\CortexM3\ARM_GCC_473\Debug\PSoC_2_Pi.a(ADC_SAR_2.o)
                0x000082c8                ADC_SAR_2_SetResolution
 .text.ADC_SAR_2_StartConvert
                0x00008328       0x28 .\CortexM3\ARM_GCC_473\Debug\PSoC_2_Pi.a(ADC_SAR_2.o)
                0x00008328                ADC_SAR_2_StartConvert
 .text.ADC_SAR_2_StopConvert
                0x00008350       0x28 .\CortexM3\ARM_GCC_473\Debug\PSoC_2_Pi.a(ADC_SAR_2.o)
                0x00008350                ADC_SAR_2_StopConvert
 .text.ADC_SAR_2_IsEndConversion
                0x00008378       0x4c .\CortexM3\ARM_GCC_473\Debug\PSoC_2_Pi.a(ADC_SAR_2.o)
                0x00008378                ADC_SAR_2_IsEndConversion
 .text.ADC_SAR_2_GetResult16
                0x000083c4       0x38 .\CortexM3\ARM_GCC_473\Debug\PSoC_2_Pi.a(ADC_SAR_2.o)
                0x000083c4                ADC_SAR_2_GetResult16
 .text.ADC_SAR_2_SetOffset
                0x000083fc       0x20 .\CortexM3\ARM_GCC_473\Debug\PSoC_2_Pi.a(ADC_SAR_2.o)
                0x000083fc                ADC_SAR_2_SetOffset
 .text.ADC_SAR_2_CalcGain
                0x0000841c       0x94 .\CortexM3\ARM_GCC_473\Debug\PSoC_2_Pi.a(ADC_SAR_2.o)
 .text.ADC_SAR_2_SetGain
                0x000084b0       0x30 .\CortexM3\ARM_GCC_473\Debug\PSoC_2_Pi.a(ADC_SAR_2.o)
                0x000084b0                ADC_SAR_2_SetGain
 .text.ADC_SAR_2_CountsTo_mVolts
                0x000084e0       0xa8 .\CortexM3\ARM_GCC_473\Debug\PSoC_2_Pi.a(ADC_SAR_2.o)
                0x000084e0                ADC_SAR_2_CountsTo_mVolts
 .text.ADC_SAR_2_ISR
                0x00008588        0xc .\CortexM3\ARM_GCC_473\Debug\PSoC_2_Pi.a(ADC_SAR_2_INT.o)
                0x00008588                ADC_SAR_2_ISR
 .text.ADC_SAR_2_Sleep
                0x00008594       0x60 .\CortexM3\ARM_GCC_473\Debug\PSoC_2_Pi.a(ADC_SAR_2_PM.o)
                0x00008594                ADC_SAR_2_Sleep
 .text.ADC_SAR_2_Wakeup
                0x000085f4       0x30 .\CortexM3\ARM_GCC_473\Debug\PSoC_2_Pi.a(ADC_SAR_2_PM.o)
                0x000085f4                ADC_SAR_2_Wakeup
 .text.ADC_SAR_1_theACLK_SetModeRegister
                0x00008624       0x3c .\CortexM3\ARM_GCC_473\Debug\PSoC_2_Pi.a(ADC_SAR_1_theACLK.o)
                0x00008624                ADC_SAR_1_theACLK_SetModeRegister
 .text.ADC_SAR_2_theACLK_SetModeRegister
                0x00008660       0x3c .\CortexM3\ARM_GCC_473\Debug\PSoC_2_Pi.a(ADC_SAR_2_theACLK.o)
                0x00008660                ADC_SAR_2_theACLK_SetModeRegister
 .text.VDAC8_1_Init
                0x0000869c       0x34 .\CortexM3\ARM_GCC_473\Debug\PSoC_2_Pi.a(VDAC8_1.o)
                0x0000869c                VDAC8_1_Init
 .text.VDAC8_1_Enable
                0x000086d0       0x44 .\CortexM3\ARM_GCC_473\Debug\PSoC_2_Pi.a(VDAC8_1.o)
                0x000086d0                VDAC8_1_Enable
 .text.VDAC8_1_Start
                0x00008714       0x34 .\CortexM3\ARM_GCC_473\Debug\PSoC_2_Pi.a(VDAC8_1.o)
                0x00008714                VDAC8_1_Start
 .text.VDAC8_1_Stop
                0x00008748       0x44 .\CortexM3\ARM_GCC_473\Debug\PSoC_2_Pi.a(VDAC8_1.o)
                0x00008748                VDAC8_1_Stop
 .text.VDAC8_1_SetSpeed
                0x0000878c       0x54 .\CortexM3\ARM_GCC_473\Debug\PSoC_2_Pi.a(VDAC8_1.o)
                0x0000878c                VDAC8_1_SetSpeed
 .text.VDAC8_1_SetRange
                0x000087e0       0x54 .\CortexM3\ARM_GCC_473\Debug\PSoC_2_Pi.a(VDAC8_1.o)
                0x000087e0                VDAC8_1_SetRange
 .text.VDAC8_1_SetValue
                0x00008834       0x20 .\CortexM3\ARM_GCC_473\Debug\PSoC_2_Pi.a(VDAC8_1.o)
                0x00008834                VDAC8_1_SetValue
 .text.VDAC8_1_DacTrim
                0x00008854       0x44 .\CortexM3\ARM_GCC_473\Debug\PSoC_2_Pi.a(VDAC8_1.o)
                0x00008854                VDAC8_1_DacTrim
 .text.VDAC8_1_SaveConfig
                0x00008898       0x34 .\CortexM3\ARM_GCC_473\Debug\PSoC_2_Pi.a(VDAC8_1_PM.o)
                0x00008898                VDAC8_1_SaveConfig
 .text.VDAC8_1_RestoreConfig
                0x000088cc       0x94 .\CortexM3\ARM_GCC_473\Debug\PSoC_2_Pi.a(VDAC8_1_PM.o)
                0x000088cc                VDAC8_1_RestoreConfig
 .text.VDAC8_1_Sleep
                0x00008960       0x40 .\CortexM3\ARM_GCC_473\Debug\PSoC_2_Pi.a(VDAC8_1_PM.o)
                0x00008960                VDAC8_1_Sleep
 .text.VDAC8_1_Wakeup
                0x000089a0       0x30 .\CortexM3\ARM_GCC_473\Debug\PSoC_2_Pi.a(VDAC8_1_PM.o)
                0x000089a0                VDAC8_1_Wakeup
 .text.VDAC8_2_Init
                0x000089d0       0x34 .\CortexM3\ARM_GCC_473\Debug\PSoC_2_Pi.a(VDAC8_2.o)
                0x000089d0                VDAC8_2_Init
 .text.VDAC8_2_Enable
                0x00008a04       0x44 .\CortexM3\ARM_GCC_473\Debug\PSoC_2_Pi.a(VDAC8_2.o)
                0x00008a04                VDAC8_2_Enable
 .text.VDAC8_2_Start
                0x00008a48       0x34 .\CortexM3\ARM_GCC_473\Debug\PSoC_2_Pi.a(VDAC8_2.o)
                0x00008a48                VDAC8_2_Start
 .text.VDAC8_2_Stop
                0x00008a7c       0x44 .\CortexM3\ARM_GCC_473\Debug\PSoC_2_Pi.a(VDAC8_2.o)
                0x00008a7c                VDAC8_2_Stop
 .text.VDAC8_2_SetSpeed
                0x00008ac0       0x54 .\CortexM3\ARM_GCC_473\Debug\PSoC_2_Pi.a(VDAC8_2.o)
                0x00008ac0                VDAC8_2_SetSpeed
 .text.VDAC8_2_SetRange
                0x00008b14       0x54 .\CortexM3\ARM_GCC_473\Debug\PSoC_2_Pi.a(VDAC8_2.o)
                0x00008b14                VDAC8_2_SetRange
 .text.VDAC8_2_SetValue
                0x00008b68       0x20 .\CortexM3\ARM_GCC_473\Debug\PSoC_2_Pi.a(VDAC8_2.o)
                0x00008b68                VDAC8_2_SetValue
 .text.VDAC8_2_DacTrim
                0x00008b88       0x44 .\CortexM3\ARM_GCC_473\Debug\PSoC_2_Pi.a(VDAC8_2.o)
                0x00008b88                VDAC8_2_DacTrim
 .text.VDAC8_2_SaveConfig
                0x00008bcc       0x34 .\CortexM3\ARM_GCC_473\Debug\PSoC_2_Pi.a(VDAC8_2_PM.o)
                0x00008bcc                VDAC8_2_SaveConfig
 .text.VDAC8_2_RestoreConfig
                0x00008c00       0x94 .\CortexM3\ARM_GCC_473\Debug\PSoC_2_Pi.a(VDAC8_2_PM.o)
                0x00008c00                VDAC8_2_RestoreConfig
 .text.VDAC8_2_Sleep
                0x00008c94       0x40 .\CortexM3\ARM_GCC_473\Debug\PSoC_2_Pi.a(VDAC8_2_PM.o)
                0x00008c94                VDAC8_2_Sleep
 .text.VDAC8_2_Wakeup
                0x00008cd4       0x30 .\CortexM3\ARM_GCC_473\Debug\PSoC_2_Pi.a(VDAC8_2_PM.o)
                0x00008cd4                VDAC8_2_Wakeup
 .text.IDAC8_1_Init
                0x00008d04       0x4c .\CortexM3\ARM_GCC_473\Debug\PSoC_2_Pi.a(IDAC8_1.o)
                0x00008d04                IDAC8_1_Init
 .text.IDAC8_1_Enable
                0x00008d50       0x44 .\CortexM3\ARM_GCC_473\Debug\PSoC_2_Pi.a(IDAC8_1.o)
                0x00008d50                IDAC8_1_Enable
 .text.IDAC8_1_Start
                0x00008d94       0x34 .\CortexM3\ARM_GCC_473\Debug\PSoC_2_Pi.a(IDAC8_1.o)
                0x00008d94                IDAC8_1_Start
 .text.IDAC8_1_Stop
                0x00008dc8       0x44 .\CortexM3\ARM_GCC_473\Debug\PSoC_2_Pi.a(IDAC8_1.o)
                0x00008dc8                IDAC8_1_Stop
 .text.IDAC8_1_SetSpeed
                0x00008e0c       0x54 .\CortexM3\ARM_GCC_473\Debug\PSoC_2_Pi.a(IDAC8_1.o)
                0x00008e0c                IDAC8_1_SetSpeed
 .text.IDAC8_1_SetPolarity
                0x00008e60       0x54 .\CortexM3\ARM_GCC_473\Debug\PSoC_2_Pi.a(IDAC8_1.o)
                0x00008e60                IDAC8_1_SetPolarity
 .text.IDAC8_1_SetRange
                0x00008eb4       0x54 .\CortexM3\ARM_GCC_473\Debug\PSoC_2_Pi.a(IDAC8_1.o)
                0x00008eb4                IDAC8_1_SetRange
 .text.IDAC8_1_SetValue
                0x00008f08       0x20 .\CortexM3\ARM_GCC_473\Debug\PSoC_2_Pi.a(IDAC8_1.o)
                0x00008f08                IDAC8_1_SetValue
 .text.IDAC8_1_DacTrim
                0x00008f28       0x5c .\CortexM3\ARM_GCC_473\Debug\PSoC_2_Pi.a(IDAC8_1.o)
                0x00008f28                IDAC8_1_DacTrim
 .text.IDAC8_1_SaveConfig
                0x00008f84       0x34 .\CortexM3\ARM_GCC_473\Debug\PSoC_2_Pi.a(IDAC8_1_PM.o)
                0x00008f84                IDAC8_1_SaveConfig
 .text.IDAC8_1_RestoreConfig
                0x00008fb8       0x94 .\CortexM3\ARM_GCC_473\Debug\PSoC_2_Pi.a(IDAC8_1_PM.o)
                0x00008fb8                IDAC8_1_RestoreConfig
 .text.IDAC8_1_Sleep
                0x0000904c       0x40 .\CortexM3\ARM_GCC_473\Debug\PSoC_2_Pi.a(IDAC8_1_PM.o)
                0x0000904c                IDAC8_1_Sleep
 .text.IDAC8_1_Wakeup
                0x0000908c       0x30 .\CortexM3\ARM_GCC_473\Debug\PSoC_2_Pi.a(IDAC8_1_PM.o)
                0x0000908c                IDAC8_1_Wakeup
 .text.WaveDAC_clk_Start
                0x000090bc       0x44 .\CortexM3\ARM_GCC_473\Debug\PSoC_2_Pi.a(WaveDAC_clk.o)
                0x000090bc                WaveDAC_clk_Start
 .text.WaveDAC_clk_Stop
                0x00009100       0x44 .\CortexM3\ARM_GCC_473\Debug\PSoC_2_Pi.a(WaveDAC_clk.o)
                0x00009100                WaveDAC_clk_Stop
 .text.WaveDAC_clk_SetDividerRegister
                0x00009144      0x1e8 .\CortexM3\ARM_GCC_473\Debug\PSoC_2_Pi.a(WaveDAC_clk.o)
                0x00009144                WaveDAC_clk_SetDividerRegister
 .text.WaveDAC_clk_GetDividerRegister
                0x0000932c       0x18 .\CortexM3\ARM_GCC_473\Debug\PSoC_2_Pi.a(WaveDAC_clk.o)
                0x0000932c                WaveDAC_clk_GetDividerRegister
 .text.WaveDAC_clk_GetSourceRegister
                0x00009344       0x20 .\CortexM3\ARM_GCC_473\Debug\PSoC_2_Pi.a(WaveDAC_clk.o)
                0x00009344                WaveDAC_clk_GetSourceRegister
 .text.WaveDAC8_1_Init
                0x00009364       0x64 .\CortexM3\ARM_GCC_473\Debug\PSoC_2_Pi.a(WaveDAC8_1.o)
                0x00009364                WaveDAC8_1_Init
 .text.WaveDAC8_1_Enable
                0x000093c8       0x40 .\CortexM3\ARM_GCC_473\Debug\PSoC_2_Pi.a(WaveDAC8_1.o)
                0x000093c8                WaveDAC8_1_Enable
 .text.WaveDAC8_1_Start
                0x00009408       0x2c .\CortexM3\ARM_GCC_473\Debug\PSoC_2_Pi.a(WaveDAC8_1.o)
                0x00009408                WaveDAC8_1_Start
 .text.WaveDAC8_1_Stop
                0x00009434       0x2c .\CortexM3\ARM_GCC_473\Debug\PSoC_2_Pi.a(WaveDAC8_1.o)
                0x00009434                WaveDAC8_1_Stop
 .text.WaveDAC8_1_Wave1Setup
                0x00009460       0x98 .\CortexM3\ARM_GCC_473\Debug\PSoC_2_Pi.a(WaveDAC8_1.o)
                0x00009460                WaveDAC8_1_Wave1Setup
 .text.WaveDAC8_1_Wave2Setup
                0x000094f8       0x98 .\CortexM3\ARM_GCC_473\Debug\PSoC_2_Pi.a(WaveDAC8_1.o)
                0x000094f8                WaveDAC8_1_Wave2Setup
 .text.WaveDAC8_1_Sleep
                0x00009590       0x38 .\CortexM3\ARM_GCC_473\Debug\PSoC_2_Pi.a(WaveDAC8_1_PM.o)
                0x00009590                WaveDAC8_1_Sleep
 .text.WaveDAC8_1_Wakeup
                0x000095c8       0x1c .\CortexM3\ARM_GCC_473\Debug\PSoC_2_Pi.a(WaveDAC8_1_PM.o)
                0x000095c8                WaveDAC8_1_Wakeup
 .text.WaveDAC8_1_Wave1_DMA_DmaInitialize
                0x000095e4       0x84 .\CortexM3\ARM_GCC_473\Debug\PSoC_2_Pi.a(WaveDAC8_1_Wave1_DMA_dma.o)
                0x000095e4                WaveDAC8_1_Wave1_DMA_DmaInitialize
 .text.WaveDAC8_1_Wave2_DMA_DmaInitialize
                0x00009668       0x84 .\CortexM3\ARM_GCC_473\Debug\PSoC_2_Pi.a(WaveDAC8_1_Wave2_DMA_dma.o)
                0x00009668                WaveDAC8_1_Wave2_DMA_DmaInitialize
 .text.WaveDAC8_1_VDAC8_Init
                0x000096ec       0x50 .\CortexM3\ARM_GCC_473\Debug\PSoC_2_Pi.a(WaveDAC8_1_VDAC8.o)
                0x000096ec                WaveDAC8_1_VDAC8_Init
 .text.WaveDAC8_1_VDAC8_Enable
                0x0000973c       0x44 .\CortexM3\ARM_GCC_473\Debug\PSoC_2_Pi.a(WaveDAC8_1_VDAC8.o)
                0x0000973c                WaveDAC8_1_VDAC8_Enable
 .text.WaveDAC8_1_VDAC8_Stop
                0x00009780       0x44 .\CortexM3\ARM_GCC_473\Debug\PSoC_2_Pi.a(WaveDAC8_1_VDAC8.o)
                0x00009780                WaveDAC8_1_VDAC8_Stop
 .text.WaveDAC8_1_VDAC8_SetSpeed
                0x000097c4       0x54 .\CortexM3\ARM_GCC_473\Debug\PSoC_2_Pi.a(WaveDAC8_1_VDAC8.o)
                0x000097c4                WaveDAC8_1_VDAC8_SetSpeed
 .text.WaveDAC8_1_VDAC8_SetRange
                0x00009818       0x54 .\CortexM3\ARM_GCC_473\Debug\PSoC_2_Pi.a(WaveDAC8_1_VDAC8.o)
                0x00009818                WaveDAC8_1_VDAC8_SetRange
 .text.WaveDAC8_1_VDAC8_SetValue
                0x0000986c       0x20 .\CortexM3\ARM_GCC_473\Debug\PSoC_2_Pi.a(WaveDAC8_1_VDAC8.o)
                0x0000986c                WaveDAC8_1_VDAC8_SetValue
 .text.WaveDAC8_1_VDAC8_DacTrim
                0x0000988c       0x44 .\CortexM3\ARM_GCC_473\Debug\PSoC_2_Pi.a(WaveDAC8_1_VDAC8.o)
                0x0000988c                WaveDAC8_1_VDAC8_DacTrim
 .text.WaveDAC8_1_VDAC8_SaveConfig
                0x000098d0       0x34 .\CortexM3\ARM_GCC_473\Debug\PSoC_2_Pi.a(WaveDAC8_1_VDAC8_PM.o)
                0x000098d0                WaveDAC8_1_VDAC8_SaveConfig
 .text.WaveDAC8_1_VDAC8_RestoreConfig
                0x00009904       0x94 .\CortexM3\ARM_GCC_473\Debug\PSoC_2_Pi.a(WaveDAC8_1_VDAC8_PM.o)
                0x00009904                WaveDAC8_1_VDAC8_RestoreConfig
 .text.Control_Reg_1_Write
                0x00009998       0x20 .\CortexM3\ARM_GCC_473\Debug\PSoC_2_Pi.a(Control_Reg_1.o)
                0x00009998                Control_Reg_1_Write
 .text.Control_Reg_1_Read
                0x000099b8       0x18 .\CortexM3\ARM_GCC_473\Debug\PSoC_2_Pi.a(Control_Reg_1.o)
                0x000099b8                Control_Reg_1_Read
 .text.Status_Reg_1_Read
                0x000099d0       0x18 .\CortexM3\ARM_GCC_473\Debug\PSoC_2_Pi.a(Status_Reg_1.o)
                0x000099d0                Status_Reg_1_Read
 .text.ADC_DelSig_1_Init
                0x000099e8      0x190 .\CortexM3\ARM_GCC_473\Debug\PSoC_2_Pi.a(ADC_DelSig_1.o)
                0x000099e8                ADC_DelSig_1_Init
 .text.ADC_DelSig_1_Enable
                0x00009b78      0x1e4 .\CortexM3\ARM_GCC_473\Debug\PSoC_2_Pi.a(ADC_DelSig_1.o)
                0x00009b78                ADC_DelSig_1_Enable
 .text.ADC_DelSig_1_Start
                0x00009d5c       0x3c .\CortexM3\ARM_GCC_473\Debug\PSoC_2_Pi.a(ADC_DelSig_1.o)
                0x00009d5c                ADC_DelSig_1_Start
 .text.ADC_DelSig_1_Stop
                0x00009d98      0x220 .\CortexM3\ARM_GCC_473\Debug\PSoC_2_Pi.a(ADC_DelSig_1.o)
                0x00009d98                ADC_DelSig_1_Stop
 .text.ADC_DelSig_1_SetBufferGain
                0x00009fb8       0x48 .\CortexM3\ARM_GCC_473\Debug\PSoC_2_Pi.a(ADC_DelSig_1.o)
                0x00009fb8                ADC_DelSig_1_SetBufferGain
 .text.ADC_DelSig_1_StartConvert
                0x0000a000       0x28 .\CortexM3\ARM_GCC_473\Debug\PSoC_2_Pi.a(ADC_DelSig_1.o)
                0x0000a000                ADC_DelSig_1_StartConvert
 .text.ADC_DelSig_1_StopConvert
                0x0000a028       0x28 .\CortexM3\ARM_GCC_473\Debug\PSoC_2_Pi.a(ADC_DelSig_1.o)
                0x0000a028                ADC_DelSig_1_StopConvert
 .text.ADC_DelSig_1_IsEndConversion
                0x0000a050       0x54 .\CortexM3\ARM_GCC_473\Debug\PSoC_2_Pi.a(ADC_DelSig_1.o)
                0x0000a050                ADC_DelSig_1_IsEndConversion
 .text.ADC_DelSig_1_GetResult32
                0x0000a0a4       0xd8 .\CortexM3\ARM_GCC_473\Debug\PSoC_2_Pi.a(ADC_DelSig_1.o)
                0x0000a0a4                ADC_DelSig_1_GetResult32
 .text.ADC_DelSig_1_SetOffset
                0x0000a17c       0x20 .\CortexM3\ARM_GCC_473\Debug\PSoC_2_Pi.a(ADC_DelSig_1.o)
                0x0000a17c                ADC_DelSig_1_SetOffset
 .text.ADC_DelSig_1_SetGain
                0x0000a19c       0x20 .\CortexM3\ARM_GCC_473\Debug\PSoC_2_Pi.a(ADC_DelSig_1.o)
                0x0000a19c                ADC_DelSig_1_SetGain
 .text.ADC_DelSig_1_CountsTo_mVolts
                0x0000a1bc       0x44 .\CortexM3\ARM_GCC_473\Debug\PSoC_2_Pi.a(ADC_DelSig_1.o)
                0x0000a1bc                ADC_DelSig_1_CountsTo_mVolts
 .text.ADC_DelSig_1_InitConfig
                0x0000a200      0x1e8 .\CortexM3\ARM_GCC_473\Debug\PSoC_2_Pi.a(ADC_DelSig_1.o)
 .text.ADC_DelSig_1_GainCompensation
                0x0000a3e8      0x19c .\CortexM3\ARM_GCC_473\Debug\PSoC_2_Pi.a(ADC_DelSig_1.o)
 .text.ADC_DelSig_1_SetDSMRef0Reg
                0x0000a584       0xa8 .\CortexM3\ARM_GCC_473\Debug\PSoC_2_Pi.a(ADC_DelSig_1.o)
 .text.ADC_DelSig_1_Read32
                0x0000a62c       0x44 .\CortexM3\ARM_GCC_473\Debug\PSoC_2_Pi.a(ADC_DelSig_1.o)
                0x0000a62c                ADC_DelSig_1_Read32
 .text.ADC_DelSig_1_SaveConfig
                0x0000a670       0x20 .\CortexM3\ARM_GCC_473\Debug\PSoC_2_Pi.a(ADC_DelSig_1_PM.o)
                0x0000a670                ADC_DelSig_1_SaveConfig
 .text.ADC_DelSig_1_RestoreConfig
                0x0000a690       0x20 .\CortexM3\ARM_GCC_473\Debug\PSoC_2_Pi.a(ADC_DelSig_1_PM.o)
                0x0000a690                ADC_DelSig_1_RestoreConfig
 .text.ADC_DelSig_1_Sleep
                0x0000a6b0       0x84 .\CortexM3\ARM_GCC_473\Debug\PSoC_2_Pi.a(ADC_DelSig_1_PM.o)
                0x0000a6b0                ADC_DelSig_1_Sleep
 .text.ADC_DelSig_1_Wakeup
                0x0000a734       0x34 .\CortexM3\ARM_GCC_473\Debug\PSoC_2_Pi.a(ADC_DelSig_1_PM.o)
                0x0000a734                ADC_DelSig_1_Wakeup
 .text.ADC_DelSig_1_ISR1
                0x0000a768        0xc .\CortexM3\ARM_GCC_473\Debug\PSoC_2_Pi.a(ADC_DelSig_1_INT.o)
                0x0000a768                ADC_DelSig_1_ISR1
 .text.PWM_2_Start
                0x0000a774       0x2c .\CortexM3\ARM_GCC_473\Debug\PSoC_2_Pi.a(PWM_2.o)
                0x0000a774                PWM_2_Start
 .text.PWM_2_Init
                0x0000a7a0       0xbc .\CortexM3\ARM_GCC_473\Debug\PSoC_2_Pi.a(PWM_2.o)
                0x0000a7a0                PWM_2_Init
 .text.PWM_2_Enable
                0x0000a85c       0x28 .\CortexM3\ARM_GCC_473\Debug\PSoC_2_Pi.a(PWM_2.o)
                0x0000a85c                PWM_2_Enable
 .text.PWM_2_Stop
                0x0000a884       0x28 .\CortexM3\ARM_GCC_473\Debug\PSoC_2_Pi.a(PWM_2.o)
                0x0000a884                PWM_2_Stop
 .text.PWM_2_WriteCounter
                0x0000a8ac       0x20 .\CortexM3\ARM_GCC_473\Debug\PSoC_2_Pi.a(PWM_2.o)
                0x0000a8ac                PWM_2_WriteCounter
 .text.PWM_2_ReadCounter
                0x0000a8cc       0x24 .\CortexM3\ARM_GCC_473\Debug\PSoC_2_Pi.a(PWM_2.o)
                0x0000a8cc                PWM_2_ReadCounter
 .text.PWM_2_ClearFIFO
                0x0000a8f0       0x1c .\CortexM3\ARM_GCC_473\Debug\PSoC_2_Pi.a(PWM_2.o)
                0x0000a8f0                PWM_2_ClearFIFO
 .text.PWM_2_WritePeriod
                0x0000a90c       0x20 .\CortexM3\ARM_GCC_473\Debug\PSoC_2_Pi.a(PWM_2.o)
                0x0000a90c                PWM_2_WritePeriod
 .text.PWM_2_WriteCompare
                0x0000a92c       0x20 .\CortexM3\ARM_GCC_473\Debug\PSoC_2_Pi.a(PWM_2.o)
                0x0000a92c                PWM_2_WriteCompare
 .text.PWM_2_SetInterruptMode
                0x0000a94c       0x20 .\CortexM3\ARM_GCC_473\Debug\PSoC_2_Pi.a(PWM_2.o)
                0x0000a94c                PWM_2_SetInterruptMode
 .text.PWM_2_ReadStatusRegister
                0x0000a96c       0x20 .\CortexM3\ARM_GCC_473\Debug\PSoC_2_Pi.a(PWM_2.o)
                0x0000a96c                PWM_2_ReadStatusRegister
 .text.PWM_2_ReadControlRegister
                0x0000a98c       0x20 .\CortexM3\ARM_GCC_473\Debug\PSoC_2_Pi.a(PWM_2.o)
                0x0000a98c                PWM_2_ReadControlRegister
 .text.PWM_2_WriteControlRegister
                0x0000a9ac       0x20 .\CortexM3\ARM_GCC_473\Debug\PSoC_2_Pi.a(PWM_2.o)
                0x0000a9ac                PWM_2_WriteControlRegister
 .text.PWM_2_ReadCapture
                0x0000a9cc       0x18 .\CortexM3\ARM_GCC_473\Debug\PSoC_2_Pi.a(PWM_2.o)
                0x0000a9cc                PWM_2_ReadCapture
 .text.PWM_2_ReadCompare
                0x0000a9e4       0x18 .\CortexM3\ARM_GCC_473\Debug\PSoC_2_Pi.a(PWM_2.o)
                0x0000a9e4                PWM_2_ReadCompare
 .text.PWM_2_ReadPeriod
                0x0000a9fc       0x18 .\CortexM3\ARM_GCC_473\Debug\PSoC_2_Pi.a(PWM_2.o)
                0x0000a9fc                PWM_2_ReadPeriod
 .text.PWM_2_SaveConfig
                0x0000aa14       0x54 .\CortexM3\ARM_GCC_473\Debug\PSoC_2_Pi.a(PWM_2_PM.o)
                0x0000aa14                PWM_2_SaveConfig
 .text.PWM_2_RestoreConfig
                0x0000aa68       0x4c .\CortexM3\ARM_GCC_473\Debug\PSoC_2_Pi.a(PWM_2_PM.o)
                0x0000aa68                PWM_2_RestoreConfig
 .text.PWM_2_Sleep
                0x0000aab4       0x40 .\CortexM3\ARM_GCC_473\Debug\PSoC_2_Pi.a(PWM_2_PM.o)
                0x0000aab4                PWM_2_Sleep
 .text.PWM_2_Wakeup
                0x0000aaf4       0x1c .\CortexM3\ARM_GCC_473\Debug\PSoC_2_Pi.a(PWM_2_PM.o)
                0x0000aaf4                PWM_2_Wakeup
 .text.PWM_3_Start
                0x0000ab10       0x2c .\CortexM3\ARM_GCC_473\Debug\PSoC_2_Pi.a(PWM_3.o)
                0x0000ab10                PWM_3_Start
 .text.PWM_3_Init
                0x0000ab3c       0xbc .\CortexM3\ARM_GCC_473\Debug\PSoC_2_Pi.a(PWM_3.o)
                0x0000ab3c                PWM_3_Init
 .text.PWM_3_Enable
                0x0000abf8       0x28 .\CortexM3\ARM_GCC_473\Debug\PSoC_2_Pi.a(PWM_3.o)
                0x0000abf8                PWM_3_Enable
 .text.PWM_3_Stop
                0x0000ac20       0x28 .\CortexM3\ARM_GCC_473\Debug\PSoC_2_Pi.a(PWM_3.o)
                0x0000ac20                PWM_3_Stop
 .text.PWM_3_WriteCounter
                0x0000ac48       0x20 .\CortexM3\ARM_GCC_473\Debug\PSoC_2_Pi.a(PWM_3.o)
                0x0000ac48                PWM_3_WriteCounter
 .text.PWM_3_ReadCounter
                0x0000ac68       0x24 .\CortexM3\ARM_GCC_473\Debug\PSoC_2_Pi.a(PWM_3.o)
                0x0000ac68                PWM_3_ReadCounter
 .text.PWM_3_ClearFIFO
                0x0000ac8c       0x1c .\CortexM3\ARM_GCC_473\Debug\PSoC_2_Pi.a(PWM_3.o)
                0x0000ac8c                PWM_3_ClearFIFO
 .text.PWM_3_WritePeriod
                0x0000aca8       0x20 .\CortexM3\ARM_GCC_473\Debug\PSoC_2_Pi.a(PWM_3.o)
                0x0000aca8                PWM_3_WritePeriod
 .text.PWM_3_WriteCompare
                0x0000acc8       0x20 .\CortexM3\ARM_GCC_473\Debug\PSoC_2_Pi.a(PWM_3.o)
                0x0000acc8                PWM_3_WriteCompare
 .text.PWM_3_SetInterruptMode
                0x0000ace8       0x20 .\CortexM3\ARM_GCC_473\Debug\PSoC_2_Pi.a(PWM_3.o)
                0x0000ace8                PWM_3_SetInterruptMode
 .text.PWM_3_ReadStatusRegister
                0x0000ad08       0x20 .\CortexM3\ARM_GCC_473\Debug\PSoC_2_Pi.a(PWM_3.o)
                0x0000ad08                PWM_3_ReadStatusRegister
 .text.PWM_3_ReadControlRegister
                0x0000ad28       0x20 .\CortexM3\ARM_GCC_473\Debug\PSoC_2_Pi.a(PWM_3.o)
                0x0000ad28                PWM_3_ReadControlRegister
 .text.PWM_3_WriteControlRegister
                0x0000ad48       0x20 .\CortexM3\ARM_GCC_473\Debug\PSoC_2_Pi.a(PWM_3.o)
                0x0000ad48                PWM_3_WriteControlRegister
 .text.PWM_3_ReadCapture
                0x0000ad68       0x18 .\CortexM3\ARM_GCC_473\Debug\PSoC_2_Pi.a(PWM_3.o)
                0x0000ad68                PWM_3_ReadCapture
 .text.PWM_3_ReadCompare
                0x0000ad80       0x18 .\CortexM3\ARM_GCC_473\Debug\PSoC_2_Pi.a(PWM_3.o)
                0x0000ad80                PWM_3_ReadCompare
 .text.PWM_3_ReadPeriod
                0x0000ad98       0x18 .\CortexM3\ARM_GCC_473\Debug\PSoC_2_Pi.a(PWM_3.o)
                0x0000ad98                PWM_3_ReadPeriod
 .text.PWM_3_SaveConfig
                0x0000adb0       0x54 .\CortexM3\ARM_GCC_473\Debug\PSoC_2_Pi.a(PWM_3_PM.o)
                0x0000adb0                PWM_3_SaveConfig
 .text.PWM_3_RestoreConfig
                0x0000ae04       0x4c .\CortexM3\ARM_GCC_473\Debug\PSoC_2_Pi.a(PWM_3_PM.o)
                0x0000ae04                PWM_3_RestoreConfig
 .text.PWM_3_Sleep
                0x0000ae50       0x40 .\CortexM3\ARM_GCC_473\Debug\PSoC_2_Pi.a(PWM_3_PM.o)
                0x0000ae50                PWM_3_Sleep
 .text.PWM_3_Wakeup
                0x0000ae90       0x1c .\CortexM3\ARM_GCC_473\Debug\PSoC_2_Pi.a(PWM_3_PM.o)
                0x0000ae90                PWM_3_Wakeup
 .text.PWM_4_Start
                0x0000aeac       0x2c .\CortexM3\ARM_GCC_473\Debug\PSoC_2_Pi.a(PWM_4.o)
                0x0000aeac                PWM_4_Start
 .text.PWM_4_Init
                0x0000aed8       0xbc .\CortexM3\ARM_GCC_473\Debug\PSoC_2_Pi.a(PWM_4.o)
                0x0000aed8                PWM_4_Init
 .text.PWM_4_Enable
                0x0000af94       0x28 .\CortexM3\ARM_GCC_473\Debug\PSoC_2_Pi.a(PWM_4.o)
                0x0000af94                PWM_4_Enable
 .text.PWM_4_Stop
                0x0000afbc       0x28 .\CortexM3\ARM_GCC_473\Debug\PSoC_2_Pi.a(PWM_4.o)
                0x0000afbc                PWM_4_Stop
 .text.PWM_4_WriteCounter
                0x0000afe4       0x20 .\CortexM3\ARM_GCC_473\Debug\PSoC_2_Pi.a(PWM_4.o)
                0x0000afe4                PWM_4_WriteCounter
 .text.PWM_4_ReadCounter
                0x0000b004       0x24 .\CortexM3\ARM_GCC_473\Debug\PSoC_2_Pi.a(PWM_4.o)
                0x0000b004                PWM_4_ReadCounter
 .text.PWM_4_ClearFIFO
                0x0000b028       0x1c .\CortexM3\ARM_GCC_473\Debug\PSoC_2_Pi.a(PWM_4.o)
                0x0000b028                PWM_4_ClearFIFO
 .text.PWM_4_WritePeriod
                0x0000b044       0x20 .\CortexM3\ARM_GCC_473\Debug\PSoC_2_Pi.a(PWM_4.o)
                0x0000b044                PWM_4_WritePeriod
 .text.PWM_4_WriteCompare
                0x0000b064       0x20 .\CortexM3\ARM_GCC_473\Debug\PSoC_2_Pi.a(PWM_4.o)
                0x0000b064                PWM_4_WriteCompare
 .text.PWM_4_SetInterruptMode
                0x0000b084       0x20 .\CortexM3\ARM_GCC_473\Debug\PSoC_2_Pi.a(PWM_4.o)
                0x0000b084                PWM_4_SetInterruptMode
 .text.PWM_4_ReadStatusRegister
                0x0000b0a4       0x20 .\CortexM3\ARM_GCC_473\Debug\PSoC_2_Pi.a(PWM_4.o)
                0x0000b0a4                PWM_4_ReadStatusRegister
 .text.PWM_4_ReadControlRegister
                0x0000b0c4       0x20 .\CortexM3\ARM_GCC_473\Debug\PSoC_2_Pi.a(PWM_4.o)
                0x0000b0c4                PWM_4_ReadControlRegister
 .text.PWM_4_WriteControlRegister
                0x0000b0e4       0x20 .\CortexM3\ARM_GCC_473\Debug\PSoC_2_Pi.a(PWM_4.o)
                0x0000b0e4                PWM_4_WriteControlRegister
 .text.PWM_4_ReadCapture
                0x0000b104       0x18 .\CortexM3\ARM_GCC_473\Debug\PSoC_2_Pi.a(PWM_4.o)
                0x0000b104                PWM_4_ReadCapture
 .text.PWM_4_ReadCompare
                0x0000b11c       0x18 .\CortexM3\ARM_GCC_473\Debug\PSoC_2_Pi.a(PWM_4.o)
                0x0000b11c                PWM_4_ReadCompare
 .text.PWM_4_ReadPeriod
                0x0000b134       0x18 .\CortexM3\ARM_GCC_473\Debug\PSoC_2_Pi.a(PWM_4.o)
                0x0000b134                PWM_4_ReadPeriod
 .text.PWM_4_SaveConfig
                0x0000b14c       0x54 .\CortexM3\ARM_GCC_473\Debug\PSoC_2_Pi.a(PWM_4_PM.o)
                0x0000b14c                PWM_4_SaveConfig
 .text.PWM_4_RestoreConfig
                0x0000b1a0       0x4c .\CortexM3\ARM_GCC_473\Debug\PSoC_2_Pi.a(PWM_4_PM.o)
                0x0000b1a0                PWM_4_RestoreConfig
 .text.PWM_4_Sleep
                0x0000b1ec       0x40 .\CortexM3\ARM_GCC_473\Debug\PSoC_2_Pi.a(PWM_4_PM.o)
                0x0000b1ec                PWM_4_Sleep
 .text.PWM_4_Wakeup
                0x0000b22c       0x1c .\CortexM3\ARM_GCC_473\Debug\PSoC_2_Pi.a(PWM_4_PM.o)
                0x0000b22c                PWM_4_Wakeup
 .text.PWM_5_Start
                0x0000b248       0x2c .\CortexM3\ARM_GCC_473\Debug\PSoC_2_Pi.a(PWM_5.o)
                0x0000b248                PWM_5_Start
 .text.PWM_5_Init
                0x0000b274       0xbc .\CortexM3\ARM_GCC_473\Debug\PSoC_2_Pi.a(PWM_5.o)
                0x0000b274                PWM_5_Init
 .text.PWM_5_Enable
                0x0000b330       0x28 .\CortexM3\ARM_GCC_473\Debug\PSoC_2_Pi.a(PWM_5.o)
                0x0000b330                PWM_5_Enable
 .text.PWM_5_Stop
                0x0000b358       0x28 .\CortexM3\ARM_GCC_473\Debug\PSoC_2_Pi.a(PWM_5.o)
                0x0000b358                PWM_5_Stop
 .text.PWM_5_WriteCounter
                0x0000b380       0x20 .\CortexM3\ARM_GCC_473\Debug\PSoC_2_Pi.a(PWM_5.o)
                0x0000b380                PWM_5_WriteCounter
 .text.PWM_5_ReadCounter
                0x0000b3a0       0x24 .\CortexM3\ARM_GCC_473\Debug\PSoC_2_Pi.a(PWM_5.o)
                0x0000b3a0                PWM_5_ReadCounter
 .text.PWM_5_ClearFIFO
                0x0000b3c4       0x1c .\CortexM3\ARM_GCC_473\Debug\PSoC_2_Pi.a(PWM_5.o)
                0x0000b3c4                PWM_5_ClearFIFO
 .text.PWM_5_WritePeriod
                0x0000b3e0       0x20 .\CortexM3\ARM_GCC_473\Debug\PSoC_2_Pi.a(PWM_5.o)
                0x0000b3e0                PWM_5_WritePeriod
 .text.PWM_5_WriteCompare
                0x0000b400       0x20 .\CortexM3\ARM_GCC_473\Debug\PSoC_2_Pi.a(PWM_5.o)
                0x0000b400                PWM_5_WriteCompare
 .text.PWM_5_SetInterruptMode
                0x0000b420       0x20 .\CortexM3\ARM_GCC_473\Debug\PSoC_2_Pi.a(PWM_5.o)
                0x0000b420                PWM_5_SetInterruptMode
 .text.PWM_5_ReadStatusRegister
                0x0000b440       0x20 .\CortexM3\ARM_GCC_473\Debug\PSoC_2_Pi.a(PWM_5.o)
                0x0000b440                PWM_5_ReadStatusRegister
 .text.PWM_5_ReadControlRegister
                0x0000b460       0x20 .\CortexM3\ARM_GCC_473\Debug\PSoC_2_Pi.a(PWM_5.o)
                0x0000b460                PWM_5_ReadControlRegister
 .text.PWM_5_WriteControlRegister
                0x0000b480       0x20 .\CortexM3\ARM_GCC_473\Debug\PSoC_2_Pi.a(PWM_5.o)
                0x0000b480                PWM_5_WriteControlRegister
 .text.PWM_5_ReadCapture
                0x0000b4a0       0x18 .\CortexM3\ARM_GCC_473\Debug\PSoC_2_Pi.a(PWM_5.o)
                0x0000b4a0                PWM_5_ReadCapture
 .text.PWM_5_ReadCompare
                0x0000b4b8       0x18 .\CortexM3\ARM_GCC_473\Debug\PSoC_2_Pi.a(PWM_5.o)
                0x0000b4b8                PWM_5_ReadCompare
 .text.PWM_5_ReadPeriod
                0x0000b4d0       0x18 .\CortexM3\ARM_GCC_473\Debug\PSoC_2_Pi.a(PWM_5.o)
                0x0000b4d0                PWM_5_ReadPeriod
 .text.PWM_5_SaveConfig
                0x0000b4e8       0x54 .\CortexM3\ARM_GCC_473\Debug\PSoC_2_Pi.a(PWM_5_PM.o)
                0x0000b4e8                PWM_5_SaveConfig
 .text.PWM_5_RestoreConfig
                0x0000b53c       0x4c .\CortexM3\ARM_GCC_473\Debug\PSoC_2_Pi.a(PWM_5_PM.o)
                0x0000b53c                PWM_5_RestoreConfig
 .text.PWM_5_Sleep
                0x0000b588       0x40 .\CortexM3\ARM_GCC_473\Debug\PSoC_2_Pi.a(PWM_5_PM.o)
                0x0000b588                PWM_5_Sleep
 .text.PWM_5_Wakeup
                0x0000b5c8       0x1c .\CortexM3\ARM_GCC_473\Debug\PSoC_2_Pi.a(PWM_5_PM.o)
                0x0000b5c8                PWM_5_Wakeup
 .text.PWM_6_Start
                0x0000b5e4       0x2c .\CortexM3\ARM_GCC_473\Debug\PSoC_2_Pi.a(PWM_6.o)
                0x0000b5e4                PWM_6_Start
 .text.PWM_6_Init
                0x0000b610       0xbc .\CortexM3\ARM_GCC_473\Debug\PSoC_2_Pi.a(PWM_6.o)
                0x0000b610                PWM_6_Init
 .text.PWM_6_Enable
                0x0000b6cc       0x28 .\CortexM3\ARM_GCC_473\Debug\PSoC_2_Pi.a(PWM_6.o)
                0x0000b6cc                PWM_6_Enable
 .text.PWM_6_Stop
                0x0000b6f4       0x28 .\CortexM3\ARM_GCC_473\Debug\PSoC_2_Pi.a(PWM_6.o)
                0x0000b6f4                PWM_6_Stop
 .text.PWM_6_WriteCounter
                0x0000b71c       0x20 .\CortexM3\ARM_GCC_473\Debug\PSoC_2_Pi.a(PWM_6.o)
                0x0000b71c                PWM_6_WriteCounter
 .text.PWM_6_ReadCounter
                0x0000b73c       0x24 .\CortexM3\ARM_GCC_473\Debug\PSoC_2_Pi.a(PWM_6.o)
                0x0000b73c                PWM_6_ReadCounter
 .text.PWM_6_ClearFIFO
                0x0000b760       0x1c .\CortexM3\ARM_GCC_473\Debug\PSoC_2_Pi.a(PWM_6.o)
                0x0000b760                PWM_6_ClearFIFO
 .text.PWM_6_WritePeriod
                0x0000b77c       0x20 .\CortexM3\ARM_GCC_473\Debug\PSoC_2_Pi.a(PWM_6.o)
                0x0000b77c                PWM_6_WritePeriod
 .text.PWM_6_WriteCompare
                0x0000b79c       0x20 .\CortexM3\ARM_GCC_473\Debug\PSoC_2_Pi.a(PWM_6.o)
                0x0000b79c                PWM_6_WriteCompare
 .text.PWM_6_SetInterruptMode
                0x0000b7bc       0x20 .\CortexM3\ARM_GCC_473\Debug\PSoC_2_Pi.a(PWM_6.o)
                0x0000b7bc                PWM_6_SetInterruptMode
 .text.PWM_6_ReadStatusRegister
                0x0000b7dc       0x20 .\CortexM3\ARM_GCC_473\Debug\PSoC_2_Pi.a(PWM_6.o)
                0x0000b7dc                PWM_6_ReadStatusRegister
 .text.PWM_6_ReadControlRegister
                0x0000b7fc       0x20 .\CortexM3\ARM_GCC_473\Debug\PSoC_2_Pi.a(PWM_6.o)
                0x0000b7fc                PWM_6_ReadControlRegister
 .text.PWM_6_WriteControlRegister
                0x0000b81c       0x20 .\CortexM3\ARM_GCC_473\Debug\PSoC_2_Pi.a(PWM_6.o)
                0x0000b81c                PWM_6_WriteControlRegister
 .text.PWM_6_ReadCapture
                0x0000b83c       0x18 .\CortexM3\ARM_GCC_473\Debug\PSoC_2_Pi.a(PWM_6.o)
                0x0000b83c                PWM_6_ReadCapture
 .text.PWM_6_ReadCompare
                0x0000b854       0x18 .\CortexM3\ARM_GCC_473\Debug\PSoC_2_Pi.a(PWM_6.o)
                0x0000b854                PWM_6_ReadCompare
 .text.PWM_6_ReadPeriod
                0x0000b86c       0x18 .\CortexM3\ARM_GCC_473\Debug\PSoC_2_Pi.a(PWM_6.o)
                0x0000b86c                PWM_6_ReadPeriod
 .text.PWM_6_SaveConfig
                0x0000b884       0x54 .\CortexM3\ARM_GCC_473\Debug\PSoC_2_Pi.a(PWM_6_PM.o)
                0x0000b884                PWM_6_SaveConfig
 .text.PWM_6_RestoreConfig
                0x0000b8d8       0x4c .\CortexM3\ARM_GCC_473\Debug\PSoC_2_Pi.a(PWM_6_PM.o)
                0x0000b8d8                PWM_6_RestoreConfig
 .text.PWM_6_Sleep
                0x0000b924       0x40 .\CortexM3\ARM_GCC_473\Debug\PSoC_2_Pi.a(PWM_6_PM.o)
                0x0000b924                PWM_6_Sleep
 .text.PWM_6_Wakeup
                0x0000b964       0x1c .\CortexM3\ARM_GCC_473\Debug\PSoC_2_Pi.a(PWM_6_PM.o)
                0x0000b964                PWM_6_Wakeup
 .text.PWM_7_Start
                0x0000b980       0x2c .\CortexM3\ARM_GCC_473\Debug\PSoC_2_Pi.a(PWM_7.o)
                0x0000b980                PWM_7_Start
 .text.PWM_7_Init
                0x0000b9ac       0xbc .\CortexM3\ARM_GCC_473\Debug\PSoC_2_Pi.a(PWM_7.o)
                0x0000b9ac                PWM_7_Init
 .text.PWM_7_Enable
                0x0000ba68       0x28 .\CortexM3\ARM_GCC_473\Debug\PSoC_2_Pi.a(PWM_7.o)
                0x0000ba68                PWM_7_Enable
 .text.PWM_7_Stop
                0x0000ba90       0x28 .\CortexM3\ARM_GCC_473\Debug\PSoC_2_Pi.a(PWM_7.o)
                0x0000ba90                PWM_7_Stop
 .text.PWM_7_WriteCounter
                0x0000bab8       0x20 .\CortexM3\ARM_GCC_473\Debug\PSoC_2_Pi.a(PWM_7.o)
                0x0000bab8                PWM_7_WriteCounter
 .text.PWM_7_ReadCounter
                0x0000bad8       0x24 .\CortexM3\ARM_GCC_473\Debug\PSoC_2_Pi.a(PWM_7.o)
                0x0000bad8                PWM_7_ReadCounter
 .text.PWM_7_ClearFIFO
                0x0000bafc       0x1c .\CortexM3\ARM_GCC_473\Debug\PSoC_2_Pi.a(PWM_7.o)
                0x0000bafc                PWM_7_ClearFIFO
 .text.PWM_7_WritePeriod
                0x0000bb18       0x20 .\CortexM3\ARM_GCC_473\Debug\PSoC_2_Pi.a(PWM_7.o)
                0x0000bb18                PWM_7_WritePeriod
 .text.PWM_7_WriteCompare
                0x0000bb38       0x20 .\CortexM3\ARM_GCC_473\Debug\PSoC_2_Pi.a(PWM_7.o)
                0x0000bb38                PWM_7_WriteCompare
 .text.PWM_7_SetInterruptMode
                0x0000bb58       0x20 .\CortexM3\ARM_GCC_473\Debug\PSoC_2_Pi.a(PWM_7.o)
                0x0000bb58                PWM_7_SetInterruptMode
 .text.PWM_7_ReadStatusRegister
                0x0000bb78       0x20 .\CortexM3\ARM_GCC_473\Debug\PSoC_2_Pi.a(PWM_7.o)
                0x0000bb78                PWM_7_ReadStatusRegister
 .text.PWM_7_ReadControlRegister
                0x0000bb98       0x20 .\CortexM3\ARM_GCC_473\Debug\PSoC_2_Pi.a(PWM_7.o)
                0x0000bb98                PWM_7_ReadControlRegister
 .text.PWM_7_WriteControlRegister
                0x0000bbb8       0x20 .\CortexM3\ARM_GCC_473\Debug\PSoC_2_Pi.a(PWM_7.o)
                0x0000bbb8                PWM_7_WriteControlRegister
 .text.PWM_7_ReadCapture
                0x0000bbd8       0x18 .\CortexM3\ARM_GCC_473\Debug\PSoC_2_Pi.a(PWM_7.o)
                0x0000bbd8                PWM_7_ReadCapture
 .text.PWM_7_ReadCompare
                0x0000bbf0       0x18 .\CortexM3\ARM_GCC_473\Debug\PSoC_2_Pi.a(PWM_7.o)
                0x0000bbf0                PWM_7_ReadCompare
 .text.PWM_7_ReadPeriod
                0x0000bc08       0x18 .\CortexM3\ARM_GCC_473\Debug\PSoC_2_Pi.a(PWM_7.o)
                0x0000bc08                PWM_7_ReadPeriod
 .text.PWM_7_SaveConfig
                0x0000bc20       0x54 .\CortexM3\ARM_GCC_473\Debug\PSoC_2_Pi.a(PWM_7_PM.o)
                0x0000bc20                PWM_7_SaveConfig
 .text.PWM_7_RestoreConfig
                0x0000bc74       0x4c .\CortexM3\ARM_GCC_473\Debug\PSoC_2_Pi.a(PWM_7_PM.o)
                0x0000bc74                PWM_7_RestoreConfig
 .text.PWM_7_Sleep
                0x0000bcc0       0x40 .\CortexM3\ARM_GCC_473\Debug\PSoC_2_Pi.a(PWM_7_PM.o)
                0x0000bcc0                PWM_7_Sleep
 .text.PWM_7_Wakeup
                0x0000bd00       0x1c .\CortexM3\ARM_GCC_473\Debug\PSoC_2_Pi.a(PWM_7_PM.o)
                0x0000bd00                PWM_7_Wakeup
 .text.PWM_8_Start
                0x0000bd1c       0x2c .\CortexM3\ARM_GCC_473\Debug\PSoC_2_Pi.a(PWM_8.o)
                0x0000bd1c                PWM_8_Start
 .text.PWM_8_Init
                0x0000bd48       0xbc .\CortexM3\ARM_GCC_473\Debug\PSoC_2_Pi.a(PWM_8.o)
                0x0000bd48                PWM_8_Init
 .text.PWM_8_Enable
                0x0000be04       0x28 .\CortexM3\ARM_GCC_473\Debug\PSoC_2_Pi.a(PWM_8.o)
                0x0000be04                PWM_8_Enable
 .text.PWM_8_Stop
                0x0000be2c       0x28 .\CortexM3\ARM_GCC_473\Debug\PSoC_2_Pi.a(PWM_8.o)
                0x0000be2c                PWM_8_Stop
 .text.PWM_8_WriteCounter
                0x0000be54       0x20 .\CortexM3\ARM_GCC_473\Debug\PSoC_2_Pi.a(PWM_8.o)
                0x0000be54                PWM_8_WriteCounter
 .text.PWM_8_ReadCounter
                0x0000be74       0x24 .\CortexM3\ARM_GCC_473\Debug\PSoC_2_Pi.a(PWM_8.o)
                0x0000be74                PWM_8_ReadCounter
 .text.PWM_8_ClearFIFO
                0x0000be98       0x1c .\CortexM3\ARM_GCC_473\Debug\PSoC_2_Pi.a(PWM_8.o)
                0x0000be98                PWM_8_ClearFIFO
 .text.PWM_8_WritePeriod
                0x0000beb4       0x20 .\CortexM3\ARM_GCC_473\Debug\PSoC_2_Pi.a(PWM_8.o)
                0x0000beb4                PWM_8_WritePeriod
 .text.PWM_8_WriteCompare
                0x0000bed4       0x20 .\CortexM3\ARM_GCC_473\Debug\PSoC_2_Pi.a(PWM_8.o)
                0x0000bed4                PWM_8_WriteCompare
 .text.PWM_8_SetInterruptMode
                0x0000bef4       0x20 .\CortexM3\ARM_GCC_473\Debug\PSoC_2_Pi.a(PWM_8.o)
                0x0000bef4                PWM_8_SetInterruptMode
 .text.PWM_8_ReadStatusRegister
                0x0000bf14       0x20 .\CortexM3\ARM_GCC_473\Debug\PSoC_2_Pi.a(PWM_8.o)
                0x0000bf14                PWM_8_ReadStatusRegister
 .text.PWM_8_ReadControlRegister
                0x0000bf34       0x20 .\CortexM3\ARM_GCC_473\Debug\PSoC_2_Pi.a(PWM_8.o)
                0x0000bf34                PWM_8_ReadControlRegister
 .text.PWM_8_WriteControlRegister
                0x0000bf54       0x20 .\CortexM3\ARM_GCC_473\Debug\PSoC_2_Pi.a(PWM_8.o)
                0x0000bf54                PWM_8_WriteControlRegister
 .text.PWM_8_ReadCapture
                0x0000bf74       0x18 .\CortexM3\ARM_GCC_473\Debug\PSoC_2_Pi.a(PWM_8.o)
                0x0000bf74                PWM_8_ReadCapture
 .text.PWM_8_ReadCompare
                0x0000bf8c       0x18 .\CortexM3\ARM_GCC_473\Debug\PSoC_2_Pi.a(PWM_8.o)
                0x0000bf8c                PWM_8_ReadCompare
 .text.PWM_8_ReadPeriod
                0x0000bfa4       0x18 .\CortexM3\ARM_GCC_473\Debug\PSoC_2_Pi.a(PWM_8.o)
                0x0000bfa4                PWM_8_ReadPeriod
 .text.PWM_8_SaveConfig
                0x0000bfbc       0x54 .\CortexM3\ARM_GCC_473\Debug\PSoC_2_Pi.a(PWM_8_PM.o)
                0x0000bfbc                PWM_8_SaveConfig
 .text.PWM_8_RestoreConfig
                0x0000c010       0x4c .\CortexM3\ARM_GCC_473\Debug\PSoC_2_Pi.a(PWM_8_PM.o)
                0x0000c010                PWM_8_RestoreConfig
 .text.PWM_8_Sleep
                0x0000c05c       0x40 .\CortexM3\ARM_GCC_473\Debug\PSoC_2_Pi.a(PWM_8_PM.o)
                0x0000c05c                PWM_8_Sleep
 .text.PWM_8_Wakeup
                0x0000c09c       0x1c .\CortexM3\ARM_GCC_473\Debug\PSoC_2_Pi.a(PWM_8_PM.o)
                0x0000c09c                PWM_8_Wakeup
 .text.Control_Reg_2_Write
                0x0000c0b8       0x20 .\CortexM3\ARM_GCC_473\Debug\PSoC_2_Pi.a(Control_Reg_2.o)
                0x0000c0b8                Control_Reg_2_Write
 .text.Control_Reg_2_Read
                0x0000c0d8       0x18 .\CortexM3\ARM_GCC_473\Debug\PSoC_2_Pi.a(Control_Reg_2.o)
                0x0000c0d8                Control_Reg_2_Read
 .text.Status_Reg_2_Read
                0x0000c0f0       0x18 .\CortexM3\ARM_GCC_473\Debug\PSoC_2_Pi.a(Status_Reg_2.o)
                0x0000c0f0                Status_Reg_2_Read
 .text.ADC_DelSig_1_AMux_Start
                0x0000c108       0x3c .\CortexM3\ARM_GCC_473\Debug\PSoC_2_Pi.a(ADC_DelSig_1_AMux.o)
                0x0000c108                ADC_DelSig_1_AMux_Start
 .text.ADC_DelSig_1_AMux_Select
                0x0000c144       0x2c .\CortexM3\ARM_GCC_473\Debug\PSoC_2_Pi.a(ADC_DelSig_1_AMux.o)
                0x0000c144                ADC_DelSig_1_AMux_Select
 .text.ADC_DelSig_1_Ext_CP_Clk_SetDividerRegister
                0x0000c170      0x1e8 .\CortexM3\ARM_GCC_473\Debug\PSoC_2_Pi.a(ADC_DelSig_1_Ext_CP_Clk.o)
                0x0000c170                ADC_DelSig_1_Ext_CP_Clk_SetDividerRegister
 .text.ADC_DelSig_1_Ext_CP_Clk_GetDividerRegister
                0x0000c358       0x18 .\CortexM3\ARM_GCC_473\Debug\PSoC_2_Pi.a(ADC_DelSig_1_Ext_CP_Clk.o)
                0x0000c358                ADC_DelSig_1_Ext_CP_Clk_GetDividerRegister
 .text.ADC_DelSig_1_Ext_CP_Clk_SetModeRegister
                0x0000c370       0x3c .\CortexM3\ARM_GCC_473\Debug\PSoC_2_Pi.a(ADC_DelSig_1_Ext_CP_Clk.o)
                0x0000c370                ADC_DelSig_1_Ext_CP_Clk_SetModeRegister
 .text.ADC_DelSig_1_Ext_CP_Clk_GetSourceRegister
                0x0000c3ac       0x20 .\CortexM3\ARM_GCC_473\Debug\PSoC_2_Pi.a(ADC_DelSig_1_Ext_CP_Clk.o)
                0x0000c3ac                ADC_DelSig_1_Ext_CP_Clk_GetSourceRegister
 .text.ADC_DelSig_1_theACLK_SetDividerRegister
                0x0000c3cc      0x1e8 .\CortexM3\ARM_GCC_473\Debug\PSoC_2_Pi.a(ADC_DelSig_1_theACLK.o)
                0x0000c3cc                ADC_DelSig_1_theACLK_SetDividerRegister
 .text.ADC_DelSig_1_theACLK_GetDividerRegister
                0x0000c5b4       0x18 .\CortexM3\ARM_GCC_473\Debug\PSoC_2_Pi.a(ADC_DelSig_1_theACLK.o)
                0x0000c5b4                ADC_DelSig_1_theACLK_GetDividerRegister
 .text.ADC_DelSig_1_theACLK_SetModeRegister
                0x0000c5cc       0x3c .\CortexM3\ARM_GCC_473\Debug\PSoC_2_Pi.a(ADC_DelSig_1_theACLK.o)
                0x0000c5cc                ADC_DelSig_1_theACLK_SetModeRegister
 .text.ADC_DelSig_1_theACLK_GetSourceRegister
                0x0000c608       0x20 .\CortexM3\ARM_GCC_473\Debug\PSoC_2_Pi.a(ADC_DelSig_1_theACLK.o)
                0x0000c608                ADC_DelSig_1_theACLK_GetSourceRegister
 .text.WaveDAC8_1_BuffAmp_Init
                0x0000c628       0x10 .\CortexM3\ARM_GCC_473\Debug\PSoC_2_Pi.a(WaveDAC8_1_BuffAmp.o)
                0x0000c628                WaveDAC8_1_BuffAmp_Init
 .text.WaveDAC8_1_BuffAmp_Enable
                0x0000c638       0x60 .\CortexM3\ARM_GCC_473\Debug\PSoC_2_Pi.a(WaveDAC8_1_BuffAmp.o)
                0x0000c638                WaveDAC8_1_BuffAmp_Enable
 .text.WaveDAC8_1_BuffAmp_SetPower
                0x0000c698       0x54 .\CortexM3\ARM_GCC_473\Debug\PSoC_2_Pi.a(WaveDAC8_1_BuffAmp.o)
                0x0000c698                WaveDAC8_1_BuffAmp_SetPower
 .text.Control_Reg_3_Write
                0x0000c6ec       0x20 .\CortexM3\ARM_GCC_473\Debug\PSoC_2_Pi.a(Control_Reg_3.o)
                0x0000c6ec                Control_Reg_3_Write
 .text.Control_Reg_3_Read
                0x0000c70c       0x18 .\CortexM3\ARM_GCC_473\Debug\PSoC_2_Pi.a(Control_Reg_3.o)
                0x0000c70c                Control_Reg_3_Read
 .text.Status_Reg_3_Read
                0x0000c724       0x18 .\CortexM3\ARM_GCC_473\Debug\PSoC_2_Pi.a(Status_Reg_3.o)
                0x0000c724                Status_Reg_3_Read
 .text          0x0000c73c      0x370 c:/program files (x86)/cypress/psoc creator/3.0/psoc creator/import/gnu_cs/arm/4.7.3/bin/../lib/gcc/arm-none-eabi/4.7.3/armv7-m\libgcc.a(_arm_addsubdf3.o)
                0x0000c73c                __aeabi_drsub
                0x0000c744                __aeabi_dsub
                0x0000c744                __subdf3
                0x0000c748                __aeabi_dadd
                0x0000c748                __adddf3
                0x0000c9c0                __floatunsidf
                0x0000c9c0                __aeabi_ui2d
                0x0000c9e0                __floatsidf
                0x0000c9e0                __aeabi_i2d
                0x0000ca04                __aeabi_f2d
                0x0000ca04                __extendsfdf2
                0x0000ca40                __floatundidf
                0x0000ca40                __aeabi_ul2d
                0x0000ca50                __floatdidf
                0x0000ca50                __aeabi_l2d
 .text          0x0000caac      0x424 c:/program files (x86)/cypress/psoc creator/3.0/psoc creator/import/gnu_cs/arm/4.7.3/bin/../lib/gcc/arm-none-eabi/4.7.3/armv7-m\libgcc.a(_arm_muldivdf3.o)
                0x0000caac                __aeabi_dmul
                0x0000caac                __muldf3
                0x0000cd00                __divdf3
                0x0000cd00                __aeabi_ddiv
 .text          0x0000ced0      0x110 c:/program files (x86)/cypress/psoc creator/3.0/psoc creator/import/gnu_cs/arm/4.7.3/bin/../lib/gcc/arm-none-eabi/4.7.3/armv7-m\libgcc.a(_arm_cmpdf2.o)
                0x0000ced0                __gtdf2
                0x0000ced0                __gedf2
                0x0000ced8                __ltdf2
                0x0000ced8                __ledf2
                0x0000cee0                __nedf2
                0x0000cee0                __eqdf2
                0x0000cee0                __cmpdf2
                0x0000cf5c                __aeabi_cdrcmple
                0x0000cf6c                __aeabi_cdcmpeq
                0x0000cf6c                __aeabi_cdcmple
                0x0000cf7c                __aeabi_dcmpeq
                0x0000cf90                __aeabi_dcmplt
                0x0000cfa4                __aeabi_dcmple
                0x0000cfb8                __aeabi_dcmpge
                0x0000cfcc                __aeabi_dcmpgt
 .text          0x0000cfe0       0x40 c:/program files (x86)/cypress/psoc creator/3.0/psoc creator/import/gnu_cs/arm/4.7.3/bin/../lib/gcc/arm-none-eabi/4.7.3/armv7-m\libgcc.a(_arm_fixunsdfsi.o)
                0x0000cfe0                __aeabi_d2uiz
                0x0000cfe0                __fixunsdfsi
 .text.__libc_init_array
                0x0000d020       0x4c c:/program files (x86)/cypress/psoc creator/3.0/psoc creator/import/gnu_cs/arm/4.7.3/bin/../lib/gcc/arm-none-eabi/4.7.3/../../../../arm-none-eabi/lib/armv7-m\libc_s.a(lib_a-init.o)
                0x0000d020                __libc_init_array
 .text.memcpy   0x0000d06c       0x12 c:/program files (x86)/cypress/psoc creator/3.0/psoc creator/import/gnu_cs/arm/4.7.3/bin/../lib/gcc/arm-none-eabi/4.7.3/../../../../arm-none-eabi/lib/armv7-m\libc_s.a(lib_a-memcpy.o)
                0x0000d06c                memcpy
 .text.memset   0x0000d07e       0x10 c:/program files (x86)/cypress/psoc creator/3.0/psoc creator/import/gnu_cs/arm/4.7.3/bin/../lib/gcc/arm-none-eabi/4.7.3/../../../../arm-none-eabi/lib/armv7-m\libc_s.a(lib_a-memset.o)
                0x0000d07e                memset
 *(.plt)
 *(.gnu.warning)
 *(.glue_7t)
 .glue_7t       0x00000000        0x0 linker stubs
 *(.glue_7)
 .glue_7        0x00000000        0x0 linker stubs
 *(.vfp11_veneer)
 .vfp11_veneer  0x00000000        0x0 linker stubs
 *(.bootloader)
 *(.ARM.extab* .gnu.linkonce.armextab.*)
 *(.gcc_except_table)

.v4_bx          0x0000d090        0x0
 .v4_bx         0x00000000        0x0 linker stubs

.iplt           0x0000d090        0x0
 .iplt          0x00000000        0x0 c:/program files (x86)/cypress/psoc creator/3.0/psoc creator/import/gnu_cs/arm/4.7.3/bin/../lib/gcc/arm-none-eabi/4.7.3/armv7-m/crtbegin.o

.eh_frame_hdr
 *(.eh_frame_hdr)

.eh_frame       0x0000d090        0x4
 *(.eh_frame)
 .eh_frame      0x0000d090        0x0 c:/program files (x86)/cypress/psoc creator/3.0/psoc creator/import/gnu_cs/arm/4.7.3/bin/../lib/gcc/arm-none-eabi/4.7.3/armv7-m/crtbegin.o
 .eh_frame      0x0000d090        0x4 c:/program files (x86)/cypress/psoc creator/3.0/psoc creator/import/gnu_cs/arm/4.7.3/bin/../lib/gcc/arm-none-eabi/4.7.3/armv7-m/crtend.o
                0x0000d094                PROVIDE (__exidx_start, .)

.ARM.exidx
 *(.ARM.exidx* .gnu.linkonce.armexidx.*)
                0x0000d094                __exidx_end = .

.rodata         0x0000d094      0x52c
 *(.rodata .rodata.* .gnu.linkonce.r.*)
 .rodata        0x0000d094      0x400 .\CortexM3\ARM_GCC_473\Debug\mem1.o
 .rodata        0x0000d494       0x2c .\CortexM3\ARM_GCC_473\Debug\PSoC_2_Pi.a(cyfitter_cfg.o)
                0x0000d494                ADC_DelSig_1_AMux__addrTable
                0x0000d49c                ADC_DelSig_1_AMux__maskTable
 .rodata        0x0000d4c0       0xc8 .\CortexM3\ARM_GCC_473\Debug\PSoC_2_Pi.a(WaveDAC8_1.o)
                0x0000d4c0                WaveDAC8_1_wave1
                0x0000d524                WaveDAC8_1_wave2
                0x0000d588                . = ALIGN (0x4)
 *(.init)
 .init          0x0000d588        0x4 c:/program files (x86)/cypress/psoc creator/3.0/psoc creator/import/gnu_cs/arm/4.7.3/bin/../lib/gcc/arm-none-eabi/4.7.3/armv7-m/crti.o
                0x0000d588                _init
 .init          0x0000d58c        0x8 c:/program files (x86)/cypress/psoc creator/3.0/psoc creator/import/gnu_cs/arm/4.7.3/bin/../lib/gcc/arm-none-eabi/4.7.3/armv7-m/crtn.o
                0x0000d594                . = ALIGN (0x4)
                0x0000d594                __preinit_array_start = .
 *(.preinit_array)
                0x0000d594                __preinit_array_end = .
                0x0000d594                . = ALIGN (0x4)
                0x0000d594                __init_array_start = .
 *(SORT(.init_array.*))
 *(.init_array)
 .init_array    0x0000d594        0x4 c:/program files (x86)/cypress/psoc creator/3.0/psoc creator/import/gnu_cs/arm/4.7.3/bin/../lib/gcc/arm-none-eabi/4.7.3/armv7-m/crtbegin.o
 .init_array    0x0000d598        0x4 .\CortexM3\ARM_GCC_473\Debug\Cm3Start.o
                0x0000d59c                __init_array_end = .
                0x0000d59c                . = ALIGN (0x4)
 *(.fini)
 .fini          0x0000d59c        0x4 c:/program files (x86)/cypress/psoc creator/3.0/psoc creator/import/gnu_cs/arm/4.7.3/bin/../lib/gcc/arm-none-eabi/4.7.3/armv7-m/crti.o
                0x0000d59c                _fini
 .fini          0x0000d5a0        0x8 c:/program files (x86)/cypress/psoc creator/3.0/psoc creator/import/gnu_cs/arm/4.7.3/bin/../lib/gcc/arm-none-eabi/4.7.3/armv7-m/crtn.o
                0x0000d5a8                . = ALIGN (0x4)
                0x0000d5a8                __fini_array_start = .
 *(.fini_array)
 .fini_array    0x0000d5a8        0x4 c:/program files (x86)/cypress/psoc creator/3.0/psoc creator/import/gnu_cs/arm/4.7.3/bin/../lib/gcc/arm-none-eabi/4.7.3/armv7-m/crtbegin.o
 *(SORT(.fini_array.*))
                0x0000d5ac                __fini_array_end = .
                0x0000d5ac                . = ALIGN (0x4)
 *crtbegin.o(.ctors)
 *(EXCLUDE_FILE(*crtend.o) .ctors)
 *(SORT(.ctors.*))
 *crtend.o(.ctors)
                0x0000d5ac                . = ALIGN (0x4)
 *crtbegin.o(.dtors)
 *(EXCLUDE_FILE(*crtend.o) .dtors)
 *(SORT(.dtors.*))
 *crtend.o(.dtors)
                0x0000d5ac                . = ALIGN (0x4)
                0x0000d5ac                __cy_regions = .
                0x0000d5ac        0x4 LONG 0xd5c0 __cy_region_init_ram
                0x0000d5b0        0x4 LONG 0x1fff8108 __cy_region_start_data
                0x0000d5b4        0x4 LONG 0x28 __cy_region_init_size_ram
                0x0000d5b8        0x4 LONG 0xe0 __cy_region_zero_size_ram
                0x0000d5bc                __cy_regions_end = .
                0x0000d5c0                . = ALIGN (0x8)
 *fill*         0x0000d5bc        0x4 00
                0x0000d5c0                _etext = .

.ramvectors     0x1fff8000      0x100
                0x1fff8000                __cy_region_start_ram = .
 *(.ramvectors)
 .ramvectors    0x1fff8000      0x100 .\CortexM3\ARM_GCC_473\Debug\Cm3Start.o
                0x1fff8000                CyRamVectors

.noinit         0x1fff8100        0x5
 *(.noinit)
 .noinit        0x1fff8100        0x4 .\CortexM3\ARM_GCC_473\Debug\Cm3Start.o
 .noinit        0x1fff8104        0x1 .\CortexM3\ARM_GCC_473\Debug\PSoC_2_Pi.a(CyLib.o)
                0x1fff8104                CyResetStatus

.data           0x1fff8108       0x28 load address 0x0000d5c0
                0x1fff8108                __cy_region_start_data = .
 *(.jcr)
 .jcr           0x1fff8108        0x0 c:/program files (x86)/cypress/psoc creator/3.0/psoc creator/import/gnu_cs/arm/4.7.3/bin/../lib/gcc/arm-none-eabi/4.7.3/armv7-m/crtbegin.o
 .jcr           0x1fff8108        0x4 c:/program files (x86)/cypress/psoc creator/3.0/psoc creator/import/gnu_cs/arm/4.7.3/bin/../lib/gcc/arm-none-eabi/4.7.3/armv7-m/crtend.o
 *(.got.plt)
 *(.got)
 *(.shdata)
 *(.data .data.* .gnu.linkonce.d.*)
 .data          0x1fff810c        0x8 .\CortexM3\ARM_GCC_473\Debug\PSoC_2_Pi.a(CyDmac.o)
 .data          0x1fff8114       0x10 .\CortexM3\ARM_GCC_473\Debug\PSoC_2_Pi.a(CyLib.o)
                0x1fff8114                cydelay_freq_hz
                0x1fff8118                cydelay_freq_khz
                0x1fff811c                cydelay_freq_mhz
                0x1fff8120                cydelay_32k_ms
 .data          0x1fff8124        0x1 .\CortexM3\ARM_GCC_473\Debug\PSoC_2_Pi.a(WaveDAC8_1_Wave1_DMA_dma.o)
                0x1fff8124                WaveDAC8_1_Wave1_DMA_DmaHandle
 .data          0x1fff8125        0x1 .\CortexM3\ARM_GCC_473\Debug\PSoC_2_Pi.a(WaveDAC8_1_Wave2_DMA_dma.o)
                0x1fff8125                WaveDAC8_1_Wave2_DMA_DmaHandle
 .data          0x1fff8126        0x1 .\CortexM3\ARM_GCC_473\Debug\PSoC_2_Pi.a(ADC_DelSig_1.o)
                0x1fff8126                ADC_DelSig_1_Config
 *fill*         0x1fff8127        0x1 00
 .data          0x1fff8128        0x4 .\CortexM3\ARM_GCC_473\Debug\PSoC_2_Pi.a(ADC_DelSig_1_PM.o)
 .data          0x1fff812c        0x1 .\CortexM3\ARM_GCC_473\Debug\PSoC_2_Pi.a(ADC_DelSig_1_AMux.o)
                0x1fff8130                . = ALIGN (0x8)
 *fill*         0x1fff812d        0x3 00
 *(.ram)
                0x1fff8130                _edata = .

.igot.plt       0x1fff8130        0x0 load address 0x0000d5e8
 .igot.plt      0x00000000        0x0 c:/program files (x86)/cypress/psoc creator/3.0/psoc creator/import/gnu_cs/arm/4.7.3/bin/../lib/gcc/arm-none-eabi/4.7.3/armv7-m/crtbegin.o

.bss            0x1fff8130       0xe0 load address 0x0000d5e8
                0x1fff8130                PROVIDE (__bss_start__, .)
 *(.shbss)
 *(.bss .bss.* .gnu.linkonce.b.*)
 .bss           0x1fff8130       0x1c c:/program files (x86)/cypress/psoc creator/3.0/psoc creator/import/gnu_cs/arm/4.7.3/bin/../lib/gcc/arm-none-eabi/4.7.3/armv7-m/crtbegin.o
 .bss           0x1fff814c        0x1 .\CortexM3\ARM_GCC_473\Debug\PSoC_2_Pi.a(SPIS_1.o)
                0x1fff814c                SPIS_1_initVar
 .bss           0x1fff814d        0x1 .\CortexM3\ARM_GCC_473\Debug\PSoC_2_Pi.a(PWM_1.o)
                0x1fff814d                PWM_1_initVar
 *fill*         0x1fff814e        0x2 00
 .bss           0x1fff8150        0x8 .\CortexM3\ARM_GCC_473\Debug\PSoC_2_Pi.a(PWM_1_PM.o)
 .bss           0x1fff8158        0x1 .\CortexM3\ARM_GCC_473\Debug\PSoC_2_Pi.a(ADC_SAR_1.o)
                0x1fff8158                ADC_SAR_1_initVar
 *fill*         0x1fff8159        0x3 00
 .bss           0x1fff815c        0x4 .\CortexM3\ARM_GCC_473\Debug\PSoC_2_Pi.a(ADC_SAR_1_PM.o)
 .bss           0x1fff8160        0x1 .\CortexM3\ARM_GCC_473\Debug\PSoC_2_Pi.a(ADC_SAR_2.o)
                0x1fff8160                ADC_SAR_2_initVar
 *fill*         0x1fff8161        0x3 00
 .bss           0x1fff8164        0x4 .\CortexM3\ARM_GCC_473\Debug\PSoC_2_Pi.a(ADC_SAR_2_PM.o)
 .bss           0x1fff8168        0x1 .\CortexM3\ARM_GCC_473\Debug\PSoC_2_Pi.a(VDAC8_1.o)
                0x1fff8168                VDAC8_1_initVar
 *fill*         0x1fff8169        0x3 00
 .bss           0x1fff816c        0x4 .\CortexM3\ARM_GCC_473\Debug\PSoC_2_Pi.a(VDAC8_1_PM.o)
 .bss           0x1fff8170        0x1 .\CortexM3\ARM_GCC_473\Debug\PSoC_2_Pi.a(VDAC8_2.o)
                0x1fff8170                VDAC8_2_initVar
 *fill*         0x1fff8171        0x3 00
 .bss           0x1fff8174        0x4 .\CortexM3\ARM_GCC_473\Debug\PSoC_2_Pi.a(VDAC8_2_PM.o)
 .bss           0x1fff8178        0x1 .\CortexM3\ARM_GCC_473\Debug\PSoC_2_Pi.a(IDAC8_1.o)
                0x1fff8178                IDAC8_1_initVar
 *fill*         0x1fff8179        0x3 00
 .bss           0x1fff817c        0x4 .\CortexM3\ARM_GCC_473\Debug\PSoC_2_Pi.a(IDAC8_1_PM.o)
 .bss           0x1fff8180        0x5 .\CortexM3\ARM_GCC_473\Debug\PSoC_2_Pi.a(WaveDAC8_1.o)
                0x1fff8180                WaveDAC8_1_initVar
 *fill*         0x1fff8185        0x3 00
 .bss           0x1fff8188        0x4 .\CortexM3\ARM_GCC_473\Debug\PSoC_2_Pi.a(WaveDAC8_1_PM.o)
 .bss           0x1fff818c        0x4 .\CortexM3\ARM_GCC_473\Debug\PSoC_2_Pi.a(WaveDAC8_1_VDAC8_PM.o)
 .bss           0x1fff8190        0x8 .\CortexM3\ARM_GCC_473\Debug\PSoC_2_Pi.a(ADC_DelSig_1.o)
                0x1fff8190                ADC_DelSig_1_convDone
                0x1fff8191                ADC_DelSig_1_stopConversion
                0x1fff8192                ADC_DelSig_1_initVar
                0x1fff8193                ADC_DelSig_1_started
 .bss           0x1fff8198        0x1 .\CortexM3\ARM_GCC_473\Debug\PSoC_2_Pi.a(PWM_2.o)
                0x1fff8198                PWM_2_initVar
 *fill*         0x1fff8199        0x3 00
 .bss           0x1fff819c        0x8 .\CortexM3\ARM_GCC_473\Debug\PSoC_2_Pi.a(PWM_2_PM.o)
 .bss           0x1fff81a4        0x1 .\CortexM3\ARM_GCC_473\Debug\PSoC_2_Pi.a(PWM_3.o)
                0x1fff81a4                PWM_3_initVar
 *fill*         0x1fff81a5        0x3 00
 .bss           0x1fff81a8        0x8 .\CortexM3\ARM_GCC_473\Debug\PSoC_2_Pi.a(PWM_3_PM.o)
 .bss           0x1fff81b0        0x1 .\CortexM3\ARM_GCC_473\Debug\PSoC_2_Pi.a(PWM_4.o)
                0x1fff81b0                PWM_4_initVar
 *fill*         0x1fff81b1        0x3 00
 .bss           0x1fff81b4        0x8 .\CortexM3\ARM_GCC_473\Debug\PSoC_2_Pi.a(PWM_4_PM.o)
 .bss           0x1fff81bc        0x1 .\CortexM3\ARM_GCC_473\Debug\PSoC_2_Pi.a(PWM_5.o)
                0x1fff81bc                PWM_5_initVar
 *fill*         0x1fff81bd        0x3 00
 .bss           0x1fff81c0        0x8 .\CortexM3\ARM_GCC_473\Debug\PSoC_2_Pi.a(PWM_5_PM.o)
 .bss           0x1fff81c8        0x1 .\CortexM3\ARM_GCC_473\Debug\PSoC_2_Pi.a(PWM_6.o)
                0x1fff81c8                PWM_6_initVar
 *fill*         0x1fff81c9        0x3 00
 .bss           0x1fff81cc        0x8 .\CortexM3\ARM_GCC_473\Debug\PSoC_2_Pi.a(PWM_6_PM.o)
 .bss           0x1fff81d4        0x1 .\CortexM3\ARM_GCC_473\Debug\PSoC_2_Pi.a(PWM_7.o)
                0x1fff81d4                PWM_7_initVar
 *fill*         0x1fff81d5        0x3 00
 .bss           0x1fff81d8        0x8 .\CortexM3\ARM_GCC_473\Debug\PSoC_2_Pi.a(PWM_7_PM.o)
 .bss           0x1fff81e0        0x1 .\CortexM3\ARM_GCC_473\Debug\PSoC_2_Pi.a(PWM_8.o)
                0x1fff81e0                PWM_8_initVar
 *fill*         0x1fff81e1        0x3 00
 .bss           0x1fff81e4        0x8 .\CortexM3\ARM_GCC_473\Debug\PSoC_2_Pi.a(PWM_8_PM.o)
 *(COMMON)
 COMMON         0x1fff81ec        0xa .\CortexM3\ARM_GCC_473\Debug\PSoC_2_Pi.a(ADC_SAR_1.o)
                0x1fff81ec                ADC_SAR_1_countsPerVolt
                0x1fff81ee                ADC_SAR_1_shift
                0x1fff81f0                ADC_SAR_1_countsPer10Volt
                0x1fff81f4                ADC_SAR_1_offset
 *fill*         0x1fff81f6        0x2 00
 COMMON         0x1fff81f8        0xa .\CortexM3\ARM_GCC_473\Debug\PSoC_2_Pi.a(ADC_SAR_2.o)
                0x1fff81f8                ADC_SAR_2_countsPer10Volt
                0x1fff81fc                ADC_SAR_2_shift
                0x1fff81fe                ADC_SAR_2_offset
                0x1fff8200                ADC_SAR_2_countsPerVolt
 *fill*         0x1fff8202        0x2 00
 COMMON         0x1fff8204        0x8 .\CortexM3\ARM_GCC_473\Debug\PSoC_2_Pi.a(ADC_DelSig_1.o)
                0x1fff8204                ADC_DelSig_1_CountsPerVolt
                0x1fff8208                ADC_DelSig_1_Offset
                0x1fff8210                . = ALIGN (0x8)
 *fill*         0x1fff820c        0x4 00
 *(.ram.b)
                0x1fff8210                _end = .
                0x1fff8210                __end = .
                0x1fff8210                PROVIDE (end, .)
                0x1fff8210                PROVIDE (__bss_end__, .)
                0x0000d5c0                __cy_region_init_ram = LOADADDR (.data)
                0x00000028                __cy_region_init_size_ram = (_edata - ADDR (.data))
                0x000000e0                __cy_region_zero_size_ram = (_end - _edata)

.heap           0x1fff8210     0x1000 load address 0x0000d5e8
                0x1fff8210                . = _end
                0x1fff9210                . = (. + 0x1000)
 *fill*         0x1fff8210     0x1000 00
                0x1fff9210                __cy_heap_limit = .

.stack          0x20004000     0x4000
                0x20004000                __cy_stack_limit = .
                0x20008000                . = (. + 0x4000)
 *fill*         0x20004000     0x4000 00
                0x00000001                ASSERT ((__cy_stack_limit >= __cy_heap_limit), region RAM overflowed with stack)

.cyloadermeta   0xf0000000       0x40
 *(.cyloadermeta)
 .cyloadermeta  0xf0000000       0x40 .\CortexM3\ARM_GCC_473\Debug\cybootloader.o
                0xf0000000                cy_meta_loader

.cyloadablemeta
                0x0003ffc0       0x40
 *(.cyloadablemeta)
 .cyloadablemeta
                0x0003ffc0       0x40 .\CortexM3\ARM_GCC_473\Debug\cymetadata.o
                0x0003ffc0                cy_meta_loadable

.cyconfigecc    0x80000960      0xbc4
 *(.cyconfigecc)
 .cyconfigecc   0x80000960      0xbc4 .\CortexM3\ARM_GCC_473\Debug\cymetadata.o
                0x80000960                cy_meta_configecc

.cycustnvl      0x90000000        0x4
 *(.cycustnvl)
 .cycustnvl     0x90000000        0x4 .\CortexM3\ARM_GCC_473\Debug\cybootloader.o
                0x90000000                cy_meta_custnvl

.cywolatch      0x90100000        0x4
 *(.cywolatch)
 .cywolatch     0x90100000        0x4 .\CortexM3\ARM_GCC_473\Debug\cybootloader.o
                0x90100000                cy_meta_wonvl

.cyeeprom       0x90200000        0x0
 *(.cyeeprom)
                0x00000001                ASSERT ((. <= ((0x90200000 + ee_offset) + ee_size)), .cyeeprom data will not fit in EEPROM)

.cyflashprotect
                0x90400000      0x100
 *(.cyflashprotect)
 .cyflashprotect
                0x90400000      0x100 .\CortexM3\ARM_GCC_473\Debug\cybootloader.o
                0x90400000                cy_meta_flashprotect

.cymeta         0x90500000        0xc
 *(.cymeta)
 .cymeta        0x90500000        0xc .\CortexM3\ARM_GCC_473\Debug\cybootloader.o
                0x90500000                cy_metadata

.rel.dyn        0x00040000        0x0 load address 0x9050000c
 .rel.iplt      0x00000000        0x0 c:/program files (x86)/cypress/psoc creator/3.0/psoc creator/import/gnu_cs/arm/4.7.3/bin/../lib/gcc/arm-none-eabi/4.7.3/armv7-m/crtbegin.o

.stab
 *(.stab)

.stabstr
 *(.stabstr)

.debug
 *(.debug)

.line
 *(.line)

.debug_srcinfo
 *(.debug_srcinfo)

.debug_sfnames
 *(.debug_sfnames)

.debug_aranges  0x00000000     0x1830
 *(.debug_aranges)
 .debug_aranges
                0x00000000       0x20 .\CortexM3\ARM_GCC_473\Debug\main.o
 .debug_aranges
                0x00000020       0xe0 .\CortexM3\ARM_GCC_473\Debug\mem1.o
 .debug_aranges
                0x00000100       0x18 .\CortexM3\ARM_GCC_473\Debug\cymetadata.o
 .debug_aranges
                0x00000118       0x40 .\CortexM3\ARM_GCC_473\Debug\Cm3Start.o
 .debug_aranges
                0x00000158       0x18 .\CortexM3\ARM_GCC_473\Debug\cybootloader.o
 .debug_aranges
                0x00000170       0x70 .\CortexM3\ARM_GCC_473\Debug\PSoC_2_Pi.a(cyfitter_cfg.o)
 .debug_aranges
                0x000001e0       0xe0 .\CortexM3\ARM_GCC_473\Debug\PSoC_2_Pi.a(SPIS_1.o)
 .debug_aranges
                0x000002c0       0x20 .\CortexM3\ARM_GCC_473\Debug\PSoC_2_Pi.a(CyBootAsmGnu.o)
 .debug_aranges
                0x000002e0       0xd8 .\CortexM3\ARM_GCC_473\Debug\PSoC_2_Pi.a(CyDmac.o)
 .debug_aranges
                0x000003b8      0x218 .\CortexM3\ARM_GCC_473\Debug\PSoC_2_Pi.a(CyLib.o)
 .debug_aranges
                0x000005d0       0x90 .\CortexM3\ARM_GCC_473\Debug\PSoC_2_Pi.a(cyPm.o)
 .debug_aranges
                0x00000660       0x98 .\CortexM3\ARM_GCC_473\Debug\PSoC_2_Pi.a(PWM_1.o)
 .debug_aranges
                0x000006f8       0x38 .\CortexM3\ARM_GCC_473\Debug\PSoC_2_Pi.a(PWM_1_PM.o)
 .debug_aranges
                0x00000730       0xa8 .\CortexM3\ARM_GCC_473\Debug\PSoC_2_Pi.a(ADC_SAR_1.o)
 .debug_aranges
                0x000007d8       0x20 .\CortexM3\ARM_GCC_473\Debug\PSoC_2_Pi.a(ADC_SAR_1_INT.o)
 .debug_aranges
                0x000007f8       0x38 .\CortexM3\ARM_GCC_473\Debug\PSoC_2_Pi.a(ADC_SAR_1_PM.o)
 .debug_aranges
                0x00000830       0xa8 .\CortexM3\ARM_GCC_473\Debug\PSoC_2_Pi.a(ADC_SAR_2.o)
 .debug_aranges
                0x000008d8       0x20 .\CortexM3\ARM_GCC_473\Debug\PSoC_2_Pi.a(ADC_SAR_2_INT.o)
 .debug_aranges
                0x000008f8       0x38 .\CortexM3\ARM_GCC_473\Debug\PSoC_2_Pi.a(ADC_SAR_2_PM.o)
 .debug_aranges
                0x00000930       0x80 .\CortexM3\ARM_GCC_473\Debug\PSoC_2_Pi.a(ADC_SAR_1_theACLK.o)
 .debug_aranges
                0x000009b0       0x80 .\CortexM3\ARM_GCC_473\Debug\PSoC_2_Pi.a(ADC_SAR_2_theACLK.o)
 .debug_aranges
                0x00000a30       0x58 .\CortexM3\ARM_GCC_473\Debug\PSoC_2_Pi.a(VDAC8_1.o)
 .debug_aranges
                0x00000a88       0x38 .\CortexM3\ARM_GCC_473\Debug\PSoC_2_Pi.a(VDAC8_1_PM.o)
 .debug_aranges
                0x00000ac0       0x58 .\CortexM3\ARM_GCC_473\Debug\PSoC_2_Pi.a(VDAC8_2.o)
 .debug_aranges
                0x00000b18       0x38 .\CortexM3\ARM_GCC_473\Debug\PSoC_2_Pi.a(VDAC8_2_PM.o)
 .debug_aranges
                0x00000b50       0x60 .\CortexM3\ARM_GCC_473\Debug\PSoC_2_Pi.a(IDAC8_1.o)
 .debug_aranges
                0x00000bb0       0x38 .\CortexM3\ARM_GCC_473\Debug\PSoC_2_Pi.a(IDAC8_1_PM.o)
 .debug_aranges
                0x00000be8       0x70 .\CortexM3\ARM_GCC_473\Debug\PSoC_2_Pi.a(WaveDAC_clk.o)
 .debug_aranges
                0x00000c58       0x50 .\CortexM3\ARM_GCC_473\Debug\PSoC_2_Pi.a(WaveDAC8_1.o)
 .debug_aranges
                0x00000ca8       0x28 .\CortexM3\ARM_GCC_473\Debug\PSoC_2_Pi.a(WaveDAC8_1_PM.o)
 .debug_aranges
                0x00000cd0       0x28 .\CortexM3\ARM_GCC_473\Debug\PSoC_2_Pi.a(WaveDAC8_1_Wave1_DMA_dma.o)
 .debug_aranges
                0x00000cf8       0x28 .\CortexM3\ARM_GCC_473\Debug\PSoC_2_Pi.a(WaveDAC8_1_Wave2_DMA_dma.o)
 .debug_aranges
                0x00000d20       0x58 .\CortexM3\ARM_GCC_473\Debug\PSoC_2_Pi.a(WaveDAC8_1_VDAC8.o)
 .debug_aranges
                0x00000d78       0x38 .\CortexM3\ARM_GCC_473\Debug\PSoC_2_Pi.a(WaveDAC8_1_VDAC8_PM.o)
 .debug_aranges
                0x00000db0       0x28 .\CortexM3\ARM_GCC_473\Debug\PSoC_2_Pi.a(Control_Reg_1.o)
 .debug_aranges
                0x00000dd8       0x40 .\CortexM3\ARM_GCC_473\Debug\PSoC_2_Pi.a(Status_Reg_1.o)
 .debug_aranges
                0x00000e18       0xe8 .\CortexM3\ARM_GCC_473\Debug\PSoC_2_Pi.a(ADC_DelSig_1.o)
 .debug_aranges
                0x00000f00       0x38 .\CortexM3\ARM_GCC_473\Debug\PSoC_2_Pi.a(ADC_DelSig_1_PM.o)
 .debug_aranges
                0x00000f38       0x38 .\CortexM3\ARM_GCC_473\Debug\PSoC_2_Pi.a(ADC_DelSig_1_INT.o)
 .debug_aranges
                0x00000f70       0x98 .\CortexM3\ARM_GCC_473\Debug\PSoC_2_Pi.a(PWM_2.o)
 .debug_aranges
                0x00001008       0x38 .\CortexM3\ARM_GCC_473\Debug\PSoC_2_Pi.a(PWM_2_PM.o)
 .debug_aranges
                0x00001040       0x98 .\CortexM3\ARM_GCC_473\Debug\PSoC_2_Pi.a(PWM_3.o)
 .debug_aranges
                0x000010d8       0x38 .\CortexM3\ARM_GCC_473\Debug\PSoC_2_Pi.a(PWM_3_PM.o)
 .debug_aranges
                0x00001110       0x98 .\CortexM3\ARM_GCC_473\Debug\PSoC_2_Pi.a(PWM_4.o)
 .debug_aranges
                0x000011a8       0x38 .\CortexM3\ARM_GCC_473\Debug\PSoC_2_Pi.a(PWM_4_PM.o)
 .debug_aranges
                0x000011e0       0x98 .\CortexM3\ARM_GCC_473\Debug\PSoC_2_Pi.a(PWM_5.o)
 .debug_aranges
                0x00001278       0x38 .\CortexM3\ARM_GCC_473\Debug\PSoC_2_Pi.a(PWM_5_PM.o)
 .debug_aranges
                0x000012b0       0x98 .\CortexM3\ARM_GCC_473\Debug\PSoC_2_Pi.a(PWM_6.o)
 .debug_aranges
                0x00001348       0x38 .\CortexM3\ARM_GCC_473\Debug\PSoC_2_Pi.a(PWM_6_PM.o)
 .debug_aranges
                0x00001380       0x98 .\CortexM3\ARM_GCC_473\Debug\PSoC_2_Pi.a(PWM_7.o)
 .debug_aranges
                0x00001418       0x38 .\CortexM3\ARM_GCC_473\Debug\PSoC_2_Pi.a(PWM_7_PM.o)
 .debug_aranges