Archive member included because of file (symbol)

.\CortexM3\ARM_GCC_473\Debug\PSoC_2_Pi.a(cyfitter_cfg.o)
                              .\CortexM3\ARM_GCC_473\Debug\Cm3Start.o (cyfitter_cfg)
.\CortexM3\ARM_GCC_473\Debug\PSoC_2_Pi.a(SPIS_1.o)
                              .\CortexM3\ARM_GCC_473\Debug\main.o (SPIS_1_ClearFIFO)
.\CortexM3\ARM_GCC_473\Debug\PSoC_2_Pi.a(CyBootAsmGnu.o)
                              .\CortexM3\ARM_GCC_473\Debug\PSoC_2_Pi.a(cyfitter_cfg.o) (CyDelayCycles)
.\CortexM3\ARM_GCC_473\Debug\PSoC_2_Pi.a(CyDmac.o)
                              .\CortexM3\ARM_GCC_473\Debug\Cm3Start.o (CyDmacConfigure)
.\CortexM3\ARM_GCC_473\Debug\PSoC_2_Pi.a(CyLib.o)
                              .\CortexM3\ARM_GCC_473\Debug\Cm3Start.o (CyResetStatus)
.\CortexM3\ARM_GCC_473\Debug\PSoC_2_Pi.a(cyPm.o)
                              .\CortexM3\ARM_GCC_473\Debug\PSoC_2_Pi.a(CyLib.o) (CyPmReadStatus)
.\CortexM3\ARM_GCC_473\Debug\PSoC_2_Pi.a(PWM_1.o)
                              .\CortexM3\ARM_GCC_473\Debug\mem1.o (PWM_1_Start)
.\CortexM3\ARM_GCC_473\Debug\PSoC_2_Pi.a(PWM_1_PM.o)
                              .\CortexM3\ARM_GCC_473\Debug\mem1.o (PWM_1_Sleep)
.\CortexM3\ARM_GCC_473\Debug\PSoC_2_Pi.a(ADC_SAR_1.o)
                              .\CortexM3\ARM_GCC_473\Debug\mem1.o (ADC_SAR_1_Start)
.\CortexM3\ARM_GCC_473\Debug\PSoC_2_Pi.a(ADC_SAR_1_INT.o)
                              .\CortexM3\ARM_GCC_473\Debug\PSoC_2_Pi.a(ADC_SAR_1.o) (ADC_SAR_1_ISR)
.\CortexM3\ARM_GCC_473\Debug\PSoC_2_Pi.a(ADC_SAR_1_PM.o)
                              .\CortexM3\ARM_GCC_473\Debug\mem1.o (ADC_SAR_1_Sleep)
.\CortexM3\ARM_GCC_473\Debug\PSoC_2_Pi.a(ADC_SAR_2.o)
                              .\CortexM3\ARM_GCC_473\Debug\mem1.o (ADC_SAR_2_Start)
.\CortexM3\ARM_GCC_473\Debug\PSoC_2_Pi.a(ADC_SAR_2_INT.o)
                              .\CortexM3\ARM_GCC_473\Debug\PSoC_2_Pi.a(ADC_SAR_2.o) (ADC_SAR_2_ISR)
.\CortexM3\ARM_GCC_473\Debug\PSoC_2_Pi.a(ADC_SAR_2_PM.o)
                              .\CortexM3\ARM_GCC_473\Debug\mem1.o (ADC_SAR_2_Sleep)
.\CortexM3\ARM_GCC_473\Debug\PSoC_2_Pi.a(ADC_SAR_1_theACLK.o)
                              .\CortexM3\ARM_GCC_473\Debug\PSoC_2_Pi.a(ADC_SAR_1.o) (ADC_SAR_1_theACLK_SetModeRegister)
.\CortexM3\ARM_GCC_473\Debug\PSoC_2_Pi.a(ADC_SAR_2_theACLK.o)
                              .\CortexM3\ARM_GCC_473\Debug\PSoC_2_Pi.a(ADC_SAR_2.o) (ADC_SAR_2_theACLK_SetModeRegister)
.\CortexM3\ARM_GCC_473\Debug\PSoC_2_Pi.a(VDAC8_1.o)
                              .\CortexM3\ARM_GCC_473\Debug\mem1.o (VDAC8_1_SetRange)
.\CortexM3\ARM_GCC_473\Debug\PSoC_2_Pi.a(VDAC8_1_PM.o)
                              .\CortexM3\ARM_GCC_473\Debug\mem1.o (VDAC8_1_Sleep)
.\CortexM3\ARM_GCC_473\Debug\PSoC_2_Pi.a(VDAC8_2.o)
                              .\CortexM3\ARM_GCC_473\Debug\mem1.o (VDAC8_2_SetRange)
.\CortexM3\ARM_GCC_473\Debug\PSoC_2_Pi.a(VDAC8_2_PM.o)
                              .\CortexM3\ARM_GCC_473\Debug\mem1.o (VDAC8_2_Sleep)
.\CortexM3\ARM_GCC_473\Debug\PSoC_2_Pi.a(IDAC8_1.o)
                              .\CortexM3\ARM_GCC_473\Debug\mem1.o (IDAC8_1_SetSpeed)
.\CortexM3\ARM_GCC_473\Debug\PSoC_2_Pi.a(IDAC8_1_PM.o)
                              .\CortexM3\ARM_GCC_473\Debug\mem1.o (IDAC8_1_Sleep)
.\CortexM3\ARM_GCC_473\Debug\PSoC_2_Pi.a(WaveDAC_clk.o)
                              .\CortexM3\ARM_GCC_473\Debug\mem1.o (WaveDAC_clk_Start)
.\CortexM3\ARM_GCC_473\Debug\PSoC_2_Pi.a(WaveDAC8_1.o)
                              .\CortexM3\ARM_GCC_473\Debug\mem1.o (WaveDAC8_1_Wave2Setup)
.\CortexM3\ARM_GCC_473\Debug\PSoC_2_Pi.a(WaveDAC8_1_PM.o)
                              .\CortexM3\ARM_GCC_473\Debug\mem1.o (WaveDAC8_1_Sleep)
.\CortexM3\ARM_GCC_473\Debug\PSoC_2_Pi.a(WaveDAC8_1_Wave1_DMA_dma.o)
                              .\CortexM3\ARM_GCC_473\Debug\PSoC_2_Pi.a(WaveDAC8_1.o) (WaveDAC8_1_Wave1_DMA_DmaInitialize)
.\CortexM3\ARM_GCC_473\Debug\PSoC_2_Pi.a(WaveDAC8_1_Wave2_DMA_dma.o)
                              .\CortexM3\ARM_GCC_473\Debug\PSoC_2_Pi.a(WaveDAC8_1.o) (WaveDAC8_1_Wave2_DMA_DmaInitialize)
.\CortexM3\ARM_GCC_473\Debug\PSoC_2_Pi.a(WaveDAC8_1_VDAC8.o)
                              .\CortexM3\ARM_GCC_473\Debug\PSoC_2_Pi.a(WaveDAC8_1.o) (WaveDAC8_1_VDAC8_Init)
.\CortexM3\ARM_GCC_473\Debug\PSoC_2_Pi.a(WaveDAC8_1_VDAC8_PM.o)
                              .\CortexM3\ARM_GCC_473\Debug\PSoC_2_Pi.a(WaveDAC8_1_PM.o) (WaveDAC8_1_VDAC8_SaveConfig)
.\CortexM3\ARM_GCC_473\Debug\PSoC_2_Pi.a(Control_Reg_1.o)
                              .\CortexM3\ARM_GCC_473\Debug\mem1.o (Control_Reg_1_Write)
.\CortexM3\ARM_GCC_473\Debug\PSoC_2_Pi.a(Status_Reg_1.o)
                              .\CortexM3\ARM_GCC_473\Debug\mem1.o (Status_Reg_1_Read)
.\CortexM3\ARM_GCC_473\Debug\PSoC_2_Pi.a(ADC_DelSig_1.o)
                              .\CortexM3\ARM_GCC_473\Debug\mem1.o (ADC_DelSig_1_Start)
.\CortexM3\ARM_GCC_473\Debug\PSoC_2_Pi.a(ADC_DelSig_1_PM.o)
                              .\CortexM3\ARM_GCC_473\Debug\mem1.o (ADC_DelSig_1_Sleep)
[...]
Memory Configuration

Name             Origin             Length             Attributes
rom              0x00000000         0x00040000         xr
ram              0x1fff8000         0x00010000         xrw
*default*        0x00000000         0xffffffff

Linker script and memory map

LOAD c:/program files (x86)/cypress/psoc creator/3.0/psoc creator/import/gnu_cs/arm/4.7.3/bin/../lib/gcc/arm-none-eabi/4.7.3/armv7-m/crti.o
LOAD c:/program files (x86)/cypress/psoc creator/3.0/psoc creator/import/gnu_cs/arm/4.7.3/bin/../lib/gcc/arm-none-eabi/4.7.3/armv7-m/crtbegin.o
LOAD c:/program files (x86)/cypress/psoc creator/3.0/psoc creator/import/gnu_cs/arm/4.7.3/bin/../lib/gcc/arm-none-eabi/4.7.3/../../../../arm-none-eabi/lib/armv7-m/crt0.o
START GROUP
LOAD .\CortexM3\ARM_GCC_473\Debug\main.o
LOAD .\CortexM3\ARM_GCC_473\Debug\mem1.o
LOAD .\CortexM3\ARM_GCC_473\Debug\cymetadata.o
LOAD .\CortexM3\ARM_GCC_473\Debug\Cm3Start.o
LOAD .\CortexM3\ARM_GCC_473\Debug\cybootloader.o
LOAD .\CortexM3\ARM_GCC_473\Debug\PSoC_2_Pi.a
LOAD C:\Program Files (x86)\Cypress\PSoC Creator\3.0\PSoC Creator\psoc\content\cycomponentlibrary\CyComponentLibrary.cylib\CortexM3\ARM_GCC_473\Debug\CyComponentLibrary.a
END GROUP
START GROUP
LOAD c:/program files (x86)/cypress/psoc creator/3.0/psoc creator/import/gnu_cs/arm/4.7.3/bin/../lib/gcc/arm-none-eabi/4.7.3/armv7-m\libgcc.a
LOAD c:/program files (x86)/cypress/psoc creator/3.0/psoc creator/import/gnu_cs/arm/4.7.3/bin/../lib/gcc/arm-none-eabi/4.7.3/../../../../arm-none-eabi/lib/armv7-m\libc_s.a
END GROUP
LOAD c:/program files (x86)/cypress/psoc creator/3.0/psoc creator/import/gnu_cs/arm/4.7.3/bin/../lib/gcc/arm-none-eabi/4.7.3/armv7-m/crtend.o
LOAD c:/program files (x86)/cypress/psoc creator/3.0/psoc creator/import/gnu_cs/arm/4.7.3/bin/../lib/gcc/arm-none-eabi/4.7.3/armv7-m/crtn.o
START GROUP
LOAD c:/program files (x86)/cypress/psoc creator/3.0/psoc creator/import/gnu_cs/arm/4.7.3/bin/../lib/gcc/arm-none-eabi/4.7.3/armv7-m\libgcc.a
LOAD c:/program files (x86)/cypress/psoc creator/3.0/psoc creator/import/gnu_cs/arm/4.7.3/bin/../lib/gcc/arm-none-eabi/4.7.3/../../../../arm-none-eabi/lib/armv7-m\libc.a
LOAD c:/program files (x86)/cypress/psoc creator/3.0/psoc creator/import/gnu_cs/arm/4.7.3/bin/../lib/gcc/arm-none-eabi/4.7.3/../../../../arm-none-eabi/lib/armv7-m\libnosys.a
END GROUP
                0x00000000                CY_APPL_ORIGIN = 0x0
                0x00000100                CY_FLASH_ROW_SIZE = 0x100
                0x00000020                CY_ECC_ROW_SIZE = 0x20
                0x00000000                CY_EE_IN_BTLDR = 0x0
                0x00000001                CY_APPL_LOADABLE = 0x1
                0x00000800                CY_EE_SIZE = 0x800
                0x00000001                CY_APPL_NUM = 0x1
                0x00000001                CY_APPL_MAX = 0x1
                0x00000040                CY_METADATA_SIZE = 0x40
                0x1fff8210                PROVIDE (__cy_heap_start, _end)
                0x00000001                PROVIDE (__cy_region_num, ((__cy_regions_end - __cy_regions) / 0x10))
                0x20008000                PROVIDE (__cy_stack, (ORIGIN (ram) + 0x10000))
                0x20004000                PROVIDE (__cy_heap_end, (__cy_stack - 0x4000))

.cybootloader   0x00000000     0x4b00
 *(.cybootloader)
 .cybootloader  0x00000000     0x4b00 .\CortexM3\ARM_GCC_473\Debug\cybootloader.o
                0x00000000                cy_bootloader
                0x00004b00                appl1_start = CY_APPL_ORIGIN?CY_APPL_ORIGIN:ALIGN (CY_FLASH_ROW_SIZE)
                0x00022500                appl2_start = (appl1_start + ALIGN ((((0x40000 - appl1_start) - (0x2 * CY_FLASH_ROW_SIZE)) / 0x2), CY_FLASH_ROW_SIZE))
                0x00004b00                appl_start = (CY_APPL_NUM == 0x1)?appl1_start:appl2_start
                0x00000960                ecc_offset = ((appl_start / CY_FLASH_ROW_SIZE) * CY_ECC_ROW_SIZE)
                0x00000000                ee_offset = (CY_APPL_LOADABLE && ! (CY_EE_IN_BTLDR))?((CY_EE_SIZE / CY_APPL_MAX) * (CY_APPL_NUM - 0x1)):0x0
                0x00000800                ee_size = (CY_APPL_LOADABLE && ! (CY_EE_IN_BTLDR))?(CY_EE_SIZE / CY_APPL_MAX):CY_EE_SIZE
                0x00000960                PROVIDE (CY_ECC_OFFSET, ecc_offset)

.text           0x00004b00     0x94e2
 CREATE_OBJECT_SYMBOLS
                0x00004b00                PROVIDE (__cy_interrupt_vector, RomVectors)
 *(.romvectors)
 .romvectors    0x00004b00       0x10 .\CortexM3\ARM_GCC_473\Debug\Cm3Start.o
                0x00004b00                RomVectors
                0x00000001                ASSERT ((. != __cy_interrupt_vector), No interrupt vector)
                0x00000001                ASSERT (CY_APPL_ORIGIN?(SIZEOF (.cybootloader) <= CY_APPL_ORIGIN):0x1, Wrong image location)
                0x00004b10                PROVIDE (__cy_reset, Reset)
 *(.text.Reset)
 .text.Reset    0x00004b10        0x8 .\CortexM3\ARM_GCC_473\Debug\Cm3Start.o
                0x00004b10                Reset
                0x00000001                ASSERT ((. != __cy_reset), No reset code)
 *(.dma_init)
                0x00000001                ASSERT ((((appl_start + .) <= 0x10000) || 0x1), DMA Init must be within the first 64k of flash)
 *(.text .text.* .gnu.linkonce.t.*)
 .text          0x00004b18       0x54 c:/program files (x86)/cypress/psoc creator/3.0/psoc creator/import/gnu_cs/arm/4.7.3/bin/../lib/gcc/arm-none-eabi/4.7.3/armv7-m/crtbegin.o
 .text.main     0x00004b6c       0x68 .\CortexM3\ARM_GCC_473\Debug\main.o
                0x00004b6c                main
 .text.ReadFrom_Pi
                0x00004bd4       0x98 .\CortexM3\ARM_GCC_473\Debug\main.o
                0x00004bd4                ReadFrom_Pi
 .text.WriteTo_Pi
                0x00004c6c       0x74 .\CortexM3\ARM_GCC_473\Debug\main.o
                0x00004c6c                WriteTo_Pi
 .text.readData
                0x00004ce0      0x1cc .\CortexM3\ARM_GCC_473\Debug\mem1.o
                0x00004ce0                readData
 .text.DELSIG_ADC_Control
                0x00004eac      0x170 .\CortexM3\ARM_GCC_473\Debug\mem1.o
                0x00004eac                DELSIG_ADC_Control
 .text.SAR0_ADC_Control
                0x0000501c      0x128 .\CortexM3\ARM_GCC_473\Debug\mem1.o
                0x0000501c                SAR0_ADC_Control
 .text.SAR1_ADC_Control
                0x00005144      0x128 .\CortexM3\ARM_GCC_473\Debug\mem1.o
                0x00005144                SAR1_ADC_Control
 .text.VDAC0_Control
                0x0000526c       0xc0 .\CortexM3\ARM_GCC_473\Debug\mem1.o
                0x0000526c                VDAC0_Control
 .text.VDAC1_Control
                0x0000532c       0xc0 .\CortexM3\ARM_GCC_473\Debug\mem1.o
                0x0000532c                VDAC1_Control
 .text.IDAC0_Control
                0x000053ec       0xf4 .\CortexM3\ARM_GCC_473\Debug\mem1.o
                0x000053ec                IDAC0_Control
 .text.WAVEDAC_Control
                0x000054e0       0xe8 .\CortexM3\ARM_GCC_473\Debug\mem1.o
                0x000054e0                WAVEDAC_Control
 .text.Generate_Wave
                0x000055c8      0x478 .\CortexM3\ARM_GCC_473\Debug\mem1.o
                0x000055c8                Generate_Wave
 .text.PWM_Control_0
                0x00005a40       0xe0 .\CortexM3\ARM_GCC_473\Debug\mem1.o
                0x00005a40                PWM_Control_0
 .text.PWM_Control_1
                0x00005b20       0xe0 .\CortexM3\ARM_GCC_473\Debug\mem1.o
                0x00005b20                PWM_Control_1
 .text.PWM_Control_2
                0x00005c00       0xe0 .\CortexM3\ARM_GCC_473\Debug\mem1.o
                0x00005c00                PWM_Control_2
 .text.PWM_Control_3
                0x00005ce0       0xe0 .\CortexM3\ARM_GCC_473\Debug\mem1.o
                0x00005ce0                PWM_Control_3
 .text.PWM_Control_4
                0x00005dc0       0xe0 .\CortexM3\ARM_GCC_473\Debug\mem1.o
                0x00005dc0                PWM_Control_4
 .text.PWM_Control_5
                0x00005ea0       0xe0 .\CortexM3\ARM_GCC_473\Debug\mem1.o
                0x00005ea0                PWM_Control_5
 .text.PWM_Control_6
                0x00005f80       0xe0 .\CortexM3\ARM_GCC_473\Debug\mem1.o
                0x00005f80                PWM_Control_6
 .text.PWM_Control_7
                0x00006060       0xe0 .\CortexM3\ARM_GCC_473\Debug\mem1.o
                0x00006060                PWM_Control_7
 .text.Input_Control0
                0x00006140       0x40 .\CortexM3\ARM_GCC_473\Debug\mem1.o
                0x00006140                Input_Control0
 .text.Input_Control1
                0x00006180       0x40 .\CortexM3\ARM_GCC_473\Debug\mem1.o
                0x00006180                Input_Control1
 .text.Input_Control2
                0x000061c0       0x40 .\CortexM3\ARM_GCC_473\Debug\mem1.o
                0x000061c0                Input_Control2
 .text.Output_Control0
                0x00006200       0xb8 .\CortexM3\ARM_GCC_473\Debug\mem1.o
                0x00006200                Output_Control0
 .text.Output_Control1
                0x000062b8       0xb8 .\CortexM3\ARM_GCC_473\Debug\mem1.o
                0x000062b8                Output_Control1
 .text.Output_Control2
                0x00006370       0xb8 .\CortexM3\ARM_GCC_473\Debug\mem1.o
                0x00006370                Output_Control2
 .text.IntDefaultHandler
                0x00006428        0x8 .\CortexM3\ARM_GCC_473\Debug\Cm3Start.o
                0x00006428                IntDefaultHandler
 .text.Start_c  0x00006430       0xcc .\CortexM3\ARM_GCC_473\Debug\Cm3Start.o
                0x00006430                Start_c
 .text.initialize_psoc
                0x000064fc       0xb8 .\CortexM3\ARM_GCC_473\Debug\Cm3Start.o
                0x000064fc                initialize_psoc
 .text.CYMEMZERO
                0x000065b4       0x20 .\CortexM3\ARM_GCC_473\Debug\PSoC_2_Pi.a(cyfitter_cfg.o)
 .text.CYCONFIGCPY
                0x000065d4       0x20 .\CortexM3\ARM_GCC_473\Debug\PSoC_2_Pi.a(cyfitter_cfg.o)
 .text.CyClockStartupError
                0x000065f4        0xc .\CortexM3\ARM_GCC_473\Debug\PSoC_2_Pi.a(cyfitter_cfg.o)
 .text.cfg_write_bytes32
                0x00006600       0x84 .\CortexM3\ARM_GCC_473\Debug\PSoC_2_Pi.a(cyfitter_cfg.o)
 .text.ClockSetup
                0x00006684      0x278 .\CortexM3\ARM_GCC_473\Debug\PSoC_2_Pi.a(cyfitter_cfg.o)
 .text.AnalogSetDefault
                0x000068fc      0x1a0 .\CortexM3\ARM_GCC_473\Debug\PSoC_2_Pi.a(cyfitter_cfg.o)
 .text.ADC_DelSig_1_AMux_Set
                0x00006a9c       0x4c .\CortexM3\ARM_GCC_473\Debug\PSoC_2_Pi.a(cyfitter_cfg.o)
                0x00006a9c                ADC_DelSig_1_AMux_Set
 .text.ADC_DelSig_1_AMux_Unset
                0x00006ae8       0x50 .\CortexM3\ARM_GCC_473\Debug\PSoC_2_Pi.a(cyfitter_cfg.o)
                0x00006ae8                ADC_DelSig_1_AMux_Unset
 .text.cyfitter_cfg
                0x00006b38      0x2d8 .\CortexM3\ARM_GCC_473\Debug\PSoC_2_Pi.a(cyfitter_cfg.o)
                0x00006b38                cyfitter_cfg
 .text.SPIS_1_Init
                0x00006e10       0x3c .\CortexM3\ARM_GCC_473\Debug\PSoC_2_Pi.a(SPIS_1.o)
                0x00006e10                SPIS_1_Init
 .text.SPIS_1_Enable
                0x00006e4c       0x74 .\CortexM3\ARM_GCC_473\Debug\PSoC_2_Pi.a(SPIS_1.o)
                0x00006e4c                SPIS_1_Enable
 .text.SPIS_1_Start
                0x00006ec0       0x2c .\CortexM3\ARM_GCC_473\Debug\PSoC_2_Pi.a(SPIS_1.o)
                0x00006ec0                SPIS_1_Start
 .text.SPIS_1_ReadTxStatus
                0x00006eec       0x20 .\CortexM3\ARM_GCC_473\Debug\PSoC_2_Pi.a(SPIS_1.o)
                0x00006eec                SPIS_1_ReadTxStatus
 .text.SPIS_1_ReadRxStatus
                0x00006f0c       0x20 .\CortexM3\ARM_GCC_473\Debug\PSoC_2_Pi.a(SPIS_1.o)
                0x00006f0c                SPIS_1_ReadRxStatus
 .text.SPIS_1_WriteTxData
                0x00006f2c       0x38 .\CortexM3\ARM_GCC_473\Debug\PSoC_2_Pi.a(SPIS_1.o)
                0x00006f2c                SPIS_1_WriteTxData
 .text.SPIS_1_WriteTxDataZero
                0x00006f64       0x20 .\CortexM3\ARM_GCC_473\Debug\PSoC_2_Pi.a(SPIS_1.o)
                0x00006f64                SPIS_1_WriteTxDataZero
 .text.SPIS_1_ReadRxData
                0x00006f84       0x20 .\CortexM3\ARM_GCC_473\Debug\PSoC_2_Pi.a(SPIS_1.o)
                0x00006f84                SPIS_1_ReadRxData
 .text.SPIS_1_GetRxBufferSize
                0x00006fa4       0x34 .\CortexM3\ARM_GCC_473\Debug\PSoC_2_Pi.a(SPIS_1.o)
                0x00006fa4                SPIS_1_GetRxBufferSize
 .text.SPIS_1_ClearRxBuffer
                0x00006fd8       0x2c .\CortexM3\ARM_GCC_473\Debug\PSoC_2_Pi.a(SPIS_1.o)
                0x00006fd8                SPIS_1_ClearRxBuffer
 .text.SPIS_1_ClearTxBuffer
                0x00007004       0x58 .\CortexM3\ARM_GCC_473\Debug\PSoC_2_Pi.a(SPIS_1.o)
                0x00007004                SPIS_1_ClearTxBuffer
 .text.SPIS_1_PutArray
                0x0000705c       0x40 .\CortexM3\ARM_GCC_473\Debug\PSoC_2_Pi.a(SPIS_1.o)
                0x0000705c                SPIS_1_PutArray
 .text.SPIS_1_ClearFIFO
                0x0000709c       0x78 .\CortexM3\ARM_GCC_473\Debug\PSoC_2_Pi.a(SPIS_1.o)
                0x0000709c                SPIS_1_ClearFIFO
 *fill*         0x00007114        0x4 00
 .text          0x00007118       0x28 .\CortexM3\ARM_GCC_473\Debug\PSoC_2_Pi.a(CyBootAsmGnu.o)
                0x00007118                CyDelayCycles
                0x0000712c                CyEnterCriticalSection
                0x00007134                CyExitCriticalSection
 .text.CyDmacConfigure
                0x00007140       0x70 .\CortexM3\ARM_GCC_473\Debug\PSoC_2_Pi.a(CyDmac.o)
                0x00007140                CyDmacConfigure
 .text.CyDmaChEnable
                0x000071b0       0xbc .\CortexM3\ARM_GCC_473\Debug\PSoC_2_Pi.a(CyDmac.o)
                0x000071b0                CyDmaChEnable
 .text.CyDmaChDisable
                0x0000726c       0x84 .\CortexM3\ARM_GCC_473\Debug\PSoC_2_Pi.a(CyDmac.o)
                0x0000726c                CyDmaChDisable
 .text.CyDmaChPriority
                0x000072f0       0x70 .\CortexM3\ARM_GCC_473\Debug\PSoC_2_Pi.a(CyDmac.o)
                0x000072f0                CyDmaChPriority
 .text.CyDmaChSetExtendedAddress
                0x00007360       0x88 .\CortexM3\ARM_GCC_473\Debug\PSoC_2_Pi.a(CyDmac.o)
                0x00007360                CyDmaChSetExtendedAddress
 .text.CyDmaChSetInitialTd
                0x000073e8       0x44 .\CortexM3\ARM_GCC_473\Debug\PSoC_2_Pi.a(CyDmac.o)
                0x000073e8                CyDmaChSetInitialTd
 .text.CyDmaChSetConfiguration
                0x0000742c       0xa4 .\CortexM3\ARM_GCC_473\Debug\PSoC_2_Pi.a(CyDmac.o)
                0x0000742c                CyDmaChSetConfiguration
 .text.CyDmaTdAllocate
                0x000074d0       0x78 .\CortexM3\ARM_GCC_473\Debug\PSoC_2_Pi.a(CyDmac.o)
                0x000074d0                CyDmaTdAllocate
 .text.CyDmaTdSetConfiguration
                0x00007548       0x7c .\CortexM3\ARM_GCC_473\Debug\PSoC_2_Pi.a(CyDmac.o)
                0x00007548                CyDmaTdSetConfiguration
 .text.CyDmaTdSetAddress
                0x000075c4       0x68 .\CortexM3\ARM_GCC_473\Debug\PSoC_2_Pi.a(CyDmac.o)
                0x000075c4                CyDmaTdSetAddress
 .text.CyHalt   0x0000762c       0x18 .\CortexM3\ARM_GCC_473\Debug\PSoC_2_Pi.a(CyLib.o)
                0x0000762c                CyHalt
 .text.CySoftwareReset
                0x00007644       0x28 .\CortexM3\ARM_GCC_473\Debug\PSoC_2_Pi.a(CyLib.o)
                0x00007644                CySoftwareReset
 .text.CyDelayUs
                0x0000766c       0x28 .\CortexM3\ARM_GCC_473\Debug\PSoC_2_Pi.a(CyLib.o)
                0x0000766c                CyDelayUs
 .text.CyIntSetVector
                0x00007694       0x60 .\CortexM3\ARM_GCC_473\Debug\PSoC_2_Pi.a(CyLib.o)
                0x00007694                CyIntSetVector
 .text.CyIntSetPriority
                0x000076f4       0x4c .\CortexM3\ARM_GCC_473\Debug\PSoC_2_Pi.a(CyLib.o)
                0x000076f4                CyIntSetPriority
 .text.PWM_1_Start
                0x00007740       0x2c .\CortexM3\ARM_GCC_473\Debug\PSoC_2_Pi.a(PWM_1.o)
                0x00007740                PWM_1_Start
 .text.PWM_1_Init
                0x0000776c       0xbc .\CortexM3\ARM_GCC_473\Debug\PSoC_2_Pi.a(PWM_1.o)
                0x0000776c                PWM_1_Init
 .text.PWM_1_Enable
                0x00007828       0x28 .\CortexM3\ARM_GCC_473\Debug\PSoC_2_Pi.a(PWM_1.o)
                0x00007828                PWM_1_Enable
 .text.PWM_1_Stop
                0x00007850       0x28 .\CortexM3\ARM_GCC_473\Debug\PSoC_2_Pi.a(PWM_1.o)
                0x00007850                PWM_1_Stop
 .text.PWM_1_WriteCounter
                0x00007878       0x20 .\CortexM3\ARM_GCC_473\Debug\PSoC_2_Pi.a(PWM_1.o)
                0x00007878                PWM_1_WriteCounter
 .text.PWM_1_ReadCounter
                0x00007898       0x24 .\CortexM3\ARM_GCC_473\Debug\PSoC_2_Pi.a(PWM_1.o)
                0x00007898                PWM_1_ReadCounter
 .text.PWM_1_ClearFIFO
                0x000078bc       0x1c .\CortexM3\ARM_GCC_473\Debug\PSoC_2_Pi.a(PWM_1.o)
                0x000078bc                PWM_1_ClearFIFO
 .text.PWM_1_WritePeriod
                0x000078d8       0x20 .\CortexM3\ARM_GCC_473\Debug\PSoC_2_Pi.a(PWM_1.o)
                0x000078d8                PWM_1_WritePeriod
 .text.PWM_1_WriteCompare
                0x000078f8       0x20 .\CortexM3\ARM_GCC_473\Debug\PSoC_2_Pi.a(PWM_1.o)
                0x000078f8                PWM_1_WriteCompare
 .text.PWM_1_SetInterruptMode
                0x00007918       0x20 .\CortexM3\ARM_GCC_473\Debug\PSoC_2_Pi.a(PWM_1.o)
                0x00007918                PWM_1_SetInterruptMode
 .text.PWM_1_ReadStatusRegister
                0x00007938       0x20 .\CortexM3\ARM_GCC_473\Debug\PSoC_2_Pi.a(PWM_1.o)
                0x00007938                PWM_1_ReadStatusRegister
 .text.PWM_1_ReadControlRegister
                0x00007958       0x20 .\CortexM3\ARM_GCC_473\Debug\PSoC_2_Pi.a(PWM_1.o)
                0x00007958                PWM_1_ReadControlRegister
 .text.PWM_1_WriteControlRegister
                0x00007978       0x20 .\CortexM3\ARM_GCC_473\Debug\PSoC_2_Pi.a(PWM_1.o)
                0x00007978                PWM_1_WriteControlRegister
 .text.PWM_1_ReadCapture
                0x00007998       0x18 .\CortexM3\ARM_GCC_473\Debug\PSoC_2_Pi.a(PWM_1.o)
                0x00007998                PWM_1_ReadCapture
 .text.PWM_1_ReadCompare
                0x000079b0       0x18 .\CortexM3\ARM_GCC_473\Debug\PSoC_2_Pi.a(PWM_1.o)
                0x000079b0                PWM_1_ReadCompare
 .text.PWM_1_ReadPeriod
                0x000079c8       0x18 .\CortexM3\ARM_GCC_473\Debug\PSoC_2_Pi.a(PWM_1.o)
                0x000079c8                PWM_1_ReadPeriod
 .text.PWM_1_SaveConfig
                0x000079e0       0x54 .\CortexM3\ARM_GCC_473\Debug\PSoC_2_Pi.a(PWM_1_PM.o)
                0x000079e0                PWM_1_SaveConfig
 .text.PWM_1_RestoreConfig
                0x00007a34       0x4c .\CortexM3\ARM_GCC_473\Debug\PSoC_2_Pi.a(PWM_1_PM.o)
                0x00007a34                PWM_1_RestoreConfig
 .text.PWM_1_Sleep
                0x00007a80       0x40 .\CortexM3\ARM_GCC_473\Debug\PSoC_2_Pi.a(PWM_1_PM.o)
                0x00007a80                PWM_1_Sleep
 .text.PWM_1_Wakeup
                0x00007ac0       0x1c .\CortexM3\ARM_GCC_473\Debug\PSoC_2_Pi.a(PWM_1_PM.o)
                0x00007ac0                PWM_1_Wakeup
 .text.ADC_SAR_1_Start
                0x00007adc       0x2c .\CortexM3\ARM_GCC_473\Debug\PSoC_2_Pi.a(ADC_SAR_1.o)
                0x00007adc                ADC_SAR_1_Start
 .text.ADC_SAR_1_Init
                0x00007b08       0x5c .\CortexM3\ARM_GCC_473\Debug\PSoC_2_Pi.a(ADC_SAR_1.o)
                0x00007b08                ADC_SAR_1_Init
 .text.ADC_SAR_1_Enable
                0x00007b64      0x14c .\CortexM3\ARM_GCC_473\Debug\PSoC_2_Pi.a(ADC_SAR_1.o)
                0x00007b64                ADC_SAR_1_Enable
 .text.ADC_SAR_1_Stop
                0x00007cb0       0xac .\CortexM3\ARM_GCC_473\Debug\PSoC_2_Pi.a(ADC_SAR_1.o)
                0x00007cb0                ADC_SAR_1_Stop
 .text.ADC_SAR_1_SetResolution
                0x00007d5c       0x60 .\CortexM3\ARM_GCC_473\Debug\PSoC_2_Pi.a(ADC_SAR_1.o)
                0x00007d5c                ADC_SAR_1_SetResolution
 .text.ADC_SAR_1_StartConvert
                0x00007dbc       0x28 .\CortexM3\ARM_GCC_473\Debug\PSoC_2_Pi.a(ADC_SAR_1.o)
                0x00007dbc                ADC_SAR_1_StartConvert
 .text.ADC_SAR_1_StopConvert
                0x00007de4       0x28 .\CortexM3\ARM_GCC_473\Debug\PSoC_2_Pi.a(ADC_SAR_1.o)
                0x00007de4                ADC_SAR_1_StopConvert
 .text.ADC_SAR_1_IsEndConversion
                0x00007e0c       0x4c .\CortexM3\ARM_GCC_473\Debug\PSoC_2_Pi.a(ADC_SAR_1.o)
                0x00007e0c                ADC_SAR_1_IsEndConversion
 .text.ADC_SAR_1_GetResult16
                0x00007e58       0x38 .\CortexM3\ARM_GCC_473\Debug\PSoC_2_Pi.a(ADC_SAR_1.o)
                0x00007e58                ADC_SAR_1_GetResult16
 .text.ADC_SAR_1_SetOffset
                0x00007e90       0x20 .\CortexM3\ARM_GCC_473\Debug\PSoC_2_Pi.a(ADC_SAR_1.o)
                0x00007e90                ADC_SAR_1_SetOffset
 .text.ADC_SAR_1_CalcGain
                0x00007eb0       0x94 .\CortexM3\ARM_GCC_473\Debug\PSoC_2_Pi.a(ADC_SAR_1.o)
 .text.ADC_SAR_1_SetGain
                0x00007f44       0x30 .\CortexM3\ARM_GCC_473\Debug\PSoC_2_Pi.a(ADC_SAR_1.o)
                0x00007f44                ADC_SAR_1_SetGain
 .text.ADC_SAR_1_CountsTo_uVolts
                0x00007f74       0xa8 .\CortexM3\ARM_GCC_473\Debug\PSoC_2_Pi.a(ADC_SAR_1.o)
                0x00007f74                ADC_SAR_1_CountsTo_uVolts
 .text.ADC_SAR_1_ISR
                0x0000801c        0xc .\CortexM3\ARM_GCC_473\Debug\PSoC_2_Pi.a(ADC_SAR_1_INT.o)
                0x0000801c                ADC_SAR_1_ISR
 .text.ADC_SAR_1_Sleep
                0x00008028       0x60 .\CortexM3\ARM_GCC_473\Debug\PSoC_2_Pi.a(ADC_SAR_1_PM.o)
                0x00008028                ADC_SAR_1_Sleep
 .text.ADC_SAR_1_Wakeup
                0x00008088       0x30 .\CortexM3\ARM_GCC_473\Debug\PSoC_2_Pi.a(ADC_SAR_1_PM.o)
                0x00008088                ADC_SAR_1_Wakeup
 .text.ADC_SAR_2_Start
                0x000080b8       0x2c .\CortexM3\ARM_GCC_473\Debug\PSoC_2_Pi.a(ADC_SAR_2.o)
                0x000080b8                ADC_SAR_2_Start
 .text.ADC_SAR_2_Init
                0x000080e4       0x5c .\CortexM3\ARM_GCC_473\Debug\PSoC_2_Pi.a(ADC_SAR_2.o)
                0x000080e4                ADC_SAR_2_Init
 .text.ADC_SAR_2_Enable
                0x00008140      0x14c .\CortexM3\ARM_GCC_473\Debug\PSoC_2_Pi.a(ADC_SAR_2.o)
                0x00008140                ADC_SAR_2_Enable
 .text.ADC_SAR_2_Stop
                0x0000828c       0xac .\CortexM3\ARM_GCC_473\Debug\PSoC_2_Pi.a(ADC_SAR_2.o)
                0x0000828c                ADC_SAR_2_Stop
 .text.ADC_SAR_2_SetResolution
                0x00008338       0x60 .\CortexM3\ARM_GCC_473\Debug\PSoC_2_Pi.a(ADC_SAR_2.o)
                0x00008338                ADC_SAR_2_SetResolution
 .text.ADC_SAR_2_StartConvert
                0x00008398       0x28 .\CortexM3\ARM_GCC_473\Debug\PSoC_2_Pi.a(ADC_SAR_2.o)
                0x00008398                ADC_SAR_2_StartConvert
 .text.ADC_SAR_2_StopConvert
                0x000083c0       0x28 .\CortexM3\ARM_GCC_473\Debug\PSoC_2_Pi.a(ADC_SAR_2.o)
                0x000083c0                ADC_SAR_2_StopConvert
 .text.ADC_SAR_2_IsEndConversion
                0x000083e8       0x4c .\CortexM3\ARM_GCC_473\Debug\PSoC_2_Pi.a(ADC_SAR_2.o)
                0x000083e8                ADC_SAR_2_IsEndConversion
 .text.ADC_SAR_2_GetResult16
                0x00008434       0x38 .\CortexM3\ARM_GCC_473\Debug\PSoC_2_Pi.a(ADC_SAR_2.o)
                0x00008434                ADC_SAR_2_GetResult16
 .text.ADC_SAR_2_SetOffset
                0x0000846c       0x20 .\CortexM3\ARM_GCC_473\Debug\PSoC_2_Pi.a(ADC_SAR_2.o)
                0x0000846c                ADC_SAR_2_SetOffset
 .text.ADC_SAR_2_CalcGain
                0x0000848c       0x94 .\CortexM3\ARM_GCC_473\Debug\PSoC_2_Pi.a(ADC_SAR_2.o)
 .text.ADC_SAR_2_SetGain
                0x00008520       0x30 .\CortexM3\ARM_GCC_473\Debug\PSoC_2_Pi.a(ADC_SAR_2.o)
                0x00008520                ADC_SAR_2_SetGain
 .text.ADC_SAR_2_CountsTo_uVolts
                0x00008550       0xa8 .\CortexM3\ARM_GCC_473\Debug\PSoC_2_Pi.a(ADC_SAR_2.o)
                0x00008550                ADC_SAR_2_CountsTo_uVolts
 .text.ADC_SAR_2_ISR
                0x000085f8        0xc .\CortexM3\ARM_GCC_473\Debug\PSoC_2_Pi.a(ADC_SAR_2_INT.o)
                0x000085f8                ADC_SAR_2_ISR
 .text.ADC_SAR_2_Sleep
                0x00008604       0x60 .\CortexM3\ARM_GCC_473\Debug\PSoC_2_Pi.a(ADC_SAR_2_PM.o)
                0x00008604                ADC_SAR_2_Sleep
 .text.ADC_SAR_2_Wakeup
                0x00008664       0x30 .\CortexM3\ARM_GCC_473\Debug\PSoC_2_Pi.a(ADC_SAR_2_PM.o)
                0x00008664                ADC_SAR_2_Wakeup
 .text.ADC_SAR_1_theACLK_SetModeRegister
                0x00008694       0x3c .\CortexM3\ARM_GCC_473\Debug\PSoC_2_Pi.a(ADC_SAR_1_theACLK.o)
                0x00008694                ADC_SAR_1_theACLK_SetModeRegister
 .text.ADC_SAR_2_theACLK_SetModeRegister
                0x000086d0       0x3c .\CortexM3\ARM_GCC_473\Debug\PSoC_2_Pi.a(ADC_SAR_2_theACLK.o)
                0x000086d0                ADC_SAR_2_theACLK_SetModeRegister
 .text.VDAC8_1_Init
                0x0000870c       0x34 .\CortexM3\ARM_GCC_473\Debug\PSoC_2_Pi.a(VDAC8_1.o)
                0x0000870c                VDAC8_1_Init
 .text.VDAC8_1_Enable
                0x00008740       0x44 .\CortexM3\ARM_GCC_473\Debug\PSoC_2_Pi.a(VDAC8_1.o)
                0x00008740                VDAC8_1_Enable
 .text.VDAC8_1_Start
                0x00008784       0x34 .\CortexM3\ARM_GCC_473\Debug\PSoC_2_Pi.a(VDAC8_1.o)
                0x00008784                VDAC8_1_Start
 .text.VDAC8_1_Stop
                0x000087b8       0x44 .\CortexM3\ARM_GCC_473\Debug\PSoC_2_Pi.a(VDAC8_1.o)
                0x000087b8                VDAC8_1_Stop
 .text.VDAC8_1_SetSpeed
                0x000087fc       0x54 .\CortexM3\ARM_GCC_473\Debug\PSoC_2_Pi.a(VDAC8_1.o)
                0x000087fc                VDAC8_1_SetSpeed
 .text.VDAC8_1_SetRange
                0x00008850       0x54 .\CortexM3\ARM_GCC_473\Debug\PSoC_2_Pi.a(VDAC8_1.o)
                0x00008850                VDAC8_1_SetRange
 .text.VDAC8_1_SetValue
                0x000088a4       0x20 .\CortexM3\ARM_GCC_473\Debug\PSoC_2_Pi.a(VDAC8_1.o)
                0x000088a4                VDAC8_1_SetValue
 .text.VDAC8_1_DacTrim
                0x000088c4       0x44 .\CortexM3\ARM_GCC_473\Debug\PSoC_2_Pi.a(VDAC8_1.o)
                0x000088c4                VDAC8_1_DacTrim
 .text.VDAC8_1_SaveConfig
                0x00008908       0x34 .\CortexM3\ARM_GCC_473\Debug\PSoC_2_Pi.a(VDAC8_1_PM.o)
                0x00008908                VDAC8_1_SaveConfig
 .text.VDAC8_1_RestoreConfig
                0x0000893c       0x94 .\CortexM3\ARM_GCC_473\Debug\PSoC_2_Pi.a(VDAC8_1_PM.o)
                0x0000893c                VDAC8_1_RestoreConfig
 .text.VDAC8_1_Sleep
                0x000089d0       0x40 .\CortexM3\ARM_GCC_473\Debug\PSoC_2_Pi.a(VDAC8_1_PM.o)
                0x000089d0                VDAC8_1_Sleep
 .text.VDAC8_1_Wakeup
                0x00008a10       0x30 .\CortexM3\ARM_GCC_473\Debug\PSoC_2_Pi.a(VDAC8_1_PM.o)
                0x00008a10                VDAC8_1_Wakeup
 .text.VDAC8_2_Init
                0x00008a40       0x34 .\CortexM3\ARM_GCC_473\Debug\PSoC_2_Pi.a(VDAC8_2.o)
                0x00008a40                VDAC8_2_Init
 .text.VDAC8_2_Enable
                0x00008a74       0x44 .\CortexM3\ARM_GCC_473\Debug\PSoC_2_Pi.a(VDAC8_2.o)
                0x00008a74                VDAC8_2_Enable
 .text.VDAC8_2_Start
                0x00008ab8       0x34 .\CortexM3\ARM_GCC_473\Debug\PSoC_2_Pi.a(VDAC8_2.o)
                0x00008ab8                VDAC8_2_Start
 .text.VDAC8_2_Stop
                0x00008aec       0x44 .\CortexM3\ARM_GCC_473\Debug\PSoC_2_Pi.a(VDAC8_2.o)
                0x00008aec                VDAC8_2_Stop
 .text.VDAC8_2_SetSpeed
                0x00008b30       0x54 .\CortexM3\ARM_GCC_473\Debug\PSoC_2_Pi.a(VDAC8_2.o)
                0x00008b30                VDAC8_2_SetSpeed
 .text.VDAC8_2_SetRange
                0x00008b84       0x54 .\CortexM3\ARM_GCC_473\Debug\PSoC_2_Pi.a(VDAC8_2.o)
                0x00008b84                VDAC8_2_SetRange
 .text.VDAC8_2_SetValue
                0x00008bd8       0x20 .\CortexM3\ARM_GCC_473\Debug\PSoC_2_Pi.a(VDAC8_2.o)
                0x00008bd8                VDAC8_2_SetValue
 .text.VDAC8_2_DacTrim
                0x00008bf8       0x44 .\CortexM3\ARM_GCC_473\Debug\PSoC_2_Pi.a(VDAC8_2.o)
                0x00008bf8                VDAC8_2_DacTrim
 .text.VDAC8_2_SaveConfig
                0x00008c3c       0x34 .\CortexM3\ARM_GCC_473\Debug\PSoC_2_Pi.a(VDAC8_2_PM.o)
                0x00008c3c                VDAC8_2_SaveConfig
 .text.VDAC8_2_RestoreConfig
                0x00008c70       0x94 .\CortexM3\ARM_GCC_473\Debug\PSoC_2_Pi.a(VDAC8_2_PM.o)
                0x00008c70                VDAC8_2_RestoreConfig
 .text.VDAC8_2_Sleep
                0x00008d04       0x40 .\CortexM3\ARM_GCC_473\Debug\PSoC_2_Pi.a(VDAC8_2_PM.o)
                0x00008d04                VDAC8_2_Sleep
 .text.VDAC8_2_Wakeup
                0x00008d44       0x30 .\CortexM3\ARM_GCC_473\Debug\PSoC_2_Pi.a(VDAC8_2_PM.o)
                0x00008d44                VDAC8_2_Wakeup
 .text.IDAC8_1_Init
                0x00008d74       0x4c .\CortexM3\ARM_GCC_473\Debug\PSoC_2_Pi.a(IDAC8_1.o)
                0x00008d74                IDAC8_1_Init
 .text.IDAC8_1_Enable
                0x00008dc0       0x44 .\CortexM3\ARM_GCC_473\Debug\PSoC_2_Pi.a(IDAC8_1.o)
                0x00008dc0                IDAC8_1_Enable
 .text.IDAC8_1_Start
                0x00008e04       0x34 .\CortexM3\ARM_GCC_473\Debug\PSoC_2_Pi.a(IDAC8_1.o)
                0x00008e04                IDAC8_1_Start
 .text.IDAC8_1_Stop
                0x00008e38       0x44 .\CortexM3\ARM_GCC_473\Debug\PSoC_2_Pi.a(IDAC8_1.o)
                0x00008e38                IDAC8_1_Stop
 .text.IDAC8_1_SetSpeed
                0x00008e7c       0x54 .\CortexM3\ARM_GCC_473\Debug\PSoC_2_Pi.a(IDAC8_1.o)
                0x00008e7c                IDAC8_1_SetSpeed
 .text.IDAC8_1_SetPolarity
                0x00008ed0       0x54 .\CortexM3\ARM_GCC_473\Debug\PSoC_2_Pi.a(IDAC8_1.o)
                0x00008ed0                IDAC8_1_SetPolarity
 .text.IDAC8_1_SetRange
                0x00008f24       0x54 .\CortexM3\ARM_GCC_473\Debug\PSoC_2_Pi.a(IDAC8_1.o)
                0x00008f24                IDAC8_1_SetRange
 .text.IDAC8_1_SetValue
                0x00008f78       0x20 .\CortexM3\ARM_GCC_473\Debug\PSoC_2_Pi.a(IDAC8_1.o)
                0x00008f78                IDAC8_1_SetValue
 .text.IDAC8_1_DacTrim
                0x00008f98       0x5c .\CortexM3\ARM_GCC_473\Debug\PSoC_2_Pi.a(IDAC8_1.o)
                0x00008f98                IDAC8_1_DacTrim
 .text.IDAC8_1_SaveConfig
                0x00008ff4       0x34 .\CortexM3\ARM_GCC_473\Debug\PSoC_2_Pi.a(IDAC8_1_PM.o)
                0x00008ff4                IDAC8_1_SaveConfig
 .text.IDAC8_1_RestoreConfig
                0x00009028       0x94 .\CortexM3\ARM_GCC_473\Debug\PSoC_2_Pi.a(IDAC8_1_PM.o)
                0x00009028                IDAC8_1_RestoreConfig
 .text.IDAC8_1_Sleep
                0x000090bc       0x40 .\CortexM3\ARM_GCC_473\Debug\PSoC_2_Pi.a(IDAC8_1_PM.o)
                0x000090bc                IDAC8_1_Sleep
 .text.IDAC8_1_Wakeup
                0x000090fc       0x30 .\CortexM3\ARM_GCC_473\Debug\PSoC_2_Pi.a(IDAC8_1_PM.o)
                0x000090fc                IDAC8_1_Wakeup
 .text.WaveDAC_clk_Start
                0x0000912c       0x44 .\CortexM3\ARM_GCC_473\Debug\PSoC_2_Pi.a(WaveDAC_clk.o)
                0x0000912c                WaveDAC_clk_Start
 .text.WaveDAC_clk_Stop
                0x00009170       0x44 .\CortexM3\ARM_GCC_473\Debug\PSoC_2_Pi.a(WaveDAC_clk.o)
                0x00009170                WaveDAC_clk_Stop
 .text.WaveDAC_clk_SetDividerRegister
                0x000091b4      0x1e8 .\CortexM3\ARM_GCC_473\Debug\PSoC_2_Pi.a(WaveDAC_clk.o)
                0x000091b4                WaveDAC_clk_SetDividerRegister
 .text.WaveDAC_clk_GetDividerRegister
                0x0000939c       0x18 .\CortexM3\ARM_GCC_473\Debug\PSoC_2_Pi.a(WaveDAC_clk.o)
                0x0000939c                WaveDAC_clk_GetDividerRegister
 .text.WaveDAC_clk_GetSourceRegister
                0x000093b4       0x20 .\CortexM3\ARM_GCC_473\Debug\PSoC_2_Pi.a(WaveDAC_clk.o)
                0x000093b4                WaveDAC_clk_GetSourceRegister
 .text.WaveDAC8_1_Init
                0x000093d4       0x64 .\CortexM3\ARM_GCC_473\Debug\PSoC_2_Pi.a(WaveDAC8_1.o)
                0x000093d4                WaveDAC8_1_Init
 .text.WaveDAC8_1_Enable
                0x00009438       0x40 .\CortexM3\ARM_GCC_473\Debug\PSoC_2_Pi.a(WaveDAC8_1.o)
                0x00009438                WaveDAC8_1_Enable
 .text.WaveDAC8_1_Start
                0x00009478       0x2c .\CortexM3\ARM_GCC_473\Debug\PSoC_2_Pi.a(WaveDAC8_1.o)
                0x00009478                WaveDAC8_1_Start
 .text.WaveDAC8_1_Stop
                0x000094a4       0x2c .\CortexM3\ARM_GCC_473\Debug\PSoC_2_Pi.a(WaveDAC8_1.o)
                0x000094a4                WaveDAC8_1_Stop
 .text.WaveDAC8_1_Wave1Setup
                0x000094d0       0x98 .\CortexM3\ARM_GCC_473\Debug\PSoC_2_Pi.a(WaveDAC8_1.o)
                0x000094d0                WaveDAC8_1_Wave1Setup
 .text.WaveDAC8_1_Wave2Setup
                0x00009568       0x98 .\CortexM3\ARM_GCC_473\Debug\PSoC_2_Pi.a(WaveDAC8_1.o)
                0x00009568                WaveDAC8_1_Wave2Setup
 .text.WaveDAC8_1_Sleep
                0x00009600       0x38 .\CortexM3\ARM_GCC_473\Debug\PSoC_2_Pi.a(WaveDAC8_1_PM.o)
                0x00009600                WaveDAC8_1_Sleep
 .text.WaveDAC8_1_Wakeup
                0x00009638       0x1c .\CortexM3\ARM_GCC_473\Debug\PSoC_2_Pi.a(WaveDAC8_1_PM.o)
                0x00009638                WaveDAC8_1_Wakeup
 .text.WaveDAC8_1_Wave1_DMA_DmaInitialize
                0x00009654       0x84 .\CortexM3\ARM_GCC_473\Debug\PSoC_2_Pi.a(WaveDAC8_1_Wave1_DMA_dma.o)
                0x00009654                WaveDAC8_1_Wave1_DMA_DmaInitialize
 .text.WaveDAC8_1_Wave2_DMA_DmaInitialize
                0x000096d8       0x84 .\CortexM3\ARM_GCC_473\Debug\PSoC_2_Pi.a(WaveDAC8_1_Wave2_DMA_dma.o)
                0x000096d8                WaveDAC8_1_Wave2_DMA_DmaInitialize
 .text.WaveDAC8_1_VDAC8_Init
                0x0000975c       0x50 .\CortexM3\ARM_GCC_473\Debug\PSoC_2_Pi.a(WaveDAC8_1_VDAC8.o)
                0x0000975c                WaveDAC8_1_VDAC8_Init
 .text.WaveDAC8_1_VDAC8_Enable
                0x000097ac       0x44 .\CortexM3\ARM_GCC_473\Debug\PSoC_2_Pi.a(WaveDAC8_1_VDAC8.o)
                0x000097ac                WaveDAC8_1_VDAC8_Enable
 .text.WaveDAC8_1_VDAC8_Stop
                0x000097f0       0x44 .\CortexM3\ARM_GCC_473\Debug\PSoC_2_Pi.a(WaveDAC8_1_VDAC8.o)
                0x000097f0                WaveDAC8_1_VDAC8_Stop
 .text.WaveDAC8_1_VDAC8_SetSpeed
                0x00009834       0x54 .\CortexM3\ARM_GCC_473\Debug\PSoC_2_Pi.a(WaveDAC8_1_VDAC8.o)
                0x00009834                WaveDAC8_1_VDAC8_SetSpeed
 .text.WaveDAC8_1_VDAC8_SetRange
                0x00009888       0x54 .\CortexM3\ARM_GCC_473\Debug\PSoC_2_Pi.a(WaveDAC8_1_VDAC8.o)
                0x00009888                WaveDAC8_1_VDAC8_SetRange
 .text.WaveDAC8_1_VDAC8_SetValue
                0x000098dc       0x20 .\CortexM3\ARM_GCC_473\Debug\PSoC_2_Pi.a(WaveDAC8_1_VDAC8.o)
                0x000098dc                WaveDAC8_1_VDAC8_SetValue
 .text.WaveDAC8_1_VDAC8_DacTrim
                0x000098fc       0x44 .\CortexM3\ARM_GCC_473\Debug\PSoC_2_Pi.a(WaveDAC8_1_VDAC8.o)
                0x000098fc                WaveDAC8_1_VDAC8_DacTrim
 .text.WaveDAC8_1_VDAC8_SaveConfig
                0x00009940       0x34 .\CortexM3\ARM_GCC_473\Debug\PSoC_2_Pi.a(WaveDAC8_1_VDAC8_PM.o)
                0x00009940                WaveDAC8_1_VDAC8_SaveConfig
 .text.WaveDAC8_1_VDAC8_RestoreConfig
                0x00009974       0x94 .\CortexM3\ARM_GCC_473\Debug\PSoC_2_Pi.a(WaveDAC8_1_VDAC8_PM.o)
                0x00009974                WaveDAC8_1_VDAC8_RestoreConfig
 .text.Control_Reg_1_Write
                0x00009a08       0x20 .\CortexM3\ARM_GCC_473\Debug\PSoC_2_Pi.a(Control_Reg_1.o)
                0x00009a08                Control_Reg_1_Write
 .text.Control_Reg_1_Read
                0x00009a28       0x18 .\CortexM3\ARM_GCC_473\Debug\PSoC_2_Pi.a(Control_Reg_1.o)
                0x00009a28                Control_Reg_1_Read
 .text.Status_Reg_1_Read
                0x00009a40       0x18 .\CortexM3\ARM_GCC_473\Debug\PSoC_2_Pi.a(Status_Reg_1.o)
                0x00009a40                Status_Reg_1_Read
 .text.ADC_DelSig_1_Init
                0x00009a58      0x190 .\CortexM3\ARM_GCC_473\Debug\PSoC_2_Pi.a(ADC_DelSig_1.o)
                0x00009a58                ADC_DelSig_1_Init
 .text.ADC_DelSig_1_Enable
                0x00009be8      0x1e4 .\CortexM3\ARM_GCC_473\Debug\PSoC_2_Pi.a(ADC_DelSig_1.o)
                0x00009be8                ADC_DelSig_1_Enable
 .text.ADC_DelSig_1_Start
                0x00009dcc       0x3c .\CortexM3\ARM_GCC_473\Debug\PSoC_2_Pi.a(ADC_DelSig_1.o)
                0x00009dcc                ADC_DelSig_1_Start
 .text.ADC_DelSig_1_Stop
                0x00009e08      0x220 .\CortexM3\ARM_GCC_473\Debug\PSoC_2_Pi.a(ADC_DelSig_1.o)
                0x00009e08                ADC_DelSig_1_Stop
 .text.ADC_DelSig_1_SetBufferGain
                0x0000a028       0x48 .\CortexM3\ARM_GCC_473\Debug\PSoC_2_Pi.a(ADC_DelSig_1.o)
                0x0000a028                ADC_DelSig_1_SetBufferGain
 .text.ADC_DelSig_1_StartConvert
                0x0000a070       0x28 .\CortexM3\ARM_GCC_473\Debug\PSoC_2_Pi.a(ADC_DelSig_1.o)
                0x0000a070                ADC_DelSig_1_StartConvert
 .text.ADC_DelSig_1_StopConvert
                0x0000a098       0x28 .\CortexM3\ARM_GCC_473\Debug\PSoC_2_Pi.a(ADC_DelSig_1.o)
                0x0000a098                ADC_DelSig_1_StopConvert
 .text.ADC_DelSig_1_IsEndConversion
                0x0000a0c0       0x54 .\CortexM3\ARM_GCC_473\Debug\PSoC_2_Pi.a(ADC_DelSig_1.o)
                0x0000a0c0                ADC_DelSig_1_IsEndConversion
 .text.ADC_DelSig_1_GetResult32
                0x0000a114       0xd8 .\CortexM3\ARM_GCC_473\Debug\PSoC_2_Pi.a(ADC_DelSig_1.o)
                0x0000a114                ADC_DelSig_1_GetResult32
 .text.ADC_DelSig_1_SetOffset
                0x0000a1ec       0x20 .\CortexM3\ARM_GCC_473\Debug\PSoC_2_Pi.a(ADC_DelSig_1.o)
                0x0000a1ec                ADC_DelSig_1_SetOffset
 .text.ADC_DelSig_1_SetGain
                0x0000a20c       0x20 .\CortexM3\ARM_GCC_473\Debug\PSoC_2_Pi.a(ADC_DelSig_1.o)
                0x0000a20c                ADC_DelSig_1_SetGain
 .text.ADC_DelSig_1_CountsTo_uVolts
                0x0000a22c       0xc4 .\CortexM3\ARM_GCC_473\Debug\PSoC_2_Pi.a(ADC_DelSig_1.o)
                0x0000a22c                ADC_DelSig_1_CountsTo_uVolts
 .text.ADC_DelSig_1_InitConfig
                0x0000a2f0      0x1e8 .\CortexM3\ARM_GCC_473\Debug\PSoC_2_Pi.a(ADC_DelSig_1.o)
 .text.ADC_DelSig_1_GainCompensation
                0x0000a4d8      0x19c .\CortexM3\ARM_GCC_473\Debug\PSoC_2_Pi.a(ADC_DelSig_1.o)
 .text.ADC_DelSig_1_SetDSMRef0Reg
                0x0000a674       0xa8 .\CortexM3\ARM_GCC_473\Debug\PSoC_2_Pi.a(ADC_DelSig_1.o)
 .text.ADC_DelSig_1_Read32
                0x0000a71c       0x44 .\CortexM3\ARM_GCC_473\Debug\PSoC_2_Pi.a(ADC_DelSig_1.o)
                0x0000a71c                ADC_DelSig_1_Read32
 .text.ADC_DelSig_1_SaveConfig
                0x0000a760       0x20 .\CortexM3\ARM_GCC_473\Debug\PSoC_2_Pi.a(ADC_DelSig_1_PM.o)
                0x0000a760                ADC_DelSig_1_SaveConfig
 .text.ADC_DelSig_1_RestoreConfig
                0x0000a780       0x20 .\CortexM3\ARM_GCC_473\Debug\PSoC_2_Pi.a(ADC_DelSig_1_PM.o)
                0x0000a780                ADC_DelSig_1_RestoreConfig
 .text.ADC_DelSig_1_Sleep
                0x0000a7a0       0x84 .\CortexM3\ARM_GCC_473\Debug\PSoC_2_Pi.a(ADC_DelSig_1_PM.o)
                0x0000a7a0                ADC_DelSig_1_Sleep
 .text.ADC_DelSig_1_Wakeup
                0x0000a824       0x34 .\CortexM3\ARM_GCC_473\Debug\PSoC_2_Pi.a(ADC_DelSig_1_PM.o)
                0x0000a824                ADC_DelSig_1_Wakeup
 .text.ADC_DelSig_1_ISR1
                0x0000a858        0xc .\CortexM3\ARM_GCC_473\Debug\PSoC_2_Pi.a(ADC_DelSig_1_INT.o)
                0x0000a858                ADC_DelSig_1_ISR1
 .text.PWM_2_Start
                0x0000a864       0x2c .\CortexM3\ARM_GCC_473\Debug\PSoC_2_Pi.a(PWM_2.o)
                0x0000a864                PWM_2_Start
 .text.PWM_2_Init
                0x0000a890       0xbc .\CortexM3\ARM_GCC_473\Debug\PSoC_2_Pi.a(PWM_2.o)
                0x0000a890                PWM_2_Init
 .text.PWM_2_Enable
                0x0000a94c       0x28 .\CortexM3\ARM_GCC_473\Debug\PSoC_2_Pi.a(PWM_2.o)
                0x0000a94c                PWM_2_Enable
 .text.PWM_2_Stop
                0x0000a974       0x28 .\CortexM3\ARM_GCC_473\Debug\PSoC_2_Pi.a(PWM_2.o)
                0x0000a974                PWM_2_Stop
 .text.PWM_2_WriteCounter
                0x0000a99c       0x20 .\CortexM3\ARM_GCC_473\Debug\PSoC_2_Pi.a(PWM_2.o)
                0x0000a99c                PWM_2_WriteCounter
 .text.PWM_2_ReadCounter
                0x0000a9bc       0x24 .\CortexM3\ARM_GCC_473\Debug\PSoC_2_Pi.a(PWM_2.o)
                0x0000a9bc                PWM_2_ReadCounter
 .text.PWM_2_ClearFIFO
                0x0000a9e0       0x1c .\CortexM3\ARM_GCC_473\Debug\PSoC_2_Pi.a(PWM_2.o)
                0x0000a9e0                PWM_2_ClearFIFO
 .text.PWM_2_WritePeriod
                0x0000a9fc       0x20 .\CortexM3\ARM_GCC_473\Debug\PSoC_2_Pi.a(PWM_2.o)
                0x0000a9fc                PWM_2_WritePeriod
 .text.PWM_2_WriteCompare
                0x0000aa1c       0x20 .\CortexM3\ARM_GCC_473\Debug\PSoC_2_Pi.a(PWM_2.o)
                0x0000aa1c                PWM_2_WriteCompare
 .text.PWM_2_SetInterruptMode
                0x0000aa3c       0x20 .\CortexM3\ARM_GCC_473\Debug\PSoC_2_Pi.a(PWM_2.o)
                0x0000aa3c                PWM_2_SetInterruptMode
 .text.PWM_2_ReadStatusRegister
                0x0000aa5c       0x20 .\CortexM3\ARM_GCC_473\Debug\PSoC_2_Pi.a(PWM_2.o)
                0x0000aa5c                PWM_2_ReadStatusRegister
 .text.PWM_2_ReadControlRegister
                0x0000aa7c       0x20 .\CortexM3\ARM_GCC_473\Debug\PSoC_2_Pi.a(PWM_2.o)
                0x0000aa7c                PWM_2_ReadControlRegister
 .text.PWM_2_WriteControlRegister
                0x0000aa9c       0x20 .\CortexM3\ARM_GCC_473\Debug\PSoC_2_Pi.a(PWM_2.o)
                0x0000aa9c                PWM_2_WriteControlRegister
 .text.PWM_2_ReadCapture
                0x0000aabc       0x18 .\CortexM3\ARM_GCC_473\Debug\PSoC_2_Pi.a(PWM_2.o)
                0x0000aabc                PWM_2_ReadCapture
 .text.PWM_2_ReadCompare
                0x0000aad4       0x18 .\CortexM3\ARM_GCC_473\Debug\PSoC_2_Pi.a(PWM_2.o)
                0x0000aad4                PWM_2_ReadCompare
 .text.PWM_2_ReadPeriod
                0x0000aaec       0x18 .\CortexM3\ARM_GCC_473\Debug\PSoC_2_Pi.a(PWM_2.o)
                0x0000aaec                PWM_2_ReadPeriod
 .text.PWM_2_SaveConfig
                0x0000ab04       0x54 .\CortexM3\ARM_GCC_473\Debug\PSoC_2_Pi.a(PWM_2_PM.o)
                0x0000ab04                PWM_2_SaveConfig
 .text.PWM_2_RestoreConfig
                0x0000ab58       0x4c .\CortexM3\ARM_GCC_473\Debug\PSoC_2_Pi.a(PWM_2_PM.o)
                0x0000ab58                PWM_2_RestoreConfig
 .text.PWM_2_Sleep
                0x0000aba4       0x40 .\CortexM3\ARM_GCC_473\Debug\PSoC_2_Pi.a(PWM_2_PM.o)
                0x0000aba4                PWM_2_Sleep
 .text.PWM_2_Wakeup
                0x0000abe4       0x1c .\CortexM3\ARM_GCC_473\Debug\PSoC_2_Pi.a(PWM_2_PM.o)
                0x0000abe4                PWM_2_Wakeup
 .text.PWM_3_Start
                0x0000ac00       0x2c .\CortexM3\ARM_GCC_473\Debug\PSoC_2_Pi.a(PWM_3.o)
                0x0000ac00                PWM_3_Start
 .text.PWM_3_Init
                0x0000ac2c       0xbc .\CortexM3\ARM_GCC_473\Debug\PSoC_2_Pi.a(PWM_3.o)
                0x0000ac2c                PWM_3_Init
 .text.PWM_3_Enable
                0x0000ace8       0x28 .\CortexM3\ARM_GCC_473\Debug\PSoC_2_Pi.a(PWM_3.o)
                0x0000ace8                PWM_3_Enable
 .text.PWM_3_Stop
                0x0000ad10       0x28 .\CortexM3\ARM_GCC_473\Debug\PSoC_2_Pi.a(PWM_3.o)
                0x0000ad10                PWM_3_Stop
 .text.PWM_3_WriteCounter
                0x0000ad38       0x20 .\CortexM3\ARM_GCC_473\Debug\PSoC_2_Pi.a(PWM_3.o)
                0x0000ad38                PWM_3_WriteCounter
 .text.PWM_3_ReadCounter
                0x0000ad58       0x24 .\CortexM3\ARM_GCC_473\Debug\PSoC_2_Pi.a(PWM_3.o)
                0x0000ad58                PWM_3_ReadCounter
 .text.PWM_3_ClearFIFO
                0x0000ad7c       0x1c .\CortexM3\ARM_GCC_473\Debug\PSoC_2_Pi.a(PWM_3.o)
                0x0000ad7c                PWM_3_ClearFIFO
 .text.PWM_3_WritePeriod
                0x0000ad98       0x20 .\CortexM3\ARM_GCC_473\Debug\PSoC_2_Pi.a(PWM_3.o)
                0x0000ad98                PWM_3_WritePeriod
 .text.PWM_3_WriteCompare
                0x0000adb8       0x20 .\CortexM3\ARM_GCC_473\Debug\PSoC_2_Pi.a(PWM_3.o)
                0x0000adb8                PWM_3_WriteCompare
 .text.PWM_3_SetInterruptMode
                0x0000add8       0x20 .\CortexM3\ARM_GCC_473\Debug\PSoC_2_Pi.a(PWM_3.o)
                0x0000add8                PWM_3_SetInterruptMode
 .text.PWM_3_ReadStatusRegister
                0x0000adf8       0x20 .\CortexM3\ARM_GCC_473\Debug\PSoC_2_Pi.a(PWM_3.o)
                0x0000adf8                PWM_3_ReadStatusRegister
 .text.PWM_3_ReadControlRegister
                0x0000ae18       0x20 .\CortexM3\ARM_GCC_473\Debug\PSoC_2_Pi.a(PWM_3.o)
                0x0000ae18                PWM_3_ReadControlRegister
 .text.PWM_3_WriteControlRegister
                0x0000ae38       0x20 .\CortexM3\ARM_GCC_473\Debug\PSoC_2_Pi.a(PWM_3.o)
                0x0000ae38                PWM_3_WriteControlRegister
 .text.PWM_3_ReadCapture
                0x0000ae58       0x18 .\CortexM3\ARM_GCC_473\Debug\PSoC_2_Pi.a(PWM_3.o)
                0x0000ae58                PWM_3_ReadCapture
 .text.PWM_3_ReadCompare
                0x0000ae70       0x18 .\CortexM3\ARM_GCC_473\Debug\PSoC_2_Pi.a(PWM_3.o)
                0x0000ae70                PWM_3_ReadCompare
 .text.PWM_3_ReadPeriod
                0x0000ae88       0x18 .\CortexM3\ARM_GCC_473\Debug\PSoC_2_Pi.a(PWM_3.o)
                0x0000ae88                PWM_3_ReadPeriod
 .text.PWM_3_SaveConfig
                0x0000aea0       0x54 .\CortexM3\ARM_GCC_473\Debug\PSoC_2_Pi.a(PWM_3_PM.o)
                0x0000aea0                PWM_3_SaveConfig
 .text.PWM_3_RestoreConfig
                0x0000aef4       0x4c .\CortexM3\ARM_GCC_473\Debug\PSoC_2_Pi.a(PWM_3_PM.o)
                0x0000aef4                PWM_3_RestoreConfig
 .text.PWM_3_Sleep
                0x0000af40       0x40 .\CortexM3\ARM_GCC_473\Debug\PSoC_2_Pi.a(PWM_3_PM.o)
                0x0000af40                PWM_3_Sleep
 .text.PWM_3_Wakeup
                0x0000af80       0x1c .\CortexM3\ARM_GCC_473\Debug\PSoC_2_Pi.a(PWM_3_PM.o)
                0x0000af80                PWM_3_Wakeup
 .text.PWM_4_Start
                0x0000af9c       0x2c .\CortexM3\ARM_GCC_473\Debug\PSoC_2_Pi.a(PWM_4.o)
                0x0000af9c                PWM_4_Start
 .text.PWM_4_Init
                0x0000afc8       0xbc .\CortexM3\ARM_GCC_473\Debug\PSoC_2_Pi.a(PWM_4.o)
                0x0000afc8                PWM_4_Init
 .text.PWM_4_Enable
                0x0000b084       0x28 .\CortexM3\ARM_GCC_473\Debug\PSoC_2_Pi.a(PWM_4.o)
                0x0000b084                PWM_4_Enable
 .text.PWM_4_Stop
                0x0000b0ac       0x28 .\CortexM3\ARM_GCC_473\Debug\PSoC_2_Pi.a(PWM_4.o)
                0x0000b0ac                PWM_4_Stop
 .text.PWM_4_WriteCounter
                0x0000b0d4       0x20 .\CortexM3\ARM_GCC_473\Debug\PSoC_2_Pi.a(PWM_4.o)
                0x0000b0d4                PWM_4_WriteCounter
 .text.PWM_4_ReadCounter
                0x0000b0f4       0x24 .\CortexM3\ARM_GCC_473\Debug\PSoC_2_Pi.a(PWM_4.o)
                0x0000b0f4                PWM_4_ReadCounter
 .text.PWM_4_ClearFIFO
                0x0000b118       0x1c .\CortexM3\ARM_GCC_473\Debug\PSoC_2_Pi.a(PWM_4.o)
                0x0000b118                PWM_4_ClearFIFO
 .text.PWM_4_WritePeriod
                0x0000b134       0x20 .\CortexM3\ARM_GCC_473\Debug\PSoC_2_Pi.a(PWM_4.o)
                0x0000b134                PWM_4_WritePeriod
 .text.PWM_4_WriteCompare
                0x0000b154       0x20 .\CortexM3\ARM_GCC_473\Debug\PSoC_2_Pi.a(PWM_4.o)
                0x0000b154                PWM_4_WriteCompare
 .text.PWM_4_SetInterruptMode
                0x0000b174       0x20 .\CortexM3\ARM_GCC_473\Debug\PSoC_2_Pi.a(PWM_4.o)
                0x0000b174                PWM_4_SetInterruptMode
 .text.PWM_4_ReadStatusRegister
                0x0000b194       0x20 .\CortexM3\ARM_GCC_473\Debug\PSoC_2_Pi.a(PWM_4.o)
                0x0000b194                PWM_4_ReadStatusRegister
 .text.PWM_4_ReadControlRegister
                0x0000b1b4       0x20 .\CortexM3\ARM_GCC_473\Debug\PSoC_2_Pi.a(PWM_4.o)
                0x0000b1b4                PWM_4_ReadControlRegister
 .text.PWM_4_WriteControlRegister
                0x0000b1d4       0x20 .\CortexM3\ARM_GCC_473\Debug\PSoC_2_Pi.a(PWM_4.o)
                0x0000b1d4                PWM_4_WriteControlRegister
 .text.PWM_4_ReadCapture
                0x0000b1f4       0x18 .\CortexM3\ARM_GCC_473\Debug\PSoC_2_Pi.a(PWM_4.o)
                0x0000b1f4                PWM_4_ReadCapture
 .text.PWM_4_ReadCompare
                0x0000b20c       0x18 .\CortexM3\ARM_GCC_473\Debug\PSoC_2_Pi.a(PWM_4.o)
                0x0000b20c                PWM_4_ReadCompare
 .text.PWM_4_ReadPeriod
                0x0000b224       0x18 .\CortexM3\ARM_GCC_473\Debug\PSoC_2_Pi.a(PWM_4.o)
                0x0000b224                PWM_4_ReadPeriod
 .text.PWM_4_SaveConfig
                0x0000b23c       0x54 .\CortexM3\ARM_GCC_473\Debug\PSoC_2_Pi.a(PWM_4_PM.o)
                0x0000b23c                PWM_4_SaveConfig
 .text.PWM_4_RestoreConfig
                0x0000b290       0x4c .\CortexM3\ARM_GCC_473\Debug\PSoC_2_Pi.a(PWM_4_PM.o)
                0x0000b290                PWM_4_RestoreConfig
 .text.PWM_4_Sleep
                0x0000b2dc       0x40 .\CortexM3\ARM_GCC_473\Debug\PSoC_2_Pi.a(PWM_4_PM.o)
                0x0000b2dc                PWM_4_Sleep
 .text.PWM_4_Wakeup
                0x0000b31c       0x1c .\CortexM3\ARM_GCC_473\Debug\PSoC_2_Pi.a(PWM_4_PM.o)
                0x0000b31c                PWM_4_Wakeup
 .text.PWM_5_Start
                0x0000b338       0x2c .\CortexM3\ARM_GCC_473\Debug\PSoC_2_Pi.a(PWM_5.o)
                0x0000b338                PWM_5_Start
 .text.PWM_5_Init
                0x0000b364       0xbc .\CortexM3\ARM_GCC_473\Debug\PSoC_2_Pi.a(PWM_5.o)
                0x0000b364                PWM_5_Init
 .text.PWM_5_Enable
                0x0000b420       0x28 .\CortexM3\ARM_GCC_473\Debug\PSoC_2_Pi.a(PWM_5.o)
                0x0000b420                PWM_5_Enable
 .text.PWM_5_Stop
                0x0000b448       0x28 .\CortexM3\ARM_GCC_473\Debug\PSoC_2_Pi.a(PWM_5.o)
                0x0000b448                PWM_5_Stop
 .text.PWM_5_WriteCounter
                0x0000b470       0x20 .\CortexM3\ARM_GCC_473\Debug\PSoC_2_Pi.a(PWM_5.o)
                0x0000b470                PWM_5_WriteCounter
 .text.PWM_5_ReadCounter
                0x0000b490       0x24 .\CortexM3\ARM_GCC_473\Debug\PSoC_2_Pi.a(PWM_5.o)
                0x0000b490                PWM_5_ReadCounter
 .text.PWM_5_ClearFIFO
                0x0000b4b4       0x1c .\CortexM3\ARM_GCC_473\Debug\PSoC_2_Pi.a(PWM_5.o)
                0x0000b4b4                PWM_5_ClearFIFO
 .text.PWM_5_WritePeriod
                0x0000b4d0       0x20 .\CortexM3\ARM_GCC_473\Debug\PSoC_2_Pi.a(PWM_5.o)
                0x0000b4d0                PWM_5_WritePeriod
 .text.PWM_5_WriteCompare
                0x0000b4f0       0x20 .\CortexM3\ARM_GCC_473\Debug\PSoC_2_Pi.a(PWM_5.o)
                0x0000b4f0                PWM_5_WriteCompare
 .text.PWM_5_SetInterruptMode
                0x0000b510       0x20 .\CortexM3\ARM_GCC_473\Debug\PSoC_2_Pi.a(PWM_5.o)
                0x0000b510                PWM_5_SetInterruptMode
 .text.PWM_5_ReadStatusRegister
                0x0000b530       0x20 .\CortexM3\ARM_GCC_473\Debug\PSoC_2_Pi.a(PWM_5.o)
                0x0000b530                PWM_5_ReadStatusRegister
 .text.PWM_5_ReadControlRegister
                0x0000b550       0x20 .\CortexM3\ARM_GCC_473\Debug\PSoC_2_Pi.a(PWM_5.o)
                0x0000b550                PWM_5_ReadControlRegister
 .text.PWM_5_WriteControlRegister
                0x0000b570       0x20 .\CortexM3\ARM_GCC_473\Debug\PSoC_2_Pi.a(PWM_5.o)
                0x0000b570                PWM_5_WriteControlRegister
 .text.PWM_5_ReadCapture
                0x0000b590       0x18 .\CortexM3\ARM_GCC_473\Debug\PSoC_2_Pi.a(PWM_5.o)
                0x0000b590                PWM_5_ReadCapture
 .text.PWM_5_ReadCompare
                0x0000b5a8       0x18 .\CortexM3\ARM_GCC_473\Debug\PSoC_2_Pi.a(PWM_5.o)
                0x0000b5a8                PWM_5_ReadCompare
 .text.PWM_5_ReadPeriod
                0x0000b5c0       0x18 .\CortexM3\ARM_GCC_473\Debug\PSoC_2_Pi.a(PWM_5.o)
                0x0000b5c0                PWM_5_ReadPeriod
 .text.PWM_5_SaveConfig
                0x0000b5d8       0x54 .\CortexM3\ARM_GCC_473\Debug\PSoC_2_Pi.a(PWM_5_PM.o)
                0x0000b5d8                PWM_5_SaveConfig
 .text.PWM_5_RestoreConfig
                0x0000b62c       0x4c .\CortexM3\ARM_GCC_473\Debug\PSoC_2_Pi.a(PWM_5_PM.o)
                0x0000b62c                PWM_5_RestoreConfig
 .text.PWM_5_Sleep
                0x0000b678       0x40 .\CortexM3\ARM_GCC_473\Debug\PSoC_2_Pi.a(PWM_5_PM.o)
                0x0000b678                PWM_5_Sleep
 .text.PWM_5_Wakeup
                0x0000b6b8       0x1c .\CortexM3\ARM_GCC_473\Debug\PSoC_2_Pi.a(PWM_5_PM.o)
                0x0000b6b8                PWM_5_Wakeup
 .text.PWM_6_Start
                0x0000b6d4       0x2c .\CortexM3\ARM_GCC_473\Debug\PSoC_2_Pi.a(PWM_6.o)
                0x0000b6d4                PWM_6_Start
 .text.PWM_6_Init
                0x0000b700       0xbc .\CortexM3\ARM_GCC_473\Debug\PSoC_2_Pi.a(PWM_6.o)
                0x0000b700                PWM_6_Init
 .text.PWM_6_Enable
                0x0000b7bc       0x28 .\CortexM3\ARM_GCC_473\Debug\PSoC_2_Pi.a(PWM_6.o)
                0x0000b7bc                PWM_6_Enable
 .text.PWM_6_Stop
                0x0000b7e4       0x28 .\CortexM3\ARM_GCC_473\Debug\PSoC_2_Pi.a(PWM_6.o)
                0x0000b7e4                PWM_6_Stop
 .text.PWM_6_WriteCounter
                0x0000b80c       0x20 .\CortexM3\ARM_GCC_473\Debug\PSoC_2_Pi.a(PWM_6.o)
                0x0000b80c                PWM_6_WriteCounter
 .text.PWM_6_ReadCounter
                0x0000b82c       0x24 .\CortexM3\ARM_GCC_473\Debug\PSoC_2_Pi.a(PWM_6.o)
                0x0000b82c                PWM_6_ReadCounter
 .text.PWM_6_ClearFIFO
                0x0000b850       0x1c .\CortexM3\ARM_GCC_473\Debug\PSoC_2_Pi.a(PWM_6.o)
                0x0000b850                PWM_6_ClearFIFO
 .text.PWM_6_WritePeriod
                0x0000b86c       0x20 .\CortexM3\ARM_GCC_473\Debug\PSoC_2_Pi.a(PWM_6.o)
                0x0000b86c                PWM_6_WritePeriod
 .text.PWM_6_WriteCompare
                0x0000b88c       0x20 .\CortexM3\ARM_GCC_473\Debug\PSoC_2_Pi.a(PWM_6.o)
                0x0000b88c                PWM_6_WriteCompare
 .text.PWM_6_SetInterruptMode
                0x0000b8ac       0x20 .\CortexM3\ARM_GCC_473\Debug\PSoC_2_Pi.a(PWM_6.o)
                0x0000b8ac                PWM_6_SetInterruptMode
 .text.PWM_6_ReadStatusRegister
                0x0000b8cc       0x20 .\CortexM3\ARM_GCC_473\Debug\PSoC_2_Pi.a(PWM_6.o)
                0x0000b8cc                PWM_6_ReadStatusRegister
 .text.PWM_6_ReadControlRegister
                0x0000b8ec       0x20 .\CortexM3\ARM_GCC_473\Debug\PSoC_2_Pi.a(PWM_6.o)
                0x0000b8ec                PWM_6_ReadControlRegister
 .text.PWM_6_WriteControlRegister
                0x0000b90c       0x20 .\CortexM3\ARM_GCC_473\Debug\PSoC_2_Pi.a(PWM_6.o)
                0x0000b90c                PWM_6_WriteControlRegister
 .text.PWM_6_ReadCapture
                0x0000b92c       0x18 .\CortexM3\ARM_GCC_473\Debug\PSoC_2_Pi.a(PWM_6.o)
                0x0000b92c                PWM_6_ReadCapture
 .text.PWM_6_ReadCompare
                0x0000b944       0x18 .\CortexM3\ARM_GCC_473\Debug\PSoC_2_Pi.a(PWM_6.o)
                0x0000b944                PWM_6_ReadCompare
 .text.PWM_6_ReadPeriod
                0x0000b95c       0x18 .\CortexM3\ARM_GCC_473\Debug\PSoC_2_Pi.a(PWM_6.o)
                0x0000b95c                PWM_6_ReadPeriod
 .text.PWM_6_SaveConfig
                0x0000b974       0x54 .\CortexM3\ARM_GCC_473\Debug\PSoC_2_Pi.a(PWM_6_PM.o)
                0x0000b974                PWM_6_SaveConfig
 .text.PWM_6_RestoreConfig
                0x0000b9c8       0x4c .\CortexM3\ARM_GCC_473\Debug\PSoC_2_Pi.a(PWM_6_PM.o)
                0x0000b9c8                PWM_6_RestoreConfig
 .text.PWM_6_Sleep
                0x0000ba14       0x40 .\CortexM3\ARM_GCC_473\Debug\PSoC_2_Pi.a(PWM_6_PM.o)
                0x0000ba14                PWM_6_Sleep
 .text.PWM_6_Wakeup
                0x0000ba54       0x1c .\CortexM3\ARM_GCC_473\Debug\PSoC_2_Pi.a(PWM_6_PM.o)
                0x0000ba54                PWM_6_Wakeup
 .text.PWM_7_Start
                0x0000ba70       0x2c .\CortexM3\ARM_GCC_473\Debug\PSoC_2_Pi.a(PWM_7.o)
                0x0000ba70                PWM_7_Start
 .text.PWM_7_Init
                0x0000ba9c       0xbc .\CortexM3\ARM_GCC_473\Debug\PSoC_2_Pi.a(PWM_7.o)
                0x0000ba9c                PWM_7_Init
 .text.PWM_7_Enable
                0x0000bb58       0x28 .\CortexM3\ARM_GCC_473\Debug\PSoC_2_Pi.a(PWM_7.o)
                0x0000bb58                PWM_7_Enable
 .text.PWM_7_Stop
                0x0000bb80       0x28 .\CortexM3\ARM_GCC_473\Debug\PSoC_2_Pi.a(PWM_7.o)
                0x0000bb80                PWM_7_Stop
 .text.PWM_7_WriteCounter
                0x0000bba8       0x20 .\CortexM3\ARM_GCC_473\Debug\PSoC_2_Pi.a(PWM_7.o)
                0x0000bba8                PWM_7_WriteCounter
 .text.PWM_7_ReadCounter
                0x0000bbc8       0x24 .\CortexM3\ARM_GCC_473\Debug\PSoC_2_Pi.a(PWM_7.o)
                0x0000bbc8                PWM_7_ReadCounter
 .text.PWM_7_ClearFIFO
                0x0000bbec       0x1c .\CortexM3\ARM_GCC_473\Debug\PSoC_2_Pi.a(PWM_7.o)
                0x0000bbec                PWM_7_ClearFIFO
 .text.PWM_7_WritePeriod
                0x0000bc08       0x20 .\CortexM3\ARM_GCC_473\Debug\PSoC_2_Pi.a(PWM_7.o)
                0x0000bc08                PWM_7_WritePeriod
 .text.PWM_7_WriteCompare
                0x0000bc28       0x20 .\CortexM3\ARM_GCC_473\Debug\PSoC_2_Pi.a(PWM_7.o)
                0x0000bc28                PWM_7_WriteCompare
 .text.PWM_7_SetInterruptMode
                0x0000bc48       0x20 .\CortexM3\ARM_GCC_473\Debug\PSoC_2_Pi.a(PWM_7.o)
                0x0000bc48                PWM_7_SetInterruptMode
 .text.PWM_7_ReadStatusRegister
                0x0000bc68       0x20 .\CortexM3\ARM_GCC_473\Debug\PSoC_2_Pi.a(PWM_7.o)
                0x0000bc68                PWM_7_ReadStatusRegister
 .text.PWM_7_ReadControlRegister
                0x0000bc88       0x20 .\CortexM3\ARM_GCC_473\Debug\PSoC_2_Pi.a(PWM_7.o)
                0x0000bc88                PWM_7_ReadControlRegister
 .text.PWM_7_WriteControlRegister
                0x0000bca8       0x20 .\CortexM3\ARM_GCC_473\Debug\PSoC_2_Pi.a(PWM_7.o)
                0x0000bca8                PWM_7_WriteControlRegister
 .text.PWM_7_ReadCapture
                0x0000bcc8       0x18 .\CortexM3\ARM_GCC_473\Debug\PSoC_2_Pi.a(PWM_7.o)
                0x0000bcc8                PWM_7_ReadCapture
 .text.PWM_7_ReadCompare
                0x0000bce0       0x18 .\CortexM3\ARM_GCC_473\Debug\PSoC_2_Pi.a(PWM_7.o)
                0x0000bce0                PWM_7_ReadCompare
 .text.PWM_7_ReadPeriod
                0x0000bcf8       0x18 .\CortexM3\ARM_GCC_473\Debug\PSoC_2_Pi.a(PWM_7.o)
                0x0000bcf8                PWM_7_ReadPeriod
 .text.PWM_7_SaveConfig
                0x0000bd10       0x54 .\CortexM3\ARM_GCC_473\Debug\PSoC_2_Pi.a(PWM_7_PM.o)
                0x0000bd10                PWM_7_SaveConfig
 .text.PWM_7_RestoreConfig
                0x0000bd64       0x4c .\CortexM3\ARM_GCC_473\Debug\PSoC_2_Pi.a(PWM_7_PM.o)
                0x0000bd64                PWM_7_RestoreConfig
 .text.PWM_7_Sleep
                0x0000bdb0       0x40 .\CortexM3\ARM_GCC_473\Debug\PSoC_2_Pi.a(PWM_7_PM.o)
                0x0000bdb0                PWM_7_Sleep
 .text.PWM_7_Wakeup
                0x0000bdf0       0x1c .\CortexM3\ARM_GCC_473\Debug\PSoC_2_Pi.a(PWM_7_PM.o)
                0x0000bdf0                PWM_7_Wakeup
 .text.PWM_8_Start
                0x0000be0c       0x2c .\CortexM3\ARM_GCC_473\Debug\PSoC_2_Pi.a(PWM_8.o)
                0x0000be0c                PWM_8_Start
 .text.PWM_8_Init
                0x0000be38       0xbc .\CortexM3\ARM_GCC_473\Debug\PSoC_2_Pi.a(PWM_8.o)
                0x0000be38                PWM_8_Init
 .text.PWM_8_Enable
                0x0000bef4       0x28 .\CortexM3\ARM_GCC_473\Debug\PSoC_2_Pi.a(PWM_8.o)
                0x0000bef4                PWM_8_Enable
 .text.PWM_8_Stop
                0x0000bf1c       0x28 .\CortexM3\ARM_GCC_473\Debug\PSoC_2_Pi.a(PWM_8.o)
                0x0000bf1c                PWM_8_Stop
 .text.PWM_8_WriteCounter
                0x0000bf44       0x20 .\CortexM3\ARM_GCC_473\Debug\PSoC_2_Pi.a(PWM_8.o)
                0x0000bf44                PWM_8_WriteCounter
 .text.PWM_8_ReadCounter
                0x0000bf64       0x24 .\CortexM3\ARM_GCC_473\Debug\PSoC_2_Pi.a(PWM_8.o)
                0x0000bf64                PWM_8_ReadCounter
 .text.PWM_8_ClearFIFO
                0x0000bf88       0x1c .\CortexM3\ARM_GCC_473\Debug\PSoC_2_Pi.a(PWM_8.o)
                0x0000bf88                PWM_8_ClearFIFO
 .text.PWM_8_WritePeriod
                0x0000bfa4       0x20 .\CortexM3\ARM_GCC_473\Debug\PSoC_2_Pi.a(PWM_8.o)
                0x0000bfa4                PWM_8_WritePeriod
 .text.PWM_8_WriteCompare
                0x0000bfc4       0x20 .\CortexM3\ARM_GCC_473\Debug\PSoC_2_Pi.a(PWM_8.o)
                0x0000bfc4                PWM_8_WriteCompare
 .text.PWM_8_SetInterruptMode
                0x0000bfe4       0x20 .\CortexM3\ARM_GCC_473\Debug\PSoC_2_Pi.a(PWM_8.o)
                0x0000bfe4                PWM_8_SetInterruptMode
 .text.PWM_8_ReadStatusRegister
                0x0000c004       0x20 .\CortexM3\ARM_GCC_473\Debug\PSoC_2_Pi.a(PWM_8.o)
                0x0000c004                PWM_8_ReadStatusRegister
 .text.PWM_8_ReadControlRegister
                0x0000c024       0x20 .\CortexM3\ARM_GCC_473\Debug\PSoC_2_Pi.a(PWM_8.o)
                0x0000c024                PWM_8_ReadControlRegister
 .text.PWM_8_WriteControlRegister
                0x0000c044       0x20 .\CortexM3\ARM_GCC_473\Debug\PSoC_2_Pi.a(PWM_8.o)
                0x0000c044                PWM_8_WriteControlRegister
 .text.PWM_8_ReadCapture
                0x0000c064       0x18 .\CortexM3\ARM_GCC_473\Debug\PSoC_2_Pi.a(PWM_8.o)
                0x0000c064                PWM_8_ReadCapture
 .text.PWM_8_ReadCompare
                0x0000c07c       0x18 .\CortexM3\ARM_GCC_473\Debug\PSoC_2_Pi.a(PWM_8.o)
                0x0000c07c                PWM_8_ReadCompare
 .text.PWM_8_ReadPeriod
                0x0000c094       0x18 .\CortexM3\ARM_GCC_473\Debug\PSoC_2_Pi.a(PWM_8.o)
                0x0000c094                PWM_8_ReadPeriod
 .text.PWM_8_SaveConfig
                0x0000c0ac       0x54 .\CortexM3\ARM_GCC_473\Debug\PSoC_2_Pi.a(PWM_8_PM.o)
                0x0000c0ac                PWM_8_SaveConfig
 .text.PWM_8_RestoreConfig
                0x0000c100       0x4c .\CortexM3\ARM_GCC_473\Debug\PSoC_2_Pi.a(PWM_8_PM.o)
                0x0000c100                PWM_8_RestoreConfig
 .text.PWM_8_Sleep
                0x0000c14c       0x40 .\CortexM3\ARM_GCC_473\Debug\PSoC_2_Pi.a(PWM_8_PM.o)
                0x0000c14c                PWM_8_Sleep
 .text.PWM_8_Wakeup
                0x0000c18c       0x1c .\CortexM3\ARM_GCC_473\Debug\PSoC_2_Pi.a(PWM_8_PM.o)
                0x0000c18c                PWM_8_Wakeup
 .text.Control_Reg_2_Write
                0x0000c1a8       0x20 .\CortexM3\ARM_GCC_473\Debug\PSoC_2_Pi.a(Control_Reg_2.o)
                0x0000c1a8                Control_Reg_2_Write
 .text.Control_Reg_2_Read
                0x0000c1c8       0x18 .\CortexM3\ARM_GCC_473\Debug\PSoC_2_Pi.a(Control_Reg_2.o)
                0x0000c1c8                Control_Reg_2_Read
 .text.Status_Reg_2_Read
                0x0000c1e0       0x18 .\CortexM3\ARM_GCC_473\Debug\PSoC_2_Pi.a(Status_Reg_2.o)
                0x0000c1e0                Status_Reg_2_Read
 .text.ADC_DelSig_1_AMux_Start
                0x0000c1f8       0x3c .\CortexM3\ARM_GCC_473\Debug\PSoC_2_Pi.a(ADC_DelSig_1_AMux.o)
                0x0000c1f8                ADC_DelSig_1_AMux_Start
 .text.ADC_DelSig_1_AMux_Select
                0x0000c234       0x2c .\CortexM3\ARM_GCC_473\Debug\PSoC_2_Pi.a(ADC_DelSig_1_AMux.o)
                0x0000c234                ADC_DelSig_1_AMux_Select
 .text.ADC_DelSig_1_Ext_CP_Clk_SetDividerRegister
                0x0000c260      0x1e8 .\CortexM3\ARM_GCC_473\Debug\PSoC_2_Pi.a(ADC_DelSig_1_Ext_CP_Clk.o)
                0x0000c260                ADC_DelSig_1_Ext_CP_Clk_SetDividerRegister
 .text.ADC_DelSig_1_Ext_CP_Clk_GetDividerRegister
                0x0000c448       0x18 .\CortexM3\ARM_GCC_473\Debug\PSoC_2_Pi.a(ADC_DelSig_1_Ext_CP_Clk.o)
                0x0000c448                ADC_DelSig_1_Ext_CP_Clk_GetDividerRegister
 .text.ADC_DelSig_1_Ext_CP_Clk_SetModeRegister
                0x0000c460       0x3c .\CortexM3\ARM_GCC_473\Debug\PSoC_2_Pi.a(ADC_DelSig_1_Ext_CP_Clk.o)
                0x0000c460                ADC_DelSig_1_Ext_CP_Clk_SetModeRegister
 .text.ADC_DelSig_1_Ext_CP_Clk_GetSourceRegister
                0x0000c49c       0x20 .\CortexM3\ARM_GCC_473\Debug\PSoC_2_Pi.a(ADC_DelSig_1_Ext_CP_Clk.o)
                0x0000c49c                ADC_DelSig_1_Ext_CP_Clk_GetSourceRegister
 .text.ADC_DelSig_1_theACLK_SetDividerRegister
                0x0000c4bc      0x1e8 .\CortexM3\ARM_GCC_473\Debug\PSoC_2_Pi.a(ADC_DelSig_1_theACLK.o)
                0x0000c4bc                ADC_DelSig_1_theACLK_SetDividerRegister
 .text.ADC_DelSig_1_theACLK_GetDividerRegister
                0x0000c6a4       0x18 .\CortexM3\ARM_GCC_473\Debug\PSoC_2_Pi.a(ADC_DelSig_1_theACLK.o)
                0x0000c6a4                ADC_DelSig_1_theACLK_GetDividerRegister
 .text.ADC_DelSig_1_theACLK_SetModeRegister
                0x0000c6bc       0x3c .\CortexM3\ARM_GCC_473\Debug\PSoC_2_Pi.a(ADC_DelSig_1_theACLK.o)
                0x0000c6bc                ADC_DelSig_1_theACLK_SetModeRegister
 .text.ADC_DelSig_1_theACLK_GetSourceRegister
                0x0000c6f8       0x20 .\CortexM3\ARM_GCC_473\Debug\PSoC_2_Pi.a(ADC_DelSig_1_theACLK.o)
                0x0000c6f8                ADC_DelSig_1_theACLK_GetSourceRegister
 .text.WaveDAC8_1_BuffAmp_Init
                0x0000c718       0x10 .\CortexM3\ARM_GCC_473\Debug\PSoC_2_Pi.a(WaveDAC8_1_BuffAmp.o)
                0x0000c718                WaveDAC8_1_BuffAmp_Init
 .text.WaveDAC8_1_BuffAmp_Enable
                0x0000c728       0x60 .\CortexM3\ARM_GCC_473\Debug\PSoC_2_Pi.a(WaveDAC8_1_BuffAmp.o)
                0x0000c728                WaveDAC8_1_BuffAmp_Enable
 .text.WaveDAC8_1_BuffAmp_SetPower
                0x0000c788       0x54 .\CortexM3\ARM_GCC_473\Debug\PSoC_2_Pi.a(WaveDAC8_1_BuffAmp.o)
                0x0000c788                WaveDAC8_1_BuffAmp_SetPower
 .text.Control_Reg_3_Write
                0x0000c7dc       0x20 .\CortexM3\ARM_GCC_473\Debug\PSoC_2_Pi.a(Control_Reg_3.o)
                0x0000c7dc                Control_Reg_3_Write
 .text.Control_Reg_3_Read
                0x0000c7fc       0x18 .\CortexM3\ARM_GCC_473\Debug\PSoC_2_Pi.a(Control_Reg_3.o)
                0x0000c7fc                Control_Reg_3_Read
 .text.Status_Reg_3_Read
                0x0000c814       0x18 .\CortexM3\ARM_GCC_473\Debug\PSoC_2_Pi.a(Status_Reg_3.o)
                0x0000c814                Status_Reg_3_Read
 .text.PWM_1_2_clk_SetDividerRegister
                0x0000c82c      0x1e8 .\CortexM3\ARM_GCC_473\Debug\PSoC_2_Pi.a(PWM_1_2_clk.o)
                0x0000c82c                PWM_1_2_clk_SetDividerRegister
 .text.PWM_1_2_clk_GetDividerRegister
                0x0000ca14       0x18 .\CortexM3\ARM_GCC_473\Debug\PSoC_2_Pi.a(PWM_1_2_clk.o)
                0x0000ca14                PWM_1_2_clk_GetDividerRegister
 .text.PWM_1_2_clk_GetSourceRegister
                0x0000ca2c       0x20 .\CortexM3\ARM_GCC_473\Debug\PSoC_2_Pi.a(PWM_1_2_clk.o)
                0x0000ca2c                PWM_1_2_clk_GetSourceRegister
 .text.PWM_3_4_clk_SetDividerRegister
                0x0000ca4c      0x1e8 .\CortexM3\ARM_GCC_473\Debug\PSoC_2_Pi.a(PWM_3_4_clk.o)
                0x0000ca4c                PWM_3_4_clk_SetDividerRegister
 .text.PWM_3_4_clk_GetDividerRegister
                0x0000cc34       0x18 .\CortexM3\ARM_GCC_473\Debug\PSoC_2_Pi.a(PWM_3_4_clk.o)
                0x0000cc34                PWM_3_4_clk_GetDividerRegister
 .text.PWM_3_4_clk_GetSourceRegister
                0x0000cc4c       0x20 .\CortexM3\ARM_GCC_473\Debug\PSoC_2_Pi.a(PWM_3_4_clk.o)
                0x0000cc4c                PWM_3_4_clk_GetSourceRegister
 .text.PWM_5_6_clk_SetDividerRegister
                0x0000cc6c      0x1e8 .\CortexM3\ARM_GCC_473\Debug\PSoC_2_Pi.a(PWM_5_6_clk.o)
                0x0000cc6c                PWM_5_6_clk_SetDividerRegister
 .text.PWM_5_6_clk_GetDividerRegister
                0x0000ce54       0x18 .\CortexM3\ARM_GCC_473\Debug\PSoC_2_Pi.a(PWM_5_6_clk.o)
                0x0000ce54                PWM_5_6_clk_GetDividerRegister
 .text.PWM_5_6_clk_GetSourceRegister
                0x0000ce6c       0x20 .\CortexM3\ARM_GCC_473\Debug\PSoC_2_Pi.a(PWM_5_6_clk.o)
                0x0000ce6c                PWM_5_6_clk_GetSourceRegister
 .text.PWM_7_8_clk_SetDividerRegister
                0x0000ce8c      0x1e8 .\CortexM3\ARM_GCC_473\Debug\PSoC_2_Pi.a(PWM_7_8_clk.o)
                0x0000ce8c                PWM_7_8_clk_SetDividerRegister
 .text.PWM_7_8_clk_GetDividerRegister
                0x0000d074       0x18 .\CortexM3\ARM_GCC_473\Debug\PSoC_2_Pi.a(PWM_7_8_clk.o)
                0x0000d074                PWM_7_8_clk_GetDividerRegister
 .text.PWM_7_8_clk_GetSourceRegister
                0x0000d08c       0x20 .\CortexM3\ARM_GCC_473\Debug\PSoC_2_Pi.a(PWM_7_8_clk.o)
                0x0000d08c                PWM_7_8_clk_GetSourceRegister
 .text          0x0000d0ac      0x370 c:/program files (x86)/cypress/psoc creator/3.0/psoc creator/import/gnu_cs/arm/4.7.3/bin/../lib/gcc/arm-none-eabi/4.7.3/armv7-m\libgcc.a(_arm_addsubdf3.o)
                0x0000d0ac                __aeabi_drsub
                0x0000d0b4                __aeabi_dsub
                0x0000d0b4                __subdf3
                0x0000d0b8                __aeabi_dadd
                0x0000d0b8                __adddf3
                0x0000d330                __floatunsidf
                0x0000d330                __aeabi_ui2d
                0x0000d350                __floatsidf
                0x0000d350                __aeabi_i2d
                0x0000d374                __aeabi_f2d
                0x0000d374                __extendsfdf2
                0x0000d3b0                __floatundidf
                0x0000d3b0                __aeabi_ul2d
                0x0000d3c0                __floatdidf
                0x0000d3c0                __aeabi_l2d
 .text          0x0000d41c      0x424 c:/program files (x86)/cypress/psoc creator/3.0/psoc creator/import/gnu_cs/arm/4.7.3/bin/../lib/gcc/arm-none-eabi/4.7.3/armv7-m\libgcc.a(_arm_muldivdf3.o)
                0x0000d41c                __aeabi_dmul
                0x0000d41c                __muldf3
                0x0000d670                __divdf3
                0x0000d670                __aeabi_ddiv
 .text          0x0000d840      0x110 c:/program files (x86)/cypress/psoc creator/3.0/psoc creator/import/gnu_cs/arm/4.7.3/bin/../lib/gcc/arm-none-eabi/4.7.3/armv7-m\libgcc.a(_arm_cmpdf2.o)
                0x0000d840                __gtdf2
                0x0000d840                __gedf2
                0x0000d848                __ltdf2
                0x0000d848                __ledf2
                0x0000d850                __nedf2
                0x0000d850                __eqdf2
                0x0000d850                __cmpdf2
                0x0000d8cc                __aeabi_cdrcmple
                0x0000d8dc                __aeabi_cdcmpeq
                0x0000d8dc                __aeabi_cdcmple
                0x0000d8ec                __aeabi_dcmpeq
                0x0000d900                __aeabi_dcmplt
                0x0000d914                __aeabi_dcmple
                0x0000d928                __aeabi_dcmpge
                0x0000d93c                __aeabi_dcmpgt
 .text          0x0000d950       0x40 c:/program files (x86)/cypress/psoc creator/3.0/psoc creator/import/gnu_cs/arm/4.7.3/bin/../lib/gcc/arm-none-eabi/4.7.3/armv7-m\libgcc.a(_arm_fixunsdfsi.o)
                0x0000d950                __aeabi_d2uiz
                0x0000d950                __fixunsdfsi
 .text          0x0000d990       0x38 c:/program files (x86)/cypress/psoc creator/3.0/psoc creator/import/gnu_cs/arm/4.7.3/bin/../lib/gcc/arm-none-eabi/4.7.3/armv7-m\libgcc.a(_aeabi_ldivmod.o)
                0x0000d990                __aeabi_ldivmod
 .text          0x0000d9c8       0x60 c:/program files (x86)/cypress/psoc creator/3.0/psoc creator/import/gnu_cs/arm/4.7.3/bin/../lib/gcc/arm-none-eabi/4.7.3/armv7-m\libgcc.a(bpabi.o)
                0x0000d9c8                __gnu_ldivmod_helper
                0x0000d9f8                __gnu_uldivmod_helper
 .text          0x0000da28        0x4 c:/program files (x86)/cypress/psoc creator/3.0/psoc creator/import/gnu_cs/arm/4.7.3/bin/../lib/gcc/arm-none-eabi/4.7.3/armv7-m\libgcc.a(_dvmd_tls.o)
                0x0000da28                __aeabi_idiv0
                0x0000da28                __aeabi_ldiv0
 .text          0x0000da2c      0x2bc c:/program files (x86)/cypress/psoc creator/3.0/psoc creator/import/gnu_cs/arm/4.7.3/bin/../lib/gcc/arm-none-eabi/4.7.3/armv7-m\libgcc.a(_divdi3.o)
                0x0000da2c                __divdi3
 .text          0x0000dce8      0x28c c:/program files (x86)/cypress/psoc creator/3.0/psoc creator/import/gnu_cs/arm/4.7.3/bin/../lib/gcc/arm-none-eabi/4.7.3/armv7-m\libgcc.a(_udivdi3.o)
                0x0000dce8                __udivdi3
 .text.__libc_init_array
                0x0000df74       0x4c c:/program files (x86)/cypress/psoc creator/3.0/psoc creator/import/gnu_cs/arm/4.7.3/bin/../lib/gcc/arm-none-eabi/4.7.3/../../../../arm-none-eabi/lib/armv7-m\libc_s.a(lib_a-init.o)
                0x0000df74                __libc_init_array
 .text.memcpy   0x0000dfc0       0x12 c:/program files (x86)/cypress/psoc creator/3.0/psoc creator/import/gnu_cs/arm/4.7.3/bin/../lib/gcc/arm-none-eabi/4.7.3/../../../../arm-none-eabi/lib/armv7-m\libc_s.a(lib_a-memcpy.o)
                0x0000dfc0                memcpy
 .text.memset   0x0000dfd2       0x10 c:/program files (x86)/cypress/psoc creator/3.0/psoc creator/import/gnu_cs/arm/4.7.3/bin/../lib/gcc/arm-none-eabi/4.7.3/../../../../arm-none-eabi/lib/armv7-m\libc_s.a(lib_a-memset.o)
                0x0000dfd2                memset
 *(.plt)
 *(.gnu.warning)
 *(.glue_7t)
 .glue_7t       0x00000000        0x0 linker stubs
 *(.glue_7)
 .glue_7        0x00000000        0x0 linker stubs
 *(.vfp11_veneer)
 .vfp11_veneer  0x00000000        0x0 linker stubs
 *(.bootloader)
 *(.ARM.extab* .gnu.linkonce.armextab.*)
 *(.gcc_except_table)

.v4_bx          0x0000dfe4        0x0
 .v4_bx         0x00000000        0x0 linker stubs

.iplt           0x0000dfe4        0x0
 .iplt          0x00000000        0x0 c:/program files (x86)/cypress/psoc creator/3.0/psoc creator/import/gnu_cs/arm/4.7.3/bin/../lib/gcc/arm-none-eabi/4.7.3/armv7-m/crtbegin.o

.eh_frame_hdr
 *(.eh_frame_hdr)

.eh_frame       0x0000dfe4        0x4
 *(.eh_frame)
 .eh_frame      0x0000dfe4        0x0 c:/program files (x86)/cypress/psoc creator/3.0/psoc creator/import/gnu_cs/arm/4.7.3/bin/../lib/gcc/arm-none-eabi/4.7.3/armv7-m/crtbegin.o
 .eh_frame      0x0000dfe4        0x4 c:/program files (x86)/cypress/psoc creator/3.0/psoc creator/import/gnu_cs/arm/4.7.3/bin/../lib/gcc/arm-none-eabi/4.7.3/armv7-m/crtend.o
                0x0000dfe8                PROVIDE (__exidx_start, .)

.ARM.exidx      0x0000dfe8        0x8
 *(.ARM.exidx* .gnu.linkonce.armexidx.*)
 .ARM.exidx     0x0000dfe8        0x8 c:/program files (x86)/cypress/psoc creator/3.0/psoc creator/import/gnu_cs/arm/4.7.3/bin/../lib/gcc/arm-none-eabi/4.7.3/armv7-m\libgcc.a(_divdi3.o)
 .ARM.exidx     0x0000dff0        0x0 c:/program files (x86)/cypress/psoc creator/3.0/psoc creator/import/gnu_cs/arm/4.7.3/bin/../lib/gcc/arm-none-eabi/4.7.3/armv7-m\libgcc.a(_udivdi3.o)
                                  0x8 (size before relaxing)
                0x0000dff0                __exidx_end = .

.rodata         0x0000dff0      0x530
 *(.rodata .rodata.* .gnu.linkonce.r.*)
 .rodata        0x0000dff0      0x400 .\CortexM3\ARM_GCC_473\Debug\mem1.o
 .rodata        0x0000e3f0       0x30 .\CortexM3\ARM_GCC_473\Debug\PSoC_2_Pi.a(cyfitter_cfg.o)
                0x0000e3f0                ADC_DelSig_1_AMux__addrTable
                0x0000e3f8                ADC_DelSig_1_AMux__maskTable
 .rodata        0x0000e420       0xc8 .\CortexM3\ARM_GCC_473\Debug\PSoC_2_Pi.a(WaveDAC8_1.o)
                0x0000e420                WaveDAC8_1_wave1
                0x0000e484                WaveDAC8_1_wave2
                0x0000e4e8                . = ALIGN (0x4)
 *(.init)
 .init          0x0000e4e8        0x4 c:/program files (x86)/cypress/psoc creator/3.0/psoc creator/import/gnu_cs/arm/4.7.3/bin/../lib/gcc/arm-none-eabi/4.7.3/armv7-m/crti.o
                0x0000e4e8                _init
 .init          0x0000e4ec        0x8 c:/program files (x86)/cypress/psoc creator/3.0/psoc creator/import/gnu_cs/arm/4.7.3/bin/../lib/gcc/arm-none-eabi/4.7.3/armv7-m/crtn.o
                0x0000e4f4                . = ALIGN (0x4)
                0x0000e4f4                __preinit_array_start = .
 *(.preinit_array)
                0x0000e4f4                __preinit_array_end = .
                0x0000e4f4                . = ALIGN (0x4)
                0x0000e4f4                __init_array_start = .
 *(SORT(.init_array.*))
 *(.init_array)
 .init_array    0x0000e4f4        0x4 c:/program files (x86)/cypress/psoc creator/3.0/psoc creator/import/gnu_cs/arm/4.7.3/bin/../lib/gcc/arm-none-eabi/4.7.3/armv7-m/crtbegin.o
 .init_array    0x0000e4f8        0x4 .\CortexM3\ARM_GCC_473\Debug\Cm3Start.o
                0x0000e4fc                __init_array_end = .
                0x0000e4fc                . = ALIGN (0x4)
 *(.fini)
 .fini          0x0000e4fc        0x4 c:/program files (x86)/cypress/psoc creator/3.0/psoc creator/import/gnu_cs/arm/4.7.3/bin/../lib/gcc/arm-none-eabi/4.7.3/armv7-m/crti.o
                0x0000e4fc                _fini
 .fini          0x0000e500        0x8 c:/program files (x86)/cypress/psoc creator/3.0/psoc creator/import/gnu_cs/arm/4.7.3/bin/../lib/gcc/arm-none-eabi/4.7.3/armv7-m/crtn.o
                0x0000e508                . = ALIGN (0x4)
                0x0000e508                __fini_array_start = .
 *(.fini_array)
 .fini_array    0x0000e508        0x4 c:/program files (x86)/cypress/psoc creator/3.0/psoc creator/import/gnu_cs/arm/4.7.3/bin/../lib/gcc/arm-none-eabi/4.7.3/armv7-m/crtbegin.o
 *(SORT(.fini_array.*))
                0x0000e50c                __fini_array_end = .
                0x0000e50c                . = ALIGN (0x4)
 *crtbegin.o(.ctors)
 *(EXCLUDE_FILE(*crtend.o) .ctors)
 *(SORT(.ctors.*))
 *crtend.o(.ctors)
                0x0000e50c                . = ALIGN (0x4)
 *crtbegin.o(.dtors)
 *(EXCLUDE_FILE(*crtend.o) .dtors)
 *(SORT(.dtors.*))
 *crtend.o(.dtors)
                0x0000e50c                . = ALIGN (0x4)
                0x0000e50c                __cy_regions = .
                0x0000e50c        0x4 LONG 0xe520 __cy_region_init_ram
                0x0000e510        0x4 LONG 0x1fff8108 __cy_region_start_data
                0x0000e514        0x4 LONG 0x28 __cy_region_init_size_ram
                0x0000e518        0x4 LONG 0xe0 __cy_region_zero_size_ram
                0x0000e51c                __cy_regions_end = .
                0x0000e520                . = ALIGN (0x8)
 *fill*         0x0000e51c        0x4 00
                0x0000e520                _etext = .

.ramvectors     0x1fff8000      0x100
                0x1fff8000                __cy_region_start_ram = .
 *(.ramvectors)
 .ramvectors    0x1fff8000      0x100 .\CortexM3\ARM_GCC_473\Debug\Cm3Start.o
                0x1fff8000                CyRamVectors

.noinit         0x1fff8100        0x5
 *(.noinit)
 .noinit        0x1fff8100        0x4 .\CortexM3\ARM_GCC_473\Debug\Cm3Start.o
 .noinit        0x1fff8104        0x1 .\CortexM3\ARM_GCC_473\Debug\PSoC_2_Pi.a(CyLib.o)
                0x1fff8104                CyResetStatus

.data           0x1fff8108       0x28 load address 0x0000e520
                0x1fff8108                __cy_region_start_data = .
 *(.jcr)
 .jcr           0x1fff8108        0x0 c:/program files (x86)/cypress/psoc creator/3.0/psoc creator/import/gnu_cs/arm/4.7.3/bin/../lib/gcc/arm-none-eabi/4.7.3/armv7-m/crtbegin.o
 .jcr           0x1fff8108        0x4 c:/program files (x86)/cypress/psoc creator/3.0/psoc creator/import/gnu_cs/arm/4.7.3/bin/../lib/gcc/arm-none-eabi/4.7.3/armv7-m/crtend.o
 *(.got.plt)
 *(.got)
 *(.shdata)
 *(.data .data.* .gnu.linkonce.d.*)
 .data          0x1fff810c        0x8 .\CortexM3\ARM_GCC_473\Debug\PSoC_2_Pi.a(CyDmac.o)
 .data          0x1fff8114       0x10 .\CortexM3\ARM_GCC_473\Debug\PSoC_2_Pi.a(CyLib.o)
                0x1fff8114                cydelay_freq_hz
                0x1fff8118                cydelay_freq_khz
                0x1fff811c                cydelay_freq_mhz
                0x1fff8120                cydelay_32k_ms
 .data          0x1fff8124        0x1 .\CortexM3\ARM_GCC_473\Debug\PSoC_2_Pi.a(WaveDAC8_1_Wave1_DMA_dma.o)
                0x1fff8124                WaveDAC8_1_Wave1_DMA_DmaHandle
 .data          0x1fff8125        0x1 .\CortexM3\ARM_GCC_473\Debug\PSoC_2_Pi.a(WaveDAC8_1_Wave2_DMA_dma.o)
                0x1fff8125                WaveDAC8_1_Wave2_DMA_DmaHandle
 .data          0x1fff8126        0x1 .\CortexM3\ARM_GCC_473\Debug\PSoC_2_Pi.a(ADC_DelSig_1.o)
                0x1fff8126                ADC_DelSig_1_Config
 *fill*         0x1fff8127        0x1 00
 .data          0x1fff8128        0x4 .\CortexM3\ARM_GCC_473\Debug\PSoC_2_Pi.a(ADC_DelSig_1_PM.o)
 .data          0x1fff812c        0x1 .\CortexM3\ARM_GCC_473\Debug\PSoC_2_Pi.a(ADC_DelSig_1_AMux.o)
                0x1fff8130                . = ALIGN (0x8)
 *fill*         0x1fff812d        0x3 00
 *(.ram)
                0x1fff8130                _edata = .

.igot.plt       0x1fff8130        0x0 load address 0x0000e548
 .igot.plt      0x00000000        0x0 c:/program files (x86)/cypress/psoc creator/3.0/psoc creator/import/gnu_cs/arm/4.7.3/bin/../lib/gcc/arm-none-eabi/4.7.3/armv7-m/crtbegin.o

.bss            0x1fff8130       0xe0 load address 0x0000e548
                0x1fff8130                PROVIDE (__bss_start__, .)
 *(.shbss)
 *(.bss .bss.* .gnu.linkonce.b.*)
 .bss           0x1fff8130       0x1c c:/program files (x86)/cypress/psoc creator/3.0/psoc creator/import/gnu_cs/arm/4.7.3/bin/../lib/gcc/arm-none-eabi/4.7.3/armv7-m/crtbegin.o
 .bss           0x1fff814c        0x1 .\CortexM3\ARM_GCC_473\Debug\PSoC_2_Pi.a(SPIS_1.o)
                0x1fff814c                SPIS_1_initVar
 .bss           0x1fff814d        0x1 .\CortexM3\ARM_GCC_473\Debug\PSoC_2_Pi.a(PWM_1.o)
                0x1fff814d                PWM_1_initVar
 *fill*         0x1fff814e        0x2 00
 .bss           0x1fff8150        0x8 .\CortexM3\ARM_GCC_473\Debug\PSoC_2_Pi.a(PWM_1_PM.o)
 .bss           0x1fff8158        0x1 .\CortexM3\ARM_GCC_473\Debug\PSoC_2_Pi.a(ADC_SAR_1.o)
                0x1fff8158                ADC_SAR_1_initVar
 *fill*         0x1fff8159        0x3 00
 .bss           0x1fff815c        0x4 .\CortexM3\ARM_GCC_473\Debug\PSoC_2_Pi.a(ADC_SAR_1_PM.o)
 .bss           0x1fff8160        0x1 .\CortexM3\ARM_GCC_473\Debug\PSoC_2_Pi.a(ADC_SAR_2.o)
                0x1fff8160                ADC_SAR_2_initVar
 *fill*         0x1fff8161        0x3 00
 .bss           0x1fff8164        0x4 .\CortexM3\ARM_GCC_473\Debug\PSoC_2_Pi.a(ADC_SAR_2_PM.o)
 .bss           0x1fff8168        0x1 .\CortexM3\ARM_GCC_473\Debug\PSoC_2_Pi.a(VDAC8_1.o)
                0x1fff8168                VDAC8_1_initVar
 *fill*         0x1fff8169        0x3 00
 .bss           0x1fff816c        0x4 .\CortexM3\ARM_GCC_473\Debug\PSoC_2_Pi.a(VDAC8_1_PM.o)
 .bss           0x1fff8170        0x1 .\CortexM3\ARM_GCC_473\Debug\PSoC_2_Pi.a(VDAC8_2.o)
                0x1fff8170                VDAC8_2_initVar
 *fill*         0x1fff8171        0x3 00
 .bss           0x1fff8174        0x4 .\CortexM3\ARM_GCC_473\Debug\PSoC_2_Pi.a(VDAC8_2_PM.o)
 .bss           0x1fff8178        0x1 .\CortexM3\ARM_GCC_473\Debug\PSoC_2_Pi.a(IDAC8_1.o)
                0x1fff8178                IDAC8_1_initVar
 *fill*         0x1fff8179        0x3 00
 .bss           0x1fff817c        0x4 .\CortexM3\ARM_GCC_473\Debug\PSoC_2_Pi.a(IDAC8_1_PM.o)
 .bss           0x1fff8180        0x5 .\CortexM3\ARM_GCC_473\Debug\PSoC_2_Pi.a(WaveDAC8_1.o)
                0x1fff8180                WaveDAC8_1_initVar
 *fill*         0x1fff8185        0x3 00
 .bss           0x1fff8188        0x4 .\CortexM3\ARM_GCC_473\Debug\PSoC_2_Pi.a(WaveDAC8_1_PM.o)
 .bss           0x1fff818c        0x4 .\CortexM3\ARM_GCC_473\Debug\PSoC_2_Pi.a(WaveDAC8_1_VDAC8_PM.o)
 .bss           0x1fff8190        0x8 .\CortexM3\ARM_GCC_473\Debug\PSoC_2_Pi.a(ADC_DelSig_1.o)
                0x1fff8190                ADC_DelSig_1_convDone
                0x1fff8191                ADC_DelSig_1_stopConversion
                0x1fff8192                ADC_DelSig_1_initVar
                0x1fff8193                ADC_DelSig_1_started
 .bss           0x1fff8198        0x1 .\CortexM3\ARM_GCC_473\Debug\PSoC_2_Pi.a(PWM_2.o)
                0x1fff8198                PWM_2_initVar
 *fill*         0x1fff8199        0x3 00
 .bss           0x1fff819c        0x8 .\CortexM3\ARM_GCC_473\Debug\PSoC_2_Pi.a(PWM_2_PM.o)
 .bss           0x1fff81a4        0x1 .\CortexM3\ARM_GCC_473\Debug\PSoC_2_Pi.a(PWM_3.o)
                0x1fff81a4                PWM_3_initVar
 *fill*         0x1fff81a5        0x3 00
 .bss           0x1fff81a8        0x8 .\CortexM3\ARM_GCC_473\Debug\PSoC_2_Pi.a(PWM_3_PM.o)
 .bss           0x1fff81b0        0x1 .\CortexM3\ARM_GCC_473\Debug\PSoC_2_Pi.a(PWM_4.o)
                0x1fff81b0                PWM_4_initVar
 *fill*         0x1fff81b1        0x3 00
 .bss           0x1fff81b4        0x8 .\CortexM3\ARM_GCC_473\Debug\PSoC_2_Pi.a(PWM_4_PM.o)
 .bss           0x1fff81bc        0x1 .\CortexM3\ARM_GCC_473\Debug\PSoC_2_Pi.a(PWM_5.o)
                0x1fff81bc                PWM_5_initVar
 *fill*         0x1fff81bd        0x3 00
 .bss           0x1fff81c0        0x8 .\CortexM3\ARM_GCC_473\Debug\PSoC_2_Pi.a(PWM_5_PM.o)
 .bss           0x1fff81c8        0x1 .\CortexM3\ARM_GCC_473\Debug\PSoC_2_Pi.a(PWM_6.o)
                0x1fff81c8                PWM_6_initVar
 *fill*         0x1fff81c9        0x3 00
 .bss           0x1fff81cc        0x8 .\CortexM3\ARM_GCC_473\Debug\PSoC_2_Pi.a(PWM_6_PM.o)
 .bss           0x1fff81d4        0x1 .\CortexM3\ARM_GCC_473\Debug\PSoC_2_Pi.a(PWM_7.o)
                0x1fff81d4                PWM_7_initVar
 *fill*         0x1fff81d5        0x3 00
 .bss           0x1fff81d8        0x8 .\CortexM3\ARM_GCC_473\Debug\PSoC_2_Pi.a(PWM_7_PM.o)
 .bss           0x1fff81e0        0x1 .\CortexM3\ARM_GCC_473\Debug\PSoC_2_Pi.a(PWM_8.o)
                0x1fff81e0                PWM_8_initVar
 *fill*         0x1fff81e1        0x3 00
 .bss           0x1fff81e4        0x8 .\CortexM3\ARM_GCC_473\Debug\PSoC_2_Pi.a(PWM_8_PM.o)
 *(COMMON)
 COMMON         0x1fff81ec        0xa .\CortexM3\ARM_GCC_473\Debug\PSoC_2_Pi.a(ADC_SAR_1.o)
                0x1fff81ec                ADC_SAR_1_countsPerVolt
                0x1fff81ee                ADC_SAR_1_shift
                0x1fff81f0                ADC_SAR_1_countsPer10Volt
                0x1fff81f4                ADC_SAR_1_offset
 *fill*         0x1fff81f6        0x2 00
 COMMON         0x1fff81f8        0xa .\CortexM3\ARM_GCC_473\Debug\PSoC_2_Pi.a(ADC_SAR_2.o)
                0x1fff81f8                ADC_SAR_2_countsPer10Volt
                0x1fff81fc                ADC_SAR_2_shift
                0x1fff81fe                ADC_SAR_2_offset
                0x1fff8200                ADC_SAR_2_countsPerVolt
 *fill*         0x1fff8202        0x2 00
 COMMON         0x1fff8204        0x8 .\CortexM3\ARM_GCC_473\Debug\PSoC_2_Pi.a(ADC_DelSig_1.o)
                0x1fff8204                ADC_DelSig_1_CountsPerVolt
                0x1fff8208                ADC_DelSig_1_Offset
                0x1fff8210                . = ALIGN (0x8)
 *fill*         0x1fff820c        0x4 00
 *(.ram.b)
                0x1fff8210                _end = .
                0x1fff8210                __end = .
                0x1fff8210                PROVIDE (end, .)
                0x1fff8210                PROVIDE (__bss_end__, .)
                0x0000e520                __cy_region_init_ram = LOADADDR (.data)
                0x00000028                __cy_region_init_size_ram = (_edata - ADDR (.data))
                0x000000e0                __cy_region_zero_size_ram = (_end - _edata)

.heap           0x1fff8210     0x1000 load address 0x0000e548
                0x1fff8210                . = _end
                0x1fff9210                . = (. + 0x1000)
 *fill*         0x1fff8210     0x1000 00
                0x1fff9210                __cy_heap_limit = .

.stack          0x20004000     0x4000
                0x20004000                __cy_stack_limit = .
                0x20008000                . = (. + 0x4000)
 *fill*         0x20004000     0x4000 00
                0x00000001                ASSERT ((__cy_stack_limit >= __cy_heap_limit), region RAM overflowed with stack)

.cyloadermeta   0xf0000000       0x40
 *(.cyloadermeta)
 .cyloadermeta  0xf0000000       0x40 .\CortexM3\ARM_GCC_473\Debug\cybootloader.o
                0xf0000000                cy_meta_loader

.cyloadablemeta
                0x0003ffc0       0x40
 *(.cyloadablemeta)
 .cyloadablemeta
                0x0003ffc0       0x40 .\CortexM3\ARM_GCC_473\Debug\cymetadata.o
                0x0003ffc0                cy_meta_loadable

.cyconfigecc    0x80000960      0xbe8
 *(.cyconfigecc)
 .cyconfigecc   0x80000960      0xbe8 .\CortexM3\ARM_GCC_473\Debug\cymetadata.o
                0x80000960                cy_meta_configecc

.cycustnvl      0x90000000        0x4
 *(.cycustnvl)
 .cycustnvl     0x90000000        0x4 .\CortexM3\ARM_GCC_473\Debug\cybootloader.o
                0x90000000                cy_meta_custnvl

.cywolatch      0x90100000        0x4
 *(.cywolatch)
 .cywolatch     0x90100000        0x4 .\CortexM3\ARM_GCC_473\Debug\cybootloader.o
                0x90100000                cy_meta_wonvl

.cyeeprom       0x90200000        0x0
 *(.cyeeprom)
                0x00000001                ASSERT ((. <= ((0x90200000 + ee_offset) + ee_size)), .cyeeprom data will not fit in EEPROM)

.cyflashprotect
                0x90400000      0x100
 *(.cyflashprotect)
 .cyflashprotect
                0x90400000      0x100 .\CortexM3\ARM_GCC_473\Debug\cybootloader.o
                0x90400000                cy_meta_flashprotect

.cymeta         0x90500000        0xc
 *(.cymeta)
 .cymeta        0x90500000        0xc .\CortexM3\ARM_GCC_473\Debug\cybootloader.o
                0x90500000                cy_metadata

.rel.dyn        0x00040000        0x0 load address 0x9050000c
 .rel.iplt      0x00000000        0x0 c:/program files (x86)/cypress/psoc creator/3.0/psoc creator/import/gnu_cs/arm/4.7.3/bin/../lib/gcc/arm-none-eabi/4.7.3/armv7-m/crtbegin.o

.stab
 *(.stab)

.stabstr
 *(.stabstr)

.debug
 *(.debug)

.line
 *(.line)

.debug_srcinfo
 *(.debug_srcinfo)

.debug_sfnames
 *(.debug_sfnames)

.debug_aranges  0x00000000     0x19f0
 *(.debug_aranges)
 .debug_aranges
                0x00000000       0x30 .\CortexM3\ARM_GCC_473\Debug\main.o
 .debug_aranges
                0x00000030       0xd0 .\CortexM3\ARM_GCC_473\Debug\mem1.o
 .debug_aranges
                0x00000100       0x18 .\CortexM3\ARM_GCC_473\Debug\cymetadata.o
 .debug_aranges
                0x00000118       0x40 .\CortexM3\ARM_GCC_473\Debug\Cm3Start.o
 .debug_aranges
                0x00000158       0x18 .\CortexM3\ARM_GCC_473\Debug\cybootloader.o
 .debug_aranges
                0x00000170       0x70 .\CortexM3\ARM_GCC_473\Debug\PSoC_2_Pi.a(cyfitter_cfg.o)
 .debug_aranges
                0x000001e0       0xe0 .\CortexM3\ARM_GCC_473\Debug\PSoC_2_Pi.a(SPIS_1.o)
 .debug_aranges
                0x000002c0       0x20 .\CortexM3\ARM_GCC_473\Debug\PSoC_2_Pi.a(CyBootAsmGnu.o)
 .debug_aranges
                0x000002e0       0xd8 .\CortexM3\ARM_GCC_473\Debug\PSoC_2_Pi.a(CyDmac.o)
 .debug_aranges
                0x000003b8      0x218 .\CortexM3\ARM_GCC_473\Debug\PSoC_2_Pi.a(CyLib.o)
 .debug_aranges
                0x000005d0       0x90 .\CortexM3\ARM_GCC_473\Debug\PSoC_2_Pi.a(cyPm.o)
 .debug_aranges
                0x00000660       0x98 .\CortexM3\ARM_GCC_473\Debug\PSoC_2_Pi.a(PWM_1.o)
 .debug_aranges