ARM GAS  C:\Users\Robert\AppData\Local\Temp\ccH51jGd.s 			page 1


   1              		.syntax unified
   2              		.cpu cortex-m3
   3              		.fpu softvfp
   4              		.eabi_attribute 20, 1
   5              		.eabi_attribute 21, 1
   6              		.eabi_attribute 23, 3
   7              		.eabi_attribute 24, 1
   8              		.eabi_attribute 25, 1
   9              		.eabi_attribute 26, 1
  10              		.eabi_attribute 30, 6
  11              		.eabi_attribute 34, 1
  12              		.eabi_attribute 18, 4
  13              		.thumb
  14              		.file	"Status_Reg_3.c"
  15              		.text
  16              	.Ltext0:
  17              		.cfi_sections	.debug_frame
  18              		.section	.text.Status_Reg_3_Read,"ax",%progbits
  19              		.align	2
  20              		.global	Status_Reg_3_Read
  21              		.thumb
  22              		.thumb_func
  23              		.type	Status_Reg_3_Read, %function
  24              	Status_Reg_3_Read:
  25              	.LFB0:
  26              		.file 1 ".\\Generated_Source\\PSoC5\\Status_Reg_3.c"
   1:.\Generated_Source\PSoC5/Status_Reg_3.c **** /*******************************************************************************
   2:.\Generated_Source\PSoC5/Status_Reg_3.c **** * File Name: Status_Reg_3.c  
   3:.\Generated_Source\PSoC5/Status_Reg_3.c **** * Version 1.80
   4:.\Generated_Source\PSoC5/Status_Reg_3.c **** *
   5:.\Generated_Source\PSoC5/Status_Reg_3.c **** * Description:
   6:.\Generated_Source\PSoC5/Status_Reg_3.c **** *  This file contains API to enable firmware to read the value of a Status 
   7:.\Generated_Source\PSoC5/Status_Reg_3.c **** *  Register.
   8:.\Generated_Source\PSoC5/Status_Reg_3.c **** *
   9:.\Generated_Source\PSoC5/Status_Reg_3.c **** * Note:
  10:.\Generated_Source\PSoC5/Status_Reg_3.c **** *
  11:.\Generated_Source\PSoC5/Status_Reg_3.c **** ********************************************************************************
  12:.\Generated_Source\PSoC5/Status_Reg_3.c **** * Copyright 2008-2012, Cypress Semiconductor Corporation.  All rights reserved.
  13:.\Generated_Source\PSoC5/Status_Reg_3.c **** * You may use this file only in accordance with the license, terms, conditions, 
  14:.\Generated_Source\PSoC5/Status_Reg_3.c **** * disclaimers, and limitations in the end user license agreement accompanying 
  15:.\Generated_Source\PSoC5/Status_Reg_3.c **** * the software package with which this file was provided.
  16:.\Generated_Source\PSoC5/Status_Reg_3.c **** *******************************************************************************/
  17:.\Generated_Source\PSoC5/Status_Reg_3.c **** 
  18:.\Generated_Source\PSoC5/Status_Reg_3.c **** #include "Status_Reg_3.h"
  19:.\Generated_Source\PSoC5/Status_Reg_3.c **** 
  20:.\Generated_Source\PSoC5/Status_Reg_3.c **** #if !defined(Status_Reg_3_sts_sts_reg__REMOVED) /* Check for removal by optimization */
  21:.\Generated_Source\PSoC5/Status_Reg_3.c **** 
  22:.\Generated_Source\PSoC5/Status_Reg_3.c **** 
  23:.\Generated_Source\PSoC5/Status_Reg_3.c **** /*******************************************************************************
  24:.\Generated_Source\PSoC5/Status_Reg_3.c **** * Function Name: Status_Reg_3_Read
  25:.\Generated_Source\PSoC5/Status_Reg_3.c **** ********************************************************************************
  26:.\Generated_Source\PSoC5/Status_Reg_3.c **** *
  27:.\Generated_Source\PSoC5/Status_Reg_3.c **** * Summary:
  28:.\Generated_Source\PSoC5/Status_Reg_3.c **** *  Reads the current value assigned to the Status Register.
  29:.\Generated_Source\PSoC5/Status_Reg_3.c **** *
  30:.\Generated_Source\PSoC5/Status_Reg_3.c **** * Parameters:
  31:.\Generated_Source\PSoC5/Status_Reg_3.c **** *  None.
ARM GAS  C:\Users\Robert\AppData\Local\Temp\ccH51jGd.s 			page 2


  32:.\Generated_Source\PSoC5/Status_Reg_3.c **** *
  33:.\Generated_Source\PSoC5/Status_Reg_3.c **** * Return:
  34:.\Generated_Source\PSoC5/Status_Reg_3.c **** *  The current value in the Status Register.
  35:.\Generated_Source\PSoC5/Status_Reg_3.c **** *
  36:.\Generated_Source\PSoC5/Status_Reg_3.c **** *******************************************************************************/
  37:.\Generated_Source\PSoC5/Status_Reg_3.c **** uint8 Status_Reg_3_Read(void) 
  38:.\Generated_Source\PSoC5/Status_Reg_3.c **** { 
  27              		.loc 1 38 0
  28              		.cfi_startproc
  29              		@ args = 0, pretend = 0, frame = 0
  30              		@ frame_needed = 1, uses_anonymous_args = 0
  31              		@ link register save eliminated.
  32 0000 80B4     		push	{r7}
  33              	.LCFI0:
  34              		.cfi_def_cfa_offset 4
  35              		.cfi_offset 7, -4
  36 0002 00AF     		add	r7, sp, #0
  37              	.LCFI1:
  38              		.cfi_def_cfa_register 7
  39:.\Generated_Source\PSoC5/Status_Reg_3.c ****     return Status_Reg_3_Status;
  39              		.loc 1 39 0
  40 0004 46F26D43 		movw	r3, #25709
  41 0008 C4F20003 		movt	r3, 16384
  42 000c 1B78     		ldrb	r3, [r3, #0]
  43 000e DBB2     		uxtb	r3, r3
  40:.\Generated_Source\PSoC5/Status_Reg_3.c **** }
  44              		.loc 1 40 0
  45 0010 1846     		mov	r0, r3
  46 0012 BD46     		mov	sp, r7
  47 0014 80BC     		pop	{r7}
  48 0016 7047     		bx	lr
  49              		.cfi_endproc
  50              	.LFE0:
  51              		.size	Status_Reg_3_Read, .-Status_Reg_3_Read
  52              		.section	.text.Status_Reg_3_InterruptEnable,"ax",%progbits
  53              		.align	2
  54              		.global	Status_Reg_3_InterruptEnable
  55              		.thumb
  56              		.thumb_func
  57              		.type	Status_Reg_3_InterruptEnable, %function
  58              	Status_Reg_3_InterruptEnable:
  59              	.LFB1:
  41:.\Generated_Source\PSoC5/Status_Reg_3.c **** 
  42:.\Generated_Source\PSoC5/Status_Reg_3.c **** 
  43:.\Generated_Source\PSoC5/Status_Reg_3.c **** /*******************************************************************************
  44:.\Generated_Source\PSoC5/Status_Reg_3.c **** * Function Name: Status_Reg_3_InterruptEnable
  45:.\Generated_Source\PSoC5/Status_Reg_3.c **** ********************************************************************************
  46:.\Generated_Source\PSoC5/Status_Reg_3.c **** *
  47:.\Generated_Source\PSoC5/Status_Reg_3.c **** * Summary:
  48:.\Generated_Source\PSoC5/Status_Reg_3.c **** *  Enables the Status Register interrupt.
  49:.\Generated_Source\PSoC5/Status_Reg_3.c **** *
  50:.\Generated_Source\PSoC5/Status_Reg_3.c **** * Parameters:
  51:.\Generated_Source\PSoC5/Status_Reg_3.c **** *  None.
  52:.\Generated_Source\PSoC5/Status_Reg_3.c **** *
  53:.\Generated_Source\PSoC5/Status_Reg_3.c **** * Return:
  54:.\Generated_Source\PSoC5/Status_Reg_3.c **** *  None.
  55:.\Generated_Source\PSoC5/Status_Reg_3.c **** *
ARM GAS  C:\Users\Robert\AppData\Local\Temp\ccH51jGd.s 			page 3


  56:.\Generated_Source\PSoC5/Status_Reg_3.c **** *******************************************************************************/
  57:.\Generated_Source\PSoC5/Status_Reg_3.c **** void Status_Reg_3_InterruptEnable(void) 
  58:.\Generated_Source\PSoC5/Status_Reg_3.c **** {
  60              		.loc 1 58 0
  61              		.cfi_startproc
  62              		@ args = 0, pretend = 0, frame = 8
  63              		@ frame_needed = 1, uses_anonymous_args = 0
  64 0000 80B5     		push	{r7, lr}
  65              	.LCFI2:
  66              		.cfi_def_cfa_offset 8
  67              		.cfi_offset 7, -8
  68              		.cfi_offset 14, -4
  69 0002 82B0     		sub	sp, sp, #8
  70              	.LCFI3:
  71              		.cfi_def_cfa_offset 16
  72 0004 00AF     		add	r7, sp, #0
  73              	.LCFI4:
  74              		.cfi_def_cfa_register 7
  59:.\Generated_Source\PSoC5/Status_Reg_3.c ****     uint8 interruptState;
  60:.\Generated_Source\PSoC5/Status_Reg_3.c ****     interruptState = CyEnterCriticalSection();
  75              		.loc 1 60 0
  76 0006 FFF7FEFF 		bl	CyEnterCriticalSection
  77 000a 0346     		mov	r3, r0
  78 000c FB71     		strb	r3, [r7, #7]
  61:.\Generated_Source\PSoC5/Status_Reg_3.c ****     Status_Reg_3_Status_Aux_Ctrl |= Status_Reg_3_STATUS_INTR_ENBL;
  79              		.loc 1 61 0
  80 000e 46F29D43 		movw	r3, #25757
  81 0012 C4F20003 		movt	r3, 16384
  82 0016 46F29D42 		movw	r2, #25757
  83 001a C4F20002 		movt	r2, 16384
  84 001e 1278     		ldrb	r2, [r2, #0]
  85 0020 D2B2     		uxtb	r2, r2
  86 0022 42F01002 		orr	r2, r2, #16
  87 0026 D2B2     		uxtb	r2, r2
  88 0028 1A70     		strb	r2, [r3, #0]
  62:.\Generated_Source\PSoC5/Status_Reg_3.c ****     CyExitCriticalSection(interruptState);
  89              		.loc 1 62 0
  90 002a FB79     		ldrb	r3, [r7, #7]	@ zero_extendqisi2
  91 002c 1846     		mov	r0, r3
  92 002e FFF7FEFF 		bl	CyExitCriticalSection
  63:.\Generated_Source\PSoC5/Status_Reg_3.c **** }
  93              		.loc 1 63 0
  94 0032 07F10807 		add	r7, r7, #8
  95 0036 BD46     		mov	sp, r7
  96 0038 80BD     		pop	{r7, pc}
  97              		.cfi_endproc
  98              	.LFE1:
  99              		.size	Status_Reg_3_InterruptEnable, .-Status_Reg_3_InterruptEnable
 100 003a 00BF     		.section	.text.Status_Reg_3_InterruptDisable,"ax",%progbits
 101              		.align	2
 102              		.global	Status_Reg_3_InterruptDisable
 103              		.thumb
 104              		.thumb_func
 105              		.type	Status_Reg_3_InterruptDisable, %function
 106              	Status_Reg_3_InterruptDisable:
 107              	.LFB2:
  64:.\Generated_Source\PSoC5/Status_Reg_3.c **** 
ARM GAS  C:\Users\Robert\AppData\Local\Temp\ccH51jGd.s 			page 4


  65:.\Generated_Source\PSoC5/Status_Reg_3.c **** 
  66:.\Generated_Source\PSoC5/Status_Reg_3.c **** /*******************************************************************************
  67:.\Generated_Source\PSoC5/Status_Reg_3.c **** * Function Name: Status_Reg_3_InterruptDisable
  68:.\Generated_Source\PSoC5/Status_Reg_3.c **** ********************************************************************************
  69:.\Generated_Source\PSoC5/Status_Reg_3.c **** *
  70:.\Generated_Source\PSoC5/Status_Reg_3.c **** * Summary:
  71:.\Generated_Source\PSoC5/Status_Reg_3.c **** *  Disables the Status Register interrupt.
  72:.\Generated_Source\PSoC5/Status_Reg_3.c **** *
  73:.\Generated_Source\PSoC5/Status_Reg_3.c **** * Parameters:
  74:.\Generated_Source\PSoC5/Status_Reg_3.c **** *  None.
  75:.\Generated_Source\PSoC5/Status_Reg_3.c **** *
  76:.\Generated_Source\PSoC5/Status_Reg_3.c **** * Return:
  77:.\Generated_Source\PSoC5/Status_Reg_3.c **** *  None.
  78:.\Generated_Source\PSoC5/Status_Reg_3.c **** *
  79:.\Generated_Source\PSoC5/Status_Reg_3.c **** *******************************************************************************/
  80:.\Generated_Source\PSoC5/Status_Reg_3.c **** void Status_Reg_3_InterruptDisable(void) 
  81:.\Generated_Source\PSoC5/Status_Reg_3.c **** {
 108              		.loc 1 81 0
 109              		.cfi_startproc
 110              		@ args = 0, pretend = 0, frame = 8
 111              		@ frame_needed = 1, uses_anonymous_args = 0
 112 0000 80B5     		push	{r7, lr}
 113              	.LCFI5:
 114              		.cfi_def_cfa_offset 8
 115              		.cfi_offset 7, -8
 116              		.cfi_offset 14, -4
 117 0002 82B0     		sub	sp, sp, #8
 118              	.LCFI6:
 119              		.cfi_def_cfa_offset 16
 120 0004 00AF     		add	r7, sp, #0
 121              	.LCFI7:
 122              		.cfi_def_cfa_register 7
  82:.\Generated_Source\PSoC5/Status_Reg_3.c ****     uint8 interruptState;
  83:.\Generated_Source\PSoC5/Status_Reg_3.c ****     interruptState = CyEnterCriticalSection();
 123              		.loc 1 83 0
 124 0006 FFF7FEFF 		bl	CyEnterCriticalSection
 125 000a 0346     		mov	r3, r0
 126 000c FB71     		strb	r3, [r7, #7]
  84:.\Generated_Source\PSoC5/Status_Reg_3.c ****     Status_Reg_3_Status_Aux_Ctrl &= (uint8)(~Status_Reg_3_STATUS_INTR_ENBL);
 127              		.loc 1 84 0
 128 000e 46F29D43 		movw	r3, #25757
 129 0012 C4F20003 		movt	r3, 16384
 130 0016 46F29D42 		movw	r2, #25757
 131 001a C4F20002 		movt	r2, 16384
 132 001e 1278     		ldrb	r2, [r2, #0]
 133 0020 D2B2     		uxtb	r2, r2
 134 0022 22F01002 		bic	r2, r2, #16
 135 0026 D2B2     		uxtb	r2, r2
 136 0028 1A70     		strb	r2, [r3, #0]
  85:.\Generated_Source\PSoC5/Status_Reg_3.c ****     CyExitCriticalSection(interruptState);
 137              		.loc 1 85 0
 138 002a FB79     		ldrb	r3, [r7, #7]	@ zero_extendqisi2
 139 002c 1846     		mov	r0, r3
 140 002e FFF7FEFF 		bl	CyExitCriticalSection
  86:.\Generated_Source\PSoC5/Status_Reg_3.c **** }
 141              		.loc 1 86 0
 142 0032 07F10807 		add	r7, r7, #8
ARM GAS  C:\Users\Robert\AppData\Local\Temp\ccH51jGd.s 			page 5


 143 0036 BD46     		mov	sp, r7
 144 0038 80BD     		pop	{r7, pc}
 145              		.cfi_endproc
 146              	.LFE2:
 147              		.size	Status_Reg_3_InterruptDisable, .-Status_Reg_3_InterruptDisable
 148 003a 00BF     		.section	.text.Status_Reg_3_WriteMask,"ax",%progbits
 149              		.align	2
 150              		.global	Status_Reg_3_WriteMask
 151              		.thumb
 152              		.thumb_func
 153              		.type	Status_Reg_3_WriteMask, %function
 154              	Status_Reg_3_WriteMask:
 155              	.LFB3:
  87:.\Generated_Source\PSoC5/Status_Reg_3.c **** 
  88:.\Generated_Source\PSoC5/Status_Reg_3.c **** 
  89:.\Generated_Source\PSoC5/Status_Reg_3.c **** /*******************************************************************************
  90:.\Generated_Source\PSoC5/Status_Reg_3.c **** * Function Name: Status_Reg_3_WriteMask
  91:.\Generated_Source\PSoC5/Status_Reg_3.c **** ********************************************************************************
  92:.\Generated_Source\PSoC5/Status_Reg_3.c **** *
  93:.\Generated_Source\PSoC5/Status_Reg_3.c **** * Summary:
  94:.\Generated_Source\PSoC5/Status_Reg_3.c **** *  Writes the current mask value assigned to the Status Register.
  95:.\Generated_Source\PSoC5/Status_Reg_3.c **** *
  96:.\Generated_Source\PSoC5/Status_Reg_3.c **** * Parameters:
  97:.\Generated_Source\PSoC5/Status_Reg_3.c **** *  mask:  Value to write into the mask register.
  98:.\Generated_Source\PSoC5/Status_Reg_3.c **** *
  99:.\Generated_Source\PSoC5/Status_Reg_3.c **** * Return:
 100:.\Generated_Source\PSoC5/Status_Reg_3.c **** *  None.
 101:.\Generated_Source\PSoC5/Status_Reg_3.c **** *
 102:.\Generated_Source\PSoC5/Status_Reg_3.c **** *******************************************************************************/
 103:.\Generated_Source\PSoC5/Status_Reg_3.c **** void Status_Reg_3_WriteMask(uint8 mask) 
 104:.\Generated_Source\PSoC5/Status_Reg_3.c **** {
 156              		.loc 1 104 0
 157              		.cfi_startproc
 158              		@ args = 0, pretend = 0, frame = 8
 159              		@ frame_needed = 1, uses_anonymous_args = 0
 160              		@ link register save eliminated.
 161 0000 80B4     		push	{r7}
 162              	.LCFI8:
 163              		.cfi_def_cfa_offset 4
 164              		.cfi_offset 7, -4
 165 0002 83B0     		sub	sp, sp, #12
 166              	.LCFI9:
 167              		.cfi_def_cfa_offset 16
 168 0004 00AF     		add	r7, sp, #0
 169              	.LCFI10:
 170              		.cfi_def_cfa_register 7
 171 0006 0346     		mov	r3, r0
 172 0008 FB71     		strb	r3, [r7, #7]
 105:.\Generated_Source\PSoC5/Status_Reg_3.c ****     #if(Status_Reg_3_INPUTS < 8u)
 106:.\Generated_Source\PSoC5/Status_Reg_3.c ****     	mask &= (uint8)((((uint8)1u) << Status_Reg_3_INPUTS) - 1u);
 107:.\Generated_Source\PSoC5/Status_Reg_3.c **** 	#endif /* End Status_Reg_3_INPUTS < 8u */
 108:.\Generated_Source\PSoC5/Status_Reg_3.c ****     Status_Reg_3_Status_Mask = mask;
 173              		.loc 1 108 0
 174 000a 46F28D43 		movw	r3, #25741
 175 000e C4F20003 		movt	r3, 16384
 176 0012 FA79     		ldrb	r2, [r7, #7]
 177 0014 1A70     		strb	r2, [r3, #0]
ARM GAS  C:\Users\Robert\AppData\Local\Temp\ccH51jGd.s 			page 6


 109:.\Generated_Source\PSoC5/Status_Reg_3.c **** }
 178              		.loc 1 109 0
 179 0016 07F10C07 		add	r7, r7, #12
 180 001a BD46     		mov	sp, r7
 181 001c 80BC     		pop	{r7}
 182 001e 7047     		bx	lr
 183              		.cfi_endproc
 184              	.LFE3:
 185              		.size	Status_Reg_3_WriteMask, .-Status_Reg_3_WriteMask
 186              		.section	.text.Status_Reg_3_ReadMask,"ax",%progbits
 187              		.align	2
 188              		.global	Status_Reg_3_ReadMask
 189              		.thumb
 190              		.thumb_func
 191              		.type	Status_Reg_3_ReadMask, %function
 192              	Status_Reg_3_ReadMask:
 193              	.LFB4:
 110:.\Generated_Source\PSoC5/Status_Reg_3.c **** 
 111:.\Generated_Source\PSoC5/Status_Reg_3.c **** 
 112:.\Generated_Source\PSoC5/Status_Reg_3.c **** /*******************************************************************************
 113:.\Generated_Source\PSoC5/Status_Reg_3.c **** * Function Name: Status_Reg_3_ReadMask
 114:.\Generated_Source\PSoC5/Status_Reg_3.c **** ********************************************************************************
 115:.\Generated_Source\PSoC5/Status_Reg_3.c **** *
 116:.\Generated_Source\PSoC5/Status_Reg_3.c **** * Summary:
 117:.\Generated_Source\PSoC5/Status_Reg_3.c **** *  Reads the current interrupt mask assigned to the Status Register.
 118:.\Generated_Source\PSoC5/Status_Reg_3.c **** *
 119:.\Generated_Source\PSoC5/Status_Reg_3.c **** * Parameters:
 120:.\Generated_Source\PSoC5/Status_Reg_3.c **** *  None.
 121:.\Generated_Source\PSoC5/Status_Reg_3.c **** *
 122:.\Generated_Source\PSoC5/Status_Reg_3.c **** * Return:
 123:.\Generated_Source\PSoC5/Status_Reg_3.c **** *  The value of the interrupt mask of the Status Register.
 124:.\Generated_Source\PSoC5/Status_Reg_3.c **** *
 125:.\Generated_Source\PSoC5/Status_Reg_3.c **** *******************************************************************************/
 126:.\Generated_Source\PSoC5/Status_Reg_3.c **** uint8 Status_Reg_3_ReadMask(void) 
 127:.\Generated_Source\PSoC5/Status_Reg_3.c **** {
 194              		.loc 1 127 0
 195              		.cfi_startproc
 196              		@ args = 0, pretend = 0, frame = 0
 197              		@ frame_needed = 1, uses_anonymous_args = 0
 198              		@ link register save eliminated.
 199 0000 80B4     		push	{r7}
 200              	.LCFI11:
 201              		.cfi_def_cfa_offset 4
 202              		.cfi_offset 7, -4
 203 0002 00AF     		add	r7, sp, #0
 204              	.LCFI12:
 205              		.cfi_def_cfa_register 7
 128:.\Generated_Source\PSoC5/Status_Reg_3.c ****     return Status_Reg_3_Status_Mask;
 206              		.loc 1 128 0
 207 0004 46F28D43 		movw	r3, #25741
 208 0008 C4F20003 		movt	r3, 16384
 209 000c 1B78     		ldrb	r3, [r3, #0]
 210 000e DBB2     		uxtb	r3, r3
 129:.\Generated_Source\PSoC5/Status_Reg_3.c **** }
 211              		.loc 1 129 0
 212 0010 1846     		mov	r0, r3
 213 0012 BD46     		mov	sp, r7
ARM GAS  C:\Users\Robert\AppData\Local\Temp\ccH51jGd.s 			page 7


 214 0014 80BC     		pop	{r7}
 215 0016 7047     		bx	lr
 216              		.cfi_endproc
 217              	.LFE4:
 218              		.size	Status_Reg_3_ReadMask, .-Status_Reg_3_ReadMask
 219              		.text
 220              	.Letext0:
 221              		.file 2 ".\\Generated_Source\\PSoC5\\cytypes.h"
 222              		.section	.debug_info,"",%progbits
 223              	.Ldebug_info0:
 224 0000 52010000 		.4byte	0x152
 225 0004 0200     		.2byte	0x2
 226 0006 00000000 		.4byte	.Ldebug_abbrev0
 227 000a 04       		.byte	0x4
 228 000b 01       		.uleb128 0x1
 229 000c 4A000000 		.4byte	.LASF21
 230 0010 01       		.byte	0x1
 231 0011 B6010000 		.4byte	.LASF22
 232 0015 5A010000 		.4byte	.LASF23
 233 0019 00000000 		.4byte	.Ldebug_ranges0+0
 234 001d 00000000 		.4byte	0
 235 0021 00000000 		.4byte	0
 236 0025 00000000 		.4byte	.Ldebug_line0
 237 0029 02       		.uleb128 0x2
 238 002a 01       		.byte	0x1
 239 002b 06       		.byte	0x6
 240 002c 48010000 		.4byte	.LASF0
 241 0030 02       		.uleb128 0x2
 242 0031 01       		.byte	0x1
 243 0032 08       		.byte	0x8
 244 0033 DD000000 		.4byte	.LASF1
 245 0037 02       		.uleb128 0x2
 246 0038 02       		.byte	0x2
 247 0039 05       		.byte	0x5
 248 003a A7010000 		.4byte	.LASF2
 249 003e 02       		.uleb128 0x2
 250 003f 02       		.byte	0x2
 251 0040 07       		.byte	0x7
 252 0041 35010000 		.4byte	.LASF3
 253 0045 02       		.uleb128 0x2
 254 0046 04       		.byte	0x4
 255 0047 05       		.byte	0x5
 256 0048 F0000000 		.4byte	.LASF4
 257 004c 02       		.uleb128 0x2
 258 004d 04       		.byte	0x4
 259 004e 07       		.byte	0x7
 260 004f 99000000 		.4byte	.LASF5
 261 0053 02       		.uleb128 0x2
 262 0054 08       		.byte	0x8
 263 0055 05       		.byte	0x5
 264 0056 00000000 		.4byte	.LASF6
 265 005a 02       		.uleb128 0x2
 266 005b 08       		.byte	0x8
 267 005c 07       		.byte	0x7
 268 005d AB000000 		.4byte	.LASF7
 269 0061 03       		.uleb128 0x3
 270 0062 04       		.byte	0x4
ARM GAS  C:\Users\Robert\AppData\Local\Temp\ccH51jGd.s 			page 8


 271 0063 05       		.byte	0x5
 272 0064 696E7400 		.ascii	"int\000"
 273 0068 02       		.uleb128 0x2
 274 0069 04       		.byte	0x4
 275 006a 07       		.byte	0x7
 276 006b 0E000000 		.4byte	.LASF8
 277 006f 04       		.uleb128 0x4
 278 0070 93000000 		.4byte	.LASF12
 279 0074 02       		.byte	0x2
 280 0075 5B       		.byte	0x5b
 281 0076 30000000 		.4byte	0x30
 282 007a 02       		.uleb128 0x2
 283 007b 04       		.byte	0x4
 284 007c 04       		.byte	0x4
 285 007d 54010000 		.4byte	.LASF9
 286 0081 02       		.uleb128 0x2
 287 0082 08       		.byte	0x8
 288 0083 04       		.byte	0x4
 289 0084 F9000000 		.4byte	.LASF10
 290 0088 02       		.uleb128 0x2
 291 0089 01       		.byte	0x1
 292 008a 08       		.byte	0x8
 293 008b EB000000 		.4byte	.LASF11
 294 008f 04       		.uleb128 0x4
 295 0090 B1010000 		.4byte	.LASF13
 296 0094 02       		.byte	0x2
 297 0095 F0       		.byte	0xf0
 298 0096 9A000000 		.4byte	0x9a
 299 009a 05       		.uleb128 0x5
 300 009b 6F000000 		.4byte	0x6f
 301 009f 02       		.uleb128 0x2
 302 00a0 04       		.byte	0x4
 303 00a1 07       		.byte	0x7
 304 00a2 DE010000 		.4byte	.LASF14
 305 00a6 06       		.uleb128 0x6
 306 00a7 01       		.byte	0x1
 307 00a8 38000000 		.4byte	.LASF19
 308 00ac 01       		.byte	0x1
 309 00ad 25       		.byte	0x25
 310 00ae 01       		.byte	0x1
 311 00af 6F000000 		.4byte	0x6f
 312 00b3 00000000 		.4byte	.LFB0
 313 00b7 18000000 		.4byte	.LFE0
 314 00bb 00000000 		.4byte	.LLST0
 315 00bf 01       		.byte	0x1
 316 00c0 07       		.uleb128 0x7
 317 00c1 01       		.byte	0x1
 318 00c2 1B000000 		.4byte	.LASF15
 319 00c6 01       		.byte	0x1
 320 00c7 39       		.byte	0x39
 321 00c8 01       		.byte	0x1
 322 00c9 00000000 		.4byte	.LFB1
 323 00cd 3A000000 		.4byte	.LFE1
 324 00d1 2C000000 		.4byte	.LLST1
 325 00d5 01       		.byte	0x1
 326 00d6 E9000000 		.4byte	0xe9
 327 00da 08       		.uleb128 0x8
ARM GAS  C:\Users\Robert\AppData\Local\Temp\ccH51jGd.s 			page 9


 328 00db E7010000 		.4byte	.LASF17
 329 00df 01       		.byte	0x1
 330 00e0 3B       		.byte	0x3b
 331 00e1 6F000000 		.4byte	0x6f
 332 00e5 02       		.byte	0x2
 333 00e6 91       		.byte	0x91
 334 00e7 77       		.sleb128 -9
 335 00e8 00       		.byte	0
 336 00e9 07       		.uleb128 0x7
 337 00ea 01       		.byte	0x1
 338 00eb 17010000 		.4byte	.LASF16
 339 00ef 01       		.byte	0x1
 340 00f0 50       		.byte	0x50
 341 00f1 01       		.byte	0x1
 342 00f2 00000000 		.4byte	.LFB2
 343 00f6 3A000000 		.4byte	.LFE2
 344 00fa 64000000 		.4byte	.LLST2
 345 00fe 01       		.byte	0x1
 346 00ff 12010000 		.4byte	0x112
 347 0103 08       		.uleb128 0x8
 348 0104 E7010000 		.4byte	.LASF17
 349 0108 01       		.byte	0x1
 350 0109 52       		.byte	0x52
 351 010a 6F000000 		.4byte	0x6f
 352 010e 02       		.byte	0x2
 353 010f 91       		.byte	0x91
 354 0110 77       		.sleb128 -9
 355 0111 00       		.byte	0
 356 0112 09       		.uleb128 0x9
 357 0113 01       		.byte	0x1
 358 0114 00010000 		.4byte	.LASF18
 359 0118 01       		.byte	0x1
 360 0119 67       		.byte	0x67
 361 011a 01       		.byte	0x1
 362 011b 00000000 		.4byte	.LFB3
 363 011f 20000000 		.4byte	.LFE3
 364 0123 9C000000 		.4byte	.LLST3
 365 0127 01       		.byte	0x1
 366 0128 3B010000 		.4byte	0x13b
 367 012c 0A       		.uleb128 0xa
 368 012d C2000000 		.4byte	.LASF24
 369 0131 01       		.byte	0x1
 370 0132 67       		.byte	0x67
 371 0133 6F000000 		.4byte	0x6f
 372 0137 02       		.byte	0x2
 373 0138 91       		.byte	0x91
 374 0139 77       		.sleb128 -9
 375 013a 00       		.byte	0
 376 013b 06       		.uleb128 0x6
 377 013c 01       		.byte	0x1
 378 013d C7000000 		.4byte	.LASF20
 379 0141 01       		.byte	0x1
 380 0142 7E       		.byte	0x7e
 381 0143 01       		.byte	0x1
 382 0144 6F000000 		.4byte	0x6f
 383 0148 00000000 		.4byte	.LFB4
 384 014c 18000000 		.4byte	.LFE4
ARM GAS  C:\Users\Robert\AppData\Local\Temp\ccH51jGd.s 			page 10


 385 0150 D4000000 		.4byte	.LLST4
 386 0154 01       		.byte	0x1
 387 0155 00       		.byte	0
 388              		.section	.debug_abbrev,"",%progbits
 389              	.Ldebug_abbrev0:
 390 0000 01       		.uleb128 0x1
 391 0001 11       		.uleb128 0x11
 392 0002 01       		.byte	0x1
 393 0003 25       		.uleb128 0x25
 394 0004 0E       		.uleb128 0xe
 395 0005 13       		.uleb128 0x13
 396 0006 0B       		.uleb128 0xb
 397 0007 03       		.uleb128 0x3
 398 0008 0E       		.uleb128 0xe
 399 0009 1B       		.uleb128 0x1b
 400 000a 0E       		.uleb128 0xe
 401 000b 55       		.uleb128 0x55
 402 000c 06       		.uleb128 0x6
 403 000d 11       		.uleb128 0x11
 404 000e 01       		.uleb128 0x1
 405 000f 52       		.uleb128 0x52
 406 0010 01       		.uleb128 0x1
 407 0011 10       		.uleb128 0x10
 408 0012 06       		.uleb128 0x6
 409 0013 00       		.byte	0
 410 0014 00       		.byte	0
 411 0015 02       		.uleb128 0x2
 412 0016 24       		.uleb128 0x24
 413 0017 00       		.byte	0
 414 0018 0B       		.uleb128 0xb
 415 0019 0B       		.uleb128 0xb
 416 001a 3E       		.uleb128 0x3e
 417 001b 0B       		.uleb128 0xb
 418 001c 03       		.uleb128 0x3
 419 001d 0E       		.uleb128 0xe
 420 001e 00       		.byte	0
 421 001f 00       		.byte	0
 422 0020 03       		.uleb128 0x3
 423 0021 24       		.uleb128 0x24
 424 0022 00       		.byte	0
 425 0023 0B       		.uleb128 0xb
 426 0024 0B       		.uleb128 0xb
 427 0025 3E       		.uleb128 0x3e
 428 0026 0B       		.uleb128 0xb
 429 0027 03       		.uleb128 0x3
 430 0028 08       		.uleb128 0x8
 431 0029 00       		.byte	0
 432 002a 00       		.byte	0
 433 002b 04       		.uleb128 0x4
 434 002c 16       		.uleb128 0x16
 435 002d 00       		.byte	0
 436 002e 03       		.uleb128 0x3
 437 002f 0E       		.uleb128 0xe
 438 0030 3A       		.uleb128 0x3a
 439 0031 0B       		.uleb128 0xb
 440 0032 3B       		.uleb128 0x3b
 441 0033 0B       		.uleb128 0xb
ARM GAS  C:\Users\Robert\AppData\Local\Temp\ccH51jGd.s 			page 11


 442 0034 49       		.uleb128 0x49
 443 0035 13       		.uleb128 0x13
 444 0036 00       		.byte	0
 445 0037 00       		.byte	0
 446 0038 05       		.uleb128 0x5
 447 0039 35       		.uleb128 0x35
 448 003a 00       		.byte	0
 449 003b 49       		.uleb128 0x49
 450 003c 13       		.uleb128 0x13
 451 003d 00       		.byte	0
 452 003e 00       		.byte	0
 453 003f 06       		.uleb128 0x6
 454 0040 2E       		.uleb128 0x2e
 455 0041 00       		.byte	0
 456 0042 3F       		.uleb128 0x3f
 457 0043 0C       		.uleb128 0xc
 458 0044 03       		.uleb128 0x3
 459 0045 0E       		.uleb128 0xe
 460 0046 3A       		.uleb128 0x3a
 461 0047 0B       		.uleb128 0xb
 462 0048 3B       		.uleb128 0x3b
 463 0049 0B       		.uleb128 0xb
 464 004a 27       		.uleb128 0x27
 465 004b 0C       		.uleb128 0xc
 466 004c 49       		.uleb128 0x49
 467 004d 13       		.uleb128 0x13
 468 004e 11       		.uleb128 0x11
 469 004f 01       		.uleb128 0x1
 470 0050 12       		.uleb128 0x12
 471 0051 01       		.uleb128 0x1
 472 0052 40       		.uleb128 0x40
 473 0053 06       		.uleb128 0x6
 474 0054 9742     		.uleb128 0x2117
 475 0056 0C       		.uleb128 0xc
 476 0057 00       		.byte	0
 477 0058 00       		.byte	0
 478 0059 07       		.uleb128 0x7
 479 005a 2E       		.uleb128 0x2e
 480 005b 01       		.byte	0x1
 481 005c 3F       		.uleb128 0x3f
 482 005d 0C       		.uleb128 0xc
 483 005e 03       		.uleb128 0x3
 484 005f 0E       		.uleb128 0xe
 485 0060 3A       		.uleb128 0x3a
 486 0061 0B       		.uleb128 0xb
 487 0062 3B       		.uleb128 0x3b
 488 0063 0B       		.uleb128 0xb
 489 0064 27       		.uleb128 0x27
 490 0065 0C       		.uleb128 0xc
 491 0066 11       		.uleb128 0x11
 492 0067 01       		.uleb128 0x1
 493 0068 12       		.uleb128 0x12
 494 0069 01       		.uleb128 0x1
 495 006a 40       		.uleb128 0x40
 496 006b 06       		.uleb128 0x6
 497 006c 9642     		.uleb128 0x2116
 498 006e 0C       		.uleb128 0xc
ARM GAS  C:\Users\Robert\AppData\Local\Temp\ccH51jGd.s 			page 12


 499 006f 01       		.uleb128 0x1
 500 0070 13       		.uleb128 0x13
 501 0071 00       		.byte	0
 502 0072 00       		.byte	0
 503 0073 08       		.uleb128 0x8
 504 0074 34       		.uleb128 0x34
 505 0075 00       		.byte	0
 506 0076 03       		.uleb128 0x3
 507 0077 0E       		.uleb128 0xe
 508 0078 3A       		.uleb128 0x3a
 509 0079 0B       		.uleb128 0xb
 510 007a 3B       		.uleb128 0x3b
 511 007b 0B       		.uleb128 0xb
 512 007c 49       		.uleb128 0x49
 513 007d 13       		.uleb128 0x13
 514 007e 02       		.uleb128 0x2
 515 007f 0A       		.uleb128 0xa
 516 0080 00       		.byte	0
 517 0081 00       		.byte	0
 518 0082 09       		.uleb128 0x9
 519 0083 2E       		.uleb128 0x2e
 520 0084 01       		.byte	0x1
 521 0085 3F       		.uleb128 0x3f
 522 0086 0C       		.uleb128 0xc
 523 0087 03       		.uleb128 0x3
 524 0088 0E       		.uleb128 0xe
 525 0089 3A       		.uleb128 0x3a
 526 008a 0B       		.uleb128 0xb
 527 008b 3B       		.uleb128 0x3b
 528 008c 0B       		.uleb128 0xb
 529 008d 27       		.uleb128 0x27
 530 008e 0C       		.uleb128 0xc
 531 008f 11       		.uleb128 0x11
 532 0090 01       		.uleb128 0x1
 533 0091 12       		.uleb128 0x12
 534 0092 01       		.uleb128 0x1
 535 0093 40       		.uleb128 0x40
 536 0094 06       		.uleb128 0x6
 537 0095 9742     		.uleb128 0x2117
 538 0097 0C       		.uleb128 0xc
 539 0098 01       		.uleb128 0x1
 540 0099 13       		.uleb128 0x13
 541 009a 00       		.byte	0
 542 009b 00       		.byte	0
 543 009c 0A       		.uleb128 0xa
 544 009d 05       		.uleb128 0x5
 545 009e 00       		.byte	0
 546 009f 03       		.uleb128 0x3
 547 00a0 0E       		.uleb128 0xe
 548 00a1 3A       		.uleb128 0x3a
 549 00a2 0B       		.uleb128 0xb
 550 00a3 3B       		.uleb128 0x3b
 551 00a4 0B       		.uleb128 0xb
 552 00a5 49       		.uleb128 0x49
 553 00a6 13       		.uleb128 0x13
 554 00a7 02       		.uleb128 0x2
 555 00a8 0A       		.uleb128 0xa
ARM GAS  C:\Users\Robert\AppData\Local\Temp\ccH51jGd.s 			page 13


 556 00a9 00       		.byte	0
 557 00aa 00       		.byte	0
 558 00ab 00       		.byte	0
 559              		.section	.debug_loc,"",%progbits
 560              	.Ldebug_loc0:
 561              	.LLST0:
 562 0000 00000000 		.4byte	.LFB0
 563 0004 02000000 		.4byte	.LCFI0
 564 0008 0200     		.2byte	0x2
 565 000a 7D       		.byte	0x7d
 566 000b 00       		.sleb128 0
 567 000c 02000000 		.4byte	.LCFI0
 568 0010 04000000 		.4byte	.LCFI1
 569 0014 0200     		.2byte	0x2
 570 0016 7D       		.byte	0x7d
 571 0017 04       		.sleb128 4
 572 0018 04000000 		.4byte	.LCFI1
 573 001c 18000000 		.4byte	.LFE0
 574 0020 0200     		.2byte	0x2
 575 0022 77       		.byte	0x77
 576 0023 04       		.sleb128 4
 577 0024 00000000 		.4byte	0
 578 0028 00000000 		.4byte	0
 579              	.LLST1:
 580 002c 00000000 		.4byte	.LFB1
 581 0030 02000000 		.4byte	.LCFI2
 582 0034 0200     		.2byte	0x2
 583 0036 7D       		.byte	0x7d
 584 0037 00       		.sleb128 0
 585 0038 02000000 		.4byte	.LCFI2
 586 003c 04000000 		.4byte	.LCFI3
 587 0040 0200     		.2byte	0x2
 588 0042 7D       		.byte	0x7d
 589 0043 08       		.sleb128 8
 590 0044 04000000 		.4byte	.LCFI3
 591 0048 06000000 		.4byte	.LCFI4
 592 004c 0200     		.2byte	0x2
 593 004e 7D       		.byte	0x7d
 594 004f 10       		.sleb128 16
 595 0050 06000000 		.4byte	.LCFI4
 596 0054 3A000000 		.4byte	.LFE1
 597 0058 0200     		.2byte	0x2
 598 005a 77       		.byte	0x77
 599 005b 10       		.sleb128 16
 600 005c 00000000 		.4byte	0
 601 0060 00000000 		.4byte	0
 602              	.LLST2:
 603 0064 00000000 		.4byte	.LFB2
 604 0068 02000000 		.4byte	.LCFI5
 605 006c 0200     		.2byte	0x2
 606 006e 7D       		.byte	0x7d
 607 006f 00       		.sleb128 0
 608 0070 02000000 		.4byte	.LCFI5
 609 0074 04000000 		.4byte	.LCFI6
 610 0078 0200     		.2byte	0x2
 611 007a 7D       		.byte	0x7d
 612 007b 08       		.sleb128 8
ARM GAS  C:\Users\Robert\AppData\Local\Temp\ccH51jGd.s 			page 14


 613 007c 04000000 		.4byte	.LCFI6
 614 0080 06000000 		.4byte	.LCFI7
 615 0084 0200     		.2byte	0x2
 616 0086 7D       		.byte	0x7d
 617 0087 10       		.sleb128 16
 618 0088 06000000 		.4byte	.LCFI7
 619 008c 3A000000 		.4byte	.LFE2
 620 0090 0200     		.2byte	0x2
 621 0092 77       		.byte	0x77
 622 0093 10       		.sleb128 16
 623 0094 00000000 		.4byte	0
 624 0098 00000000 		.4byte	0
 625              	.LLST3:
 626 009c 00000000 		.4byte	.LFB3
 627 00a0 02000000 		.4byte	.LCFI8
 628 00a4 0200     		.2byte	0x2
 629 00a6 7D       		.byte	0x7d
 630 00a7 00       		.sleb128 0
 631 00a8 02000000 		.4byte	.LCFI8
 632 00ac 04000000 		.4byte	.LCFI9
 633 00b0 0200     		.2byte	0x2
 634 00b2 7D       		.byte	0x7d
 635 00b3 04       		.sleb128 4
 636 00b4 04000000 		.4byte	.LCFI9
 637 00b8 06000000 		.4byte	.LCFI10
 638 00bc 0200     		.2byte	0x2
 639 00be 7D       		.byte	0x7d
 640 00bf 10       		.sleb128 16
 641 00c0 06000000 		.4byte	.LCFI10
 642 00c4 20000000 		.4byte	.LFE3
 643 00c8 0200     		.2byte	0x2
 644 00ca 77       		.byte	0x77
 645 00cb 10       		.sleb128 16
 646 00cc 00000000 		.4byte	0
 647 00d0 00000000 		.4byte	0
 648              	.LLST4:
 649 00d4 00000000 		.4byte	.LFB4
 650 00d8 02000000 		.4byte	.LCFI11
 651 00dc 0200     		.2byte	0x2
 652 00de 7D       		.byte	0x7d
 653 00df 00       		.sleb128 0
 654 00e0 02000000 		.4byte	.LCFI11
 655 00e4 04000000 		.4byte	.LCFI12
 656 00e8 0200     		.2byte	0x2
 657 00ea 7D       		.byte	0x7d
 658 00eb 04       		.sleb128 4
 659 00ec 04000000 		.4byte	.LCFI12
 660 00f0 18000000 		.4byte	.LFE4
 661 00f4 0200     		.2byte	0x2
 662 00f6 77       		.byte	0x77
 663 00f7 04       		.sleb128 4
 664 00f8 00000000 		.4byte	0
 665 00fc 00000000 		.4byte	0
 666              		.section	.debug_aranges,"",%progbits
 667 0000 3C000000 		.4byte	0x3c
 668 0004 0200     		.2byte	0x2
 669 0006 00000000 		.4byte	.Ldebug_info0
ARM GAS  C:\Users\Robert\AppData\Local\Temp\ccH51jGd.s 			page 15


 670 000a 04       		.byte	0x4
 671 000b 00       		.byte	0
 672 000c 0000     		.2byte	0
 673 000e 0000     		.2byte	0
 674 0010 00000000 		.4byte	.LFB0
 675 0014 18000000 		.4byte	.LFE0-.LFB0
 676 0018 00000000 		.4byte	.LFB1
 677 001c 3A000000 		.4byte	.LFE1-.LFB1
 678 0020 00000000 		.4byte	.LFB2
 679 0024 3A000000 		.4byte	.LFE2-.LFB2
 680 0028 00000000 		.4byte	.LFB3
 681 002c 20000000 		.4byte	.LFE3-.LFB3
 682 0030 00000000 		.4byte	.LFB4
 683 0034 18000000 		.4byte	.LFE4-.LFB4
 684 0038 00000000 		.4byte	0
 685 003c 00000000 		.4byte	0
 686              		.section	.debug_ranges,"",%progbits
 687              	.Ldebug_ranges0:
 688 0000 00000000 		.4byte	.LFB0
 689 0004 18000000 		.4byte	.LFE0
 690 0008 00000000 		.4byte	.LFB1
 691 000c 3A000000 		.4byte	.LFE1
 692 0010 00000000 		.4byte	.LFB2
 693 0014 3A000000 		.4byte	.LFE2
 694 0018 00000000 		.4byte	.LFB3
 695 001c 20000000 		.4byte	.LFE3
 696 0020 00000000 		.4byte	.LFB4
 697 0024 18000000 		.4byte	.LFE4
 698 0028 00000000 		.4byte	0
 699 002c 00000000 		.4byte	0
 700              		.section	.debug_line,"",%progbits
 701              	.Ldebug_line0:
 702 0000 AD000000 		.section	.debug_str,"MS",%progbits,1
 702      02004B00 
 702      00000201 
 702      FB0E0D00 
 702      01010101 
 703              	.LASF6:
 704 0000 6C6F6E67 		.ascii	"long long int\000"
 704      206C6F6E 
 704      6720696E 
 704      7400
 705              	.LASF8:
 706 000e 756E7369 		.ascii	"unsigned int\000"
 706      676E6564 
 706      20696E74 
 706      00
 707              	.LASF15:
 708 001b 53746174 		.ascii	"Status_Reg_3_InterruptEnable\000"
 708      75735F52 
 708      65675F33 
 708      5F496E74 
 708      65727275 
 709              	.LASF19:
 710 0038 53746174 		.ascii	"Status_Reg_3_Read\000"
 710      75735F52 
 710      65675F33 
ARM GAS  C:\Users\Robert\AppData\Local\Temp\ccH51jGd.s 			page 16


 710      5F526561 
 710      6400
 711              	.LASF21:
 712 004a 474E5520 		.ascii	"GNU C 4.7.3 20130312 (release) [ARM/embedded-4_7-br"
 712      4320342E 
 712      372E3320 
 712      32303133 
 712      30333132 
 713 007d 616E6368 		.ascii	"anch revision 196615]\000"
 713      20726576 
 713      6973696F 
 713      6E203139 
 713      36363135 
 714              	.LASF12:
 715 0093 75696E74 		.ascii	"uint8\000"
 715      3800
 716              	.LASF5:
 717 0099 6C6F6E67 		.ascii	"long unsigned int\000"
 717      20756E73 
 717      69676E65 
 717      6420696E 
 717      7400
 718              	.LASF7:
 719 00ab 6C6F6E67 		.ascii	"long long unsigned int\000"
 719      206C6F6E 
 719      6720756E 
 719      7369676E 
 719      65642069 
 720              	.LASF24:
 721 00c2 6D61736B 		.ascii	"mask\000"
 721      00
 722              	.LASF20:
 723 00c7 53746174 		.ascii	"Status_Reg_3_ReadMask\000"
 723      75735F52 
 723      65675F33 
 723      5F526561 
 723      644D6173 
 724              	.LASF1:
 725 00dd 756E7369 		.ascii	"unsigned char\000"
 725      676E6564 
 725      20636861 
 725      7200
 726              	.LASF11:
 727 00eb 63686172 		.ascii	"char\000"
 727      00
 728              	.LASF4:
 729 00f0 6C6F6E67 		.ascii	"long int\000"
 729      20696E74 
 729      00
 730              	.LASF10:
 731 00f9 646F7562 		.ascii	"double\000"
 731      6C6500
 732              	.LASF18:
 733 0100 53746174 		.ascii	"Status_Reg_3_WriteMask\000"
 733      75735F52 
 733      65675F33 
 733      5F577269 
ARM GAS  C:\Users\Robert\AppData\Local\Temp\ccH51jGd.s 			page 17


 733      74654D61 
 734              	.LASF16:
 735 0117 53746174 		.ascii	"Status_Reg_3_InterruptDisable\000"
 735      75735F52 
 735      65675F33 
 735      5F496E74 
 735      65727275 
 736              	.LASF3:
 737 0135 73686F72 		.ascii	"short unsigned int\000"
 737      7420756E 
 737      7369676E 
 737      65642069 
 737      6E7400
 738              	.LASF0:
 739 0148 7369676E 		.ascii	"signed char\000"
 739      65642063 
 739      68617200 
 740              	.LASF9:
 741 0154 666C6F61 		.ascii	"float\000"
 741      7400
 742              	.LASF23:
 743 015a 433A5C55 		.ascii	"C:\\Users\\Robert\\workspace\\embedit_git\\psoc_2_p"
 743      73657273 
 743      5C526F62 
 743      6572745C 
 743      776F726B 
 744 0188 695C5053 		.ascii	"i\\PSoC Creator\\PSoC_2_Pi.cydsn\000"
 744      6F432043 
 744      72656174 
 744      6F725C50 
 744      536F435F 
 745              	.LASF2:
 746 01a7 73686F72 		.ascii	"short int\000"
 746      7420696E 
 746      7400
 747              	.LASF13:
 748 01b1 72656738 		.ascii	"reg8\000"
 748      00
 749              	.LASF22:
 750 01b6 2E5C4765 		.ascii	".\\Generated_Source\\PSoC5\\Status_Reg_3.c\000"
 750      6E657261 
 750      7465645F 
 750      536F7572 
 750      63655C50 
 751              	.LASF14:
 752 01de 73697A65 		.ascii	"sizetype\000"
 752      74797065 
 752      00
 753              	.LASF17:
 754 01e7 696E7465 		.ascii	"interruptState\000"
 754      72727570 
 754      74537461 
 754      746500
 755              		.ident	"GCC: (GNU Tools for ARM Embedded Processors) 4.7.3 20130312 (release) [ARM/embedded-4_7-br
